[INFO] [launch]: All log files can be found below /home/quocbao/.ros/log/2026-06-10-12-37-57-826560-ubuntu-25820
[INFO] [launch]: Default logging verbosity is set to INFO
[INFO] [gzserver-1]: process started with pid [25822]
[INFO] [gazebo_track_car-2]: process started with pid [25824]
[gazebo_track_car-2] [INFO] [1781120278.403923008] [gazebo_track_car]: [MAP_TRANSFORM] image=256x256 path=/home/quocbao/my_robot_vision_full_project/my_robot_vision/models/autonomous_map_3d/materials/textures/autonomous_map_visual.png map_size=6.000x6.000m px_per_m_x=42.667 px_per_m_y=42.667 route_offset=(+0.000,+0.300)m map_visual_offset=(+0.000,+0.300)m
[gazebo_track_car-2] [INFO] [1781120278.535411660] [gazebo_track_car]: [FOOTPRINT_CHECK] samples=1588 center_off_road=0 center_outside_safe=1005 failures=0 min_footprint_clearance=3.20px footprint=front:0.165m rear:0.145m half_width:0.115m
[gazebo_track_car-2] [INFO] [1781120278.535715040] [gazebo_track_car]: [FOOTPRINT_CHECK] overlays=/tmp/gazebo_route_mask_debug.png, /tmp/gazebo_route_centerline_debug.png, /tmp/gazebo_route_footprint_debug.png
[gazebo_track_car-2] [INFO] [1781120278.610892199] [gazebo_track_car]: SAFE_ROUTE_VERSION=semantic_parking_spawn_turn_guard_v31; direction=reversed to match map arrows; clearance=12px; drive_wheels=True; route_offset=(+0.000,+0.300)m; start_distance=0.000m; route_explore=False branch_probability=0.00; sign_detection=camera action_dist<=0.95m parking_action_dist<=1.35m roi=0.08-0.82; map_visual_offset=(+0.000,+0.300)m; base_speed=0.28m/s speed_limit=0.14m/s; traffic_light=cycle state=green green=5.0s yellow=1.0s red=8.0s trigger_distance=1.70m stop_distance=0.85m min_stop=2.0s camera=on topic=/track_preview_car/camera/image_raw fill>=0.42 slow_area>=45px stop_area>=160px distance_gate=on; camera_sign_templates=5 sign_score>=0.32 sign_stable=2; parking_auto_route=False; wheel_controller lookahead=0.32m parking_lookahead=0.20m heading_gain=3.80 max_wz=2.80rad/s rotate_heading>1.05rad; nearest_route=True nearest_dist<=0.65m; yaw_limits=1.80rad/s/4.00rad/s2; route_rejoin=False outer_only=True cmd_error>0.30m max_route_dist=0.55m; progress_sync=True cmd_error>0.06m route_dist<=0.20m yaw<=1.20rad; initial_pose_reset=False override=False tol=0.12m/0.35rad; segments=19; route_points=39.
[gazebo_track_car-2] [INFO] [1781120278.611159020] [gazebo_track_car]: Motion log uses /model_states and /track_preview_car/cmd_vel: MOTION every 2.00s, JITTER at most every 1.00s, verbose=False; jitter thresholds xy_step_delta=0.0060m, cmd_error=0.050m, z_delta=0.0005m, tilt=0.0030rad, speed_delta=0.030m/s, yaw_step_error=0.025rad, yaw_rate_delta=0.400rad/s.
[gzserver-1] [INFO] [1781120280.062003074] [track_preview_car.front_camera_controller]: Publishing camera info to [/track_preview_car/camera/camera_info]
[gzserver-1] [INFO] [1781120280.074509266] [gazebo_ros_state]: Publishing states of gazebo models at [/model_states]
[gzserver-1] [INFO] [1781120280.074800382] [gazebo_ros_state]: Publishing states of gazebo links at [/link_states]
[gzserver-1] [INFO] [1781120280.087736968] [track_preview_car.track_preview_car_diff_drive]: Wheel pair 1 separation set to [0.176000m]
[gzserver-1] [INFO] [1781120280.087786862] [track_preview_car.track_preview_car_diff_drive]: Wheel pair 1 diameter set to [0.060000m]
[gzserver-1] [INFO] [1781120280.088392078] [track_preview_car.track_preview_car_diff_drive]: Subscribed to [/track_preview_car/cmd_vel]
[gzserver-1] [INFO] [1781120280.089184443] [track_preview_car.track_preview_car_diff_drive]: Advertise odometry on [/track_preview_car/odom]
[gazebo_track_car-2] [INFO] [1781120280.122088827] [gazebo_track_car]: wheel controller synced route progress from initial model pose; segment=flat_top_left_to_top_center_reverse@0.272m route_dist=0.001m startup_gate=1.250m
[gazebo_track_car-2] [INFO] [1781120280.166617225] [gazebo_track_car]: traffic light is now RED.
[gazebo_track_car-2] [WARN] [1781120280.172572799] [gazebo_track_car]: JITTER events=2 reasons=speed_delta=0.042m/s pos=(+0.767,+2.481) step=0.0002/0.0000m yaw=0.002/0.000rad route=flat_top_left_to_top_center_reverse
[gazebo_track_car-2] [INFO] [1781120280.172925742] [gazebo_track_car]: MOTION pos=(+0.767,+2.481) yaw=-0.006 v=0.000 step_err=0.0000m/0.000rad track_err=0.0023m footprint=road:8.39px route=flat_top_left_to_top_center_reverse cmd_vel=(0.280,+0.003)
[gazebo_track_car-2] [INFO] [1781120280.396996907] [gazebo_track_car]: camera traffic light is GREEN score=1926.3 area=3513px bbox=102x62px fill=0.56 center=(778,212)
[gazebo_track_car-2] [INFO] [1781120280.400141713] [gazebo_track_car]: camera_sign=camera_sign_go_straight source=camera kind=go_straight_sign maneuver=straight score=0.42 area=13416px bbox=172x78px center=(778,202)
[gazebo_track_car-2] [INFO] [1781120280.494791072] [gazebo_track_car]: camera sign seen but action is waiting until closer; detected=go_straight_sign sign=camera_sign_go_straight scene_sign=palette_go_straight_03_yaw_270 sign_dist=1.481m action_dist<=0.95m
[gazebo_track_car-2] [INFO] [1781120280.647586853] [gazebo_track_car]: camera turn sign ignored as left/right ambiguous; segment=flat_top_left_to_top_center_reverse best=camera_sign_turn_left:0.45 opposite=turn_right_sign:0.42
[gazebo_track_car-2] [INFO] [1781120280.835445176] [gazebo_track_car]: camera_sign=camera_sign_turn_left source=camera kind=turn_left_sign maneuver=left score=0.45 area=20230px bbox=238x85px center=(851,188)
[gazebo_track_car-2] [INFO] [1781120280.948679274] [gazebo_track_car]: camera sign action blocked; no matching facing 3D sign is close enough; detected=turn_left_sign sign=camera_sign_turn_left detection_dist<=3.40m action_dist<=0.95m
[gazebo_track_car-2] [INFO] [1781120281.485568841] [gazebo_track_car]: camera turn sign ignored as left/right ambiguous; segment=flat_top_left_to_top_center_reverse best=camera_sign_turn_right:0.50 opposite=turn_left_sign:0.47
[gazebo_track_car-2] [INFO] [1781120281.507581198] [gazebo_track_car]: camera turn sign ignored as left/right ambiguous; segment=flat_top_left_to_top_center_reverse best=camera_sign_turn_left:0.48 opposite=turn_right_sign:0.48
[gazebo_track_car-2] [INFO] [1781120281.508692415] [gazebo_track_car]: camera turn sign ignored as left/right ambiguous; segment=flat_top_left_to_top_center_reverse best=camera_sign_turn_right:0.48 opposite=turn_left_sign:0.45
[gazebo_track_car-2] [INFO] [1781120281.548338756] [gazebo_track_car]: camera turn sign ignored as left/right ambiguous; segment=flat_top_left_to_top_center_reverse best=camera_sign_turn_left:0.48 opposite=turn_right_sign:0.48
[gazebo_track_car-2] [INFO] [1781120281.549394198] [gazebo_track_car]: camera turn sign ignored as left/right ambiguous; segment=flat_top_left_to_top_center_reverse best=camera_sign_turn_right:0.49 opposite=turn_left_sign:0.46
[gazebo_track_car-2] [INFO] [1781120281.605639551] [gazebo_track_car]: camera turn sign ignored as left/right ambiguous; segment=flat_top_left_to_top_center_reverse best=camera_sign_turn_left:0.48 opposite=turn_right_sign:0.48
[gazebo_track_car-2] [INFO] [1781120281.606794941] [gazebo_track_car]: camera turn sign ignored as left/right ambiguous; segment=flat_top_left_to_top_center_reverse best=camera_sign_turn_right:0.49 opposite=turn_left_sign:0.46
[gazebo_track_car-2] [INFO] [1781120281.628184698] [gazebo_track_car]: camera turn sign ignored as left/right ambiguous; segment=flat_top_left_to_top_center_reverse best=camera_sign_turn_left:0.48 opposite=turn_right_sign:0.48
[gazebo_track_car-2] [INFO] [1781120281.629231524] [gazebo_track_car]: camera turn sign ignored as left/right ambiguous; segment=flat_top_left_to_top_center_reverse best=camera_sign_turn_right:0.48 opposite=turn_left_sign:0.45
[gazebo_track_car-2] [INFO] [1781120281.673592980] [gazebo_track_car]: camera traffic light lost for 0.2s.
[gazebo_track_car-2] [INFO] [1781120281.683146179] [gazebo_track_car]: camera turn sign ignored as left/right ambiguous; segment=flat_top_left_to_top_center_reverse best=camera_sign_turn_left:0.49 opposite=turn_right_sign:0.49
[gazebo_track_car-2] [INFO] [1781120281.684205869] [gazebo_track_car]: camera turn sign ignored as left/right ambiguous; segment=flat_top_left_to_top_center_reverse best=camera_sign_turn_right:0.49 opposite=turn_left_sign:0.46
[gazebo_track_car-2] [INFO] [1781120282.283612164] [gazebo_track_car]: MOTION pos=(+1.341,+2.480) yaw=+0.001 v=0.280 step_err=0.0235m/0.000rad track_err=0.0045m footprint=road:8.00px route=flat_top_left_to_top_center_reverse cmd_vel=(0.280,-0.000)
[gazebo_track_car-2] [INFO] [1781120283.841091170] [gazebo_track_car]: camera traffic light is YELLOW score=341.6 area=848px bbox=41x33px fill=0.63 center=(919,310)
[gazebo_track_car-2] [INFO] [1781120283.841398828] [gazebo_track_car]: camera traffic light ignored outside distance gate; state=yellow segment=flat_top_left_to_top_center_reverse gate<=1.70m nearby_target=- area=848px bbox=41x33px center=(919,310)
[gazebo_track_car-2] [INFO] [1781120283.962571441] [gazebo_track_car]: camera traffic light is GREEN score=771.9 area=2504px bbox=80x41px fill=0.76 center=(921,311)
[gazebo_track_car-2] [WARN] [1781120284.085606875] [gazebo_track_car]: JITTER events=4 reasons=yaw_step_error=0.200rad pos=(+1.776,+2.469) step=0.0043/0.0210m yaw=0.010/0.210rad route=flat_top_left_corner_reverse
[gazebo_track_car-2] [INFO] [1781120284.108434424] [gazebo_track_car]: camera turn sign ignored as left/right ambiguous; segment=flat_top_left_corner_reverse best=camera_sign_turn_right:0.47 opposite=turn_left_sign:0.47
[gazebo_track_car-2] [INFO] [1781120284.185144893] [gazebo_track_car]: route segment=flat_top_left_corner_reverse; previous=flat_top_left_to_top_center_reverse; distance=0.022m; decision=route/wheel_nearest: flat_top_left_corner_reverse
[gazebo_track_car-2] [INFO] [1781120284.272775820] [gazebo_track_car]: camera turn sign ignored as left/right ambiguous; segment=flat_top_left_corner_reverse best=camera_sign_turn_left:0.48 opposite=turn_right_sign:0.47
[gazebo_track_car-2] [INFO] [1781120284.273900131] [gazebo_track_car]: camera turn sign ignored as left/right ambiguous; segment=flat_top_left_corner_reverse best=camera_sign_turn_right:0.49 opposite=turn_left_sign:0.46
[gazebo_track_car-2] [INFO] [1781120284.281614658] [gazebo_track_car]: camera turn sign ignored as left/right ambiguous; segment=flat_top_left_corner_reverse best=camera_sign_turn_left:0.48 opposite=turn_right_sign:0.47
[gazebo_track_car-2] [INFO] [1781120284.284701375] [gazebo_track_car]: MOTION pos=(+1.817,+2.454) yaw=-0.591 v=0.221 step_err=0.0045m/0.009rad track_err=0.0276m footprint=road:7.19px route=flat_top_left_corner_reverse cmd_vel=(0.220,-0.444)
[gazebo_track_car-2] [INFO] [1781120284.501184711] [gazebo_track_car]: camera turn sign ignored as left/right ambiguous; segment=flat_top_left_corner_reverse best=camera_sign_turn_right:0.49 opposite=turn_left_sign:0.46
[gazebo_track_car-2] [INFO] [1781120284.501465819] [gazebo_track_car]: camera_sign=camera_sign_turn_left source=camera kind=turn_left_sign maneuver=left score=0.45 area=27348px bbox=212x129px center=(873,174)
[gazebo_track_car-2] [INFO] [1781120284.638691132] [gazebo_track_car]: camera sign action blocked; no matching facing 3D sign is close enough; detected=turn_left_sign sign=camera_sign_turn_left detection_dist<=3.40m action_dist<=0.95m
[gazebo_track_car-2] [INFO] [1781120284.887708605] [gazebo_track_car]: traffic light is now GREEN.
[gazebo_track_car-2] [INFO] [1781120285.545555553] [gazebo_track_car]: camera_sign=camera_sign_go_straight source=camera kind=go_straight_sign maneuver=straight score=0.48 area=37127px bbox=271x137px center=(854,177)
[gazebo_track_car-2] [INFO] [1781120285.664184446] [gazebo_track_car]: camera sign seen but action is waiting until closer; detected=go_straight_sign sign=camera_sign_go_straight scene_sign=palette_go_straight_03_yaw_270 sign_dist=1.057m action_dist<=0.95m
[gazebo_track_car-2] [INFO] [1781120285.682268958] [gazebo_track_car]: camera turn sign ignored as left/right ambiguous; segment=flat_top_left_corner_reverse best=camera_sign_turn_left:0.47 opposite=turn_right_sign:0.45
[gazebo_track_car-2] [WARN] [1781120286.206551503] [gazebo_track_car]: JITTER events=2 reasons=yaw_step_error=0.104rad pos=(+2.135,+2.150) step=0.0044/0.0217m yaw=0.008/0.112rad route=flat_top_left_corner_reverse
[gazebo_track_car-2] [INFO] [1781120286.306563194] [gazebo_track_car]: MOTION pos=(+2.144,+2.130) yaw=-1.303 v=0.220 step_err=0.0169m/0.196rad track_err=0.0088m footprint=road:5.79px route=flat_left_mid_to_top_reverse cmd_vel=(0.222,-0.439)
[gazebo_track_car-2] [INFO] [1781120286.395376575] [gazebo_track_car]: route segment=flat_left_mid_to_top_reverse; previous=flat_top_left_corner_reverse; distance=0.022m; decision=route/wheel_nearest: flat_left_mid_to_top_reverse
[gazebo_track_car-2] [INFO] [1781120286.535301775] [gazebo_track_car]: queued scene maneuver 'straight' from camera sign camera_sign_go_straight; scene_sign=palette_go_straight_03_yaw_270 sign_dist=0.949m next_branch=1.51m
[gazebo_track_car-2] [INFO] [1781120288.053711789] [gazebo_track_car]: camera turn sign ignored as left/right ambiguous; segment=flat_left_mid_to_top_reverse best=camera_sign_turn_left:0.47 opposite=turn_right_sign:0.45
[gazebo_track_car-2] [INFO] [1781120288.143680914] [gazebo_track_car]: camera_sign=camera_sign_turn_left source=camera kind=turn_left_sign maneuver=left score=0.55 area=558px bbox=18x31px center=(744,149)
[gazebo_track_car-2] [INFO] [1781120288.219433310] [gazebo_track_car]: camera turn sign ignored as left/right ambiguous; segment=flat_left_mid_to_top_reverse best=camera_sign_turn_right:0.55 opposite=turn_left_sign:0.55
[gazebo_track_car-2] [INFO] [1781120288.221259149] [gazebo_track_car]: camera sign ignored because scene sign context disagrees; detected=turn_left_sign scene_ahead=go_straight_sign
[gazebo_track_car-2] [INFO] [1781120288.243696146] [gazebo_track_car]: camera turn sign ignored as left/right ambiguous; segment=flat_left_mid_to_top_reverse best=camera_sign_turn_left:0.55 opposite=turn_right_sign:0.55
[gazebo_track_car-2] [INFO] [1781120288.312445861] [gazebo_track_car]: MOTION pos=(+2.185,+1.618) yaw=-1.597 v=0.277 step_err=0.0227m/0.000rad track_err=0.0078m footprint=road:6.00px route=flat_left_mid_to_top_reverse cmd_vel=(0.276,+0.024)
[gazebo_track_car-2] [INFO] [1781120288.330828965] [gazebo_track_car]: camera turn sign ignored as left/right ambiguous; segment=flat_left_mid_to_top_reverse best=camera_sign_turn_right:0.55 opposite=turn_left_sign:0.53
[gazebo_track_car-2] [INFO] [1781120288.331964728] [gazebo_track_car]: camera turn sign ignored as left/right ambiguous; segment=flat_left_mid_to_top_reverse best=camera_sign_turn_left:0.57 opposite=turn_right_sign:0.55
[gazebo_track_car-2] [INFO] [1781120288.364815974] [gazebo_track_car]: camera turn sign ignored as left/right ambiguous; segment=flat_left_mid_to_top_reverse best=camera_sign_turn_right:0.50 opposite=turn_left_sign:0.47
[gazebo_track_car-2] [INFO] [1781120288.365095840] [gazebo_track_car]: camera_sign=camera_sign_go_straight source=camera kind=go_straight_sign maneuver=straight score=0.48 area=9164px bbox=58x158px center=(833,146)
[gazebo_track_car-2] [INFO] [1781120288.386679114] [gazebo_track_car]: camera turn sign ignored as left/right ambiguous; segment=flat_left_mid_to_top_reverse best=camera_sign_turn_left:0.60 opposite=turn_right_sign:0.58
[gazebo_track_car-2] [INFO] [1781120288.389206601] [gazebo_track_car]: camera turn sign ignored as left/right ambiguous; segment=flat_left_mid_to_top_reverse best=camera_sign_turn_right:0.52 opposite=turn_left_sign:0.48
[gazebo_track_car-2] [INFO] [1781120288.417532508] [gazebo_track_car]: camera turn sign ignored as left/right ambiguous; segment=flat_left_mid_to_top_reverse best=camera_sign_turn_left:0.44 opposite=turn_right_sign:0.43
[gazebo_track_car-2] [INFO] [1781120288.448601597] [gazebo_track_car]: camera turn sign ignored as left/right ambiguous; segment=flat_left_mid_to_top_reverse best=camera_sign_turn_right:0.52 opposite=turn_left_sign:0.49
[gazebo_track_car-2] [INFO] [1781120288.449633786] [gazebo_track_car]: camera_sign=camera_sign_turn_left source=camera kind=turn_left_sign maneuver=left score=0.47 area=620px bbox=20x31px center=(855,240)
[gazebo_track_car-2] [INFO] [1781120288.503569269] [gazebo_track_car]: camera turn sign ignored as left/right ambiguous; segment=flat_left_mid_to_top_reverse best=camera_sign_turn_left:0.43 opposite=turn_right_sign:0.43
[gazebo_track_car-2] [INFO] [1781120288.505435885] [gazebo_track_car]: camera turn sign ignored as left/right ambiguous; segment=flat_left_mid_to_top_reverse best=camera_sign_turn_right:0.49 opposite=turn_left_sign:0.48
[gazebo_track_car-2] [INFO] [1781120288.572393404] [gazebo_track_car]: camera turn sign ignored as left/right ambiguous; segment=flat_left_mid_to_top_reverse best=camera_sign_turn_left:0.45 opposite=turn_right_sign:0.41
[gazebo_track_car-2] [INFO] [1781120288.578758768] [gazebo_track_car]: camera turn sign ignored as left/right ambiguous; segment=flat_left_mid_to_top_reverse best=camera_sign_turn_right:0.46 opposite=turn_left_sign:0.46
[gazebo_track_car-2] [INFO] [1781120289.917101188] [gazebo_track_car]: traffic light is now YELLOW.
[gazebo_track_car-2] [INFO] [1781120290.332115048] [gazebo_track_car]: MOTION pos=(+2.179,+1.058) yaw=-1.569 v=0.280 step_err=0.0218m/0.000rad track_err=0.0056m footprint=road:6.00px route=flat_left_mid_to_top_reverse cmd_vel=(0.280,+0.001)
[gazebo_track_car-2] [WARN] [1781120290.551346283] [gazebo_track_car]: JITTER events=3 reasons=speed_delta=0.072m/s pos=(+2.179,+0.997) step=0.0046/0.0000m yaw=0.002/0.000rad route=flat_left_mid_to_top_reverse
[gazebo_track_car-2] [INFO] [1781120290.919543016] [gazebo_track_car]: traffic light is now RED.
[gazebo_track_car-2] [INFO] [1781120292.336144246] [gazebo_track_car]: MOTION pos=(+2.179,+0.781) yaw=-1.570 v=0.059 step_err=0.0047m/0.000rad track_err=0.0013m footprint=road:10.60px route=flat_left_mid_to_top_reverse cmd_vel=(0.056,+0.001)
[gazebo_track_car-2] [INFO] [1781120294.338367509] [gazebo_track_car]: MOTION pos=(+2.179,+0.707) yaw=-1.569 v=0.028 step_err=0.0022m/0.000rad track_err=0.0007m footprint=road:11.00px route=flat_left_mid_to_top_reverse cmd_vel=(0.028,-0.000)
[gazebo_track_car-2] [INFO] [1781120294.924990796] [gazebo_track_car]: camera_sign=camera_sign_speed_limit source=camera kind=speed_limit_sign maneuver=- score=0.49 area=572px bbox=22x26px center=(726,208)
[gazebo_track_car-2] [INFO] [1781120294.944753825] [gazebo_track_car]: camera sign action blocked; no matching facing 3D sign is close enough; detected=speed_limit_sign sign=camera_sign_speed_limit detection_dist<=3.40m action_dist<=0.95m
[gazebo_track_car-2] [INFO] [1781120296.362648828] [gazebo_track_car]: MOTION pos=(+2.179,+0.651) yaw=-1.568 v=0.028 step_err=0.0024m/0.000rad track_err=0.0006m footprint=road:11.00px route=flat_left_mid_to_top_reverse cmd_vel=(0.028,-0.002)
[gazebo_track_car-2] [INFO] [1781120297.249203429] [gazebo_track_car]: route segment=flat_left_lower_to_mid_reverse; previous=flat_left_mid_to_top_reverse; distance=0.000m; decision=route/straight from palette_go_straight_03_yaw_270: flat_left_lower_to_mid_reverse delta=+0.0deg
[gazebo_track_car-2] [WARN] [1781120297.285791941] [gazebo_track_car]: JITTER events=2 reasons=speed_delta=0.108m/s pos=(+2.180,+0.624) step=0.0016/0.0000m yaw=0.001/0.000rad route=flat_left_lower_to_mid_reverse
[gazebo_track_car-2] [INFO] [1781120297.546767604] [gazebo_track_car]: camera traffic light is RED score=405.4 area=453px bbox=31x19px fill=0.77 center=(757,204)
[gazebo_track_car-2] [INFO] [1781120297.547060534] [gazebo_track_car]: camera traffic light ignored outside distance gate; state=red segment=flat_left_lower_to_mid_reverse gate<=1.70m nearby_target=palette_traffic_light_02_yaw_180 dist=2.54m forward=1.47m lateral=2.07m area=453px bbox=31x19px center=(757,204)
[gazebo_track_car-2] [INFO] [1781120298.361026378] [gazebo_track_car]: MOTION pos=(+2.179,+0.325) yaw=-1.569 v=0.280 step_err=0.0229m/0.000rad track_err=0.0053m footprint=road:6.00px route=flat_left_lower_to_mid_reverse cmd_vel=(0.280,+0.001)
[gazebo_track_car-2] [INFO] [1781120298.856020663] [gazebo_track_car]: traffic light is now GREEN.
[gazebo_track_car-2] [INFO] [1781120298.891638973] [gazebo_track_car]: camera traffic light is GREEN score=435.9 area=1091px bbox=57x24px fill=0.80 center=(864,228)
[gazebo_track_car-2] [INFO] [1781120300.364039980] [gazebo_track_car]: MOTION pos=(+2.180,-0.233) yaw=-1.570 v=0.279 step_err=0.0056m/0.000rad track_err=0.0282m footprint=road:6.00px route=flat_left_lower_to_mid_reverse cmd_vel=(0.279,-0.007)
[gazebo_track_car-2] [INFO] [1781120302.388595570] [gazebo_track_car]: MOTION pos=(+2.180,-0.797) yaw=-1.571 v=0.279 step_err=0.0235m/0.000rad track_err=0.0050m footprint=road:6.00px route=flat_left_lower_to_mid_reverse cmd_vel=(0.279,-0.004)
[gazebo_track_car-2] [INFO] [1781120302.888890222] [gazebo_track_car]: camera turn sign ignored as left/right ambiguous; segment=flat_left_lower_to_mid_reverse best=camera_sign_turn_right:0.47 opposite=turn_left_sign:0.47
[gazebo_track_car-2] [INFO] [1781120303.093083918] [gazebo_track_car]: camera_sign=camera_sign_turn_right source=camera kind=turn_right_sign maneuver=right score=0.48 area=1248px bbox=48x26px center=(600,232)
[gazebo_track_car-2] [INFO] [1781120303.745740701] [gazebo_track_car]: camera_sign=camera_sign_go_straight source=camera kind=go_straight_sign maneuver=straight score=0.43 area=598px bbox=23x26px center=(455,233)
[gazebo_track_car-2] [INFO] [1781120303.755675172] [gazebo_track_car]: camera traffic light is YELLOW score=1130.7 area=2345px bbox=49x63px fill=0.76 center=(902,358)
[gazebo_track_car-2] [INFO] [1781120303.755991025] [gazebo_track_car]: camera traffic light ignored outside distance gate; state=yellow segment=flat_left_lower_to_mid_reverse gate<=1.70m nearby_target=- area=2345px bbox=49x63px center=(902,358)
[gazebo_track_car-2] [INFO] [1781120303.831178053] [gazebo_track_car]: camera traffic light is GREEN score=1266.5 area=4263px bbox=86x65px fill=0.76 center=(921,356)
[gazebo_track_car-2] [INFO] [1781120303.880900721] [gazebo_track_car]: traffic light is now YELLOW.
[gazebo_track_car-2] [INFO] [1781120304.091605872] [gazebo_track_car]: camera turn sign ignored as left/right ambiguous; segment=flat_bottom_left_corner_reverse best=camera_sign_turn_right:0.47 opposite=turn_left_sign:0.44
[gazebo_track_car-2] [WARN] [1781120304.093113554] [gazebo_track_car]: JITTER events=6 reasons=yaw_step_error=0.176rad pos=(+2.170,-1.186) step=0.0040/0.0189m yaw=0.013/0.189rad route=flat_bottom_left_corner_reverse
[gazebo_track_car-2] [INFO] [1781120304.157909345] [gazebo_track_car]: camera_sign=camera_sign_turn_right source=camera kind=turn_right_sign maneuver=right score=0.48 area=510px bbox=17x30px center=(393,230)
[gazebo_track_car-2] [INFO] [1781120304.183405937] [gazebo_track_car]: route segment=flat_bottom_left_corner_reverse; previous=flat_left_lower_to_mid_reverse; distance=0.020m; decision=route/wheel_nearest: flat_bottom_left_corner_reverse
[gazebo_track_car-2] [INFO] [1781120304.303097423] [gazebo_track_car]: camera sign ignored because scene sign context disagrees; detected=turn_right_sign scene_ahead=go_straight_sign,turn_left_sign
[gazebo_track_car-2] [INFO] [1781120304.388656024] [gazebo_track_car]: MOTION pos=(+2.140,-1.240) yaw=-2.394 v=0.211 step_err=0.0065m/0.011rad track_err=0.0246m footprint=road:6.40px route=flat_bottom_left_corner_reverse cmd_vel=(0.213,-0.491)
[gazebo_track_car-2] [INFO] [1781120304.897300201] [gazebo_track_car]: traffic light is now RED.
[gazebo_track_car-2] [INFO] [1781120305.138695816] [gazebo_track_car]: camera sign ignored because scene sign context disagrees; detected=turn_right_sign scene_ahead=go_straight_sign
[gazebo_track_car-2] [INFO] [1781120305.468690929] [gazebo_track_car]: camera_sign=camera_sign_speed_limit source=camera kind=speed_limit_sign maneuver=- score=0.42 area=1020px bbox=34x30px center=(601,207)
[gazebo_track_car-2] [INFO] [1781120305.541233242] [gazebo_track_car]: camera_sign=camera_sign_turn_right source=camera kind=turn_right_sign maneuver=right score=0.50 area=1131px bbox=39x29px center=(55,233)
[gazebo_track_car-2] [INFO] [1781120305.586871008] [gazebo_track_car]: camera turn sign ignored as left/right ambiguous; segment=flat_bottom_left_corner_reverse best=camera_sign_turn_left:0.52 opposite=turn_right_sign:0.48
[gazebo_track_car-2] [INFO] [1781120305.587965484] [gazebo_track_car]: camera turn sign ignored as left/right ambiguous; segment=flat_bottom_left_corner_reverse best=camera_sign_turn_right:0.50 opposite=turn_left_sign:0.47
[gazebo_track_car-2] [INFO] [1781120305.608897493] [gazebo_track_car]: camera turn sign ignored as left/right ambiguous; segment=flat_bottom_left_corner_reverse best=camera_sign_turn_left:0.51 opposite=turn_right_sign:0.49
[gazebo_track_car-2] [INFO] [1781120305.671434392] [gazebo_track_car]: camera turn sign ignored as left/right ambiguous; segment=flat_bottom_left_corner_reverse best=camera_sign_turn_right:0.48 opposite=turn_left_sign:0.47
[gazebo_track_car-2] [WARN] [1781120305.816509942] [gazebo_track_car]: JITTER events=2 reasons=yaw_step_error=0.126rad pos=(+1.877,-1.415) step=0.0047/0.0219m yaw=0.006/0.132rad route=flat_bottom_center_to_bottom_left_reverse
[gazebo_track_car-2] [INFO] [1781120305.832641814] [gazebo_track_car]: camera turn sign ignored as left/right ambiguous; segment=flat_bottom_center_to_bottom_left_reverse best=camera_sign_turn_right:0.48 opposite=turn_left_sign:0.47
[gazebo_track_car-2] [INFO] [1781120305.897197545] [gazebo_track_car]: route segment=flat_bottom_center_to_bottom_left_reverse; previous=flat_bottom_left_corner_reverse; distance=0.025m; decision=route/wheel_nearest: flat_bottom_center_to_bottom_left_reverse
[gazebo_track_car-2] [INFO] [1781120305.983450663] [gazebo_track_car]: camera sign action blocked; no matching facing 3D sign is close enough; detected=turn_right_sign sign=camera_sign_turn_right detection_dist<=3.40m action_dist<=0.95m
[gazebo_track_car-2] [INFO] [1781120306.211764372] [gazebo_track_car]: camera turn sign ignored as left/right ambiguous; segment=flat_bottom_center_to_bottom_left_reverse best=camera_sign_turn_left:0.51 opposite=turn_right_sign:0.51
[gazebo_track_car-2] [INFO] [1781120306.231901037] [gazebo_track_car]: camera turn sign ignored as left/right ambiguous; segment=flat_bottom_center_to_bottom_left_reverse best=camera_sign_turn_right:0.59 opposite=turn_left_sign:0.58
[gazebo_track_car-2] [INFO] [1781120306.285047749] [gazebo_track_car]: camera turn sign ignored as left/right ambiguous; segment=flat_bottom_center_to_bottom_left_reverse best=camera_sign_turn_left:0.55 opposite=turn_right_sign:0.53
[gazebo_track_car-2] [INFO] [1781120306.342720893] [gazebo_track_car]: camera turn sign ignored as left/right ambiguous; segment=flat_bottom_center_to_bottom_left_reverse best=camera_sign_turn_right:0.54 opposite=turn_left_sign:0.51
[gazebo_track_car-2] [INFO] [1781120306.413215562] [gazebo_track_car]: MOTION pos=(+1.730,-1.439) yaw=-3.111 v=0.258 step_err=0.0193m/0.003rad track_err=0.0070m footprint=road:4.00px route=flat_bottom_center_to_bottom_left_reverse cmd_vel=(0.260,-0.135)
[gazebo_track_car-2] [INFO] [1781120306.712427328] [gazebo_track_car]: camera turn sign ignored as left/right ambiguous; segment=flat_bottom_center_to_bottom_left_reverse best=camera_sign_turn_left:0.50 opposite=turn_right_sign:0.48
[gazebo_track_car-2] [INFO] [1781120306.785167534] [gazebo_track_car]: camera turn sign ignored as left/right ambiguous; segment=flat_bottom_center_to_bottom_left_reverse best=camera_sign_turn_right:0.48 opposite=turn_left_sign:0.46
[gazebo_track_car-2] [INFO] [1781120306.806897923] [gazebo_track_car]: camera turn sign ignored as left/right ambiguous; segment=flat_bottom_center_to_bottom_left_reverse best=camera_sign_turn_left:0.46 opposite=turn_right_sign:0.44
[gazebo_track_car-2] [INFO] [1781120306.808704757] [gazebo_track_car]: camera turn sign ignored as left/right ambiguous; segment=flat_bottom_center_to_bottom_left_reverse best=camera_sign_turn_right:0.52 opposite=turn_left_sign:0.52
[gazebo_track_car-2] [INFO] [1781120306.845271695] [gazebo_track_car]: camera turn sign ignored as left/right ambiguous; segment=flat_bottom_center_to_bottom_left_reverse best=camera_sign_turn_left:0.53 opposite=turn_right_sign:0.53
[gazebo_track_car-2] [INFO] [1781120306.874491101] [gazebo_track_car]: camera turn sign ignored as left/right ambiguous; segment=flat_bottom_center_to_bottom_left_reverse best=camera_sign_turn_right:0.48 opposite=turn_left_sign:0.46
[gazebo_track_car-2] [INFO] [1781120306.876415466] [gazebo_track_car]: camera turn sign ignored as left/right ambiguous; segment=flat_bottom_center_to_bottom_left_reverse best=camera_sign_turn_left:0.54 opposite=turn_right_sign:0.54
[gazebo_track_car-2] [INFO] [1781120306.894221273] [gazebo_track_car]: camera turn sign ignored as left/right ambiguous; segment=flat_bottom_center_to_bottom_left_reverse best=camera_sign_turn_right:0.49 opposite=turn_left_sign:0.46
[gazebo_track_car-2] [INFO] [1781120306.896150387] [gazebo_track_car]: camera turn sign ignored as left/right ambiguous; segment=flat_bottom_center_to_bottom_left_reverse best=camera_sign_turn_left:0.54 opposite=turn_right_sign:0.54
[gazebo_track_car-2] [INFO] [1781120306.932953899] [gazebo_track_car]: camera turn sign ignored as left/right ambiguous; segment=flat_bottom_center_to_bottom_left_reverse best=camera_sign_turn_right:0.49 opposite=turn_left_sign:0.46
[gazebo_track_car-2] [INFO] [1781120307.243918967] [gazebo_track_car]: camera turn sign ignored as left/right ambiguous; segment=flat_bottom_center_to_bottom_left_reverse best=camera_sign_turn_left:0.49 opposite=turn_right_sign:0.48
[gazebo_track_car-2] [INFO] [1781120307.270329908] [gazebo_track_car]: camera turn sign ignored as left/right ambiguous; segment=flat_bottom_center_to_bottom_left_reverse best=camera_sign_turn_right:0.50 opposite=turn_left_sign:0.47
[gazebo_track_car-2] [INFO] [1781120307.272346116] [gazebo_track_car]: camera turn sign ignored as left/right ambiguous; segment=flat_bottom_center_to_bottom_left_reverse best=camera_sign_turn_left:0.47 opposite=turn_right_sign:0.46
[gazebo_track_car-2] [INFO] [1781120307.351518797] [gazebo_track_car]: camera turn sign ignored as left/right ambiguous; segment=flat_bottom_center_to_bottom_left_reverse best=camera_sign_turn_right:0.50 opposite=turn_left_sign:0.47
[gazebo_track_car-2] [INFO] [1781120307.498131610] [gazebo_track_car]: camera turn sign ignored as left/right ambiguous; segment=flat_bottom_center_to_bottom_left_reverse best=camera_sign_turn_left:0.53 opposite=turn_right_sign:0.53
[gazebo_track_car-2] [INFO] [1781120307.532408848] [gazebo_track_car]: camera turn sign ignored as left/right ambiguous; segment=flat_bottom_center_to_bottom_left_reverse best=camera_sign_turn_right:0.50 opposite=turn_left_sign:0.47
[gazebo_track_car-2] [INFO] [1781120307.534388006] [gazebo_track_car]: camera turn sign ignored as left/right ambiguous; segment=flat_bottom_center_to_bottom_left_reverse best=camera_sign_turn_left:0.51 opposite=turn_right_sign:0.50
[gazebo_track_car-2] [INFO] [1781120307.563019909] [gazebo_track_car]: camera turn sign ignored as left/right ambiguous; segment=flat_bottom_center_to_bottom_left_reverse best=camera_sign_turn_right:0.50 opposite=turn_left_sign:0.47
[gazebo_track_car-2] [INFO] [1781120307.565124593] [gazebo_track_car]: camera turn sign ignored as left/right ambiguous; segment=flat_bottom_center_to_bottom_left_reverse best=camera_sign_turn_left:0.49 opposite=turn_right_sign:0.49
[gazebo_track_car-2] [INFO] [1781120307.627219374] [gazebo_track_car]: camera turn sign ignored as left/right ambiguous; segment=flat_bottom_center_to_bottom_left_reverse best=camera_sign_turn_right:0.50 opposite=turn_left_sign:0.47
[gazebo_track_car-2] [INFO] [1781120307.629028192] [gazebo_track_car]: camera turn sign ignored as left/right ambiguous; segment=flat_bottom_center_to_bottom_left_reverse best=camera_sign_turn_left:0.50 opposite=turn_right_sign:0.49
[gazebo_track_car-2] [INFO] [1781120307.636004246] [gazebo_track_car]: camera turn sign ignored as left/right ambiguous; segment=flat_bottom_center_to_bottom_left_reverse best=camera_sign_turn_right:0.50 opposite=turn_left_sign:0.47
[gazebo_track_car-2] [INFO] [1781120307.703960458] [gazebo_track_car]: camera_sign=camera_sign_speed_limit source=camera kind=speed_limit_sign maneuver=- score=0.40 area=1440px bbox=40x36px center=(564,197)
[gazebo_track_car-2] [INFO] [1781120307.736914750] [gazebo_track_car]: camera sign seen but action is waiting until closer; detected=speed_limit_sign sign=camera_sign_speed_limit scene_sign=palette_speed_limit_03_yaw_270 sign_dist=2.624m action_dist<=0.95m
[gazebo_track_car-2] [INFO] [1781120307.800905003] [gazebo_track_car]: camera_sign=camera_sign_turn_right source=camera kind=turn_right_sign maneuver=right score=0.49 area=1040px bbox=40x26px center=(261,226)
[gazebo_track_car-2] [INFO] [1781120307.925442308] [gazebo_track_car]: camera_sign=camera_sign_speed_limit source=camera kind=speed_limit_sign maneuver=- score=0.41 area=1804px bbox=44x41px center=(571,194)
[gazebo_track_car-2] [INFO] [1781120308.409189284] [gazebo_track_car]: MOTION pos=(+1.181,-1.435) yaw=+3.134 v=0.278 step_err=0.0227m/0.000rad track_err=0.0050m footprint=road:4.00px route=flat_bottom_center_to_bottom_left_reverse cmd_vel=(0.278,+0.015)
[gazebo_track_car-2] [INFO] [1781120308.454373324] [gazebo_track_car]: camera traffic light is RED score=625.6 area=695px bbox=30x28px fill=0.83 center=(589,186)
[gazebo_track_car-2] [WARN] [1781120308.539576985] [gazebo_track_car]: JITTER events=2 reasons=speed_delta=0.126m/s pos=(+1.149,-1.435) step=0.0042/0.0000m yaw=0.000/0.000rad route=flat_bottom_center_to_bottom_left_reverse
[gazebo_track_car-2] [INFO] [1781120309.419869259] [gazebo_track_car]: camera turn sign ignored as left/right ambiguous; segment=flat_bottom_center_to_bottom_left_reverse best=camera_sign_turn_left:0.52 opposite=turn_right_sign:0.51
[gazebo_track_car-2] [INFO] [1781120309.463485802] [gazebo_track_car]: camera turn sign ignored as left/right ambiguous; segment=flat_bottom_center_to_bottom_left_reverse best=camera_sign_turn_right:0.51 opposite=turn_left_sign:0.51
[gazebo_track_car-2] [INFO] [1781120309.487809674] [gazebo_track_car]: camera turn sign ignored as left/right ambiguous; segment=flat_bottom_center_to_bottom_left_reverse best=camera_sign_turn_left:0.51 opposite=turn_right_sign:0.51
[gazebo_track_car-2] [INFO] [1781120309.566247217] [gazebo_track_car]: camera turn sign ignored as left/right ambiguous; segment=flat_bottom_center_to_bottom_left_reverse best=camera_sign_turn_right:0.57 opposite=turn_left_sign:0.56
[gazebo_track_car-2] [INFO] [1781120309.635717106] [gazebo_track_car]: camera_sign=camera_sign_turn_right source=camera kind=turn_right_sign maneuver=right score=0.51 area=624px bbox=24x26px center=(329,232)
[gazebo_track_car-2] [INFO] [1781120309.723786592] [gazebo_track_car]: camera sign action blocked; no matching facing 3D sign is close enough; detected=turn_right_sign sign=camera_sign_turn_right detection_dist<=3.40m action_dist<=0.95m
[gazebo_track_car-2] [INFO] [1781120309.836663179] [gazebo_track_car]: camera turn sign ignored as left/right ambiguous; segment=flat_bottom_center_to_bottom_left_reverse best=camera_sign_turn_left:0.57 opposite=turn_right_sign:0.56
[gazebo_track_car-2] [INFO] [1781120310.440388206] [gazebo_track_car]: MOTION pos=(+0.884,-1.434) yaw=-3.141 v=0.140 step_err=0.0109m/0.000rad track_err=0.0028m footprint=road:4.00px route=flat_bottom_center_to_bottom_left_reverse cmd_vel=(0.140,+0.001)
[gazebo_track_car-2] [INFO] [1781120310.896066138] [gazebo_track_car]: camera turn sign ignored as left/right ambiguous; segment=flat_bottom_center_to_bottom_left_reverse best=camera_sign_turn_right:0.51 opposite=turn_left_sign:0.48
[gazebo_track_car-2] [INFO] [1781120311.157644106] [gazebo_track_car]: camera turn sign ignored as left/right ambiguous; segment=flat_bottom_center_to_bottom_left_reverse best=camera_sign_turn_left:0.55 opposite=turn_right_sign:0.55
[gazebo_track_car-2] [WARN] [1781120311.265129420] [gazebo_track_car]: red traffic light stop latched from camera; target=palette_traffic_light_02_yaw_180 dist=0.85m forward=0.66m lateral=0.53m area=3343px bbox=75x63px fill=0.71 center=(699,134) min_stop=2.0s
[gazebo_track_car-2] [INFO] [1781120311.323453633] [gazebo_track_car]: camera turn sign ignored as left/right ambiguous; segment=flat_bottom_center_to_bottom_left_reverse best=camera_sign_turn_right:0.51 opposite=turn_left_sign:0.51
[gazebo_track_car-2] [WARN] [1781120311.349089070] [gazebo_track_car]: JITTER events=1 reasons=speed_delta=0.124m/s pos=(+0.757,-1.434) step=0.0014/0.0000m yaw=0.001/0.000rad route=flat_bottom_center_to_bottom_left_reverse
[gazebo_track_car-2] [INFO] [1781120312.437983162] [gazebo_track_car]: MOTION pos=(+0.757,-1.434) yaw=+3.142 v=0.000 step_err=0.0000m/0.000rad track_err=0.0039m footprint=road:4.00px route=flat_bottom_center_to_bottom_left_reverse cmd_vel=(0.000,+0.000)
[gazebo_track_car-2] [INFO] [1781120312.930118521] [gazebo_track_car]: traffic light is now GREEN.
[gazebo_track_car-2] [INFO] [1781120313.001212193] [gazebo_track_car]: camera traffic light is GREEN score=2365.9 area=2777px bbox=69x52px fill=0.77 center=(687,216)
[gazebo_track_car-2] [INFO] [1781120313.326951045] [gazebo_track_car]: released red traffic light stop latch; reason=camera_green_after_min_stop elapsed=2.1s light=palette_traffic_light_02_yaw_180
[gazebo_track_car-2] [WARN] [1781120313.360590218] [gazebo_track_car]: JITTER events=1 reasons=speed_delta=0.109m/s pos=(+0.756,-1.434) step=0.0011/0.0000m yaw=0.002/0.000rad route=flat_bottom_center_to_bottom_left_reverse
[gazebo_track_car-2] [INFO] [1781120314.075293817] [gazebo_track_car]: camera turn sign ignored as left/right ambiguous; segment=flat_bottom_center_to_bottom_left_reverse best=camera_sign_turn_left:0.52 opposite=turn_right_sign:0.52
[gazebo_track_car-2] [INFO] [1781120314.444703434] [gazebo_track_car]: MOTION pos=(+0.457,-1.434) yaw=-3.139 v=0.280 step_err=0.0229m/0.000rad track_err=0.0056m footprint=road:4.00px route=flat_bottom_center_to_bottom_left_reverse cmd_vel=(0.280,+0.000)
[gazebo_track_car-2] [INFO] [1781120314.579202472] [gazebo_track_car]: camera turn sign ignored as left/right ambiguous; segment=flat_bottom_center_to_bottom_left_reverse best=camera_sign_turn_right:0.51 opposite=turn_left_sign:0.48
[gazebo_track_car-2] [INFO] [1781120315.436555842] [gazebo_track_car]: camera_sign=camera_sign_speed_limit source=camera kind=speed_limit_sign maneuver=- score=0.52 area=3480px bbox=58x60px center=(531,223)
[gazebo_track_car-2] [INFO] [1781120315.474407541] [gazebo_track_car]: camera_sign=camera_sign_turn_right source=camera kind=turn_right_sign maneuver=right score=0.50 area=1404px bbox=54x26px center=(253,225)
[gazebo_track_car-2] [INFO] [1781120315.556518615] [gazebo_track_car]: camera_sign=camera_sign_speed_limit source=camera kind=speed_limit_sign maneuver=- score=0.52 area=3717px bbox=59x63px center=(532,223)
[gazebo_track_car-2] [INFO] [1781120315.589874758] [gazebo_track_car]: camera sign seen but action is waiting until closer; detected=speed_limit_sign sign=camera_sign_speed_limit scene_sign=palette_speed_limit_03_yaw_270 sign_dist=1.421m action_dist<=0.95m
[gazebo_track_car-2] [INFO] [1781120316.445664288] [gazebo_track_car]: MOTION pos=(-0.101,-1.435) yaw=-3.141 v=0.279 step_err=0.0218m/0.000rad track_err=0.0056m footprint=road:4.00px route=flat_bottom_center_to_bottom_left_reverse cmd_vel=(0.279,-0.006)
[gazebo_track_car-2] [INFO] [1781120317.365366602] [gazebo_track_car]: camera speed limit sign camera_sign_speed_limit applied; speed set to 0.14m/s until flat_bottom_center_to_bottom_left_reverse@2.319m score=0.52 area=10800px
[gazebo_track_car-2] [WARN] [1781120317.487985109] [gazebo_track_car]: JITTER events=3 reasons=speed_delta=0.124m/s pos=(-0.389,-1.435) step=0.0042/0.0000m yaw=0.001/0.000rad route=flat_bottom_center_to_bottom_left_reverse
[gazebo_track_car-2] [INFO] [1781120317.950388671] [gazebo_track_car]: traffic light is now YELLOW.
[gazebo_track_car-2] [INFO] [1781120317.981688613] [gazebo_track_car]: camera traffic light is YELLOW score=619.2 area=675px bbox=39x22px fill=0.79 center=(731,212)
[gazebo_track_car-2] [INFO] [1781120317.982022129] [gazebo_track_car]: camera traffic light ignored outside distance gate; state=yellow segment=flat_bottom_center_to_bottom_left_reverse gate<=1.70m nearby_target=palette_traffic_light_03_yaw_270 dist=1.91m forward=1.19m lateral=1.49m area=675px bbox=39x22px center=(731,212)
[gazebo_track_car-2] [INFO] [1781120318.264069031] [gazebo_track_car]: camera speed limit sign camera_sign_speed_limit cleared; speed restored to 0.28m/s segment=flat_bottom_center_to_bottom_left_reverse distance=2.324m
[gazebo_track_car-2] [INFO] [1781120318.351550970] [gazebo_track_car]: route segment=flat_bottom_right_to_bottom_center_reverse; previous=flat_bottom_center_to_bottom_left_reverse; distance=0.008m; decision=route/default: flat_bottom_right_to_bottom_center_reverse
[gazebo_track_car-2] [INFO] [1781120318.383985675] [gazebo_track_car]: camera traffic light ignored outside distance gate; state=yellow segment=flat_bottom_right_to_bottom_center_reverse gate<=1.70m nearby_target=palette_traffic_light_03_yaw_270 dist=1.87m forward=1.13m lateral=1.49m area=810px bbox=44x24px center=(748,210)
[gazebo_track_car-2] [INFO] [1781120318.387886242] [gazebo_track_car]: camera speed limit sign camera_sign_speed_limit applied; speed set to 0.14m/s until flat_bottom_right_to_bottom_center_reverse@0.148m score=0.51 area=19008px
[gazebo_track_car-2] [INFO] [1781120318.455686136] [gazebo_track_car]: MOTION pos=(-0.547,-1.435) yaw=+3.137 v=0.278 step_err=0.0056m/0.000rad track_err=0.0227m footprint=road:12.00px route=flat_bottom_right_to_bottom_center_reverse cmd_vel=(0.278,+0.010)
[gazebo_track_car-2] [WARN] [1781120318.489365337] [gazebo_track_car]: JITTER events=3 reasons=speed_delta=0.128m/s pos=(-0.557,-1.435) step=0.0042/0.0000m yaw=0.000/0.000rad route=flat_bottom_right_to_bottom_center_reverse
[gazebo_track_car-2] [INFO] [1781120318.922078662] [gazebo_track_car]: camera turn sign ignored as left/right ambiguous; segment=flat_bottom_right_to_bottom_center_reverse best=camera_sign_turn_right:0.53 opposite=turn_left_sign:0.50
[gazebo_track_car-2] [INFO] [1781120318.954627610] [gazebo_track_car]: traffic light is now RED.
[gazebo_track_car-2] [INFO] [1781120318.985836972] [gazebo_track_car]: camera traffic light is RED score=1101.2 area=1209px bbox=55x30px fill=0.73 center=(788,185)
[gazebo_track_car-2] [INFO] [1781120318.986129592] [gazebo_track_car]: camera traffic light ignored outside distance gate; state=red segment=flat_bottom_right_to_bottom_center_reverse gate<=1.70m nearby_target=palette_traffic_light_03_yaw_270 dist=1.81m forward=1.02m lateral=1.49m area=1209px bbox=55x30px center=(788,185)
[gazebo_track_car-2] [INFO] [1781120319.357290496] [gazebo_track_car]: camera speed limit sign camera_sign_speed_limit cleared; speed restored to 0.28m/s segment=flat_bottom_right_to_bottom_center_reverse distance=0.161m
[gazebo_track_car-2] [INFO] [1781120319.400943687] [gazebo_track_car]: camera turn sign ignored as left/right ambiguous; segment=flat_bottom_right_to_bottom_center_reverse best=camera_sign_turn_left:0.51 opposite=turn_right_sign:0.51
[gazebo_track_car-2] [INFO] [1781120319.502170450] [gazebo_track_car]: camera turn sign ignored as left/right ambiguous; segment=flat_bottom_right_to_bottom_center_reverse best=camera_sign_turn_right:0.49 opposite=turn_left_sign:0.49
[gazebo_track_car-2] [INFO] [1781120319.566032928] [gazebo_track_car]: camera turn sign ignored as left/right ambiguous; segment=flat_bottom_right_to_bottom_center_reverse best=camera_sign_turn_left:0.49 opposite=turn_right_sign:0.49
