[INFO] [launch]: All log files can be found below /home/quocbao/.ros/log/2026-06-10-12-50-20-386429-ubuntu-29319
[INFO] [launch]: Default logging verbosity is set to INFO
[INFO] [gzserver-1]: process started with pid [29321]
[INFO] [gazebo_track_car-2]: process started with pid [29323]
[gzserver-1] [37;1m2026-06-10 12:50:20.836 [31;1m[[37;1mPARTICIPANT[31;1m Error] [37mType with the same name already exists:rosgraph_msgs::msg::dds_::Clock_[34;1m -> Function [36mregisterType[m
[gazebo_track_car-2] [INFO] [1781121020.957634094] [gazebo_track_car]: [MAP_TRANSFORM] image=256x256 path=/home/quocbao/my_robot_vision_full_project/my_robot_vision/models/autonomous_map_3d/materials/textures/autonomous_map_visual.png map_size=6.000x6.000m px_per_m_x=42.667 px_per_m_y=42.667 route_offset=(+0.000,+0.300)m map_visual_offset=(+0.000,+0.300)m
[gazebo_track_car-2] [INFO] [1781121021.096524488] [gazebo_track_car]: [FOOTPRINT_CHECK] samples=1588 center_off_road=0 center_outside_safe=1005 failures=0 min_footprint_clearance=3.20px footprint=front:0.165m rear:0.145m half_width:0.115m
[gazebo_track_car-2] [INFO] [1781121021.096793386] [gazebo_track_car]: [FOOTPRINT_CHECK] overlays=/tmp/gazebo_route_mask_debug.png, /tmp/gazebo_route_centerline_debug.png, /tmp/gazebo_route_footprint_debug.png
[gazebo_track_car-2] [INFO] [1781121021.171365880] [gazebo_track_car]: SAFE_ROUTE_VERSION=semantic_parking_spawn_turn_guard_v31; direction=reversed to match map arrows; clearance=12px; drive_wheels=True; route_offset=(+0.000,+0.300)m; start_distance=0.000m; route_explore=False branch_probability=0.00; sign_detection=camera action_dist<=0.95m parking_action_dist<=1.35m roi=0.08-0.82; map_visual_offset=(+0.000,+0.300)m; base_speed=0.28m/s speed_limit=0.14m/s; traffic_light=cycle state=green green=5.0s yellow=1.0s red=8.0s trigger_distance=1.70m stop_distance=0.85m min_stop=2.0s camera=on topic=/track_preview_car/camera/image_raw fill>=0.42 slow_area>=45px stop_area>=160px distance_gate=on; camera_sign_templates=5 sign_score>=0.32 sign_stable=2; parking_auto_route=False; wheel_controller lookahead=0.32m parking_lookahead=0.20m heading_gain=3.80 max_wz=2.80rad/s rotate_heading>1.05rad; nearest_route=True nearest_dist<=0.65m; yaw_limits=1.80rad/s/4.00rad/s2; route_rejoin=False outer_only=True cmd_error>0.30m max_route_dist=0.55m; progress_sync=True cmd_error>0.06m route_dist<=0.20m yaw<=1.20rad; initial_pose_reset=True override=True tol=0.12m/0.35rad; segments=19; route_points=39.
[gazebo_track_car-2] [INFO] [1781121021.171628766] [gazebo_track_car]: Motion log uses /model_states and /track_preview_car/cmd_vel: MOTION every 2.00s, JITTER at most every 1.00s, verbose=False; jitter thresholds xy_step_delta=0.0060m, cmd_error=0.050m, z_delta=0.0005m, tilt=0.0030rad, speed_delta=0.030m/s, yaw_step_error=0.025rad, yaw_rate_delta=0.400rad/s.
[gzserver-1] [INFO] [1781121022.625003768] [track_preview_car.front_camera_controller]: Publishing camera info to [/track_preview_car/camera/camera_info]
[gzserver-1] [INFO] [1781121022.637323849] [gazebo_ros_state]: Publishing states of gazebo models at [/model_states]
[gzserver-1] [INFO] [1781121022.637636178] [gazebo_ros_state]: Publishing states of gazebo links at [/link_states]
[gzserver-1] [INFO] [1781121022.650142911] [track_preview_car.track_preview_car_diff_drive]: Wheel pair 1 separation set to [0.176000m]
[gzserver-1] [INFO] [1781121022.650191472] [track_preview_car.track_preview_car_diff_drive]: Wheel pair 1 diameter set to [0.060000m]
[gzserver-1] [INFO] [1781121022.650729879] [track_preview_car.track_preview_car_diff_drive]: Subscribed to [/track_preview_car/cmd_vel]
[gzserver-1] [INFO] [1781121022.651497737] [track_preview_car.track_preview_car_diff_drive]: Advertise odometry on [/track_preview_car/odom]
[gazebo_track_car-2] [INFO] [1781121022.682812880] [gazebo_track_car]: initial pose reset to configured route start; actual=(+0.765,+2.480) yaw=-0.000 target=(-1.773,+2.498) yaw=+0.003 error=2.538m/0.003rad segment=flat_top_center_to_top_right_reverse
[gazebo_track_car-2] [INFO] [1781121022.729042869] [gazebo_track_car]: traffic light is now RED.
[gazebo_track_car-2] [WARN] [1781121022.731042818] [gazebo_track_car]: Waiting for /model_states pose before publishing wheel commands.
[gazebo_track_car-2] [INFO] [1781121022.734915718] [gazebo_track_car]: wheel controller synced route progress from initial model pose; segment=flat_top_center_to_top_right_reverse@0.032m route_dist=0.018m startup_gate=1.250m
[gazebo_track_car-2] [INFO] [1781121022.735406945] [gazebo_track_car]: MOTION pos=(-1.773,+2.498) yaw=+0.003 v=0.000 step_err=0.0000m/0.000rad track_err=0.0000m footprint=road:8.00px route=flat_top_center_to_top_right_reverse cmd_vel=(0.000,+0.000)
[gazebo_track_car-2] [WARN] [1781121022.758123667] [gazebo_track_car]: JITTER events=1 reasons=z_delta=0.0095m pos=(-1.773,+2.498) step=0.0000/0.0000m yaw=0.000/0.000rad route=flat_top_center_to_top_right_reverse
[gazebo_track_car-2] [INFO] [1781121022.969689498] [gazebo_track_car]: camera_sign=camera_sign_turn_right source=camera kind=turn_right_sign maneuver=right score=0.50 area=2650px bbox=50x53px center=(559,224)
[gazebo_track_car-2] [INFO] [1781121022.973656261] [gazebo_track_car]: camera traffic light is GREEN score=6974.5 area=21975px bbox=422x106px fill=0.49 center=(712,345)
[gazebo_track_car-2] [INFO] [1781121023.038317359] [gazebo_track_car]: camera sign seen but action is waiting until closer; detected=turn_right_sign sign=camera_sign_turn_right scene_sign=palette_turn_right_03_yaw_270 sign_dist=1.600m action_dist<=0.95m
[gazebo_track_car-2] [INFO] [1781121023.073781920] [gazebo_track_car]: camera_sign=camera_sign_turn_left source=camera kind=turn_left_sign maneuver=left score=0.54 area=1118px bbox=43x26px center=(945,232)
[gazebo_track_car-2] [INFO] [1781121023.107851088] [gazebo_track_car]: camera_sign=camera_sign_turn_right source=camera kind=turn_right_sign maneuver=right score=0.64 area=702px bbox=27x26px center=(951,231)
[gazebo_track_car-2] [INFO] [1781121023.432519539] [gazebo_track_car]: camera traffic light lost for 0.2s.
[gazebo_track_car-2] [INFO] [1781121023.568352988] [gazebo_track_car]: camera traffic light is GREEN score=38.1 area=124px bbox=24x7px fill=0.74 center=(538,288)
[gazebo_track_car-2] [INFO] [1781121024.847669599] [gazebo_track_car]: MOTION pos=(-1.242,+2.480) yaw=-0.011 v=0.274 step_err=0.0220m/0.001rad track_err=0.0058m footprint=road:8.00px route=flat_top_center_to_top_right_reverse cmd_vel=(0.275,+0.030)
[gazebo_track_car-2] [INFO] [1781121026.870452700] [gazebo_track_car]: MOTION pos=(-0.680,+2.480) yaw=+0.003 v=0.279 step_err=0.0220m/0.000rad track_err=0.0061m footprint=road:8.00px route=flat_top_center_to_top_right_reverse cmd_vel=(0.279,-0.009)
[gazebo_track_car-2] [INFO] [1781121026.997728848] [gazebo_track_car]: camera sign ignored as parking/turn confusion; segment=flat_top_center_to_top_right_reverse best=camera_sign_turn_left:0.51 parking=camera_sign_parking:0.35
[gazebo_track_car-2] [INFO] [1781121026.999834940] [gazebo_track_car]: camera turn sign ignored as left/right ambiguous; segment=flat_top_center_to_top_right_reverse best=camera_sign_turn_right:0.49 opposite=turn_left_sign:0.48
[gazebo_track_car-2] [INFO] [1781121027.000095201] [gazebo_track_car]: camera_sign=camera_sign_turn_left source=camera kind=turn_left_sign maneuver=left score=0.43 area=2146px bbox=29x74px center=(829,176)
[gazebo_track_car-2] [INFO] [1781121027.006160102] [gazebo_track_car]: camera turn sign ignored as left/right ambiguous; segment=flat_top_center_to_top_right_reverse best=camera_sign_turn_left:0.50 opposite=turn_right_sign:0.47
[gazebo_track_car-2] [INFO] [1781121027.009597357] [gazebo_track_car]: camera turn sign ignored as left/right ambiguous; segment=flat_top_center_to_top_right_reverse best=camera_sign_turn_right:0.48 opposite=turn_left_sign:0.48
[gazebo_track_car-2] [INFO] [1781121027.064780196] [gazebo_track_car]: camera turn sign ignored as left/right ambiguous; segment=flat_top_center_to_top_right_reverse best=camera_sign_turn_left:0.44 opposite=turn_right_sign:0.40
[gazebo_track_car-2] [INFO] [1781121027.066642899] [gazebo_track_car]: camera turn sign ignored as left/right ambiguous; segment=flat_top_center_to_top_right_reverse best=camera_sign_turn_right:0.48 opposite=turn_left_sign:0.47
[gazebo_track_car-2] [INFO] [1781121027.066893712] [gazebo_track_car]: camera_sign=camera_sign_go_straight source=camera kind=go_straight_sign maneuver=straight score=0.44 area=24816px bbox=94x264px center=(929,165)
[gazebo_track_car-2] [INFO] [1781121027.096348227] [gazebo_track_car]: camera turn sign ignored as left/right ambiguous; segment=flat_top_center_to_top_right_reverse best=camera_sign_turn_left:0.44 opposite=turn_right_sign:0.41
[gazebo_track_car-2] [INFO] [1781121027.097424638] [gazebo_track_car]: camera turn sign ignored as left/right ambiguous; segment=flat_top_center_to_top_right_reverse best=camera_sign_turn_right:0.49 opposite=turn_left_sign:0.48
[gazebo_track_car-2] [INFO] [1781121027.097680130] [gazebo_track_car]: camera_sign=camera_sign_turn_left source=camera kind=turn_left_sign maneuver=left score=0.40 area=2640px bbox=40x66px center=(931,67)
[gazebo_track_car-2] [INFO] [1781121027.163613839] [gazebo_track_car]: camera turn sign ignored as left/right ambiguous; segment=flat_top_center_to_top_right_reverse best=camera_sign_turn_left:0.44 opposite=turn_right_sign:0.41
[gazebo_track_car-2] [INFO] [1781121027.166133893] [gazebo_track_car]: camera turn sign ignored as left/right ambiguous; segment=flat_top_center_to_top_right_reverse best=camera_sign_turn_right:0.48 opposite=turn_left_sign:0.48
[gazebo_track_car-2] [INFO] [1781121027.171956838] [gazebo_track_car]: camera turn sign ignored as left/right ambiguous; segment=flat_top_center_to_top_right_reverse best=camera_sign_turn_left:0.42 opposite=turn_right_sign:0.39
[gazebo_track_car-2] [INFO] [1781121027.172998463] [gazebo_track_car]: camera turn sign ignored as left/right ambiguous; segment=flat_top_center_to_top_right_reverse best=camera_sign_turn_right:0.48 opposite=turn_left_sign:0.47
[gazebo_track_car-2] [INFO] [1781121027.230671559] [gazebo_track_car]: camera turn sign ignored as left/right ambiguous; segment=flat_top_center_to_top_right_reverse best=camera_sign_turn_left:0.47 opposite=turn_right_sign:0.45
[gazebo_track_car-2] [INFO] [1781121027.283209960] [gazebo_track_car]: camera turn sign ignored as left/right ambiguous; segment=flat_top_center_to_top_right_reverse best=camera_sign_turn_right:0.48 opposite=turn_left_sign:0.47
[gazebo_track_car-2] [INFO] [1781121027.452556269] [gazebo_track_car]: traffic light is now GREEN.
[gazebo_track_car-2] [INFO] [1781121027.553823767] [gazebo_track_car]: camera turn sign ignored as left/right ambiguous; segment=flat_top_center_to_top_right_reverse best=camera_sign_turn_left:0.48 opposite=turn_right_sign:0.48
[gazebo_track_car-2] [INFO] [1781121027.560093294] [gazebo_track_car]: camera turn sign ignored as left/right ambiguous; segment=flat_top_center_to_top_right_reverse best=camera_sign_turn_right:0.48 opposite=turn_left_sign:0.48
[gazebo_track_car-2] [INFO] [1781121027.568620941] [gazebo_track_car]: camera turn sign ignored as left/right ambiguous; segment=flat_top_center_to_top_right_reverse best=camera_sign_turn_left:0.48 opposite=turn_right_sign:0.48
[gazebo_track_car-2] [INFO] [1781121027.609305509] [gazebo_track_car]: camera turn sign ignored as left/right ambiguous; segment=flat_top_center_to_top_right_reverse best=camera_sign_turn_right:0.48 opposite=turn_left_sign:0.47
[gazebo_track_car-2] [INFO] [1781121027.665473196] [gazebo_track_car]: camera turn sign ignored as left/right ambiguous; segment=flat_top_center_to_top_right_reverse best=camera_sign_turn_left:0.48 opposite=turn_right_sign:0.48
[gazebo_track_car-2] [INFO] [1781121027.688028195] [gazebo_track_car]: camera turn sign ignored as left/right ambiguous; segment=flat_top_center_to_top_right_reverse best=camera_sign_turn_right:0.48 opposite=turn_left_sign:0.47
[gazebo_track_car-2] [INFO] [1781121027.695131495] [gazebo_track_car]: camera turn sign ignored as left/right ambiguous; segment=flat_top_center_to_top_right_reverse best=camera_sign_turn_left:0.49 opposite=turn_right_sign:0.49
[gazebo_track_car-2] [INFO] [1781121027.772255164] [gazebo_track_car]: camera turn sign ignored as left/right ambiguous; segment=flat_top_center_to_top_right_reverse best=camera_sign_turn_right:0.49 opposite=turn_left_sign:0.49
[gazebo_track_car-2] [INFO] [1781121027.840453005] [gazebo_track_car]: camera turn sign ignored as left/right ambiguous; segment=flat_top_center_to_top_right_reverse best=camera_sign_turn_left:0.48 opposite=turn_right_sign:0.48
[gazebo_track_car-2] [INFO] [1781121027.845897656] [gazebo_track_car]: camera turn sign ignored as left/right ambiguous; segment=flat_top_center_to_top_right_reverse best=camera_sign_turn_right:0.50 opposite=turn_left_sign:0.49
[gazebo_track_car-2] [INFO] [1781121027.883158227] [gazebo_track_car]: camera turn sign ignored as left/right ambiguous; segment=flat_top_center_to_top_right_reverse best=camera_sign_turn_left:0.48 opposite=turn_right_sign:0.48
[gazebo_track_car-2] [INFO] [1781121027.906292698] [gazebo_track_car]: camera turn sign ignored as left/right ambiguous; segment=flat_top_center_to_top_right_reverse best=camera_sign_turn_right:0.49 opposite=turn_left_sign:0.48
[gazebo_track_car-2] [INFO] [1781121028.063488639] [gazebo_track_car]: camera turn sign ignored as left/right ambiguous; segment=flat_top_center_to_top_right_reverse best=camera_sign_turn_left:0.48 opposite=turn_right_sign:0.47
[gazebo_track_car-2] [INFO] [1781121028.153017801] [gazebo_track_car]: camera turn sign ignored as left/right ambiguous; segment=flat_top_center_to_top_right_reverse best=camera_sign_turn_right:0.48 opposite=turn_left_sign:0.47
[gazebo_track_car-2] [INFO] [1781121028.173022058] [gazebo_track_car]: camera turn sign ignored as left/right ambiguous; segment=flat_top_center_to_top_right_reverse best=camera_sign_turn_left:0.48 opposite=turn_right_sign:0.48
[gazebo_track_car-2] [INFO] [1781121028.242283165] [gazebo_track_car]: camera turn sign ignored as left/right ambiguous; segment=flat_top_center_to_top_right_reverse best=camera_sign_turn_right:0.47 opposite=turn_left_sign:0.47
[gazebo_track_car-2] [INFO] [1781121028.297846762] [gazebo_track_car]: camera turn sign ignored as left/right ambiguous; segment=flat_top_center_to_top_right_reverse best=camera_sign_turn_left:0.48 opposite=turn_right_sign:0.48
[gazebo_track_car-2] [INFO] [1781121028.361994013] [gazebo_track_car]: camera turn sign ignored as left/right ambiguous; segment=flat_top_center_to_top_right_reverse best=camera_sign_turn_right:0.49 opposite=turn_left_sign:0.48
[gazebo_track_car-2] [INFO] [1781121028.396138394] [gazebo_track_car]: camera turn sign ignored as left/right ambiguous; segment=flat_top_center_to_top_right_reverse best=camera_sign_turn_left:0.48 opposite=turn_right_sign:0.48
[gazebo_track_car-2] [INFO] [1781121028.442868398] [gazebo_track_car]: camera turn sign ignored as left/right ambiguous; segment=flat_top_center_to_top_right_reverse best=camera_sign_turn_right:0.49 opposite=turn_left_sign:0.48
[gazebo_track_car-2] [INFO] [1781121028.475847010] [gazebo_track_car]: camera turn sign ignored as left/right ambiguous; segment=flat_top_center_to_top_right_reverse best=camera_sign_turn_left:0.48 opposite=turn_right_sign:0.47
[gazebo_track_car-2] [INFO] [1781121028.498518138] [gazebo_track_car]: camera turn sign ignored as left/right ambiguous; segment=flat_top_center_to_top_right_reverse best=camera_sign_turn_right:0.48 opposite=turn_left_sign:0.48
[gazebo_track_car-2] [INFO] [1781121028.553157853] [gazebo_track_car]: camera turn sign ignored as left/right ambiguous; segment=flat_top_center_to_top_right_reverse best=camera_sign_turn_left:0.48 opposite=turn_right_sign:0.48
[gazebo_track_car-2] [INFO] [1781121028.566987842] [gazebo_track_car]: camera turn sign ignored as left/right ambiguous; segment=flat_top_center_to_top_right_reverse best=camera_sign_turn_right:0.47 opposite=turn_left_sign:0.47
[gazebo_track_car-2] [INFO] [1781121028.608906887] [gazebo_track_car]: camera turn sign ignored as left/right ambiguous; segment=flat_top_center_to_top_right_reverse best=camera_sign_turn_left:0.48 opposite=turn_right_sign:0.47
[gazebo_track_car-2] [INFO] [1781121028.643212606] [gazebo_track_car]: camera turn sign ignored as left/right ambiguous; segment=flat_top_center_to_top_right_reverse best=camera_sign_turn_right:0.47 opposite=turn_left_sign:0.47
[gazebo_track_car-2] [INFO] [1781121028.675728125] [gazebo_track_car]: camera turn sign ignored as left/right ambiguous; segment=flat_top_center_to_top_right_reverse best=camera_sign_turn_left:0.47 opposite=turn_right_sign:0.47
[gazebo_track_car-2] [INFO] [1781121028.722425396] [gazebo_track_car]: camera turn sign ignored as left/right ambiguous; segment=flat_top_center_to_top_right_reverse best=camera_sign_turn_right:0.47 opposite=turn_left_sign:0.47
[gazebo_track_car-2] [INFO] [1781121028.741933152] [gazebo_track_car]: camera turn sign ignored as left/right ambiguous; segment=flat_top_center_to_top_right_reverse best=camera_sign_turn_left:0.48 opposite=turn_right_sign:0.48
[gazebo_track_car-2] [INFO] [1781121028.845596743] [gazebo_track_car]: camera turn sign ignored as left/right ambiguous; segment=flat_top_center_to_top_right_reverse best=camera_sign_turn_right:0.48 opposite=turn_left_sign:0.48
[gazebo_track_car-2] [INFO] [1781121028.868792480] [gazebo_track_car]: camera turn sign ignored as left/right ambiguous; segment=flat_top_center_to_top_right_reverse best=camera_sign_turn_left:0.48 opposite=turn_right_sign:0.48
[gazebo_track_car-2] [INFO] [1781121028.870600661] [gazebo_track_car]: MOTION pos=(-0.122,+2.480) yaw=-0.000 v=0.279 step_err=0.0218m/0.000rad track_err=0.0056m footprint=road:8.00px route=flat_top_center_to_top_right_reverse cmd_vel=(0.279,-0.005)
[gazebo_track_car-2] [INFO] [1781121028.909826698] [gazebo_track_car]: camera turn sign ignored as left/right ambiguous; segment=flat_top_center_to_top_right_reverse best=camera_sign_turn_right:0.48 opposite=turn_left_sign:0.48
[gazebo_track_car-2] [INFO] [1781121028.941501040] [gazebo_track_car]: camera turn sign ignored as left/right ambiguous; segment=flat_top_center_to_top_right_reverse best=camera_sign_turn_left:0.47 opposite=turn_right_sign:0.47
[gazebo_track_car-2] [INFO] [1781121029.009229786] [gazebo_track_car]: camera turn sign ignored as left/right ambiguous; segment=flat_top_center_to_top_right_reverse best=camera_sign_turn_right:0.48 opposite=turn_left_sign:0.48
[gazebo_track_car-2] [INFO] [1781121029.043197124] [gazebo_track_car]: camera turn sign ignored as left/right ambiguous; segment=flat_top_center_to_top_right_reverse best=camera_sign_turn_left:0.47 opposite=turn_right_sign:0.47
[gazebo_track_car-2] [INFO] [1781121029.107207948] [gazebo_track_car]: camera turn sign ignored as left/right ambiguous; segment=flat_top_center_to_top_right_reverse best=camera_sign_turn_right:0.48 opposite=turn_left_sign:0.47
[gazebo_track_car-2] [INFO] [1781121029.142934254] [gazebo_track_car]: camera turn sign ignored as left/right ambiguous; segment=flat_top_center_to_top_right_reverse best=camera_sign_turn_left:0.47 opposite=turn_right_sign:0.47
[gazebo_track_car-2] [INFO] [1781121029.187203044] [gazebo_track_car]: camera turn sign ignored as left/right ambiguous; segment=flat_top_center_to_top_right_reverse best=camera_sign_turn_right:0.47 opposite=turn_left_sign:0.47
[gazebo_track_car-2] [INFO] [1781121029.253565544] [gazebo_track_car]: camera turn sign ignored as left/right ambiguous; segment=flat_top_center_to_top_right_reverse best=camera_sign_turn_left:0.47 opposite=turn_right_sign:0.47
[gazebo_track_car-2] [INFO] [1781121029.264663149] [gazebo_track_car]: camera turn sign ignored as left/right ambiguous; segment=flat_top_center_to_top_right_reverse best=camera_sign_turn_right:0.47 opposite=turn_left_sign:0.47
[gazebo_track_car-2] [INFO] [1781121029.343069067] [gazebo_track_car]: camera turn sign ignored as left/right ambiguous; segment=flat_top_center_to_top_right_reverse best=camera_sign_turn_left:0.47 opposite=turn_right_sign:0.47
[gazebo_track_car-2] [INFO] [1781121029.442437040] [gazebo_track_car]: camera turn sign ignored as left/right ambiguous; segment=flat_top_center_to_top_right_reverse best=camera_sign_turn_right:0.47 opposite=turn_left_sign:0.47
[gazebo_track_car-2] [INFO] [1781121029.497721331] [gazebo_track_car]: camera turn sign ignored as left/right ambiguous; segment=flat_top_center_to_top_right_reverse best=camera_sign_turn_left:0.48 opposite=turn_right_sign:0.47
[gazebo_track_car-2] [INFO] [1781121030.871258223] [gazebo_track_car]: camera_sign=camera_sign_go_straight source=camera kind=go_straight_sign maneuver=straight score=0.43 area=4800px bbox=75x64px center=(674,220)
[gazebo_track_car-2] [INFO] [1781121030.874310070] [gazebo_track_car]: MOTION pos=(+0.437,+2.480) yaw=-0.001 v=0.280 step_err=0.0218m/0.000rad track_err=0.0056m footprint=road:9.00px route=flat_top_center_to_top_right_reverse cmd_vel=(0.280,+0.003)
[gazebo_track_car-2] [INFO] [1781121031.084020419] [gazebo_track_car]: camera_sign=camera_sign_turn_right source=camera kind=turn_right_sign maneuver=right score=0.47 area=5460px bbox=84x65px center=(686,218)
[gazebo_track_car-2] [INFO] [1781121031.171189020] [gazebo_track_car]: camera sign ignored because scene sign context disagrees; detected=turn_right_sign scene_ahead=go_straight_sign
[gazebo_track_car-2] [INFO] [1781121031.174727535] [gazebo_track_car]: route segment=flat_top_left_to_top_center_reverse; previous=flat_top_center_to_top_right_reverse; distance=0.028m; decision=route/wheel_nearest: flat_top_left_to_top_center_reverse
[gazebo_track_car-2] [INFO] [1781121032.402759279] [gazebo_track_car]: camera sign action allowed by route branch context; detected=turn_right_sign sign=camera_sign_turn_right next_branch=3.01m area=15721px matching 3D sign is not route-adjacent
[gazebo_track_car-2] [INFO] [1781121032.480924935] [gazebo_track_car]: traffic light is now YELLOW.
[gazebo_track_car-2] [INFO] [1781121032.637487084] [gazebo_track_car]: camera_sign=camera_sign_turn_left source=camera kind=turn_left_sign maneuver=left score=0.45 area=20230px bbox=238x85px center=(849,189)
[gazebo_track_car-2] [INFO] [1781121032.759081928] [gazebo_track_car]: camera sign action blocked; no matching facing 3D sign is close enough; detected=turn_left_sign sign=camera_sign_turn_left detection_dist<=3.40m action_dist<=0.95m
[gazebo_track_car-2] [INFO] [1781121032.897807419] [gazebo_track_car]: MOTION pos=(+1.002,+2.480) yaw=+0.000 v=0.280 step_err=0.0218m/0.000rad track_err=0.0062m footprint=road:8.00px route=flat_top_left_to_top_center_reverse cmd_vel=(0.280,+0.000)
[gazebo_track_car-2] [INFO] [1781121033.082099981] [gazebo_track_car]: camera_sign=camera_sign_turn_right source=camera kind=turn_right_sign maneuver=right score=0.43 area=15865px bbox=167x95px center=(894,177)
[gazebo_track_car-2] [INFO] [1781121033.169975776] [gazebo_track_car]: camera sign action allowed by route branch context; detected=turn_right_sign sign=camera_sign_turn_right next_branch=2.81m area=12780px matching 3D sign is not route-adjacent
[gazebo_track_car-2] [INFO] [1781121033.487012677] [gazebo_track_car]: traffic light is now RED.
[gazebo_track_car-2] [INFO] [1781121033.489173333] [gazebo_track_car]: camera traffic light lost for 0.2s.
[gazebo_track_car-2] [WARN] [1781121034.836308066] [gazebo_track_car]: JITTER events=5 reasons=speed_delta=0.042m/s pos=(+1.543,+2.480) step=0.0049/0.0000m yaw=0.003/0.000rad route=flat_top_left_to_top_center_reverse
[gazebo_track_car-2] [INFO] [1781121034.896678804] [gazebo_track_car]: MOTION pos=(+1.558,+2.481) yaw=-0.011 v=0.260 step_err=0.0249m/0.003rad track_err=0.0058m footprint=road:8.00px route=flat_top_left_to_top_center_reverse cmd_vel=(0.237,-0.293)
[gazebo_track_car-2] [INFO] [1781121035.672592789] [gazebo_track_car]: camera traffic light is YELLOW score=319.8 area=804px bbox=39x32px fill=0.64 center=(908,309)
[gazebo_track_car-2] [INFO] [1781121035.672986522] [gazebo_track_car]: camera traffic light ignored outside distance gate; state=yellow segment=flat_top_left_to_top_center_reverse gate<=1.70m nearby_target=- area=804px bbox=39x32px center=(908,309)
[gazebo_track_car-2] [INFO] [1781121035.773169976] [gazebo_track_car]: camera traffic light is GREEN score=874.4 area=2817px bbox=91x43px fill=0.72 center=(916,310)
[gazebo_track_car-2] [INFO] [1781121035.831133183] [gazebo_track_car]: camera_sign=camera_sign_turn_left source=camera kind=turn_left_sign maneuver=left score=0.49 area=494px bbox=19x26px center=(914,232)
[gazebo_track_car-2] [INFO] [1781121035.908673290] [gazebo_track_car]: camera_sign=camera_sign_turn_right source=camera kind=turn_right_sign maneuver=right score=0.47 area=5658px bbox=46x123px center=(945,199)
[gazebo_track_car-2] [WARN] [1781121035.919745869] [gazebo_track_car]: JITTER events=1 reasons=yaw_step_error=0.243rad pos=(+1.777,+2.469) step=0.0043/0.0254m yaw=0.010/0.252rad route=flat_top_left_corner_reverse
[gazebo_track_car-2] [INFO] [1781121035.974539005] [gazebo_track_car]: camera sign action allowed by route branch context; detected=turn_right_sign sign=camera_sign_turn_right next_branch=2.04m area=16564px matching 3D sign is not route-adjacent
[gazebo_track_car-2] [INFO] [1781121036.001367406] [gazebo_track_car]: route segment=flat_top_left_corner_reverse; previous=flat_top_left_to_top_center_reverse; distance=0.022m; decision=route/wheel_nearest: flat_top_left_corner_reverse
[gazebo_track_car-2] [INFO] [1781121036.355519528] [gazebo_track_car]: camera_sign=camera_sign_turn_left source=camera kind=turn_left_sign maneuver=left score=0.45 area=27477px bbox=213x129px center=(872,174)
[gazebo_track_car-2] [INFO] [1781121036.443198534] [gazebo_track_car]: camera sign action blocked; no matching facing 3D sign is close enough; detected=turn_left_sign sign=camera_sign_turn_left detection_dist<=3.40m action_dist<=0.95m
[gazebo_track_car-2] [INFO] [1781121036.925441337] [gazebo_track_car]: MOTION pos=(+1.974,+2.339) yaw=-0.813 v=0.253 step_err=0.0711m/0.004rad track_err=0.0233m footprint=road:5.60px route=flat_top_left_corner_reverse cmd_vel=(0.260,-0.132)
[gazebo_track_car-2] [INFO] [1781121037.354714976] [gazebo_track_car]: camera sign ignored because scene sign context disagrees; detected=turn_left_sign scene_ahead=go_straight_sign
[gazebo_track_car-2] [INFO] [1781121037.410756959] [gazebo_track_car]: camera_sign=camera_sign_go_straight source=camera kind=go_straight_sign maneuver=straight score=0.47 area=36850px bbox=275x134px center=(846,178)
[gazebo_track_car-2] [INFO] [1781121037.478135168] [gazebo_track_car]: camera_sign=camera_sign_turn_right source=camera kind=turn_right_sign maneuver=right score=0.45 area=37240px bbox=280x133px center=(829,181)
[gazebo_track_car-2] [INFO] [1781121037.554619885] [gazebo_track_car]: camera sign ignored because scene sign context disagrees; detected=turn_right_sign scene_ahead=go_straight_sign
[gazebo_track_car-2] [WARN] [1781121038.026372872] [gazebo_track_car]: JITTER events=3 reasons=yaw_step_error=0.067rad pos=(+2.133,+2.154) step=0.0043/0.0206m yaw=0.009/0.076rad route=flat_top_left_corner_reverse
[gazebo_track_car-2] [INFO] [1781121038.210346568] [gazebo_track_car]: route segment=flat_left_mid_to_top_reverse; previous=flat_top_left_corner_reverse; distance=0.022m; decision=route/wheel_nearest: flat_left_mid_to_top_reverse
[gazebo_track_car-2] [INFO] [1781121038.923457948] [gazebo_track_car]: MOTION pos=(+2.187,+1.950) yaw=-1.541 v=0.253 step_err=0.0207m/0.004rad track_err=0.0086m footprint=road:6.00px route=flat_left_mid_to_top_reverse cmd_vel=(0.256,-0.162)
[gazebo_track_car-2] [INFO] [1781121040.003838205] [gazebo_track_car]: camera_sign=camera_sign_turn_left source=camera kind=turn_left_sign maneuver=left score=0.47 area=558px bbox=18x31px center=(746,184)
[gazebo_track_car-2] [INFO] [1781121040.047933802] [gazebo_track_car]: camera_sign=camera_sign_turn_right source=camera kind=turn_right_sign maneuver=right score=0.52 area=58674px bbox=254x231px center=(847,139)
[gazebo_track_car-2] [INFO] [1781121040.256160211] [gazebo_track_car]: camera traffic light is RED score=76.3 area=90px bbox=11x10px fill=0.82 center=(626,220)
[gazebo_track_car-2] [INFO] [1781121040.310224914] [gazebo_track_car]: camera traffic light is GREEN score=459.7 area=1471px bbox=68x28px fill=0.77 center=(539,279)
[gazebo_track_car-2] [INFO] [1781121040.315500146] [gazebo_track_car]: camera sign action allowed by route branch context; detected=turn_right_sign sign=camera_sign_turn_right next_branch=1.02m area=15352px matching 3D sign is not route-adjacent
[gazebo_track_car-2] [INFO] [1781121040.315881195] [gazebo_track_car]: queued maneuver 'right' from camera sign camera_sign_turn_right; next_branch=1.02m
[gazebo_track_car-2] [INFO] [1781121040.345721649] [gazebo_track_car]: camera_sign=camera_sign_turn_left source=camera kind=turn_left_sign maneuver=left score=0.47 area=1450px bbox=29x50px center=(906,242)
[gazebo_track_car-2] [INFO] [1781121040.412538289] [gazebo_track_car]: camera_sign=camera_sign_turn_right source=camera kind=turn_right_sign maneuver=right score=0.41 area=2240px bbox=35x64px center=(935,241)
[gazebo_track_car-2] [INFO] [1781121040.928335012] [gazebo_track_car]: MOTION pos=(+2.180,+1.403) yaw=-1.579 v=0.277 step_err=0.0177m/0.000rad track_err=0.0053m footprint=road:6.00px route=flat_left_mid_to_top_reverse cmd_vel=(0.277,+0.020)
[gazebo_track_car-2] [INFO] [1781121041.428772581] [gazebo_track_car]: traffic light is now GREEN.
[gazebo_track_car-2] [WARN] [1781121042.366355151] [gazebo_track_car]: JITTER events=3 reasons=speed_delta=0.071m/s pos=(+2.179,+1.003) step=0.0047/0.0000m yaw=0.002/0.000rad route=flat_left_mid_to_top_reverse
[gazebo_track_car-2] [INFO] [1781121042.950652557] [gazebo_track_car]: MOTION pos=(+2.179,+0.890) yaw=-1.571 v=0.147 step_err=0.0123m/0.000rad track_err=0.0029m footprint=road:7.99px route=flat_left_mid_to_top_reverse cmd_vel=(0.135,-0.051)
[gazebo_track_car-2] [WARN] [1781121043.348262485] [gazebo_track_car]: JITTER events=4 reasons=yaw_step_error=0.038rad pos=(+2.183,+0.842) step=0.0022/0.0106m yaw=0.006/0.043rad route=flat_left_mid_to_top_reverse
[gazebo_track_car-2] [WARN] [1781121044.351445200] [gazebo_track_car]: JITTER events=10 reasons=yaw_step_error=0.030rad pos=(+2.197,+0.764) step=0.0012/0.0061m yaw=0.008/0.038rad route=flat_left_mid_to_top_reverse
[gazebo_track_car-2] [INFO] [1781121044.952244643] [gazebo_track_car]: MOTION pos=(+2.198,+0.733) yaw=-2.258 v=0.046 step_err=0.0038m/0.025rad track_err=0.0185m footprint=road:7.00px route=flat_left_mid_to_top_reverse cmd_vel=(0.032,-0.326)
[gazebo_track_car-2] [INFO] [1781121046.457491077] [gazebo_track_car]: traffic light is now YELLOW.
[gazebo_track_car-2] [INFO] [1781121046.974667494] [gazebo_track_car]: MOTION pos=(+2.172,+0.671) yaw=-2.680 v=0.031 step_err=0.0022m/0.014rad track_err=0.0079m footprint=road:9.00px route=flat_left_mid_to_top_reverse cmd_vel=(0.028,-0.122)
[gazebo_track_car-2] [INFO] [1781121047.459808706] [gazebo_track_car]: traffic light is now RED.
[gazebo_track_car-2] [WARN] [1781121048.640534252] [gazebo_track_car]: JITTER events=5 reasons=cmd_xy_error=0.0504m pos=(+2.133,+0.643) step=0.0006/0.0000m yaw=0.001/0.000rad route=flat_left_mid_to_top_reverse
[gazebo_track_car-2] [INFO] [1781121048.979679043] [gazebo_track_car]: MOTION pos=(+2.124,+0.639) yaw=-2.838 v=0.028 step_err=0.0023m/0.011rad track_err=0.0611m footprint=road:10.60px route=flat_left_mid_to_top_reverse cmd_vel=(0.028,-0.050)
[gazebo_track_car-2] [INFO] [1781121049.428150587] [gazebo_track_car]: camera_sign=camera_sign_turn_right source=camera kind=turn_right_sign maneuver=right score=0.49 area=624px bbox=24x26px center=(41,232)
[gazebo_track_car-2] [INFO] [1781121049.544551122] [gazebo_track_car]: camera sign action allowed by route branch context; detected=turn_right_sign sign=camera_sign_turn_right next_branch=0.02m area=624px matching 3D sign is not route-adjacent
[gazebo_track_car-2] [WARN] [1781121049.583337725] [gazebo_track_car]: JITTER events=47 reasons=cmd_xy_error=0.0794m pos=(+2.109,+0.632) step=0.0006/0.0029m yaw=0.001/0.011rad route=flat_left_mid_to_top_reverse
[gazebo_track_car-2] [INFO] [1781121050.171748210] [gazebo_track_car]: route segment=flat_left_mid_to_mid_top_right_entry; previous=flat_left_mid_to_top_reverse; distance=0.001m; decision=route/right from camera_sign_turn_right: flat_left_mid_to_mid_top_right_entry delta=-90.0deg
[gazebo_track_car-2] [INFO] [1781121050.179940796] [gazebo_track_car]: ROUTE_PROGRESS_SYNC actual=(+2.093,+0.626) cmd_error=0.097m route_dist=0.045m yaw_error=0.256rad segment=flat_left_mid_to_mid_top_right_entry@0.086m->flat_left_mid_to_mid_top_right_entry@0.087m
[gazebo_track_car-2] [INFO] [1781121050.235134992] [gazebo_track_car]: queued scene maneuver 'right' from camera sign camera_sign_turn_right; scene_sign=palette_turn_right_03_yaw_270 sign_dist=2.667m next_branch=1.60m
[gazebo_track_car-2] [INFO] [1781121050.589261631] [gazebo_track_car]: camera_sign=camera_sign_parking source=camera kind=parking_sign maneuver=parking score=0.33 area=840px bbox=28x30px center=(8,230)
[gazebo_track_car-2] [INFO] [1781121050.620926609] [gazebo_track_car]: camera_sign=camera_sign_turn_right source=camera kind=turn_right_sign maneuver=right score=0.53 area=1378px bbox=53x26px center=(24,232)
[gazebo_track_car-2] [INFO] [1781121050.873321415] [gazebo_track_car]: camera_sign=camera_sign_parking source=camera kind=parking_sign maneuver=parking score=0.35 area=2418px bbox=78x31px center=(26,232)
[gazebo_track_car-2] [INFO] [1781121050.898720352] [gazebo_track_car]: camera_sign=camera_sign_turn_right source=camera kind=turn_right_sign maneuver=right score=0.50 area=2010px bbox=67x30px center=(23,232)
[gazebo_track_car-2] [INFO] [1781121050.989681933] [gazebo_track_car]: MOTION pos=(+1.902,+0.582) yaw=-3.094 v=0.258 step_err=0.0213m/0.003rad track_err=0.0045m footprint=road:5.00px route=flat_left_mid_to_mid_top_right_entry cmd_vel=(0.259,-0.138)
[gazebo_track_car-2] [INFO] [1781121051.409916793] [gazebo_track_car]: camera_sign=camera_sign_speed_limit source=camera kind=speed_limit_sign maneuver=- score=0.40 area=884px bbox=34x26px center=(304,208)
[gazebo_track_car-2] [INFO] [1781121051.444078722] [gazebo_track_car]: camera sign action blocked; no matching facing 3D sign is close enough; detected=speed_limit_sign sign=camera_sign_speed_limit detection_dist<=3.40m action_dist<=0.95m
[gazebo_track_car-2] [INFO] [1781121051.590293284] [gazebo_track_car]: camera traffic light is RED score=251.1 area=280px bbox=21x17px fill=0.78 center=(292,207)
[gazebo_track_car-2] [INFO] [1781121051.590600674] [gazebo_track_car]: camera traffic light ignored outside distance gate; state=red segment=flat_left_mid_to_mid_top_right_entry gate<=1.70m nearby_target=palette_traffic_light_02_yaw_180 dist=2.21m forward=1.63m lateral=1.49m area=280px bbox=21x17px center=(292,207)
[gazebo_track_car-2] [INFO] [1781121051.636535262] [gazebo_track_car]: camera sign seen but action is waiting until closer; detected=speed_limit_sign sign=camera_sign_speed_limit scene_sign=palette_speed_limit_03_yaw_270 sign_dist=3.395m action_dist<=0.95m
[gazebo_track_car-2] [INFO] [1781121051.891245879] [gazebo_track_car]: camera_sign=camera_sign_turn_right source=camera kind=turn_right_sign maneuver=right score=0.52 area=858px bbox=33x26px center=(15,232)
[gazebo_track_car-2] [INFO] [1781121051.931187180] [gazebo_track_car]: camera_sign=camera_sign_speed_limit source=camera kind=speed_limit_sign maneuver=- score=0.41 area=1230px bbox=41x30px center=(275,204)
[gazebo_track_car-2] [INFO] [1781121052.080406872] [gazebo_track_car]: camera_sign=camera_sign_turn_right source=camera kind=turn_right_sign maneuver=right score=0.49 area=1066px bbox=41x26px center=(51,232)
[gazebo_track_car-2] [INFO] [1781121052.655188214] [gazebo_track_car]: camera_sign=camera_sign_parking source=camera kind=parking_sign maneuver=parking score=0.32 area=1140px bbox=38x30px center=(14,231)
[gazebo_track_car-2] [INFO] [1781121052.702505470] [gazebo_track_car]: camera sign action blocked; no matching facing 3D sign is close enough; detected=parking_sign sign=camera_sign_parking detection_dist<=3.40m action_dist<=1.35m
[gazebo_track_car-2] [INFO] [1781121052.779016143] [gazebo_track_car]: camera_sign=camera_sign_turn_right source=camera kind=turn_right_sign maneuver=right score=0.53 area=899px bbox=31x29px center=(11,232)
[gazebo_track_car-2] [INFO] [1781121052.993651136] [gazebo_track_car]: MOTION pos=(+1.354,+0.580) yaw=+3.134 v=0.278 step_err=0.0225m/0.000rad track_err=0.0054m footprint=road:4.00px route=flat_left_mid_to_mid_top_right_entry cmd_vel=(0.278,+0.014)
[gazebo_track_car-2] [INFO] [1781121053.067637526] [gazebo_track_car]: camera_sign=camera_sign_speed_limit source=camera kind=speed_limit_sign maneuver=- score=0.44 area=2640px bbox=60x44px center=(213,194)
[gazebo_track_car-2] [INFO] [1781121053.094239943] [gazebo_track_car]: camera sign seen but action is waiting until closer; detected=speed_limit_sign sign=camera_sign_speed_limit scene_sign=palette_speed_limit_03_yaw_270 sign_dist=3.050m action_dist<=0.95m
[gazebo_track_car-2] [INFO] [1781121053.435502698] [gazebo_track_car]: camera_sign=camera_sign_parking source=camera kind=parking_sign maneuver=parking score=0.32 area=1274px bbox=49x26px center=(30,232)
[gazebo_track_car-2] [INFO] [1781121053.454244706] [gazebo_track_car]: camera_sign=camera_sign_speed_limit source=camera kind=speed_limit_sign maneuver=- score=0.44 area=3360px bbox=70x48px center=(182,188)
[gazebo_track_car-2] [INFO] [1781121053.534310515] [gazebo_track_car]: camera_sign=camera_sign_parking source=camera kind=parking_sign maneuver=parking score=0.32 area=1334px bbox=46x29px center=(23,232)
[gazebo_track_car-2] [INFO] [1781121053.555789086] [gazebo_track_car]: camera_sign=camera_sign_speed_limit source=camera kind=speed_limit_sign maneuver=- score=0.44 area=3675px bbox=75x49px center=(173,187)
[gazebo_track_car-2] [INFO] [1781121053.664749718] [gazebo_track_car]: camera_sign=camera_sign_turn_right source=camera kind=turn_right_sign maneuver=right score=0.51 area=1044px bbox=36x29px center=(14,232)
[gazebo_track_car-2] [INFO] [1781121053.692004443] [gazebo_track_car]: camera_sign=camera_sign_parking source=camera kind=parking_sign maneuver=parking score=0.34 area=900px bbox=30x30px center=(15,232)
[gazebo_track_car-2] [INFO] [1781121053.723695333] [gazebo_track_car]: camera_sign=camera_sign_speed_limit source=camera kind=speed_limit_sign maneuver=- score=0.44 area=4000px bbox=80x50px center=(156,184)
[gazebo_track_car-2] [INFO] [1781121053.788904645] [gazebo_track_car]: camera_sign=camera_sign_turn_right source=camera kind=turn_right_sign maneuver=right score=0.60 area=630px bbox=21x30px center=(7,232)
[gazebo_track_car-2] [INFO] [1781121053.935370853] [gazebo_track_car]: camera_sign=camera_sign_speed_limit source=camera kind=speed_limit_sign maneuver=- score=0.44 area=4860px bbox=90x54px center=(132,180)
[gazebo_track_car-2] [INFO] [1781121054.132190407] [gazebo_track_car]: camera traffic light is GREEN score=1737.6 area=5590px bbox=212x53px fill=0.50 center=(607,294)
[gazebo_track_car-2] [INFO] [1781121054.171975524] [gazebo_track_car]: camera traffic light is RED score=1485.1 area=1638px bbox=62x35px fill=0.75 center=(99,175)
[gazebo_track_car-2] [INFO] [1781121054.501141089] [gazebo_track_car]: camera traffic light is GREEN score=2207.7 area=7057px bbox=241x61px fill=0.48 center=(621,300)
[gazebo_track_car-2] [INFO] [1781121054.619670183] [gazebo_track_car]: camera traffic light is RED score=36.8 area=44px bbox=5x10px fill=0.88 center=(436,220)
[gazebo_track_car-2] [WARN] [1781121054.634650915] [gazebo_track_car]: JITTER events=32 reasons=speed_delta=0.074m/s pos=(+0.898,+0.581) step=0.0045/0.0000m yaw=0.002/0.000rad route=flat_left_mid_to_mid_top_right_entry
[gazebo_track_car-2] [INFO] [1781121054.676711135] [gazebo_track_car]: camera traffic light is GREEN score=2442.2 area=7809px bbox=254x64px fill=0.48 center=(627,303)
[gazebo_track_car-2] [INFO] [1781121055.017660079] [gazebo_track_car]: MOTION pos=(+0.821,+0.582) yaw=+3.140 v=0.169 step_err=0.0170m/0.000rad track_err=0.0042m footprint=road:8.40px route=flat_left_mid_to_mid_top_right_entry cmd_vel=(0.153,+0.007)
[gazebo_track_car-2] [INFO] [1781121055.499340808] [gazebo_track_car]: traffic light is now GREEN.
