[INFO] [launch]: All log files can be found below /home/quocbao/.ros/log/2026-06-10-12-44-36-194623-ubuntu-26284
[INFO] [launch]: Default logging verbosity is set to INFO
[INFO] [gzserver-1]: process started with pid [26286]
[INFO] [gazebo_track_car-2]: process started with pid [26289]
[gazebo_track_car-2] [INFO] [1781120676.766028636] [gazebo_track_car]: [MAP_TRANSFORM] image=256x256 path=/home/quocbao/my_robot_vision_full_project/my_robot_vision/models/autonomous_map_3d/materials/textures/autonomous_map_visual.png map_size=6.000x6.000m px_per_m_x=42.667 px_per_m_y=42.667 route_offset=(+0.000,+0.300)m map_visual_offset=(+0.000,+0.300)m
[gazebo_track_car-2] [INFO] [1781120676.895728676] [gazebo_track_car]: [FOOTPRINT_CHECK] samples=1588 center_off_road=0 center_outside_safe=1005 failures=0 min_footprint_clearance=3.20px footprint=front:0.165m rear:0.145m half_width:0.115m
[gazebo_track_car-2] [INFO] [1781120676.895996691] [gazebo_track_car]: [FOOTPRINT_CHECK] overlays=/tmp/gazebo_route_mask_debug.png, /tmp/gazebo_route_centerline_debug.png, /tmp/gazebo_route_footprint_debug.png
[gazebo_track_car-2] [INFO] [1781120676.970647965] [gazebo_track_car]: SAFE_ROUTE_VERSION=semantic_parking_spawn_turn_guard_v31; direction=reversed to match map arrows; clearance=12px; drive_wheels=True; route_offset=(+0.000,+0.300)m; start_distance=0.000m; route_explore=False branch_probability=0.00; sign_detection=camera action_dist<=0.95m parking_action_dist<=1.35m roi=0.08-0.82; map_visual_offset=(+0.000,+0.300)m; base_speed=0.28m/s speed_limit=0.14m/s; traffic_light=cycle state=green green=5.0s yellow=1.0s red=8.0s trigger_distance=1.70m stop_distance=0.85m min_stop=2.0s camera=on topic=/track_preview_car/camera/image_raw fill>=0.42 slow_area>=45px stop_area>=160px distance_gate=on; camera_sign_templates=5 sign_score>=0.32 sign_stable=2; parking_auto_route=False; wheel_controller lookahead=0.32m parking_lookahead=0.20m heading_gain=3.80 max_wz=2.80rad/s rotate_heading>1.05rad; nearest_route=True nearest_dist<=0.65m; yaw_limits=1.80rad/s/4.00rad/s2; route_rejoin=False outer_only=True cmd_error>0.30m max_route_dist=0.55m; progress_sync=True cmd_error>0.06m route_dist<=0.20m yaw<=1.20rad; initial_pose_reset=False override=False tol=0.12m/0.35rad; segments=19; route_points=39.
[gazebo_track_car-2] [INFO] [1781120676.970982295] [gazebo_track_car]: Motion log uses /model_states and /track_preview_car/cmd_vel: MOTION every 2.00s, JITTER at most every 1.00s, verbose=False; jitter thresholds xy_step_delta=0.0060m, cmd_error=0.050m, z_delta=0.0005m, tilt=0.0030rad, speed_delta=0.030m/s, yaw_step_error=0.025rad, yaw_rate_delta=0.400rad/s.
[gzserver-1] [INFO] [1781120678.427657319] [track_preview_car.front_camera_controller]: Publishing camera info to [/track_preview_car/camera/camera_info]
[gzserver-1] [INFO] [1781120678.439623282] [gazebo_ros_state]: Publishing states of gazebo models at [/model_states]
[gzserver-1] [INFO] [1781120678.439865609] [gazebo_ros_state]: Publishing states of gazebo links at [/link_states]
[gzserver-1] [INFO] [1781120678.453264962] [track_preview_car.track_preview_car_diff_drive]: Wheel pair 1 separation set to [0.176000m]
[gzserver-1] [INFO] [1781120678.453334843] [track_preview_car.track_preview_car_diff_drive]: Wheel pair 1 diameter set to [0.060000m]
[gzserver-1] [INFO] [1781120678.454030674] [track_preview_car.track_preview_car_diff_drive]: Subscribed to [/track_preview_car/cmd_vel]
[gzserver-1] [INFO] [1781120678.456073673] [track_preview_car.track_preview_car_diff_drive]: Advertise odometry on [/track_preview_car/odom]
[gazebo_track_car-2] [INFO] [1781120678.486462864] [gazebo_track_car]: wheel controller synced route progress from initial model pose; segment=flat_top_left_to_top_center_reverse@0.272m route_dist=0.001m startup_gate=1.250m
[gazebo_track_car-2] [INFO] [1781120678.532079228] [gazebo_track_car]: traffic light is now RED.
[gazebo_track_car-2] [WARN] [1781120678.535984087] [gazebo_track_car]: JITTER events=2 reasons=speed_delta=0.042m/s pos=(+0.767,+2.481) step=0.0002/0.0000m yaw=0.002/0.000rad route=flat_top_left_to_top_center_reverse
[gazebo_track_car-2] [INFO] [1781120678.536258564] [gazebo_track_car]: MOTION pos=(+0.767,+2.481) yaw=-0.006 v=0.000 step_err=0.0000m/0.000rad track_err=0.0023m footprint=road:8.39px route=flat_top_left_to_top_center_reverse cmd_vel=(0.280,+0.003)
[gazebo_track_car-2] [INFO] [1781120678.757616020] [gazebo_track_car]: camera traffic light is GREEN score=1867.7 area=3377px bbox=99x61px fill=0.56 center=(775,212)
[gazebo_track_car-2] [INFO] [1781120678.760526613] [gazebo_track_car]: camera_sign=camera_sign_turn_right source=camera kind=turn_right_sign maneuver=right score=0.43 area=12525px bbox=167x75px center=(774,203)
[gazebo_track_car-2] [INFO] [1781120678.824660185] [gazebo_track_car]: camera sign ignored because scene sign context disagrees; detected=turn_right_sign scene_ahead=go_straight_sign
[gazebo_track_car-2] [INFO] [1781120679.015375064] [gazebo_track_car]: camera sign action allowed by route branch context; detected=turn_right_sign sign=camera_sign_turn_right next_branch=3.01m area=16720px matching 3D sign is not route-adjacent
[gazebo_track_car-2] [INFO] [1781120679.195686736] [gazebo_track_car]: camera_sign=camera_sign_turn_left source=camera kind=turn_left_sign maneuver=left score=0.45 area=20400px bbox=240x85px center=(846,189)
[gazebo_track_car-2] [INFO] [1781120679.298171959] [gazebo_track_car]: camera sign action blocked; no matching facing 3D sign is close enough; detected=turn_left_sign sign=camera_sign_turn_left detection_dist<=3.40m action_dist<=0.95m
[gazebo_track_car-2] [INFO] [1781120679.627345003] [gazebo_track_car]: camera_sign=camera_sign_turn_right source=camera kind=turn_right_sign maneuver=right score=0.43 area=16055px bbox=169x95px center=(893,177)
[gazebo_track_car-2] [INFO] [1781120679.738868042] [gazebo_track_car]: camera sign action allowed by route branch context; detected=turn_right_sign sign=camera_sign_turn_right next_branch=2.82m area=12870px matching 3D sign is not route-adjacent
[gazebo_track_car-2] [INFO] [1781120680.142529277] [gazebo_track_car]: camera traffic light lost for 0.2s.
[gazebo_track_car-2] [INFO] [1781120680.648821032] [gazebo_track_car]: MOTION pos=(+1.335,+2.479) yaw=+0.001 v=0.280 step_err=0.0224m/0.000rad track_err=0.0053m footprint=road:8.00px route=flat_top_left_to_top_center_reverse cmd_vel=(0.280,-0.001)
[gazebo_track_car-2] [INFO] [1781120682.241801680] [gazebo_track_car]: camera traffic light is YELLOW score=337.6 area=842px bbox=41x32px fill=0.64 center=(917,310)
[gazebo_track_car-2] [INFO] [1781120682.242134958] [gazebo_track_car]: camera traffic light ignored outside distance gate; state=yellow segment=flat_top_left_to_top_center_reverse gate<=1.70m nearby_target=- area=842px bbox=41x32px center=(917,310)
[gazebo_track_car-2] [INFO] [1781120682.339413215] [gazebo_track_car]: camera traffic light is GREEN score=784.4 area=2542px bbox=81x42px fill=0.75 center=(921,311)
[gazebo_track_car-2] [INFO] [1781120682.390553420] [gazebo_track_car]: camera_sign=camera_sign_turn_left source=camera kind=turn_left_sign maneuver=left score=0.49 area=494px bbox=19x26px center=(925,231)
[gazebo_track_car-2] [INFO] [1781120682.467199637] [gazebo_track_car]: camera_sign=camera_sign_turn_right source=camera kind=turn_right_sign maneuver=right score=0.47 area=7260px bbox=55x132px center=(943,199)
[gazebo_track_car-2] [WARN] [1781120682.472521423] [gazebo_track_car]: JITTER events=4 reasons=yaw_step_error=0.200rad pos=(+1.774,+2.470) step=0.0043/0.0212m yaw=0.010/0.210rad route=flat_top_left_to_top_center_reverse
[gazebo_track_car-2] [INFO] [1781120682.602915147] [gazebo_track_car]: camera sign action allowed by route branch context; detected=turn_right_sign sign=camera_sign_turn_right next_branch=2.04m area=18312px matching 3D sign is not route-adjacent
[gazebo_track_car-2] [INFO] [1781120682.655259532] [gazebo_track_car]: route segment=flat_top_left_corner_reverse; previous=flat_top_left_to_top_center_reverse; distance=0.022m; decision=route/wheel_nearest: flat_top_left_corner_reverse
[gazebo_track_car-2] [INFO] [1781120682.673636462] [gazebo_track_car]: MOTION pos=(+1.815,+2.455) yaw=-0.584 v=0.219 step_err=0.0498m/0.364rad track_err=0.0294m footprint=road:7.19px route=flat_top_left_corner_reverse cmd_vel=(0.222,-0.421)
[gazebo_track_car-2] [INFO] [1781120682.905769598] [gazebo_track_car]: camera_sign=camera_sign_turn_left source=camera kind=turn_left_sign maneuver=left score=0.45 area=27090px bbox=210x129px center=(873,174)
[gazebo_track_car-2] [INFO] [1781120683.040473163] [gazebo_track_car]: camera sign action blocked; no matching facing 3D sign is close enough; detected=turn_left_sign sign=camera_sign_turn_left detection_dist<=3.40m action_dist<=0.95m
[gazebo_track_car-2] [INFO] [1781120683.259985093] [gazebo_track_car]: traffic light is now GREEN.
[gazebo_track_car-2] [WARN] [1781120683.597336978] [gazebo_track_car]: JITTER events=3 reasons=speed_delta=0.056m/s,yaw_rate_delta=0.433rad/s pos=(+1.993,+2.322) step=0.0044/0.0000m yaw=0.007/0.000rad route=flat_top_left_corner_reverse
[gazebo_track_car-2] [INFO] [1781120683.935919752] [gazebo_track_car]: camera_sign=camera_sign_go_straight source=camera kind=go_straight_sign maneuver=straight score=0.47 area=37401px bbox=273x137px center=(848,178)
[gazebo_track_car-2] [INFO] [1781120684.019308874] [gazebo_track_car]: camera_sign=camera_sign_turn_right source=camera kind=turn_right_sign maneuver=right score=0.44 area=37240px bbox=280x133px center=(829,181)
[gazebo_track_car-2] [WARN] [1781120684.574330504] [gazebo_track_car]: JITTER events=2 reasons=yaw_step_error=0.051rad pos=(+2.132,+2.156) step=0.0044/0.0227m yaw=0.009/0.060rad route=flat_top_left_corner_reverse
[gazebo_track_car-2] [INFO] [1781120684.673695133] [gazebo_track_car]: MOTION pos=(+2.142,+2.136) yaw=-1.305 v=0.226 step_err=0.0166m/0.189rad track_err=0.0072m footprint=road:5.79px route=flat_left_mid_to_top_reverse cmd_vel=(0.224,-0.422)
[gazebo_track_car-2] [INFO] [1781120684.767868833] [gazebo_track_car]: route segment=flat_left_mid_to_top_reverse; previous=flat_top_left_corner_reverse; distance=0.023m; decision=route/wheel_nearest: flat_left_mid_to_top_reverse
[gazebo_track_car-2] [INFO] [1781120686.497581197] [gazebo_track_car]: camera_sign=camera_sign_turn_left source=camera kind=turn_left_sign maneuver=left score=0.54 area=1060px bbox=20x53px center=(734,175)
[gazebo_track_car-2] [INFO] [1781120686.507407229] [gazebo_track_car]: camera_sign=camera_sign_turn_right source=camera kind=turn_right_sign maneuver=right score=0.46 area=64911px bbox=281x231px center=(823,147)
[gazebo_track_car-2] [INFO] [1781120686.689285715] [gazebo_track_car]: MOTION pos=(+2.185,+1.623) yaw=-1.595 v=0.277 step_err=0.0233m/0.000rad track_err=0.0075m footprint=road:6.00px route=flat_left_mid_to_top_reverse cmd_vel=(0.277,+0.021)
[gazebo_track_car-2] [INFO] [1781120686.851144354] [gazebo_track_car]: camera sign action allowed by route branch context; detected=turn_right_sign sign=camera_sign_turn_right next_branch=1.02m area=21527px matching 3D sign is not route-adjacent
[gazebo_track_car-2] [INFO] [1781120686.851507879] [gazebo_track_car]: queued maneuver 'right' from camera sign camera_sign_turn_right; next_branch=1.02m
[gazebo_track_car-2] [INFO] [1781120686.918389773] [gazebo_track_car]: camera_sign=camera_sign_turn_left source=camera kind=turn_left_sign maneuver=left score=0.46 area=1590px bbox=30x53px center=(915,242)
[gazebo_track_car-2] [INFO] [1781120688.285253744] [gazebo_track_car]: traffic light is now YELLOW.
[gazebo_track_car-2] [INFO] [1781120688.704281978] [gazebo_track_car]: MOTION pos=(+2.179,+1.063) yaw=-1.569 v=0.280 step_err=0.0237m/0.000rad track_err=0.0050m footprint=road:6.00px route=flat_left_mid_to_top_reverse cmd_vel=(0.280,+0.002)
[gazebo_track_car-2] [WARN] [1781120688.921020083] [gazebo_track_car]: JITTER events=3 reasons=speed_delta=0.072m/s pos=(+2.179,+1.002) step=0.0046/0.0000m yaw=0.003/0.000rad route=flat_left_mid_to_top_reverse
[gazebo_track_car-2] [INFO] [1781120689.293061704] [gazebo_track_car]: traffic light is now RED.
[gazebo_track_car-2] [WARN] [1781120689.901691840] [gazebo_track_car]: JITTER events=5 reasons=yaw_step_error=0.038rad pos=(+2.184,+0.840) step=0.0021/0.0106m yaw=0.006/0.044rad route=flat_left_mid_to_top_reverse
[gazebo_track_car-2] [INFO] [1781120690.703448777] [gazebo_track_car]: MOTION pos=(+2.195,+0.775) yaw=-1.962 v=0.069 step_err=0.0040m/0.024rad track_err=0.0159m footprint=road:8.00px route=flat_left_mid_to_top_reverse cmd_vel=(0.053,-0.428)
[gazebo_track_car-2] [WARN] [1781120690.904608928] [gazebo_track_car]: JITTER events=8 reasons=yaw_step_error=0.037rad pos=(+2.197,+0.762) step=0.0012/0.0073m yaw=0.008/0.046rad route=flat_left_mid_to_top_reverse
[gazebo_track_car-2] [INFO] [1781120692.725470426] [gazebo_track_car]: MOTION pos=(+2.186,+0.689) yaw=-2.565 v=0.031 step_err=0.0022m/0.014rad track_err=0.0063m footprint=road:8.00px route=flat_left_mid_to_top_reverse cmd_vel=(0.028,-0.182)
[gazebo_track_car-2] [INFO] [1781120694.729938202] [gazebo_track_car]: MOTION pos=(+2.143,+0.649) yaw=-2.795 v=0.029 step_err=0.0022m/0.012rad track_err=0.0394m footprint=road:10.00px route=flat_left_mid_to_top_reverse cmd_vel=(0.028,-0.068)
[gazebo_track_car-2] [WARN] [1781120695.128742224] [gazebo_track_car]: JITTER events=5 reasons=cmd_xy_error=0.0508m pos=(+2.133,+0.643) step=0.0006/0.0028m yaw=0.001/0.012rad route=flat_left_mid_to_top_reverse
[gazebo_track_car-2] [INFO] [1781120695.921873120] [gazebo_track_car]: camera_sign=camera_sign_turn_right source=camera kind=turn_right_sign maneuver=right score=0.49 area=624px bbox=24x26px center=(42,232)
[gazebo_track_car-2] [INFO] [1781120695.999432227] [gazebo_track_car]: camera sign action allowed by route branch context; detected=turn_right_sign sign=camera_sign_turn_right next_branch=0.02m area=624px matching 3D sign is not route-adjacent
[gazebo_track_car-2] [WARN] [1781120696.131523727] [gazebo_track_car]: JITTER events=50 reasons=cmd_xy_error=0.0810m pos=(+2.107,+0.631) step=0.0006/0.0028m yaw=0.001/0.010rad route=flat_left_mid_to_top_reverse
[gazebo_track_car-2] [INFO] [1781120696.631940874] [gazebo_track_car]: route segment=flat_left_mid_to_mid_top_right_entry; previous=flat_left_mid_to_top_reverse; distance=0.001m; decision=route/right from camera_sign_turn_right: flat_left_mid_to_mid_top_right_entry delta=-90.0deg
[gazebo_track_car-2] [INFO] [1781120696.651325245] [gazebo_track_car]: ROUTE_PROGRESS_SYNC actual=(+2.094,+0.626) cmd_error=0.096m route_dist=0.045m yaw_error=0.255rad segment=flat_left_mid_to_mid_top_right_entry@0.085m->flat_left_mid_to_mid_top_right_entry@0.086m
[gazebo_track_car-2] [INFO] [1781120696.752288058] [gazebo_track_car]: MOTION pos=(+2.075,+0.619) yaw=-2.907 v=0.236 step_err=0.0187m/0.007rad track_err=0.0382m footprint=road:8.59px route=flat_left_mid_to_mid_top_right_entry cmd_vel=(0.233,-0.330)
[gazebo_track_car-2] [INFO] [1781120696.901575367] [gazebo_track_car]: queued scene maneuver 'right' from camera sign camera_sign_turn_right; scene_sign=palette_turn_right_03_yaw_270 sign_dist=2.636m next_branch=1.57m
[gazebo_track_car-2] [INFO] [1781120697.066017981] [gazebo_track_car]: camera_sign=camera_sign_parking source=camera kind=parking_sign maneuver=parking score=0.32 area=990px bbox=33x30px center=(10,230)
[gazebo_track_car-2] [INFO] [1781120697.120966078] [gazebo_track_car]: camera_sign=camera_sign_turn_right source=camera kind=turn_right_sign maneuver=right score=0.54 area=1482px bbox=57x26px center=(28,232)
[gazebo_track_car-2] [INFO] [1781120697.234229677] [gazebo_track_car]: traffic light is now GREEN.
[gazebo_track_car-2] [INFO] [1781120697.320605046] [gazebo_track_car]: camera_sign=camera_sign_parking source=camera kind=parking_sign maneuver=parking score=0.34 area=2542px bbox=82x31px center=(27,232)
[gazebo_track_car-2] [INFO] [1781120697.367811998] [gazebo_track_car]: camera_sign=camera_sign_turn_right source=camera kind=turn_right_sign maneuver=right score=0.51 area=2170px bbox=70x31px center=(24,232)
[gazebo_track_car-2] [INFO] [1781120698.398105137] [gazebo_track_car]: camera_sign=camera_sign_parking source=camera kind=parking_sign maneuver=parking score=0.33 area=832px bbox=32x26px center=(15,232)
[gazebo_track_car-2] [INFO] [1781120698.455430043] [gazebo_track_car]: camera sign action blocked; no matching facing 3D sign is close enough; detected=parking_sign sign=camera_sign_parking detection_dist<=3.40m action_dist<=1.35m
[gazebo_track_car-2] [INFO] [1781120698.591359858] [gazebo_track_car]: camera_sign=camera_sign_turn_right source=camera kind=turn_right_sign maneuver=right score=0.49 area=493px bbox=17x29px center=(5,232)
[gazebo_track_car-2] [INFO] [1781120698.761643880] [gazebo_track_car]: camera sign action allowed by route branch context; detected=turn_right_sign sign=camera_sign_turn_right next_branch=1.07m area=1144px matching 3D sign is not route-adjacent
[gazebo_track_car-2] [INFO] [1781120698.763281336] [gazebo_track_car]: MOTION pos=(+1.553,+0.578) yaw=+3.127 v=0.279 step_err=0.0226m/0.000rad track_err=0.0064m footprint=road:4.00px route=flat_left_mid_to_mid_top_right_entry cmd_vel=(0.279,+0.008)
[gazebo_track_car-2] [INFO] [1781120699.260932012] [gazebo_track_car]: camera_sign=camera_sign_parking source=camera kind=parking_sign maneuver=parking score=0.34 area=1110px bbox=37x30px center=(16,231)
[gazebo_track_car-2] [INFO] [1781120699.269268669] [gazebo_track_car]: camera sign action blocked; no matching facing 3D sign is close enough; detected=parking_sign sign=camera_sign_parking detection_dist<=3.40m action_dist<=1.35m
[gazebo_track_car-2] [INFO] [1781120699.401496280] [gazebo_track_car]: camera_sign=camera_sign_turn_right source=camera kind=turn_right_sign maneuver=right score=0.52 area=720px bbox=24x30px center=(8,232)
[gazebo_track_car-2] [INFO] [1781120699.823168367] [gazebo_track_car]: camera_sign=camera_sign_parking source=camera kind=parking_sign maneuver=parking score=0.34 area=676px bbox=26x26px center=(40,232)
[gazebo_track_car-2] [INFO] [1781120700.055198037] [gazebo_track_car]: camera_sign=camera_sign_turn_right source=camera kind=turn_right_sign maneuver=right score=0.53 area=1218px bbox=42x29px center=(19,232)
[gazebo_track_car-2] [INFO] [1781120700.089031102] [gazebo_track_car]: camera_sign=camera_sign_parking source=camera kind=parking_sign maneuver=parking score=0.34 area=841px bbox=29x29px center=(21,232)
[gazebo_track_car-2] [INFO] [1781120700.267891967] [gazebo_track_car]: camera_sign=camera_sign_turn_right source=camera kind=turn_right_sign maneuver=right score=0.59 area=690px bbox=23x30px center=(8,232)
[gazebo_track_car-2] [INFO] [1781120700.757849696] [gazebo_track_car]: MOTION pos=(+0.995,+0.582) yaw=-3.141 v=0.280 step_err=0.0218m/0.000rad track_err=0.0059m footprint=road:6.59px route=flat_left_mid_to_mid_top_right_entry cmd_vel=(0.280,+0.002)
[gazebo_track_car-2] [INFO] [1781120700.970731040] [gazebo_track_car]: camera_sign=camera_sign_speed_limit source=camera kind=speed_limit_sign maneuver=- score=0.56 area=624px bbox=24x26px center=(328,223)
[gazebo_track_car-2] [WARN] [1781120701.073765139] [gazebo_track_car]: JITTER events=28 reasons=speed_delta=0.069m/s pos=(+0.907,+0.581) step=0.0047/0.0000m yaw=0.002/0.000rad route=flat_left_mid_to_mid_top_right_entry
[gazebo_track_car-2] [INFO] [1781120701.329601568] [gazebo_track_car]: camera sign seen but action is waiting until closer; detected=speed_limit_sign sign=camera_sign_speed_limit scene_sign=palette_speed_limit_03_yaw_270 sign_dist=2.661m action_dist<=0.95m
[gazebo_track_car-2] [INFO] [1781120702.260090041] [gazebo_track_car]: traffic light is now YELLOW.
[gazebo_track_car-2] [INFO] [1781120702.778334565] [gazebo_track_car]: MOTION pos=(+0.696,+0.582) yaw=-3.138 v=0.061 step_err=0.0051m/0.000rad track_err=0.0014m footprint=road:5.79px route=flat_left_mid_to_mid_top_right_entry cmd_vel=(0.058,+0.010)
[gazebo_track_car-2] [INFO] [1781120703.264878995] [gazebo_track_car]: traffic light is now RED.
[gazebo_track_car-2] [INFO] [1781120703.537451382] [gazebo_track_car]: camera traffic light is RED score=43.8 area=53px bbox=6x10px fill=0.88 center=(437,217)
[gazebo_track_car-2] [WARN] [1781120703.603229357] [gazebo_track_car]: JITTER events=2 reasons=speed_delta=0.066m/s pos=(+0.655,+0.585) step=0.0017/0.0000m yaw=0.003/0.000rad route=flat_left_mid_to_mid_top_right_entry
[gazebo_track_car-2] [INFO] [1781120703.705730144] [gazebo_track_car]: camera traffic light is GREEN score=6592.3 area=21023px bbox=424x118px fill=0.42 center=(726,340)
[gazebo_track_car-2] [INFO] [1781120704.021626089] [gazebo_track_car]: ROUTE_PROGRESS_SYNC actual=(+0.624,+0.641) cmd_error=0.062m route_dist=0.059m yaw_error=0.838rad segment=flat_left_mid_to_mid_top_right_entry@1.547m->flat_left_mid_to_mid_top_right_entry@1.556m
[gazebo_track_car-2] [INFO] [1781120704.071354055] [gazebo_track_car]: camera traffic light is RED score=163.7 area=184px bbox=13x17px fill=0.83 center=(403,205)
[gazebo_track_car-2] [INFO] [1781120704.370497829] [gazebo_track_car]: camera turn sign ignored as left/right ambiguous; segment=flat_left_mid_to_mid_top_right_entry best=camera_sign_turn_right:0.52 opposite=turn_left_sign:0.49
[gazebo_track_car-2] [INFO] [1781120704.411511134] [gazebo_track_car]: camera_sign=camera_sign_parking source=camera kind=parking_sign maneuver=parking score=0.32 area=3330px bbox=74x45px center=(25,171)
[gazebo_track_car-2] [INFO] [1781120704.440769572] [gazebo_track_car]: camera traffic light is GREEN score=386.9 area=1269px bbox=81x28px fill=0.56 center=(117,378)
[gazebo_track_car-2] [INFO] [1781120704.446347842] [gazebo_track_car]: camera sign action blocked; no matching facing 3D sign is close enough; detected=parking_sign sign=camera_sign_parking detection_dist<=3.40m action_dist<=1.35m
[gazebo_track_car-2] [INFO] [1781120704.470046193] [gazebo_track_car]: parking stub armed from camera sign camera_sign_parking; next_branch=0.08m
[gazebo_track_car-2] [INFO] [1781120704.579443906] [gazebo_track_car]: camera sign ignored as parking/turn confusion; segment=flat_left_mid_to_mid_top_right_entry best=camera_sign_turn_right:0.47 parking=camera_sign_parking:0.32
[gazebo_track_car-2] [WARN] [1781120704.582702085] [gazebo_track_car]: JITTER events=45 reasons=yaw_step_error=0.035rad,cmd_xy_error=0.0733m pos=(+0.546,+0.651) step=0.0029/0.0051m yaw=0.035/0.000rad route=flat_left_mid_to_mid_top_right_entry
[gazebo_track_car-2] [INFO] [1781120704.612896306] [gazebo_track_car]: camera traffic light is RED score=256.8 area=290px bbox=18x21px fill=0.77 center=(615,200)
[gazebo_track_car-2] [INFO] [1781120704.783219882] [gazebo_track_car]: MOTION pos=(+0.528,+0.636) yaw=-0.953 v=0.100 step_err=0.0005m/0.025rad track_err=0.0627m footprint=road:5.00px route=flat_left_mid_to_mid_top_right_entry cmd_vel=(0.025,+1.139)
[gazebo_track_car-2] [INFO] [1781120704.893853053] [gazebo_track_car]: camera traffic light ignored outside distance gate; state=red segment=flat_left_mid_to_mid_top_right_entry gate<=1.70m nearby_target=- area=1232px bbox=49x36px center=(800,176)
[gazebo_track_car-2] [INFO] [1781120705.051987704] [gazebo_track_car]: camera traffic light is GREEN score=68.3 area=233px bbox=18x17px fill=0.76 center=(421,305)
[gazebo_track_car-2] [INFO] [1781120705.056702617] [gazebo_track_car]: camera turn sign ignored as left/right ambiguous; segment=flat_left_mid_to_mid_top_right_entry best=camera_sign_turn_left:0.50 opposite=turn_right_sign:0.49
[gazebo_track_car-2] [INFO] [1781120705.078133767] [gazebo_track_car]: camera turn sign ignored as left/right ambiguous; segment=flat_left_mid_to_mid_top_right_entry best=camera_sign_turn_right:0.48 opposite=turn_left_sign:0.47
[gazebo_track_car-2] [INFO] [1781120705.078942551] [gazebo_track_car]: route segment=aaa_flat_parking_stub_stop; previous=flat_left_mid_to_mid_top_right_entry; distance=0.028m; decision=route/parking from camera_sign_parking: aaa_flat_parking_stub_stop
[gazebo_track_car-2] [INFO] [1781120705.107995301] [gazebo_track_car]: camera sign ignored as parking/turn confusion; segment=aaa_flat_parking_stub_stop best=camera_sign_turn_right:0.52 parking=camera_sign_parking:0.37
[gazebo_track_car-2] [INFO] [1781120705.109047965] [gazebo_track_car]: camera sign ignored as parking/turn confusion; segment=aaa_flat_parking_stub_stop best=camera_sign_turn_left:0.47 parking=camera_sign_parking:0.32
[gazebo_track_car-2] [INFO] [1781120705.110069770] [gazebo_track_car]: camera turn sign ignored as left/right ambiguous; segment=aaa_flat_parking_stub_stop best=camera_sign_turn_left:0.49 opposite=turn_right_sign:0.48
[gazebo_track_car-2] [INFO] [1781120705.140641091] [gazebo_track_car]: camera_sign=camera_sign_turn_right source=camera kind=turn_right_sign maneuver=right score=0.53 area=3456px bbox=54x64px center=(449,218)
[gazebo_track_car-2] [INFO] [1781120705.253223616] [gazebo_track_car]: camera turn sign ignored as left/right ambiguous; segment=aaa_flat_parking_stub_stop best=camera_sign_turn_right:0.50 opposite=turn_left_sign:0.50
[gazebo_track_car-2] [INFO] [1781120705.253582251] [gazebo_track_car]: camera sign action blocked; no matching facing 3D sign is close enough; detected=turn_right_sign sign=camera_sign_turn_right detection_dist<=3.40m action_dist<=0.95m
[gazebo_track_car-2] [INFO] [1781120705.311734019] [gazebo_track_car]: camera turn sign ignored as left/right ambiguous; segment=aaa_flat_parking_stub_stop best=camera_sign_turn_left:0.55 opposite=turn_right_sign:0.52
[gazebo_track_car-2] [INFO] [1781120705.345085258] [gazebo_track_car]: camera turn sign ignored as left/right ambiguous; segment=aaa_flat_parking_stub_stop best=camera_sign_turn_right:0.50 opposite=turn_left_sign:0.49
[gazebo_track_car-2] [INFO] [1781120705.411388405] [gazebo_track_car]: camera turn sign ignored as left/right ambiguous; segment=aaa_flat_parking_stub_stop best=camera_sign_turn_left:0.50 opposite=turn_right_sign:0.47
[gazebo_track_car-2] [INFO] [1781120705.498359553] [gazebo_track_car]: camera sign ignored as parking/turn confusion; segment=aaa_flat_parking_stub_stop best=camera_sign_turn_right:0.54 parking=camera_sign_parking:0.38
[gazebo_track_car-2] [WARN] [1781120705.780824103] [gazebo_track_car]: JITTER events=24 reasons=cmd_xy_error=0.0510m pos=(+0.611,+0.536) step=0.0043/0.0221m yaw=0.010/0.000rad route=aaa_flat_parking_stub_stop
[gazebo_track_car-2] [INFO] [1781120706.593605315] [gazebo_track_car]: camera turn sign ignored as left/right ambiguous; segment=aaa_flat_parking_stub_stop best=camera_sign_turn_right:0.50 opposite=turn_left_sign:0.50
[gazebo_track_car-2] [INFO] [1781120706.691791926] [gazebo_track_car]: camera turn sign ignored as left/right ambiguous; segment=aaa_flat_parking_stub_stop best=camera_sign_turn_left:0.54 opposite=turn_right_sign:0.53
[gazebo_track_car-2] [INFO] [1781120706.725418294] [gazebo_track_car]: camera turn sign ignored as left/right ambiguous; segment=aaa_flat_parking_stub_stop best=camera_sign_turn_right:0.50 opposite=turn_left_sign:0.49
[gazebo_track_car-2] [INFO] [1781120706.758559608] [gazebo_track_car]: camera turn sign ignored as left/right ambiguous; segment=aaa_flat_parking_stub_stop best=camera_sign_turn_left:0.49 opposite=turn_right_sign:0.48
[gazebo_track_car-2] [INFO] [1781120706.792506797] [gazebo_track_car]: camera sign ignored as parking/turn confusion; segment=aaa_flat_parking_stub_stop best=camera_sign_turn_left:0.49 parking=camera_sign_parking:0.34
[gazebo_track_car-2] [INFO] [1781120706.796213554] [gazebo_track_car]: MOTION pos=(+0.775,+0.554) yaw=-0.593 v=0.118 step_err=0.0075m/0.016rad track_err=0.0309m footprint=road:8.79px route=aaa_flat_parking_stub_stop cmd_vel=(0.099,-0.897)
[gazebo_track_car-2] [INFO] [1781120706.823160056] [gazebo_track_car]: camera sign ignored as parking/turn confusion; segment=aaa_flat_parking_stub_stop best=camera_sign_turn_right:0.53 parking=camera_sign_parking:0.37
[gazebo_track_car-2] [INFO] [1781120706.825130349] [gazebo_track_car]: camera sign ignored as parking/turn confusion; segment=aaa_flat_parking_stub_stop best=camera_sign_turn_left:0.49 parking=camera_sign_parking:0.33
[gazebo_track_car-2] [INFO] [1781120706.872444196] [gazebo_track_car]: camera turn sign ignored as left/right ambiguous; segment=aaa_flat_parking_stub_stop best=camera_sign_turn_right:0.50 opposite=turn_left_sign:0.49
[gazebo_track_car-2] [INFO] [1781120706.890576170] [gazebo_track_car]: camera sign ignored as parking/turn confusion; segment=aaa_flat_parking_stub_stop best=camera_sign_turn_right:0.52 parking=camera_sign_parking:0.36
[gazebo_track_car-2] [INFO] [1781120706.927715387] [gazebo_track_car]: camera turn sign ignored as left/right ambiguous; segment=aaa_flat_parking_stub_stop best=camera_sign_turn_left:0.46 opposite=turn_right_sign:0.45
[gazebo_track_car-2] [INFO] [1781120706.928800462] [gazebo_track_car]: camera sign ignored as parking/turn confusion; segment=aaa_flat_parking_stub_stop best=camera_sign_turn_left:0.47 parking=camera_sign_parking:0.31
[gazebo_track_car-2] [INFO] [1781120706.973341665] [gazebo_track_car]: camera sign ignored as parking/turn confusion; segment=aaa_flat_parking_stub_stop best=camera_sign_turn_right:0.51 parking=camera_sign_parking:0.36
[gazebo_track_car-2] [INFO] [1781120706.974426008] [gazebo_track_car]: camera turn sign ignored as left/right ambiguous; segment=aaa_flat_parking_stub_stop best=camera_sign_turn_right:0.49 opposite=turn_left_sign:0.49
[gazebo_track_car-2] [INFO] [1781120706.994093074] [gazebo_track_car]: camera turn sign ignored as left/right ambiguous; segment=aaa_flat_parking_stub_stop best=camera_sign_turn_left:0.49 opposite=turn_right_sign:0.49
[gazebo_track_car-2] [WARN] [1781120707.100765004] [gazebo_track_car]: JITTER events=8 reasons=yaw_step_error=0.109rad pos=(+0.813,+0.548) step=0.0026/0.0109m yaw=0.017/0.126rad route=aaa_flat_parking_stub_stop
[gazebo_track_car-2] [INFO] [1781120707.154758998] [gazebo_track_car]: camera_sign=camera_sign_speed_limit source=camera kind=speed_limit_sign maneuver=- score=0.59 area=5850px bbox=75x78px center=(936,160)
[gazebo_track_car-2] [INFO] [1781120707.208867520] [gazebo_track_car]: camera traffic light is RED score=2527.6 area=2766px bbox=85x48px fill=0.68 center=(920,160)
[gazebo_track_car-2] [INFO] [1781120707.209181902] [gazebo_track_car]: camera traffic light ignored outside distance gate; state=red segment=aaa_flat_parking_stub_stop gate<=1.70m nearby_target=- area=2766px bbox=85x48px center=(920,160)
[gazebo_track_car-2] [INFO] [1781120707.214032661] [gazebo_track_car]: camera sign action blocked; no matching facing 3D sign is close enough; detected=speed_limit_sign sign=camera_sign_speed_limit detection_dist<=3.40m action_dist<=0.95m
[gazebo_track_car-2] [INFO] [1781120707.291328141] [gazebo_track_car]: camera_sign=camera_sign_turn_right source=camera kind=turn_right_sign maneuver=right score=0.51 area=1050px bbox=35x30px center=(363,190)
[gazebo_track_car-2] [INFO] [1781120707.335906845] [gazebo_track_car]: camera_sign=camera_sign_speed_limit source=camera kind=speed_limit_sign maneuver=- score=0.40 area=6592px bbox=103x64px center=(824,174)
[gazebo_track_car-2] [INFO] [1781120707.413228874] [gazebo_track_car]: camera turn sign ignored as left/right ambiguous; segment=aaa_flat_parking_stub_stop best=camera_sign_turn_right:0.48 opposite=turn_left_sign:0.44
[gazebo_track_car-2] [INFO] [1781120707.449020252] [gazebo_track_car]: camera_sign=camera_sign_turn_right source=camera kind=turn_right_sign maneuver=right score=0.48 area=24776px bbox=163x152px center=(316,194)
[gazebo_track_car-2] [INFO] [1781120707.455841053] [gazebo_track_car]: ROUTE_PROGRESS_SYNC actual=(+0.856,+0.521) cmd_error=0.061m route_dist=0.034m yaw_error=0.439rad segment=aaa_flat_parking_stub_stop@0.450m->aaa_flat_parking_stub_stop@0.458m
[gazebo_track_car-2] [INFO] [1781120707.505460606] [gazebo_track_car]: camera_sign=camera_sign_speed_limit source=camera kind=speed_limit_sign maneuver=- score=0.39 area=3604px bbox=68x53px center=(738,185)
[gazebo_track_car-2] [INFO] [1781120707.525097185] [gazebo_track_car]: camera_sign=camera_sign_turn_right source=camera kind=turn_right_sign maneuver=right score=0.47 area=37914px bbox=213x178px center=(272,187)
[gazebo_track_car-2] [INFO] [1781120707.636569690] [gazebo_track_car]: camera sign action blocked; no matching facing 3D sign is close enough; detected=turn_right_sign sign=camera_sign_turn_right detection_dist<=3.40m action_dist<=0.95m
[gazebo_track_car-2] [INFO] [1781120707.995494130] [gazebo_track_car]: camera turn sign ignored as left/right ambiguous; segment=aaa_flat_parking_stub_stop best=camera_sign_turn_left:0.50 opposite=turn_right_sign:0.48
[gazebo_track_car-2] [INFO] [1781120708.029952577] [gazebo_track_car]: camera turn sign ignored as left/right ambiguous; segment=aaa_flat_parking_stub_stop best=camera_sign_turn_right:0.55 opposite=turn_left_sign:0.54
[gazebo_track_car-2] [INFO] [1781120708.062660876] [gazebo_track_car]: camera turn sign ignored as left/right ambiguous; segment=aaa_flat_parking_stub_stop best=camera_sign_turn_left:0.61 opposite=turn_right_sign:0.59
[gazebo_track_car-2] [INFO] [1781120708.145245983] [gazebo_track_car]: camera turn sign ignored as left/right ambiguous; segment=aaa_flat_parking_stub_stop best=camera_sign_turn_right:0.59 opposite=turn_left_sign:0.58
[gazebo_track_car-2] [INFO] [1781120708.159151113] [gazebo_track_car]: camera_sign=camera_sign_speed_limit source=camera kind=speed_limit_sign maneuver=- score=0.39 area=1440px bbox=40x36px center=(624,198)
[gazebo_track_car-2] [INFO] [1781120708.194875735] [gazebo_track_car]: camera sign action blocked; no matching facing 3D sign is close enough; detected=speed_limit_sign sign=camera_sign_speed_limit detection_dist<=3.40m action_dist<=0.95m
[gazebo_track_car-2] [INFO] [1781120708.308197585] [gazebo_track_car]: camera_sign=camera_sign_turn_right source=camera kind=turn_right_sign maneuver=right score=0.52 area=27945px bbox=135x207px center=(44,141)
[gazebo_track_car-2] [INFO] [1781120708.326546809] [gazebo_track_car]: camera_sign=camera_sign_speed_limit source=camera kind=speed_limit_sign maneuver=- score=0.38 area=1260px bbox=35x36px center=(612,198)
[gazebo_track_car-2] [INFO] [1781120708.424848078] [gazebo_track_car]: camera turn sign ignored as left/right ambiguous; segment=aaa_flat_parking_stub_stop best=camera_sign_turn_left:0.50 opposite=turn_right_sign:0.47
[gazebo_track_car-2] [INFO] [1781120708.625314125] [gazebo_track_car]: camera sign seen but action is waiting until closer; detected=speed_limit_sign sign=camera_sign_speed_limit scene_sign=palette_speed_limit_03_yaw_270 sign_dist=2.601m action_dist<=0.95m
[gazebo_track_car-2] [INFO] [1781120708.798692484] [gazebo_track_car]: MOTION pos=(+0.913,+0.380) yaw=-1.591 v=0.127 step_err=0.0098m/0.003rad track_err=0.0224m footprint=road:7.00px route=aaa_flat_parking_stub_stop cmd_vel=(0.129,-0.110)
[gazebo_track_car-2] [INFO] [1781120710.801217477] [gazebo_track_car]: MOTION pos=(+0.904,+0.156) yaw=-1.663 v=0.073 step_err=0.0062m/0.000rad track_err=0.0132m footprint=road:7.00px route=aaa_flat_parking_stub_stop cmd_vel=(0.069,-0.008)
[gazebo_track_car-2] [INFO] [1781120711.305801855] [gazebo_track_car]: traffic light is now GREEN.
[gazebo_track_car-2] [INFO] [1781120711.336280574] [gazebo_track_car]: camera traffic light is GREEN score=453.6 area=512px bbox=26x25px fill=0.79 center=(600,228)
[gazebo_track_car-2] [WARN] [1781120711.449347878] [gazebo_track_car]: JITTER events=10 reasons=speed_delta=0.063m/s pos=(+0.901,+0.116) step=0.0019/0.0000m yaw=0.003/0.000rad route=aaa_flat_parking_stub_stop
[gazebo_track_car-2] [WARN] [1781120712.513374918] [gazebo_track_car]: parking complete; stopped at segment=aaa_flat_parking_stub_stop pose=(+0.891,+0.019) yaw=-1.571
[gazebo_track_car-2] [WARN] [1781120712.552559020] [gazebo_track_car]: JITTER events=1 reasons=speed_delta=0.096m/s pos=(+0.894,+0.009) step=0.0009/0.0000m yaw=0.003/0.000rad route=aaa_flat_parking_stub_stop
[gazebo_track_car-2] [INFO] [1781120712.932025204] [gazebo_track_car]: MOTION pos=(+0.894,+0.009) yaw=-1.731 v=0.000 step_err=0.0000m/0.000rad track_err=0.0101m footprint=road:3.00px route=aaa_flat_parking_stub_stop cmd_vel=(0.000,+0.000)
[gazebo_track_car-2] [INFO] [1781120715.035298720] [gazebo_track_car]: MOTION pos=(+0.894,+0.009) yaw=-1.731 v=0.000 step_err=0.0000m/0.000rad track_err=0.0101m footprint=road:3.00px route=aaa_flat_parking_stub_stop cmd_vel=(0.000,+0.000)
[gazebo_track_car-2] [INFO] [1781120716.326665887] [gazebo_track_car]: traffic light is now YELLOW.
[gazebo_track_car-2] [INFO] [1781120716.367916183] [gazebo_track_car]: camera traffic light is YELLOW score=562.1 area=620px bbox=29x27px fill=0.79 center=(601,207)
[gazebo_track_car-2] [INFO] [1781120716.368195670] [gazebo_track_car]: camera traffic light ignored outside distance gate; state=yellow segment=aaa_flat_parking_stub_stop gate<=1.70m nearby_target=- area=620px bbox=29x27px center=(601,207)
[gazebo_track_car-2] [INFO] [1781120717.047487459] [gazebo_track_car]: MOTION pos=(+0.894,+0.009) yaw=-1.731 v=0.000 step_err=0.0000m/0.000rad track_err=0.0101m footprint=road:3.00px route=aaa_flat_parking_stub_stop cmd_vel=(0.000,+0.000)
[gazebo_track_car-2] [INFO] [1781120717.331607251] [gazebo_track_car]: traffic light is now RED.
[gazebo_track_car-2] [INFO] [1781120717.367864720] [gazebo_track_car]: camera traffic light is RED score=549.9 area=606px bbox=30x27px fill=0.75 center=(603,184)
[gazebo_track_car-2] [INFO] [1781120717.368204270] [gazebo_track_car]: camera traffic light ignored outside distance gate; state=red segment=aaa_flat_parking_stub_stop gate<=1.70m nearby_target=- area=606px bbox=30x27px center=(603,184)
[gazebo_track_car-2] [INFO] [1781120717.371540396] [gazebo_track_car]: camera_sign=camera_sign_speed_limit source=camera kind=speed_limit_sign maneuver=- score=0.38 area=2385px bbox=53x45px center=(603,184)
[gazebo_track_car-2] [INFO] [1781120717.392263464] [gazebo_track_car]: camera sign seen but action is waiting until closer; detected=speed_limit_sign sign=camera_sign_speed_limit scene_sign=palette_speed_limit_03_yaw_270 sign_dist=2.384m action_dist<=0.95m
[gazebo_track_car-2] [INFO] [1781120719.061505363] [gazebo_track_car]: MOTION pos=(+0.894,+0.009) yaw=-1.731 v=0.000 step_err=0.0000m/0.000rad track_err=0.0101m footprint=road:3.00px route=aaa_flat_parking_stub_stop cmd_vel=(0.000,+0.000)
