[INFO] [launch]: All log files can be found below /home/quocbao/.ros/log/2026-06-10-11-57-10-384383-ubuntu-14707
[INFO] [launch]: Default logging verbosity is set to INFO
[INFO] [gzserver-1]: process started with pid [14709]
[INFO] [gazebo_track_car-2]: process started with pid [14712]
[gazebo_track_car-2] [INFO] [1781117830.999998797] [gazebo_track_car]: [MAP_TRANSFORM] image=256x256 path=/home/quocbao/my_robot_vision_full_project/my_robot_vision/models/autonomous_map_3d/materials/textures/autonomous_map_visual.png map_size=6.000x6.000m px_per_m_x=42.667 px_per_m_y=42.667 route_offset=(+0.000,+0.300)m map_visual_offset=(+0.000,+0.300)m
[gazebo_track_car-2] [INFO] [1781117831.138799294] [gazebo_track_car]: [FOOTPRINT_CHECK] samples=1588 center_off_road=0 center_outside_safe=1005 failures=0 min_footprint_clearance=3.20px footprint=front:0.165m rear:0.145m half_width:0.115m
[gazebo_track_car-2] [INFO] [1781117831.139103498] [gazebo_track_car]: [FOOTPRINT_CHECK] overlays=/tmp/gazebo_route_mask_debug.png, /tmp/gazebo_route_centerline_debug.png, /tmp/gazebo_route_footprint_debug.png
[gazebo_track_car-2] [INFO] [1781117831.228777858] [gazebo_track_car]: SAFE_ROUTE_VERSION=semantic_parking_spawn_turn_guard_v31; direction=reversed to match map arrows; clearance=12px; drive_wheels=True; route_offset=(+0.000,+0.300)m; start_distance=0.000m; route_explore=False branch_probability=0.00; sign_detection=camera action_dist<=0.95m parking_action_dist<=1.35m roi=0.08-0.82; map_visual_offset=(+0.000,+0.300)m; base_speed=0.28m/s speed_limit=0.14m/s; traffic_light=cycle state=green green=5.0s yellow=1.0s red=8.0s trigger_distance=1.70m stop_distance=0.85m min_stop=2.0s camera=on topic=/track_preview_car/camera/image_raw fill>=0.42 slow_area>=45px stop_area>=160px distance_gate=on; camera_sign_templates=5 sign_score>=0.32 sign_stable=2; parking_auto_route=False; wheel_controller lookahead=0.32m parking_lookahead=0.20m heading_gain=3.80 max_wz=2.80rad/s rotate_heading>1.05rad; nearest_route=True nearest_dist<=0.65m; yaw_limits=1.80rad/s/4.00rad/s2; route_rejoin=False outer_only=True cmd_error>0.30m max_route_dist=0.55m; progress_sync=True cmd_error>0.06m route_dist<=0.20m yaw<=1.20rad; initial_pose_reset=False override=False tol=0.12m/0.35rad; segments=19; route_points=39.
[gazebo_track_car-2] [INFO] [1781117831.229039422] [gazebo_track_car]: Motion log uses /model_states and /track_preview_car/cmd_vel: MOTION every 2.00s, JITTER at most every 1.00s, verbose=False; jitter thresholds xy_step_delta=0.0060m, cmd_error=0.050m, z_delta=0.0005m, tilt=0.0030rad, speed_delta=0.030m/s, yaw_step_error=0.025rad, yaw_rate_delta=0.400rad/s.
[gzserver-1] [INFO] [1781117832.665909902] [track_preview_car.front_camera_controller]: Publishing camera info to [/track_preview_car/camera/camera_info]
[gzserver-1] [INFO] [1781117832.681865779] [gazebo_ros_state]: Publishing states of gazebo models at [/model_states]
[gzserver-1] [INFO] [1781117832.682161988] [gazebo_ros_state]: Publishing states of gazebo links at [/link_states]
[gzserver-1] [INFO] [1781117832.697333194] [track_preview_car.track_preview_car_diff_drive]: Wheel pair 1 separation set to [0.176000m]
[gzserver-1] [INFO] [1781117832.697390232] [track_preview_car.track_preview_car_diff_drive]: Wheel pair 1 diameter set to [0.060000m]
[gzserver-1] [INFO] [1781117832.698379529] [track_preview_car.track_preview_car_diff_drive]: Subscribed to [/track_preview_car/cmd_vel]
[gzserver-1] [INFO] [1781117832.699213142] [track_preview_car.track_preview_car_diff_drive]: Advertise odometry on [/track_preview_car/odom]
[gazebo_track_car-2] [INFO] [1781117832.732356161] [gazebo_track_car]: wheel controller synced route progress from initial model pose; segment=flat_right_mid_to_lower_reverse@0.114m route_dist=0.105m startup_gate=1.250m
[gazebo_track_car-2] [INFO] [1781117832.771041907] [gazebo_track_car]: traffic light is now YELLOW.
[gazebo_track_car-2] [INFO] [1781117832.784209053] [gazebo_track_car]: ROUTE_PROGRESS_SYNC actual=(-2.075,-1.133) cmd_error=0.105m route_dist=0.105m yaw_error=0.139rad segment=flat_right_mid_to_lower_reverse@0.114m->flat_right_mid_to_lower_reverse@0.114m
[gazebo_track_car-2] [WARN] [1781117832.784791783] [gazebo_track_car]: JITTER events=1 reasons=cmd_xy_error=0.1050m pos=(-2.075,-1.133) step=0.0000/0.0000m yaw=0.000/0.000rad route=flat_right_mid_to_lower_reverse
[gazebo_track_car-2] [INFO] [1781117832.785016668] [gazebo_track_car]: MOTION pos=(-2.075,-1.133) yaw=+1.710 v=0.000 step_err=0.0000m/0.000rad track_err=0.1050m footprint=road:1.00px route=flat_right_mid_to_lower_reverse cmd_vel=(0.218,+0.465)
[gazebo_track_car-2] [WARN] [1781117833.029321128] [gazebo_track_car]: GAZEBO_FOOTPRINT_OFFROAD actual pose=(-2.0769,-1.0883) yaw=+1.7882 origin_pixel=(39.4,187.2) min_clearance=0.00px cmd_error=0.1041m/0.217rad
[gazebo_track_car-2] [INFO] [1781117833.042415624] [gazebo_track_car]: camera traffic light is YELLOW score=72.4 area=82px bbox=11x9px fill=0.83 center=(652,227)
[gazebo_track_car-2] [INFO] [1781117833.042854853] [gazebo_track_car]: camera traffic light ignored outside distance gate; state=yellow segment=flat_right_mid_to_lower_reverse gate<=1.70m nearby_target=- area=82px bbox=11x9px center=(652,227)
[gazebo_track_car-2] [INFO] [1781117833.045900983] [gazebo_track_car]: camera_sign=camera_sign_turn_right source=camera kind=turn_right_sign maneuver=right score=0.49 area=6474px bbox=83x78px center=(607,218)
[gazebo_track_car-2] [INFO] [1781117833.102743535] [gazebo_track_car]: camera sign seen but action is waiting until closer; detected=turn_right_sign sign=camera_sign_turn_right scene_sign=palette_turn_right_03_yaw_270 sign_dist=1.227m action_dist<=0.95m
[gazebo_track_car-2] [INFO] [1781117833.675531090] [gazebo_track_car]: traffic light is now RED.
[gazebo_track_car-2] [INFO] [1781117833.775891123] [gazebo_track_car]: camera traffic light lost for 0.2s.
[gazebo_track_car-2] [WARN] [1781117833.878384463] [gazebo_track_car]: JITTER events=53 reasons=cmd_xy_error=0.0513m pos=(-2.132,-0.878) step=0.0050/0.0000m yaw=0.004/0.000rad route=flat_right_mid_to_lower_reverse
[gazebo_track_car-2] [INFO] [1781117834.553476517] [gazebo_track_car]: queued maneuver 'right' from camera sign camera_sign_turn_right; next_branch=1.31m
[gazebo_track_car-2] [INFO] [1781117834.892422543] [gazebo_track_car]: MOTION pos=(-2.178,-0.623) yaw=+1.613 v=0.262 step_err=0.0215m/0.002rad track_err=0.0048m footprint=road:5.00px route=flat_right_mid_to_lower_reverse cmd_vel=(0.263,-0.111)
[gazebo_track_car-2] [INFO] [1781117835.162820314] [gazebo_track_car]: camera traffic light is GREEN score=513.5 area=1716px bbox=74x42px fill=0.55 center=(620,365)
[gazebo_track_car-2] [INFO] [1781117835.643456453] [gazebo_track_car]: camera traffic light is RED score=90.3 area=102px bbox=12x10px fill=0.85 center=(634,218)
[gazebo_track_car-2] [INFO] [1781117835.643767440] [gazebo_track_car]: camera traffic light ignored outside distance gate; state=red segment=flat_right_mid_to_lower_reverse gate<=1.70m nearby_target=palette_traffic_light_03_yaw_270 dist=3.12m forward=2.40m lateral=1.99m area=102px bbox=12x10px center=(634,218)
[gazebo_track_car-2] [INFO] [1781117835.665499129] [gazebo_track_car]: camera traffic light is YELLOW score=821.9 area=1553px bbox=115x32px fill=0.42 center=(630,365)
[gazebo_track_car-2] [INFO] [1781117835.665816599] [gazebo_track_car]: camera traffic light ignored outside distance gate; state=yellow segment=flat_right_mid_to_lower_reverse gate<=1.70m nearby_target=palette_traffic_light_03_yaw_270 dist=3.12m forward=2.40m lateral=1.99m area=1553px bbox=115x32px center=(630,365)
[gazebo_track_car-2] [INFO] [1781117835.741972828] [gazebo_track_car]: camera traffic light is RED score=95.8 area=112px bbox=13x11px fill=0.78 center=(635,218)
[gazebo_track_car-2] [INFO] [1781117835.742305726] [gazebo_track_car]: camera traffic light ignored outside distance gate; state=red segment=flat_right_mid_to_lower_reverse gate<=1.70m nearby_target=palette_traffic_light_03_yaw_270 dist=3.10m forward=2.38m lateral=1.99m area=112px bbox=13x11px center=(635,218)
[gazebo_track_car-2] [INFO] [1781117835.885651360] [gazebo_track_car]: camera_sign=camera_sign_turn_left source=camera kind=turn_left_sign maneuver=left score=0.45 area=1080px bbox=20x54px center=(725,187)
[gazebo_track_car-2] [INFO] [1781117835.893814047] [gazebo_track_car]: camera_sign=camera_sign_turn_right source=camera kind=turn_right_sign maneuver=right score=0.44 area=58443px bbox=231x253px center=(809,169)
[gazebo_track_car-2] [INFO] [1781117835.911608775] [gazebo_track_car]: camera_sign=camera_sign_turn_left source=camera kind=turn_left_sign maneuver=left score=0.45 area=1000px bbox=20x50px center=(751,178)
[gazebo_track_car-2] [INFO] [1781117835.978444141] [gazebo_track_car]: camera_sign=camera_sign_turn_right source=camera kind=turn_right_sign maneuver=right score=0.46 area=62920px bbox=242x260px center=(844,161)
[gazebo_track_car-2] [INFO] [1781117836.217314476] [gazebo_track_car]: camera turn sign ignored as left/right ambiguous; segment=flat_right_mid_to_lower_reverse best=camera_sign_turn_left:0.50 opposite=turn_right_sign:0.49
[gazebo_track_car-2] [INFO] [1781117836.218419512] [gazebo_track_car]: camera_sign=camera_sign_turn_left source=camera kind=turn_left_sign maneuver=left score=0.41 area=2006px bbox=34x59px center=(906,64)
[gazebo_track_car-2] [INFO] [1781117837.001351001] [gazebo_track_car]: MOTION pos=(-2.180,-0.045) yaw=+1.565 v=0.277 step_err=0.0234m/0.000rad track_err=0.0051m footprint=road:5.00px route=flat_right_mid_to_lower_reverse cmd_vel=(0.279,+0.010)
[gazebo_track_car-2] [WARN] [1781117837.725324953] [gazebo_track_car]: JITTER events=1 reasons=speed_delta=0.036m/s pos=(-2.180,+0.155) step=0.0049/0.0000m yaw=0.001/0.000rad route=flat_right_mid_to_lower_reverse
[gazebo_track_car-2] [INFO] [1781117837.743296575] [gazebo_track_car]: camera_sign=camera_sign_speed_limit source=camera kind=speed_limit_sign maneuver=- score=0.42 area=910px bbox=35x26px center=(690,211)
[gazebo_track_car-2] [INFO] [1781117837.907814366] [gazebo_track_car]: camera sign action blocked; no matching facing 3D sign is close enough; detected=speed_limit_sign sign=camera_sign_speed_limit detection_dist<=3.40m action_dist<=0.95m
[gazebo_track_car-2] [WARN] [1781117838.706624247] [gazebo_track_car]: JITTER events=3 reasons=yaw_step_error=0.038rad pos=(-2.183,+0.319) step=0.0022/0.0108m yaw=0.006/0.044rad route=flat_right_mid_to_lower_reverse
[gazebo_track_car-2] [INFO] [1781117839.003511760] [gazebo_track_car]: MOTION pos=(-2.189,+0.347) yaw=+1.401 v=0.092 step_err=0.0018m/0.008rad track_err=0.0145m footprint=road:6.39px route=flat_right_mid_to_lower_reverse cmd_vel=(0.083,-0.392)
[gazebo_track_car-2] [INFO] [1781117839.494717285] [gazebo_track_car]: camera traffic light is GREEN score=2680.7 area=8525px bbox=241x62px fill=0.57 center=(563,299)
[gazebo_track_car-2] [WARN] [1781117839.810231974] [gazebo_track_car]: JITTER events=9 reasons=yaw_step_error=0.029rad pos=(-2.198,+0.404) step=0.0012/0.0058m yaw=0.008/0.037rad route=flat_right_mid_to_lower_reverse
[gazebo_track_car-2] [INFO] [1781117841.026473649] [gazebo_track_car]: MOTION pos=(-2.194,+0.457) yaw=+0.687 v=0.035 step_err=0.0027m/0.017rad track_err=0.0141m footprint=road:9.00px route=flat_right_mid_to_lower_reverse cmd_vel=(0.028,-0.236)
[gazebo_track_car-2] [INFO] [1781117841.715084275] [gazebo_track_car]: traffic light is now GREEN.
[gazebo_track_car-2] [INFO] [1781117843.030522528] [gazebo_track_car]: MOTION pos=(-2.156,+0.505) yaw=+0.388 v=0.029 step_err=0.0023m/0.013rad track_err=0.0248m footprint=road:8.40px route=flat_right_mid_to_lower_reverse cmd_vel=(0.028,-0.089)
[gazebo_track_car-2] [WARN] [1781117843.974227193] [gazebo_track_car]: JITTER events=6 reasons=cmd_xy_error=0.0501m pos=(-2.133,+0.519) step=0.0006/0.0000m yaw=0.001/0.000rad route=flat_right_mid_to_lower_reverse
[gazebo_track_car-2] [WARN] [1781117844.937508034] [gazebo_track_car]: JITTER events=48 reasons=cmd_xy_error=0.0795m pos=(-2.109,+0.531) step=0.0006/0.0028m yaw=0.001/0.011rad route=flat_right_mid_to_lower_reverse
[gazebo_track_car-2] [INFO] [1781117845.038544479] [gazebo_track_car]: MOTION pos=(-2.106,+0.532) yaw=+0.272 v=0.028 step_err=0.0022m/0.009rad track_err=0.0826m footprint=road:7.19px route=flat_right_mid_to_lower_reverse cmd_vel=(0.028,-0.041)
[gazebo_track_car-2] [INFO] [1781117845.531628457] [gazebo_track_car]: route segment=flat_mid_center_to_right_mid_reverse; previous=flat_right_mid_to_lower_reverse; distance=0.002m; decision=route/right from camera_sign_turn_right: flat_mid_center_to_right_mid_reverse delta=-90.0deg
[gazebo_track_car-2] [INFO] [1781117845.533280937] [gazebo_track_car]: ROUTE_PROGRESS_SYNC actual=(-2.093,+0.537) cmd_error=0.096m route_dist=0.044m yaw_error=0.254rad segment=flat_mid_center_to_right_mid_reverse@0.086m->flat_mid_center_to_right_mid_reverse@0.087m
[gazebo_track_car-2] [INFO] [1781117846.513561786] [gazebo_track_car]: camera turn sign ignored as left/right ambiguous; segment=flat_mid_center_to_right_mid_reverse best=camera_sign_turn_right:0.50 opposite=turn_left_sign:0.50
[gazebo_track_car-2] [INFO] [1781117846.560987362] [gazebo_track_car]: camera_sign=camera_sign_parking source=camera kind=parking_sign maneuver=parking score=0.33 area=2028px bbox=78x26px center=(917,232)
[gazebo_track_car-2] [INFO] [1781117846.574792893] [gazebo_track_car]: camera_sign=camera_sign_turn_left source=camera kind=turn_left_sign maneuver=left score=0.56 area=750px bbox=25x30px center=(951,230)
[gazebo_track_car-2] [INFO] [1781117846.593128454] [gazebo_track_car]: camera_sign=camera_sign_parking source=camera kind=parking_sign maneuver=parking score=0.32 area=840px bbox=28x30px center=(950,230)
[gazebo_track_car-2] [INFO] [1781117846.635293860] [gazebo_track_car]: camera sign seen but action is waiting until closer; detected=parking_sign sign=camera_sign_parking scene_sign=palette_parking_03_yaw_270 sign_dist=3.313m action_dist<=1.35m
[gazebo_track_car-2] [INFO] [1781117846.738075030] [gazebo_track_car]: traffic light is now YELLOW.
[gazebo_track_car-2] [INFO] [1781117846.815099118] [gazebo_track_car]: camera turn sign ignored as left/right ambiguous; segment=flat_mid_center_to_right_mid_reverse best=camera_sign_turn_left:0.50 opposite=turn_right_sign:0.49
[gazebo_track_car-2] [INFO] [1781117847.041108917] [gazebo_track_car]: MOTION pos=(-1.724,+0.587) yaw=-0.008 v=0.275 step_err=0.0265m/0.001rad track_err=0.0053m footprint=road:5.00px route=flat_mid_center_to_right_mid_reverse cmd_vel=(0.276,-0.029)
[gazebo_track_car-2] [INFO] [1781117847.143883914] [gazebo_track_car]: camera traffic light is YELLOW score=297.4 area=327px bbox=24x18px fill=0.76 center=(291,217)
[gazebo_track_car-2] [INFO] [1781117847.144258180] [gazebo_track_car]: camera traffic light ignored outside distance gate; state=yellow segment=flat_mid_center_to_right_mid_reverse gate<=1.70m nearby_target=palette_traffic_light_03_yaw_270 dist=2.05m forward=1.50m lateral=1.40m area=327px bbox=24x18px center=(291,217)
[gazebo_track_car-2] [INFO] [1781117847.750633987] [gazebo_track_car]: traffic light is now RED.
[gazebo_track_car-2] [INFO] [1781117847.801567214] [gazebo_track_car]: camera traffic light is RED score=468.4 area=516px bbox=30x21px fill=0.82 center=(254,198)
[gazebo_track_car-2] [INFO] [1781117847.802318613] [gazebo_track_car]: camera traffic light ignored outside distance gate; state=red segment=flat_mid_center_to_right_mid_reverse gate<=1.70m nearby_target=palette_traffic_light_03_yaw_270 dist=1.93m forward=1.32m lateral=1.40m area=516px bbox=30x21px center=(254,198)
[gazebo_track_car-2] [INFO] [1781117847.807641982] [gazebo_track_car]: camera_sign=camera_sign_speed_limit source=camera kind=speed_limit_sign maneuver=- score=0.42 area=1950px bbox=50x39px center=(254,198)
[gazebo_track_car-2] [INFO] [1781117847.861261450] [gazebo_track_car]: camera_sign=camera_sign_parking source=camera kind=parking_sign maneuver=parking score=0.32 area=1392px bbox=48x29px center=(941,233)
[gazebo_track_car-2] [INFO] [1781117847.869813143] [gazebo_track_car]: camera_sign=camera_sign_speed_limit source=camera kind=speed_limit_sign maneuver=- score=0.41 area=1908px bbox=53x36px center=(250,197)
[gazebo_track_car-2] [INFO] [1781117847.905879786] [gazebo_track_car]: camera sign action blocked; no matching facing 3D sign is close enough; detected=speed_limit_sign sign=camera_sign_speed_limit detection_dist<=3.40m action_dist<=0.95m
[gazebo_track_car-2] [INFO] [1781117848.696981227] [gazebo_track_car]: camera_sign=camera_sign_parking source=camera kind=parking_sign maneuver=parking score=0.32 area=3430px bbox=98x35px center=(926,231)
[gazebo_track_car-2] [INFO] [1781117848.759071206] [gazebo_track_car]: camera sign seen but action is waiting until closer; detected=parking_sign sign=camera_sign_parking scene_sign=palette_parking_03_yaw_270 sign_dist=2.731m action_dist<=1.35m
[gazebo_track_car-2] [INFO] [1781117849.066804893] [gazebo_track_car]: MOTION pos=(-1.162,+0.581) yaw=-0.001 v=0.279 step_err=0.0228m/0.000rad track_err=0.0056m footprint=road:5.00px route=flat_mid_center_to_right_mid_reverse cmd_vel=(0.279,+0.006)
[gazebo_track_car-2] [INFO] [1781117849.105920132] [gazebo_track_car]: camera_sign=camera_sign_speed_limit source=camera kind=speed_limit_sign maneuver=- score=0.45 area=5487px bbox=93x59px center=(151,179)
[gazebo_track_car-2] [INFO] [1781117849.162263895] [gazebo_track_car]: camera sign action blocked; no matching facing 3D sign is close enough; detected=speed_limit_sign sign=camera_sign_speed_limit detection_dist<=3.40m action_dist<=0.95m
[gazebo_track_car-2] [INFO] [1781117849.181491101] [gazebo_track_car]: camera_sign=camera_sign_parking source=camera kind=parking_sign maneuver=parking score=0.32 area=1550px bbox=50x31px center=(939,232)
[gazebo_track_car-2] [WARN] [1781117849.183157977] [gazebo_track_car]: JITTER events=32 reasons=speed_delta=0.125m/s pos=(-1.130,+0.581) step=0.0042/0.0000m yaw=0.001/0.000rad route=flat_mid_center_to_right_mid_reverse
[gazebo_track_car-2] [INFO] [1781117849.231399825] [gazebo_track_car]: camera sign seen but action is waiting until closer; detected=parking_sign sign=camera_sign_parking scene_sign=palette_parking_03_yaw_270 sign_dist=2.606m action_dist<=1.35m
[gazebo_track_car-2] [INFO] [1781117849.295854479] [gazebo_track_car]: camera traffic light ignored outside distance gate; state=red segment=flat_mid_center_to_right_mid_reverse gate<=1.70m nearby_target=palette_traffic_light_02_yaw_180 dist=1.93m forward=1.22m lateral=1.49m area=1526px bbox=59x34px center=(134,176)
[gazebo_track_car-2] [INFO] [1781117849.523254961] [gazebo_track_car]: camera_sign=camera_sign_speed_limit source=camera kind=speed_limit_sign maneuver=- score=0.44 area=7040px bbox=110x64px center=(110,172)
[gazebo_track_car-2] [INFO] [1781117849.547546617] [gazebo_track_car]: camera sign action blocked; no matching facing 3D sign is close enough; detected=speed_limit_sign sign=camera_sign_speed_limit detection_dist<=3.40m action_dist<=0.95m
[gazebo_track_car-2] [INFO] [1781117850.999888901] [gazebo_track_car]: camera traffic light is GREEN score=7889.0 area=25164px bbox=444x112px fill=0.51 center=(720,340)
[gazebo_track_car-2] [INFO] [1781117851.071732835] [gazebo_track_car]: MOTION pos=(-0.631,+0.581) yaw=+0.002 v=0.279 step_err=0.0056m/0.000rad track_err=0.0329m footprint=road:9.80px route=flat_mid_center_to_right_mid_reverse cmd_vel=(0.279,-0.006)
[gazebo_track_car-2] [INFO] [1781117851.419876648] [gazebo_track_car]: camera_sign=camera_sign_parking source=camera kind=parking_sign maneuver=parking score=0.39 area=754px bbox=26x29px center=(519,228)
[gazebo_track_car-2] [INFO] [1781117851.467279794] [gazebo_track_car]: camera sign seen but action is waiting until closer; detected=parking_sign sign=camera_sign_parking scene_sign=palette_parking_03_yaw_270 sign_dist=2.016m action_dist<=1.35m
[gazebo_track_car-2] [INFO] [1781117851.567206512] [gazebo_track_car]: route segment=flat_mid_top_to_mid_center_reverse; previous=flat_mid_center_to_right_mid_reverse; distance=0.024m; decision=route/default: flat_mid_top_to_mid_center_reverse
[gazebo_track_car-2] [INFO] [1781117851.644994688] [gazebo_track_car]: camera turn sign ignored as left/right ambiguous; segment=flat_mid_top_to_mid_center_reverse best=camera_sign_turn_left:0.49 opposite=turn_right_sign:0.48
[gazebo_track_car-2] [INFO] [1781117852.170354264] [gazebo_track_car]: camera turn sign ignored as left/right ambiguous; segment=flat_mid_top_to_mid_center_reverse best=camera_sign_turn_right:0.50 opposite=turn_left_sign:0.50
[gazebo_track_car-2] [INFO] [1781117852.202106445] [gazebo_track_car]: camera turn sign ignored as left/right ambiguous; segment=flat_mid_top_to_mid_center_reverse best=camera_sign_turn_left:0.49 opposite=turn_right_sign:0.49
[gazebo_track_car-2] [INFO] [1781117852.638587142] [gazebo_track_car]: camera traffic light is YELLOW score=37.0 area=100px bbox=14x16px fill=0.45 center=(515,283)
[gazebo_track_car-2] [INFO] [1781117852.638995122] [gazebo_track_car]: camera traffic light ignored outside distance gate; state=yellow segment=flat_mid_top_to_mid_center_reverse gate<=1.70m nearby_target=- area=100px bbox=14x16px center=(515,283)
[gazebo_track_car-2] [INFO] [1781117853.088751772] [gazebo_track_car]: MOTION pos=(-0.068,+0.582) yaw=-0.000 v=0.279 step_err=0.0209m/0.000rad track_err=0.0062m footprint=road:5.00px route=flat_mid_top_to_mid_center_reverse cmd_vel=(0.279,-0.006)
[gazebo_track_car-2] [INFO] [1781117853.147594305] [gazebo_track_car]: camera turn sign ignored as left/right ambiguous; segment=flat_mid_top_to_mid_center_reverse best=camera_sign_turn_right:0.51 opposite=turn_left_sign:0.48
[gazebo_track_car-2] [INFO] [1781117853.278720062] [gazebo_track_car]: camera traffic light lost for 0.2s.
[gazebo_track_car-2] [INFO] [1781117853.954596733] [gazebo_track_car]: parking stub armed from camera sign camera_sign_parking; next_branch=0.34m
[gazebo_track_car-2] [INFO] [1781117854.307697516] [gazebo_track_car]: camera traffic light is GREEN score=36.6 area=127px bbox=14x11px fill=0.82 center=(535,294)
[gazebo_track_car-2] [INFO] [1781117854.987328223] [gazebo_track_car]: route segment=aaa_flat_parking_stub_stop; previous=flat_mid_top_to_mid_center_reverse; distance=0.000m; decision=route/parking from camera_sign_parking: aaa_flat_parking_stub_stop
[gazebo_track_car-2] [INFO] [1781117855.016212120] [gazebo_track_car]: camera_sign=camera_sign_turn_right source=camera kind=turn_right_sign maneuver=right score=0.54 area=3840px bbox=64x60px center=(566,217)
[gazebo_track_car-2] [INFO] [1781117855.068086469] [gazebo_track_car]: camera sign ignored as parking/turn confusion; segment=aaa_flat_parking_stub_stop best=camera_sign_turn_right:0.54 parking=camera_sign_parking:0.38
[gazebo_track_car-2] [INFO] [1781117855.092233935] [gazebo_track_car]: MOTION pos=(+0.491,+0.582) yaw=-0.002 v=0.280 step_err=0.0224m/0.000rad track_err=0.0297m footprint=road:5.00px route=aaa_flat_parking_stub_stop cmd_vel=(0.280,+0.002)
[gazebo_track_car-2] [INFO] [1781117855.279522648] [gazebo_track_car]: camera sign ignored because scene sign context disagrees; detected=turn_right_sign scene_ahead=go_straight_sign
[gazebo_track_car-2] [WARN] [1781117855.538500161] [gazebo_track_car]: JITTER events=2 reasons=speed_delta=0.040m/s pos=(+0.613,+0.582) step=0.0050/0.0000m yaw=0.003/0.000rad route=aaa_flat_parking_stub_stop
[gazebo_track_car-2] [INFO] [1781117855.692998886] [gazebo_track_car]: traffic light is now GREEN.
[gazebo_track_car-2] [INFO] [1781117855.886067433] [gazebo_track_car]: camera turn sign ignored as left/right ambiguous; segment=aaa_flat_parking_stub_stop best=camera_sign_turn_right:0.51 opposite=turn_left_sign:0.51
[gazebo_track_car-2] [INFO] [1781117855.968456097] [gazebo_track_car]: camera turn sign ignored as left/right ambiguous; segment=aaa_flat_parking_stub_stop best=camera_sign_turn_left:0.52 opposite=turn_right_sign:0.49
[gazebo_track_car-2] [INFO] [1781117856.132172525] [gazebo_track_car]: camera sign action blocked; no matching facing 3D sign is close enough; detected=turn_right_sign sign=camera_sign_turn_right detection_dist<=3.40m action_dist<=0.95m
[gazebo_track_car-2] [INFO] [1781117856.198972691] [gazebo_track_car]: camera turn sign ignored as left/right ambiguous; segment=aaa_flat_parking_stub_stop best=camera_sign_turn_right:0.51 opposite=turn_left_sign:0.49
[gazebo_track_car-2] [INFO] [1781117856.387960948] [gazebo_track_car]: camera turn sign ignored as left/right ambiguous; segment=aaa_flat_parking_stub_stop best=camera_sign_turn_left:0.48 opposite=turn_right_sign:0.47
[gazebo_track_car-2] [INFO] [1781117856.421507979] [gazebo_track_car]: camera sign ignored as parking/turn confusion; segment=aaa_flat_parking_stub_stop best=camera_sign_turn_left:0.49 parking=camera_sign_parking:0.33
[gazebo_track_car-2] [INFO] [1781117856.500710489] [gazebo_track_car]: camera sign ignored as parking/turn confusion; segment=aaa_flat_parking_stub_stop best=camera_sign_turn_right:0.50 parking=camera_sign_parking:0.36
[gazebo_track_car-2] [INFO] [1781117856.511722368] [gazebo_track_car]: camera turn sign ignored as left/right ambiguous; segment=aaa_flat_parking_stub_stop best=camera_sign_turn_right:0.48 opposite=turn_left_sign:0.47
[gazebo_track_car-2] [INFO] [1781117856.514051294] [gazebo_track_car]: camera turn sign ignored as left/right ambiguous; segment=aaa_flat_parking_stub_stop best=camera_sign_turn_left:0.46 opposite=turn_right_sign:0.45
[gazebo_track_car-2] [INFO] [1781117856.577450962] [gazebo_track_car]: camera turn sign ignored as left/right ambiguous; segment=aaa_flat_parking_stub_stop best=camera_sign_turn_right:0.47 opposite=turn_left_sign:0.45
[gazebo_track_car-2] [WARN] [1781117856.821299765] [gazebo_track_car]: JITTER events=1 reasons=yaw_step_error=0.158rad pos=(+0.813,+0.578) step=0.0031/0.0135m yaw=0.016/0.174rad route=aaa_flat_parking_stub_stop
[gazebo_track_car-2] [INFO] [1781117856.848309595] [gazebo_track_car]: camera turn sign ignored as left/right ambiguous; segment=aaa_flat_parking_stub_stop best=camera_sign_turn_left:0.54 opposite=turn_right_sign:0.53
[gazebo_track_car-2] [INFO] [1781117856.881335161] [gazebo_track_car]: camera sign ignored as parking/turn confusion; segment=aaa_flat_parking_stub_stop best=camera_sign_turn_left:0.45 parking=camera_sign_parking:0.32
[gazebo_track_car-2] [INFO] [1781117856.902137413] [gazebo_track_car]: camera sign ignored as parking/turn confusion; segment=aaa_flat_parking_stub_stop best=camera_sign_turn_right:0.49 parking=camera_sign_parking:0.34
[gazebo_track_car-2] [INFO] [1781117857.065857427] [gazebo_track_car]: camera turn sign ignored as left/right ambiguous; segment=aaa_flat_parking_stub_stop best=camera_sign_turn_right:0.48 opposite=turn_left_sign:0.44
[gazebo_track_car-2] [INFO] [1781117857.117168695] [gazebo_track_car]: MOTION pos=(+0.852,+0.545) yaw=-1.170 v=0.184 step_err=0.0108m/0.340rad track_err=0.0363m footprint=road:9.20px route=aaa_flat_parking_stub_stop cmd_vel=(0.182,-0.693)
[gazebo_track_car-2] [INFO] [1781117857.281118946] [gazebo_track_car]: ROUTE_PROGRESS_SYNC actual=(+0.871,+0.519) cmd_error=0.062m route_dist=0.020m yaw_error=0.292rad segment=aaa_flat_parking_stub_stop@0.447m->aaa_flat_parking_stub_stop@0.460m
[gazebo_track_car-2] [INFO] [1781117857.511936251] [gazebo_track_car]: camera turn sign ignored as left/right ambiguous; segment=aaa_flat_parking_stub_stop best=camera_sign_turn_left:0.51 opposite=turn_right_sign:0.48
[gazebo_track_car-2] [INFO] [1781117857.583891531] [gazebo_track_car]: camera turn sign ignored as left/right ambiguous; segment=aaa_flat_parking_stub_stop best=camera_sign_turn_right:0.60 opposite=turn_left_sign:0.60
[gazebo_track_car-2] [WARN] [1781117858.437178762] [gazebo_track_car]: JITTER events=7 reasons=speed_delta=0.030m/s pos=(+0.913,+0.249) step=0.0047/0.0000m yaw=0.004/0.000rad route=aaa_flat_parking_stub_stop
[gazebo_track_car-2] [INFO] [1781117859.121526024] [gazebo_track_car]: MOTION pos=(+0.906,+0.130) yaw=-1.692 v=0.126 step_err=0.0102m/0.001rad track_err=0.0159m footprint=road:7.00px route=aaa_flat_parking_stub_stop cmd_vel=(0.113,-0.065)
[gazebo_track_car-2] [INFO] [1781117860.037984333] [gazebo_track_car]: camera_sign=camera_sign_speed_limit source=camera kind=speed_limit_sign maneuver=- score=0.51 area=3300px bbox=75x44px center=(696,220)
[gazebo_track_car-2] [INFO] [1781117860.071802727] [gazebo_track_car]: camera sign seen but action is waiting until closer; detected=speed_limit_sign sign=camera_sign_speed_limit scene_sign=palette_speed_limit_03_yaw_270 sign_dist=2.405m action_dist<=0.95m
[gazebo_track_car-2] [WARN] [1781117860.140795156] [gazebo_track_car]: JITTER events=1 reasons=yaw_rate_delta=0.660rad/s pos=(+0.906,+0.024) step=0.0025/0.0000m yaw=0.023/0.000rad route=aaa_flat_parking_stub_stop
[gazebo_track_car-2] [INFO] [1781117860.243880518] [gazebo_track_car]: camera turn sign ignored as left/right ambiguous; segment=aaa_flat_parking_stub_stop best=camera_sign_turn_left:0.50 opposite=turn_right_sign:0.48
[gazebo_track_car-2] [INFO] [1781117860.382860976] [gazebo_track_car]: camera_sign=camera_sign_turn_right source=camera kind=turn_right_sign maneuver=right score=0.50 area=1144px bbox=44x26px center=(310,232)
[gazebo_track_car-2] [INFO] [1781117860.439302330] [gazebo_track_car]: ROUTE_PROGRESS_SYNC actual=(+0.941,-0.018) cmd_error=0.063m route_dist=0.063m yaw_error=1.024rad segment=aaa_flat_parking_stub_stop@0.961m->aaa_flat_parking_stub_stop@0.961m
[gazebo_track_car-2] [INFO] [1781117860.709130812] [gazebo_track_car]: camera_sign=camera_sign_speed_limit source=camera kind=speed_limit_sign maneuver=- score=0.57 area=900px bbox=30x30px center=(363,223)
[gazebo_track_car-2] [INFO] [1781117860.719551385] [gazebo_track_car]: traffic light is now YELLOW.
[gazebo_track_car-2] [WARN] [1781117860.721743072] [gazebo_track_car]: parking complete; stopped at segment=aaa_flat_parking_stub_stop pose=(+0.891,+0.019) yaw=-1.571
[gazebo_track_car-2] [INFO] [1781117860.735907733] [gazebo_track_car]: camera traffic light is YELLOW score=3006.3 area=3277px bbox=88x49px fill=0.76 center=(136,183)
[gazebo_track_car-2] [INFO] [1781117860.736201337] [gazebo_track_car]: camera traffic light ignored outside distance gate; state=yellow segment=aaa_flat_parking_stub_stop gate<=1.70m nearby_target=- area=3277px bbox=88x49px center=(136,183)
[gazebo_track_car-2] [WARN] [1781117861.145290156] [gazebo_track_car]: JITTER events=50 reasons=cmd_xy_error=0.1090m pos=(+0.944,-0.076) step=0.0000/0.0000m yaw=0.000/0.000rad route=aaa_flat_parking_stub_stop
[gazebo_track_car-2] [INFO] [1781117861.145636470] [gazebo_track_car]: MOTION pos=(+0.944,-0.076) yaw=+2.934 v=0.000 step_err=0.0000m/0.000rad track_err=0.1090m footprint=road:1.00px route=aaa_flat_parking_stub_stop cmd_vel=(0.000,+0.000)
[gazebo_track_car-2] [INFO] [1781117861.726024946] [gazebo_track_car]: traffic light is now RED.
[gazebo_track_car-2] [INFO] [1781117861.758242990] [gazebo_track_car]: camera traffic light is RED score=4930.9 area=5414px bbox=121x66px fill=0.68 center=(61,131)
[gazebo_track_car-2] [INFO] [1781117861.758762220] [gazebo_track_car]: camera traffic light ignored outside distance gate; state=red segment=aaa_flat_parking_stub_stop gate<=1.70m nearby_target=- area=5414px bbox=121x66px center=(61,131)
[gazebo_track_car-2] [WARN] [1781117862.247559075] [gazebo_track_car]: JITTER events=55 reasons=cmd_xy_error=0.1090m pos=(+0.944,-0.076) step=0.0000/0.0000m yaw=0.000/0.000rad route=aaa_flat_parking_stub_stop
[gazebo_track_car-2] [WARN] [1781117863.239109782] [gazebo_track_car]: JITTER events=49 reasons=cmd_xy_error=0.1090m pos=(+0.944,-0.076) step=0.0000/0.0000m yaw=0.000/0.000rad route=aaa_flat_parking_stub_stop
[gazebo_track_car-2] [INFO] [1781117863.239387166] [gazebo_track_car]: MOTION pos=(+0.944,-0.076) yaw=+2.934 v=0.000 step_err=0.0000m/0.000rad track_err=0.1090m footprint=road:1.00px route=aaa_flat_parking_stub_stop cmd_vel=(0.000,+0.000)
[gazebo_track_car-2] [WARN] [1781117864.259446256] [gazebo_track_car]: JITTER events=51 reasons=cmd_xy_error=0.1090m pos=(+0.944,-0.076) step=0.0000/0.0000m yaw=0.000/0.000rad route=aaa_flat_parking_stub_stop
[gazebo_track_car-2] [WARN] [1781117865.254012751] [gazebo_track_car]: JITTER events=50 reasons=cmd_xy_error=0.1090m pos=(+0.944,-0.076) step=0.0000/0.0000m yaw=0.000/0.000rad route=aaa_flat_parking_stub_stop
[gazebo_track_car-2] [INFO] [1781117865.254296878] [gazebo_track_car]: MOTION pos=(+0.944,-0.076) yaw=+2.934 v=0.000 step_err=0.0000m/0.000rad track_err=0.1090m footprint=road:1.00px route=aaa_flat_parking_stub_stop cmd_vel=(0.000,+0.000)
[gazebo_track_car-2] [WARN] [1781117866.367105768] [gazebo_track_car]: JITTER events=55 reasons=cmd_xy_error=0.1090m pos=(+0.944,-0.076) step=0.0000/0.0000m yaw=0.000/0.000rad route=aaa_flat_parking_stub_stop
[gazebo_track_car-2] [INFO] [1781117867.272285809] [gazebo_track_car]: MOTION pos=(+0.944,-0.076) yaw=+2.934 v=0.000 step_err=0.0000m/0.000rad track_err=0.1090m footprint=road:1.00px route=aaa_flat_parking_stub_stop cmd_vel=(0.000,+0.000)
[gazebo_track_car-2] [WARN] [1781117867.363793752] [gazebo_track_car]: JITTER events=50 reasons=cmd_xy_error=0.1090m pos=(+0.944,-0.076) step=0.0000/0.0000m yaw=0.000/0.000rad route=aaa_flat_parking_stub_stop
[gazebo_track_car-2] [WARN] [1781117868.466136861] [gazebo_track_car]: JITTER events=55 reasons=cmd_xy_error=0.1090m pos=(+0.944,-0.076) step=0.0000/0.0000m yaw=0.000/0.000rad route=aaa_flat_parking_stub_stop
[gazebo_track_car-2] [INFO] [1781117869.272157671] [gazebo_track_car]: MOTION pos=(+0.944,-0.076) yaw=+2.934 v=0.000 step_err=0.0000m/0.000rad track_err=0.1090m footprint=road:1.00px route=aaa_flat_parking_stub_stop cmd_vel=(0.000,+0.000)
[gazebo_track_car-2] [WARN] [1781117869.478933973] [gazebo_track_car]: JITTER events=50 reasons=cmd_xy_error=0.1090m pos=(+0.944,-0.076) step=0.0000/0.0000m yaw=0.000/0.000rad route=aaa_flat_parking_stub_stop
[gazebo_track_car-2] [INFO] [1781117869.780777737] [gazebo_track_car]: traffic light is now GREEN.
[gazebo_track_car-2] [INFO] [1781117869.815112521] [gazebo_track_car]: camera traffic light is GREEN score=1668.2 area=4226px bbox=105x53px fill=0.76 center=(95,217)
[gazebo_track_car-2] [WARN] [1781117870.480072005] [gazebo_track_car]: JITTER events=50 reasons=cmd_xy_error=0.1090m pos=(+0.944,-0.076) step=0.0000/0.0000m yaw=0.000/0.000rad route=aaa_flat_parking_stub_stop
[gazebo_track_car-2] [INFO] [1781117871.298283743] [gazebo_track_car]: MOTION pos=(+0.944,-0.076) yaw=+2.934 v=0.000 step_err=0.0000m/0.000rad track_err=0.1090m footprint=road:1.00px route=aaa_flat_parking_stub_stop cmd_vel=(0.000,+0.000)
[gazebo_track_car-2] [WARN] [1781117871.496543388] [gazebo_track_car]: JITTER events=51 reasons=cmd_xy_error=0.1090m pos=(+0.944,-0.076) step=0.0000/0.0000m yaw=0.000/0.000rad route=aaa_flat_parking_stub_stop
[gazebo_track_car-2] [WARN] [1781117872.493354944] [gazebo_track_car]: JITTER events=50 reasons=cmd_xy_error=0.1090m pos=(+0.944,-0.076) step=0.0000/0.0000m yaw=0.000/0.000rad route=aaa_flat_parking_stub_stop
[gazebo_track_car-2] [INFO] [1781117873.294907558] [gazebo_track_car]: MOTION pos=(+0.944,-0.076) yaw=+2.934 v=0.000 step_err=0.0000m/0.000rad track_err=0.1090m footprint=road:1.00px route=aaa_flat_parking_stub_stop cmd_vel=(0.000,+0.000)
[gazebo_track_car-2] [WARN] [1781117873.493298515] [gazebo_track_car]: JITTER events=50 reasons=cmd_xy_error=0.1090m pos=(+0.944,-0.076) step=0.0000/0.0000m yaw=0.000/0.000rad route=aaa_flat_parking_stub_stop
[gazebo_track_car-2] [WARN] [1781117874.491867301] [gazebo_track_car]: JITTER events=50 reasons=cmd_xy_error=0.1089m pos=(+0.944,-0.076) step=0.0000/0.0000m yaw=0.000/0.000rad route=aaa_flat_parking_stub_stop
[gazebo_track_car-2] [INFO] [1781117874.791469811] [gazebo_track_car]: traffic light is now YELLOW.
[gazebo_track_car-2] [INFO] [1781117874.810672105] [gazebo_track_car]: camera traffic light is YELLOW score=4261.6 area=4642px bbox=113x57px fill=0.72 center=(78,175)
[gazebo_track_car-2] [INFO] [1781117874.811448231] [gazebo_track_car]: camera traffic light ignored outside distance gate; state=yellow segment=aaa_flat_parking_stub_stop gate<=1.70m nearby_target=- area=4642px bbox=113x57px center=(78,175)
[gazebo_track_car-2] [INFO] [1781117875.315295005] [gazebo_track_car]: MOTION pos=(+0.944,-0.076) yaw=+2.934 v=0.000 step_err=0.0000m/0.000rad track_err=0.1089m footprint=road:1.00px route=aaa_flat_parking_stub_stop cmd_vel=(0.000,+0.000)
[gazebo_track_car-2] [WARN] [1781117875.495942947] [gazebo_track_car]: JITTER events=50 reasons=cmd_xy_error=0.1089m pos=(+0.944,-0.076) step=0.0000/0.0000m yaw=0.000/0.000rad route=aaa_flat_parking_stub_stop
[gazebo_track_car-2] [INFO] [1781117875.796392777] [gazebo_track_car]: traffic light is now RED.
[gazebo_track_car-2] [INFO] [1781117875.831933583] [gazebo_track_car]: camera traffic light is RED score=4930.6 area=5412px bbox=121x66px fill=0.68 center=(61,131)
[gazebo_track_car-2] [INFO] [1781117875.832227608] [gazebo_track_car]: camera traffic light ignored outside distance gate; state=red segment=aaa_flat_parking_stub_stop gate<=1.70m nearby_target=- area=5412px bbox=121x66px center=(61,131)
[gazebo_track_car-2] [WARN] [1781117876.517873514] [gazebo_track_car]: JITTER events=51 reasons=cmd_xy_error=0.1089m pos=(+0.944,-0.076) step=0.0000/0.0000m yaw=0.000/0.000rad route=aaa_flat_parking_stub_stop
[gazebo_track_car-2] [INFO] [1781117877.413436814] [gazebo_track_car]: MOTION pos=(+0.944,-0.076) yaw=+2.934 v=0.000 step_err=0.0000m/0.000rad track_err=0.1089m footprint=road:1.00px route=aaa_flat_parking_stub_stop cmd_vel=(0.000,+0.000)
[gazebo_track_car-2] [WARN] [1781117877.609516346] [gazebo_track_car]: JITTER events=54 reasons=cmd_xy_error=0.1089m pos=(+0.944,-0.076) step=0.0000/0.0000m yaw=0.000/0.000rad route=aaa_flat_parking_stub_stop
[gazebo_track_car-2] [WARN] [1781117878.632792065] [gazebo_track_car]: JITTER events=51 reasons=cmd_xy_error=0.1089m pos=(+0.944,-0.076) step=0.0000/0.0000m yaw=0.000/0.000rad route=aaa_flat_parking_stub_stop
[gazebo_track_car-2] [INFO] [1781117879.419951531] [gazebo_track_car]: MOTION pos=(+0.944,-0.076) yaw=+2.934 v=0.000 step_err=0.0000m/0.000rad track_err=0.1089m footprint=road:1.00px route=aaa_flat_parking_stub_stop cmd_vel=(0.000,+0.000)
[gazebo_track_car-2] [WARN] [1781117879.634995514] [gazebo_track_car]: JITTER events=50 reasons=cmd_xy_error=0.1089m pos=(+0.944,-0.076) step=0.0000/0.0000m yaw=0.000/0.000rad route=aaa_flat_parking_stub_stop
[gazebo_track_car-2] [WARN] [1781117880.636063728] [gazebo_track_car]: JITTER events=50 reasons=cmd_xy_error=0.1089m pos=(+0.944,-0.076) step=0.0000/0.0000m yaw=0.000/0.000rad route=aaa_flat_parking_stub_stop
[gazebo_track_car-2] [INFO] [1781117881.437452937] [gazebo_track_car]: MOTION pos=(+0.944,-0.076) yaw=+2.934 v=0.000 step_err=0.0000m/0.000rad track_err=0.1089m footprint=road:1.00px route=aaa_flat_parking_stub_stop cmd_vel=(0.000,+0.000)
[gazebo_track_car-2] [WARN] [1781117881.647870859] [gazebo_track_car]: JITTER events=50 reasons=cmd_xy_error=0.1089m pos=(+0.944,-0.076) step=0.0000/0.0000m yaw=0.000/0.000rad route=aaa_flat_parking_stub_stop
[gazebo_track_car-2] [WARN] [1781117882.639971604] [gazebo_track_car]: JITTER events=50 reasons=cmd_xy_error=0.1089m pos=(+0.944,-0.076) step=0.0000/0.0000m yaw=0.000/0.000rad route=aaa_flat_parking_stub_stop
[gazebo_track_car-2] [INFO] [1781117883.446342136] [gazebo_track_car]: MOTION pos=(+0.944,-0.076) yaw=+2.934 v=0.000 step_err=0.0000m/0.000rad track_err=0.1089m footprint=road:1.00px route=aaa_flat_parking_stub_stop cmd_vel=(0.000,+0.000)
[gazebo_track_car-2] [WARN] [1781117883.662465977] [gazebo_track_car]: JITTER events=51 reasons=cmd_xy_error=0.1089m pos=(+0.944,-0.076) step=0.0000/0.0000m yaw=0.000/0.000rad route=aaa_flat_parking_stub_stop
[gazebo_track_car-2] [INFO] [1781117883.745107475] [gazebo_track_car]: traffic light is now GREEN.
[gazebo_track_car-2] [INFO] [1781117883.802936384] [gazebo_track_car]: camera traffic light is GREEN score=1667.4 area=4224px bbox=105x53px fill=0.76 center=(95,217)
[gazebo_track_car-2] [WARN] [1781117884.666587761] [gazebo_track_car]: JITTER events=50 reasons=cmd_xy_error=0.1089m pos=(+0.944,-0.076) step=0.0000/0.0000m yaw=0.000/0.000rad route=aaa_flat_parking_stub_stop
[gazebo_track_car-2] [INFO] [1781117885.464288200] [gazebo_track_car]: MOTION pos=(+0.944,-0.076) yaw=+2.934 v=0.000 step_err=0.0000m/0.000rad track_err=0.1089m footprint=road:1.00px route=aaa_flat_parking_stub_stop cmd_vel=(0.000,+0.000)
[gazebo_track_car-2] [WARN] [1781117885.662772099] [gazebo_track_car]: JITTER events=50 reasons=cmd_xy_error=0.1089m pos=(+0.944,-0.076) step=0.0000/0.0000m yaw=0.000/0.000rad route=aaa_flat_parking_stub_stop
[gazebo_track_car-2] [WARN] [1781117886.668016926] [gazebo_track_car]: JITTER events=50 reasons=cmd_xy_error=0.1089m pos=(+0.944,-0.076) step=0.0000/0.0000m yaw=0.000/0.000rad route=aaa_flat_parking_stub_stop
[gazebo_track_car-2] [INFO] [1781117887.584364620] [gazebo_track_car]: MOTION pos=(+0.944,-0.076) yaw=+2.934 v=0.000 step_err=0.0000m/0.000rad track_err=0.1089m footprint=road:1.00px route=aaa_flat_parking_stub_stop cmd_vel=(0.000,+0.000)
[gazebo_track_car-2] [WARN] [1781117887.792962770] [gazebo_track_car]: JITTER events=55 reasons=cmd_xy_error=0.1089m pos=(+0.944,-0.076) step=0.0000/0.0000m yaw=0.000/0.000rad route=aaa_flat_parking_stub_stop
[gazebo_track_car-2] [INFO] [1781117888.769865145] [gazebo_track_car]: traffic light is now YELLOW.
[gazebo_track_car-2] [WARN] [1781117888.782688828] [gazebo_track_car]: JITTER events=50 reasons=cmd_xy_error=0.1089m pos=(+0.944,-0.076) step=0.0000/0.0000m yaw=0.000/0.000rad route=aaa_flat_parking_stub_stop
[gazebo_track_car-2] [INFO] [1781117888.814022903] [gazebo_track_car]: camera traffic light is YELLOW score=4259.9 area=4645px bbox=113x57px fill=0.72 center=(78,175)
[gazebo_track_car-2] [INFO] [1781117888.814358707] [gazebo_track_car]: camera traffic light ignored outside distance gate; state=yellow segment=aaa_flat_parking_stub_stop gate<=1.70m nearby_target=- area=4645px bbox=113x57px center=(78,175)
[gazebo_track_car-2] [INFO] [1781117889.587287779] [gazebo_track_car]: MOTION pos=(+0.944,-0.076) yaw=+2.934 v=0.000 step_err=0.0000m/0.000rad track_err=0.1089m footprint=road:1.00px route=aaa_flat_parking_stub_stop cmd_vel=(0.000,+0.000)
[gazebo_track_car-2] [INFO] [1781117889.777054095] [gazebo_track_car]: traffic light is now RED.
[gazebo_track_car-2] [WARN] [1781117889.782137053] [gazebo_track_car]: JITTER events=50 reasons=cmd_xy_error=0.1089m pos=(+0.944,-0.076) step=0.0000/0.0000m yaw=0.000/0.000rad route=aaa_flat_parking_stub_stop
[gazebo_track_car-2] [INFO] [1781117889.812952820] [gazebo_track_car]: camera traffic light is RED score=4928.4 area=5408px bbox=121x66px fill=0.68 center=(61,131)
[gazebo_track_car-2] [INFO] [1781117889.813270339] [gazebo_track_car]: camera traffic light ignored outside distance gate; state=red segment=aaa_flat_parking_stub_stop gate<=1.70m nearby_target=- area=5408px bbox=121x66px center=(61,131)
[gazebo_track_car-2] [WARN] [1781117890.787081117] [gazebo_track_car]: JITTER events=49 reasons=cmd_xy_error=0.1089m pos=(+0.944,-0.076) step=0.0000/0.0000m yaw=0.000/0.000rad route=aaa_flat_parking_stub_stop
[gazebo_track_car-2] [INFO] [1781117891.589255496] [gazebo_track_car]: MOTION pos=(+0.944,-0.076) yaw=+2.934 v=0.000 step_err=0.0000m/0.000rad track_err=0.1089m footprint=road:1.00px route=aaa_flat_parking_stub_stop cmd_vel=(0.000,+0.000)
[gazebo_track_car-2] [WARN] [1781117891.789726580] [gazebo_track_car]: JITTER events=50 reasons=cmd_xy_error=0.1089m pos=(+0.944,-0.076) step=0.0000/0.0000m yaw=0.000/0.000rad route=aaa_flat_parking_stub_stop
[gazebo_track_car-2] [WARN] [1781117892.818423415] [gazebo_track_car]: JITTER events=51 reasons=cmd_xy_error=0.1089m pos=(+0.944,-0.076) step=0.0000/0.0000m yaw=0.000/0.000rad route=aaa_flat_parking_stub_stop
[gazebo_track_car-2] [INFO] [1781117893.611453186] [gazebo_track_car]: MOTION pos=(+0.944,-0.076) yaw=+2.934 v=0.000 step_err=0.0000m/0.000rad track_err=0.1089m footprint=road:1.00px route=aaa_flat_parking_stub_stop cmd_vel=(0.000,+0.000)
[gazebo_track_car-2] [WARN] [1781117893.813853026] [gazebo_track_car]: JITTER events=50 reasons=cmd_xy_error=0.1089m pos=(+0.944,-0.076) step=0.0000/0.0000m yaw=0.000/0.000rad route=aaa_flat_parking_stub_stop
[gazebo_track_car-2] [WARN] [1781117894.819052945] [gazebo_track_car]: JITTER events=50 reasons=cmd_xy_error=0.1089m pos=(+0.944,-0.076) step=0.0000/0.0000m yaw=0.000/0.000rad route=aaa_flat_parking_stub_stop
[gazebo_track_car-2] [INFO] [1781117895.616070932] [gazebo_track_car]: MOTION pos=(+0.944,-0.076) yaw=+2.934 v=0.000 step_err=0.0000m/0.000rad track_err=0.1089m footprint=road:1.00px route=aaa_flat_parking_stub_stop cmd_vel=(0.000,+0.000)
[gazebo_track_car-2] [WARN] [1781117895.817591987] [gazebo_track_car]: JITTER events=50 reasons=cmd_xy_error=0.1089m pos=(+0.944,-0.076) step=0.0000/0.0000m yaw=0.000/0.000rad route=aaa_flat_parking_stub_stop
[gazebo_track_car-2] [WARN] [1781117896.821525845] [gazebo_track_car]: JITTER events=50 reasons=cmd_xy_error=0.1089m pos=(+0.944,-0.076) step=0.0000/0.0000m yaw=0.000/0.000rad route=aaa_flat_parking_stub_stop
[gazebo_track_car-2] [INFO] [1781117897.629066819] [gazebo_track_car]: MOTION pos=(+0.944,-0.076) yaw=+2.934 v=0.000 step_err=0.0000m/0.000rad track_err=0.1089m footprint=road:1.00px route=aaa_flat_parking_stub_stop cmd_vel=(0.000,+0.000)
[gazebo_track_car-2] [INFO] [1781117897.817743294] [gazebo_track_car]: traffic light is now GREEN.
[gazebo_track_car-2] [WARN] [1781117897.837376998] [gazebo_track_car]: JITTER events=51 reasons=cmd_xy_error=0.1089m pos=(+0.944,-0.076) step=0.0000/0.0000m yaw=0.000/0.000rad route=aaa_flat_parking_stub_stop
[gazebo_track_car-2] [INFO] [1781117897.852969671] [gazebo_track_car]: camera traffic light is GREEN score=1664.4 area=4217px bbox=105x53px fill=0.76 center=(95,217)
[gazebo_track_car-2] [WARN] [1781117898.825596495] [gazebo_track_car]: JITTER events=49 reasons=cmd_xy_error=0.1089m pos=(+0.944,-0.076) step=0.0000/0.0000m yaw=0.000/0.000rad route=aaa_flat_parking_stub_stop
[gazebo_track_car-2] [INFO] [1781117899.640363741] [gazebo_track_car]: MOTION pos=(+0.944,-0.076) yaw=+2.934 v=0.000 step_err=0.0000m/0.000rad track_err=0.1089m footprint=road:1.00px route=aaa_flat_parking_stub_stop cmd_vel=(0.000,+0.000)
[gazebo_track_car-2] [WARN] [1781117899.845295454] [gazebo_track_car]: JITTER events=51 reasons=cmd_xy_error=0.1089m pos=(+0.944,-0.076) step=0.0000/0.0000m yaw=0.000/0.000rad route=aaa_flat_parking_stub_stop
[gazebo_track_car-2] [WARN] [1781117900.842309939] [gazebo_track_car]: JITTER events=50 reasons=cmd_xy_error=0.1089m pos=(+0.944,-0.076) step=0.0000/0.0000m yaw=0.000/0.000rad route=aaa_flat_parking_stub_stop
[gazebo_track_car-2] [INFO] [1781117901.645537792] [gazebo_track_car]: MOTION pos=(+0.944,-0.076) yaw=+2.934 v=0.000 step_err=0.0000m/0.000rad track_err=0.1089m footprint=road:1.00px route=aaa_flat_parking_stub_stop cmd_vel=(0.000,+0.000)
[gazebo_track_car-2] [WARN] [1781117901.850258852] [gazebo_track_car]: JITTER events=50 reasons=cmd_xy_error=0.1089m pos=(+0.944,-0.076) step=0.0000/0.0000m yaw=0.000/0.000rad route=aaa_flat_parking_stub_stop
[gazebo_track_car-2] [INFO] [1781117902.844246572] [gazebo_track_car]: traffic light is now YELLOW.
[gazebo_track_car-2] [WARN] [1781117902.850154048] [gazebo_track_car]: JITTER events=50 reasons=cmd_xy_error=0.1089m pos=(+0.944,-0.076) step=0.0000/0.0000m yaw=0.000/0.000rad route=aaa_flat_parking_stub_stop
[gazebo_track_car-2] [INFO] [1781117902.879906330] [gazebo_track_car]: camera traffic light is YELLOW score=4021.4 area=4355px bbox=113x52px fill=0.74 center=(77,173)
[gazebo_track_car-2] [INFO] [1781117902.880192911] [gazebo_track_car]: camera traffic light ignored outside distance gate; state=yellow segment=aaa_flat_parking_stub_stop gate<=1.70m nearby_target=- area=4355px bbox=113x52px center=(77,173)
[gazebo_track_car-2] [INFO] [1781117903.657010950] [gazebo_track_car]: MOTION pos=(+0.944,-0.076) yaw=+2.934 v=0.000 step_err=0.0000m/0.000rad track_err=0.1089m footprint=road:1.00px route=aaa_flat_parking_stub_stop cmd_vel=(0.000,+0.000)
[gazebo_track_car-2] [INFO] [1781117903.849815962] [gazebo_track_car]: traffic light is now RED.
[gazebo_track_car-2] [INFO] [1781117903.872531207] [gazebo_track_car]: camera traffic light is RED score=4928.4 area=5405px bbox=121x66px fill=0.68 center=(61,131)
[gazebo_track_car-2] [INFO] [1781117903.872829971] [gazebo_track_car]: camera traffic light ignored outside distance gate; state=red segment=aaa_flat_parking_stub_stop gate<=1.70m nearby_target=- area=5405px bbox=121x66px center=(61,131)
[gazebo_track_car-2] [WARN] [1781117903.956247122] [gazebo_track_car]: JITTER events=55 reasons=cmd_xy_error=0.1089m pos=(+0.944,-0.076) step=0.0000/0.0000m yaw=0.000/0.000rad route=aaa_flat_parking_stub_stop
[gazebo_track_car-2] [WARN] [1781117904.960169071] [gazebo_track_car]: JITTER events=50 reasons=cmd_xy_error=0.1089m pos=(+0.944,-0.076) step=0.0000/0.0000m yaw=0.000/0.000rad route=aaa_flat_parking_stub_stop
[gazebo_track_car-2] [INFO] [1781117905.677504472] [gazebo_track_car]: MOTION pos=(+0.944,-0.076) yaw=+2.934 v=0.000 step_err=0.0000m/0.000rad track_err=0.1089m footprint=road:1.00px route=aaa_flat_parking_stub_stop cmd_vel=(0.000,+0.000)
[gazebo_track_car-2] [WARN] [1781117905.979133648] [gazebo_track_car]: JITTER events=51 reasons=cmd_xy_error=0.1089m pos=(+0.944,-0.076) step=0.0000/0.0000m yaw=0.000/0.000rad route=aaa_flat_parking_stub_stop
[gazebo_track_car-2] [WARN] [1781117906.979053871] [gazebo_track_car]: JITTER events=50 reasons=cmd_xy_error=0.1089m pos=(+0.944,-0.076) step=0.0000/0.0000m yaw=0.000/0.000rad route=aaa_flat_parking_stub_stop
[gazebo_track_car-2] [INFO] [1781117907.688430497] [gazebo_track_car]: MOTION pos=(+0.944,-0.076) yaw=+2.934 v=0.000 step_err=0.0000m/0.000rad track_err=0.1089m footprint=road:1.00px route=aaa_flat_parking_stub_stop cmd_vel=(0.000,+0.000)
[gazebo_track_car-2] [WARN] [1781117907.989313510] [gazebo_track_car]: JITTER events=50 reasons=cmd_xy_error=0.1089m pos=(+0.944,-0.076) step=0.0000/0.0000m yaw=0.000/0.000rad route=aaa_flat_parking_stub_stop
[gazebo_track_car-2] [WARN] [1781117908.980959559] [gazebo_track_car]: JITTER events=50 reasons=cmd_xy_error=0.1089m pos=(+0.944,-0.076) step=0.0000/0.0000m yaw=0.000/0.000rad route=aaa_flat_parking_stub_stop
[gazebo_track_car-2] [INFO] [1781117909.686603387] [gazebo_track_car]: MOTION pos=(+0.944,-0.076) yaw=+2.934 v=0.000 step_err=0.0000m/0.000rad track_err=0.1089m footprint=road:1.00px route=aaa_flat_parking_stub_stop cmd_vel=(0.000,+0.000)
[gazebo_track_car-2] [WARN] [1781117910.008124712] [gazebo_track_car]: JITTER events=51 reasons=cmd_xy_error=0.1089m pos=(+0.944,-0.076) step=0.0000/0.0000m yaw=0.000/0.000rad route=aaa_flat_parking_stub_stop
[gazebo_track_car-2] [WARN] [1781117911.091496659] [gazebo_track_car]: JITTER events=54 reasons=cmd_xy_error=0.1089m pos=(+0.944,-0.076) step=0.0000/0.0000m yaw=0.000/0.000rad route=aaa_flat_parking_stub_stop
[gazebo_track_car-2] [INFO] [1781117911.814564788] [gazebo_track_car]: MOTION pos=(+0.944,-0.076) yaw=+2.934 v=0.000 step_err=0.0000m/0.000rad track_err=0.1089m footprint=road:1.00px route=aaa_flat_parking_stub_stop cmd_vel=(0.000,+0.000)
[gazebo_track_car-2] [INFO] [1781117911.893227065] [gazebo_track_car]: traffic light is now GREEN.
[gazebo_track_car-2] [INFO] [1781117911.927196314] [gazebo_track_car]: camera traffic light is GREEN score=1663.4 area=4213px bbox=104x53px fill=0.76 center=(95,217)
[gazebo_track_car-2] [WARN] [1781117912.117128126] [gazebo_track_car]: JITTER events=51 reasons=cmd_xy_error=0.1089m pos=(+0.944,-0.076) step=0.0000/0.0000m yaw=0.000/0.000rad route=aaa_flat_parking_stub_stop
[gazebo_track_car-2] [WARN] [1781117913.109775437] [gazebo_track_car]: JITTER events=50 reasons=cmd_xy_error=0.1089m pos=(+0.944,-0.076) step=0.0000/0.0000m yaw=0.000/0.000rad route=aaa_flat_parking_stub_stop
[gazebo_track_car-2] [INFO] [1781117913.809480740] [gazebo_track_car]: MOTION pos=(+0.944,-0.076) yaw=+2.934 v=0.000 step_err=0.0000m/0.000rad track_err=0.1089m footprint=road:1.00px route=aaa_flat_parking_stub_stop cmd_vel=(0.000,+0.000)
[gazebo_track_car-2] [WARN] [1781117914.110016576] [gazebo_track_car]: JITTER events=49 reasons=cmd_xy_error=0.1089m pos=(+0.944,-0.076) step=0.0000/0.0000m yaw=0.000/0.000rad route=aaa_flat_parking_stub_stop
[gazebo_track_car-2] [WARN] [1781117915.116614477] [gazebo_track_car]: JITTER events=50 reasons=cmd_xy_error=0.1089m pos=(+0.944,-0.076) step=0.0000/0.0000m yaw=0.000/0.000rad route=aaa_flat_parking_stub_stop
[gazebo_track_car-2] [INFO] [1781117915.828940802] [gazebo_track_car]: MOTION pos=(+0.944,-0.076) yaw=+2.934 v=0.000 step_err=0.0000m/0.000rad track_err=0.1089m footprint=road:1.00px route=aaa_flat_parking_stub_stop cmd_vel=(0.000,+0.000)
[gazebo_track_car-2] [WARN] [1781117916.130007167] [gazebo_track_car]: JITTER events=51 reasons=cmd_xy_error=0.1089m pos=(+0.944,-0.076) step=0.0000/0.0000m yaw=0.000/0.000rad route=aaa_flat_parking_stub_stop
[gazebo_track_car-2] [INFO] [1781117916.826558044] [gazebo_track_car]: traffic light is now YELLOW.
[gazebo_track_car-2] [INFO] [1781117916.856320679] [gazebo_track_car]: camera traffic light is YELLOW score=4258.3 area=4650px bbox=114x57px fill=0.72 center=(79,175)
[gazebo_track_car-2] [INFO] [1781117916.857154043] [gazebo_track_car]: camera traffic light ignored outside distance gate; state=yellow segment=aaa_flat_parking_stub_stop gate<=1.70m nearby_target=- area=4650px bbox=114x57px center=(79,175)
[gazebo_track_car-2] [WARN] [1781117917.132843206] [gazebo_track_car]: JITTER events=50 reasons=cmd_xy_error=0.1089m pos=(+0.944,-0.076) step=0.0000/0.0000m yaw=0.000/0.000rad route=aaa_flat_parking_stub_stop
[gazebo_track_car-2] [INFO] [1781117917.827498290] [gazebo_track_car]: traffic light is now RED.
[gazebo_track_car-2] [INFO] [1781117917.831161017] [gazebo_track_car]: MOTION pos=(+0.944,-0.076) yaw=+2.934 v=0.000 step_err=0.0000m/0.000rad track_err=0.1089m footprint=road:1.00px route=aaa_flat_parking_stub_stop cmd_vel=(0.000,+0.000)
[gazebo_track_car-2] [INFO] [1781117917.856696640] [gazebo_track_car]: camera traffic light is RED score=4923.8 area=5404px bbox=121x66px fill=0.68 center=(61,131)
[gazebo_track_car-2] [INFO] [1781117917.856986227] [gazebo_track_car]: camera traffic light ignored outside distance gate; state=red segment=aaa_flat_parking_stub_stop gate<=1.70m nearby_target=- area=5404px bbox=121x66px center=(61,131)
[gazebo_track_car-2] [WARN] [1781117918.131129794] [gazebo_track_car]: JITTER events=50 reasons=cmd_xy_error=0.1089m pos=(+0.944,-0.076) step=0.0000/0.0000m yaw=0.000/0.000rad route=aaa_flat_parking_stub_stop
[gazebo_track_car-2] [WARN] [1781117919.247241683] [gazebo_track_car]: JITTER events=55 reasons=cmd_xy_error=0.1089m pos=(+0.944,-0.076) step=0.0000/0.0000m yaw=0.000/0.000rad route=aaa_flat_parking_stub_stop
[gazebo_track_car-2] [INFO] [1781117919.956290503] [gazebo_track_car]: MOTION pos=(+0.944,-0.076) yaw=+2.934 v=0.000 step_err=0.0000m/0.000rad track_err=0.1089m footprint=road:1.00px route=aaa_flat_parking_stub_stop cmd_vel=(0.000,+0.000)
Cannot run the event loop while another loop is running
