[INFO] [launch]: All log files can be found below /home/quocbao/.ros/log/2026-06-08-23-08-49-166470-ubuntu-38073
[INFO] [launch]: Default logging verbosity is set to INFO
[INFO] [gzserver-1]: process started with pid [38075]
[INFO] [gzclient   -2]: process started with pid [38077]
[INFO] [gazebo_track_car-3]: process started with pid [38080]
[gazebo_track_car-3] [INFO] [1780985329.826944452] [gazebo_track_car]: [MAP_TRANSFORM] image=256x256 path=/home/quocbao/my_robot_vision_full_project/my_robot_vision/models/autonomous_map_3d/materials/textures/autonomous_map_visual.png map_size=6.000x6.000m px_per_m_x=42.667 px_per_m_y=42.667 route_offset=(+0.000,+0.000)m map_visual_offset=(+0.000,+0.300)m
[gazebo_track_car-3] [INFO] [1780985329.957808403] [gazebo_track_car]: [FOOTPRINT_CHECK] samples=1588 center_off_road=0 center_outside_safe=1005 failures=0 min_footprint_clearance=3.20px footprint=front:0.165m rear:0.145m half_width:0.115m
[gazebo_track_car-3] [INFO] [1780985329.958140950] [gazebo_track_car]: [FOOTPRINT_CHECK] overlays=/tmp/gazebo_route_mask_debug.png, /tmp/gazebo_route_centerline_debug.png, /tmp/gazebo_route_footprint_debug.png
[gazebo_track_car-3] [INFO] [1780985330.047257825] [gazebo_track_car]: SAFE_ROUTE_VERSION=semantic_parking_spawn_turn_guard_v31; direction=reversed to match map arrows; clearance=12px; drive_wheels=True; route_offset=(+0.000,+0.000)m; start_distance=0.000m; route_explore=True branch_probability=0.35; sign_detection=off roi=0.08-0.82; map_visual_offset=(+0.000,+0.300)m; base_speed=0.28m/s speed_limit=0.14m/s; traffic_light=fixed state=green green=5.0s yellow=1.0s red=8.0s trigger_distance=1.70m stop_distance=0.85m min_stop=2.0s camera=off topic=/track_preview_car/camera/image_raw fill>=0.42 slow_area>=45px stop_area>=160px distance_gate=on; camera_sign_templates=5 sign_score>=0.32 sign_stable=2; wheel_controller lookahead=0.32m parking_lookahead=0.20m heading_gain=3.80 max_wz=2.80rad/s rotate_heading>1.05rad; nearest_route=True nearest_dist<=0.65m; yaw_limits=1.80rad/s/4.00rad/s2; route_rejoin=False outer_only=True cmd_error>0.30m max_route_dist=0.55m; progress_sync=True cmd_error>0.06m route_dist<=0.20m yaw<=1.20rad; initial_pose_reset=True tol=0.12m/0.35rad; segments=18; route_points=36.
[gazebo_track_car-3] [INFO] [1780985330.047548703] [gazebo_track_car]: Motion log uses /model_states and /track_preview_car/cmd_vel: MOTION every 2.00s, JITTER at most every 1.00s, verbose=False; jitter thresholds xy_step_delta=0.0060m, cmd_error=0.050m, z_delta=0.0005m, tilt=0.0030rad, speed_delta=0.030m/s, yaw_step_error=0.025rad, yaw_rate_delta=0.400rad/s.
[gzserver-1] [INFO] [1780985331.342078434] [track_preview_car.front_camera_controller]: Publishing camera info to [/track_preview_car/camera/camera_info]
[gzserver-1] [INFO] [1780985331.352932157] [gazebo_ros_state]: Publishing states of gazebo models at [/model_states]
[gzserver-1] [INFO] [1780985331.353250507] [gazebo_ros_state]: Publishing states of gazebo links at [/link_states]
[gzserver-1] [INFO] [1780985331.367445355] [track_preview_car.track_preview_car_diff_drive]: Wheel pair 1 separation set to [0.176000m]
[gzserver-1] [INFO] [1780985331.367500238] [track_preview_car.track_preview_car_diff_drive]: Wheel pair 1 diameter set to [0.060000m]
[gzserver-1] [INFO] [1780985331.368546680] [track_preview_car.track_preview_car_diff_drive]: Subscribed to [/track_preview_car/cmd_vel]
[gzserver-1] [INFO] [1780985331.369482082] [track_preview_car.track_preview_car_diff_drive]: Advertise odometry on [/track_preview_car/odom]
[gazebo_track_car-3] [INFO] [1780985331.394986501] [gazebo_track_car]: initial pose reset to configured route start; actual=(+1.828,+2.180) yaw=+0.000 target=(+2.180,+1.805) yaw=-1.571 error=0.514m/1.571rad segment=flat_left_mid_to_top_reverse
[gazebo_track_car-3] [INFO] [1780985331.445227862] [gazebo_track_car]: traffic light is now GREEN.
[gazebo_track_car-3] [WARN] [1780985331.445788228] [gazebo_track_car]: Waiting for /model_states pose before publishing wheel commands.
[gazebo_track_car-3] [INFO] [1780985331.749531241] [gazebo_track_car]: wheel controller synced route progress from initial model pose; segment=flat_left_mid_to_top_reverse@0.000m route_dist=0.000m startup_gate=1.250m
[gzclient   -2] context mismatch in svga_surface_destroy
[gzclient   -2] context mismatch in svga_surface_destroy
[gazebo_track_car-3] [INFO] [1780985333.459672159] [gazebo_track_car]: MOTION pos=(+2.180,+1.364) yaw=-1.571 v=0.280 step_err=0.0224m/0.000rad track_err=0.0053m footprint=road:6.00px route=flat_left_mid_to_top_reverse cmd_vel=(0.280,-0.000)
[gazebo_track_car-3] [INFO] [1780985335.467434025] [gazebo_track_car]: MOTION pos=(+2.180,+0.804) yaw=-1.571 v=0.280 step_err=0.0218m/0.000rad track_err=0.0006m footprint=road:6.00px route=flat_left_mid_to_top_reverse cmd_vel=(0.280,+0.000)
[gazebo_track_car-3] [INFO] [1780985337.376590557] [gazebo_track_car]: route segment=flat_left_lower_to_mid_reverse; previous=flat_left_mid_to_top_reverse; distance=0.009m; decision=route/explore_coverage visit=0: flat_left_lower_to_mid_reverse
[gazebo_track_car-3] [INFO] [1780985337.486087266] [gazebo_track_car]: MOTION pos=(+2.180,+0.238) yaw=-1.571 v=0.280 step_err=0.0235m/0.000rad track_err=0.0050m footprint=road:9.20px route=flat_left_lower_to_mid_reverse cmd_vel=(0.280,-0.000)
[gazebo_track_car-3] [INFO] [1780985339.489429540] [gazebo_track_car]: MOTION pos=(+2.180,-0.321) yaw=-1.571 v=0.280 step_err=0.0174m/0.000rad track_err=0.0056m footprint=road:6.00px route=flat_left_lower_to_mid_reverse cmd_vel=(0.280,-0.000)
[gazebo_track_car-3] [INFO] [1780985341.514395836] [gazebo_track_car]: MOTION pos=(+2.180,-0.887) yaw=-1.571 v=0.280 step_err=0.0213m/0.000rad track_err=0.0062m footprint=road:6.00px route=flat_left_lower_to_mid_reverse cmd_vel=(0.280,+0.000)
[gazebo_track_car-3] [INFO] [1780985343.512319255] [gazebo_track_car]: MOTION pos=(+2.188,-1.399) yaw=-1.905 v=0.191 step_err=0.0163m/0.013rad track_err=0.0096m footprint=road:6.20px route=flat_left_lower_to_mid_reverse cmd_vel=(0.182,-0.729)
[gazebo_track_car-3] [WARN] [1780985343.911962956] [gazebo_track_car]: JITTER events=4 reasons=yaw_step_error=0.050rad pos=(+2.174,-1.476) step=0.0040/0.0193m yaw=0.013/0.063rad route=flat_left_lower_to_mid_reverse
[gazebo_track_car-3] [INFO] [1780985344.112077608] [gazebo_track_car]: route segment=flat_bottom_left_corner_reverse; previous=flat_left_lower_to_mid_reverse; distance=0.020m; decision=route/wheel_nearest: flat_bottom_left_corner_reverse
[gazebo_track_car-3] [INFO] [1780985345.536868593] [gazebo_track_car]: MOTION pos=(+1.911,-1.704) yaw=-2.929 v=0.229 step_err=0.0173m/0.007rad track_err=0.0136m footprint=road:4.00px route=flat_bottom_left_corner_reverse cmd_vel=(0.232,-0.335)
[gazebo_track_car-3] [WARN] [1780985345.637199796] [gazebo_track_car]: JITTER events=3 reasons=yaw_step_error=0.060rad pos=(+1.889,-1.711) step=0.0047/0.0240m yaw=0.007/0.067rad route=flat_bottom_left_corner_reverse
[gazebo_track_car-3] [INFO] [1780985345.821331285] [gazebo_track_car]: route segment=flat_bottom_center_to_bottom_left_reverse; previous=flat_bottom_left_corner_reverse; distance=0.025m; decision=route/wheel_nearest: flat_bottom_center_to_bottom_left_reverse
[gazebo_track_car-3] [INFO] [1780985347.538360374] [gazebo_track_car]: MOTION pos=(+1.389,-1.739) yaw=+3.121 v=0.278 step_err=0.0208m/0.000rad track_err=0.0074m footprint=road:4.00px route=flat_bottom_center_to_bottom_left_reverse cmd_vel=(0.277,+0.019)
[gazebo_track_car-3] [INFO] [1780985349.543760731] [gazebo_track_car]: MOTION pos=(+0.833,-1.734) yaw=-3.140 v=0.279 step_err=0.0207m/0.000rad track_err=0.0009m footprint=road:4.00px route=flat_bottom_center_to_bottom_left_reverse cmd_vel=(0.280,+0.001)
[gazebo_track_car-3] [INFO] [1780985351.566518424] [gazebo_track_car]: MOTION pos=(+0.270,-1.735) yaw=-3.141 v=0.279 step_err=0.0212m/0.000rad track_err=0.0064m footprint=road:4.00px route=flat_bottom_center_to_bottom_left_reverse cmd_vel=(0.279,-0.006)
[gazebo_track_car-3] [WARN] [1780985353.387348530] [gazebo_track_car]: JITTER events=3 reasons=speed_delta=0.067m/s pos=(-0.237,-1.735) step=0.0046/0.0000m yaw=0.004/0.000rad route=flat_bottom_center_to_bottom_left_reverse
[gazebo_track_car-3] [INFO] [1780985353.564392920] [gazebo_track_car]: MOTION pos=(-0.276,-1.740) yaw=+3.063 v=0.208 step_err=0.0169m/0.010rad track_err=0.0070m footprint=road:6.39px route=flat_bottom_center_to_bottom_left_reverse cmd_vel=(0.183,-0.692)
[gazebo_track_car-3] [WARN] [1780985354.767385965] [gazebo_track_car]: JITTER events=2 reasons=yaw_step_error=0.144rad pos=(-0.448,-1.725) step=0.0032/0.0145m yaw=0.016/0.160rad route=flat_bottom_center_to_bottom_left_reverse
[gazebo_track_car-3] [INFO] [1780985355.168030195] [gazebo_track_car]: route segment=flat_mid_center_to_bottom_center_reverse; previous=flat_bottom_center_to_bottom_left_reverse; distance=0.000m; decision=route/explore_coverage visit=0: flat_mid_center_to_bottom_center_reverse
[gazebo_track_car-3] [INFO] [1780985355.169965056] [gazebo_track_car]: ROUTE_PROGRESS_SYNC actual=(-0.497,-1.671) cmd_error=0.066m route_dist=0.019m yaw_error=0.276rad segment=flat_mid_center_to_bottom_center_reverse@0.060m->flat_mid_center_to_bottom_center_reverse@0.064m
[gazebo_track_car-3] [INFO] [1780985355.588638766] [gazebo_track_car]: MOTION pos=(-0.528,-1.584) yaw=+1.646 v=0.230 step_err=0.0174m/0.008rad track_err=0.0143m footprint=road:9.20px route=flat_mid_center_to_bottom_center_reverse cmd_vel=(0.234,-0.325)
[gazebo_track_car-3] [INFO] [1780985357.591785733] [gazebo_track_car]: MOTION pos=(-0.518,-1.051) yaw=+1.552 v=0.273 step_err=0.0227m/0.001rad track_err=0.0053m footprint=road:8.00px route=flat_mid_center_to_bottom_center_reverse cmd_vel=(0.274,+0.039)
[gazebo_track_car-3] [INFO] [1780985359.604618236] [gazebo_track_car]: MOTION pos=(-0.515,-0.490) yaw=+1.575 v=0.279 step_err=0.0226m/0.000rad track_err=0.0050m footprint=road:8.00px route=flat_mid_center_to_bottom_center_reverse cmd_vel=(0.279,-0.009)
[gazebo_track_car-3] [WARN] [1780985361.327273652] [gazebo_track_car]: JITTER events=9 reasons=speed_delta=0.047m/s pos=(-0.517,-0.011) step=0.0049/0.0000m yaw=0.004/0.000rad route=flat_mid_center_to_bottom_center_reverse
[gazebo_track_car-3] [INFO] [1780985361.605393227] [gazebo_track_car]: MOTION pos=(-0.522,+0.051) yaw=+1.462 v=0.199 step_err=0.0163m/0.011rad track_err=0.0080m footprint=road:9.00px route=flat_mid_center_to_bottom_center_reverse cmd_vel=(0.168,-0.733)
[gazebo_track_car-3] [INFO] [1780985362.807240173] [gazebo_track_car]: route segment=flat_mid_top_to_mid_center_reverse; previous=flat_mid_center_to_bottom_center_reverse; distance=0.019m; decision=route/wheel_nearest: flat_mid_top_to_mid_center_reverse
[gazebo_track_car-3] [INFO] [1780985362.808809821] [gazebo_track_car]: ROUTE_PROGRESS_SYNC actual=(-0.501,+0.221) cmd_error=0.060m route_dist=0.060m yaw_error=0.525rad segment=flat_mid_top_to_mid_center_reverse@0.013m->flat_mid_top_to_mid_center_reverse@0.015m
[gazebo_track_car-3] [WARN] [1780985362.809373112] [gazebo_track_car]: JITTER events=2 reasons=yaw_step_error=1.521rad,cmd_xy_error=0.0603m pos=(-0.501,+0.221) step=0.0036/0.0789m yaw=0.018/1.539rad route=flat_mid_top_to_mid_center_reverse
[gazebo_track_car-3] [INFO] [1780985363.631833791] [gazebo_track_car]: MOTION pos=(-0.350,+0.297) yaw=+0.051 v=0.229 step_err=0.0142m/0.007rad track_err=0.0173m footprint=road:7.99px route=flat_mid_top_to_mid_center_reverse cmd_vel=(0.238,-0.291)
[gazebo_track_car-3] [INFO] [1780985365.639505938] [gazebo_track_car]: MOTION pos=(+0.186,+0.283) yaw=-0.016 v=0.274 step_err=0.0224m/0.001rad track_err=0.0051m footprint=road:5.00px route=flat_mid_top_to_mid_center_reverse cmd_vel=(0.274,+0.037)
[gazebo_track_car-3] [INFO] [1780985366.830751156] [gazebo_track_car]: route segment=flat_left_mid_to_mid_top_reverse; previous=flat_mid_top_to_mid_center_reverse; distance=0.020m; decision=route/explore_coverage visit=0: flat_left_mid_to_mid_top_reverse
[gazebo_track_car-3] [INFO] [1780985367.647628993] [gazebo_track_car]: MOTION pos=(+0.742,+0.281) yaw=+0.004 v=0.278 step_err=0.0234m/0.000rad track_err=0.0058m footprint=road:6.59px route=flat_left_mid_to_mid_top_reverse cmd_vel=(0.279,-0.009)
[gazebo_track_car-3] [INFO] [1780985369.664153838] [gazebo_track_car]: MOTION pos=(+1.305,+0.282) yaw=-0.000 v=0.279 step_err=0.0229m/0.000rad track_err=0.0050m footprint=road:4.00px route=flat_left_mid_to_mid_top_reverse cmd_vel=(0.279,-0.005)
[gazebo_track_car-3] [INFO] [1780985371.668571674] [gazebo_track_car]: MOTION pos=(+1.863,+0.281) yaw=-0.002 v=0.280 step_err=0.0237m/0.000rad track_err=0.0045m footprint=road:5.00px route=flat_left_mid_to_mid_top_reverse cmd_vel=(0.279,+0.003)
[gazebo_track_car-3] [WARN] [1780985371.790924457] [gazebo_track_car]: JITTER events=4 reasons=speed_delta=0.057m/s,yaw_rate_delta=0.403rad/s pos=(+1.896,+0.282) step=0.0048/0.0000m yaw=0.003/0.000rad route=flat_left_mid_to_mid_top_reverse
[gazebo_track_car-3] [INFO] [1780985373.166771688] [gazebo_track_car]: route segment=flat_left_lower_to_mid_reverse; previous=flat_left_mid_to_mid_top_reverse; distance=0.016m; decision=route/wheel_nearest: flat_left_lower_to_mid_reverse
[gazebo_track_car-3] [INFO] [1780985373.173590016] [gazebo_track_car]: ROUTE_PROGRESS_SYNC actual=(+2.114,+0.270) cmd_error=0.066m route_dist=0.066m yaw_error=0.557rad segment=flat_left_lower_to_mid_reverse@0.010m->flat_left_lower_to_mid_reverse@0.011m
[gazebo_track_car-3] [WARN] [1780985373.174466517] [gazebo_track_car]: JITTER events=2 reasons=yaw_step_error=1.554rad,cmd_xy_error=0.0657m pos=(+2.114,+0.270) step=0.0033/0.0835m yaw=0.016/1.571rad route=flat_left_lower_to_mid_reverse
[gazebo_track_car-3] [INFO] [1780985373.673688065] [gazebo_track_car]: MOTION pos=(+2.173,+0.192) yaw=-1.364 v=0.209 step_err=0.0132m/0.010rad track_err=0.0070m footprint=road:8.59px route=flat_left_lower_to_mid_reverse cmd_vel=(0.212,-0.505)
[gazebo_track_car-3] [INFO] [1780985375.692683410] [gazebo_track_car]: MOTION pos=(+2.185,-0.328) yaw=-1.603 v=0.271 step_err=0.0253m/0.001rad track_err=0.0068m footprint=road:6.00px route=flat_left_lower_to_mid_reverse cmd_vel=(0.272,+0.050)
[gazebo_track_car-3] [INFO] [1780985377.696635387] [gazebo_track_car]: MOTION pos=(+2.179,-0.882) yaw=-1.566 v=0.279 step_err=0.0235m/0.000rad track_err=0.0048m footprint=road:6.00px route=flat_left_lower_to_mid_reverse cmd_vel=(0.279,-0.006)
[gazebo_track_car-3] [WARN] [1780985379.039349754] [gazebo_track_car]: JITTER events=6 reasons=speed_delta=0.038m/s pos=(+2.180,-1.255) step=0.0050/0.0000m yaw=0.003/0.000rad route=flat_left_lower_to_mid_reverse
[gazebo_track_car-3] [INFO] [1780985379.720666228] [gazebo_track_car]: MOTION pos=(+2.189,-1.400) yaw=-1.914 v=0.198 step_err=0.0158m/0.014rad track_err=0.0104m footprint=road:6.20px route=flat_left_lower_to_mid_reverse cmd_vel=(0.184,-0.716)
[gazebo_track_car-3] [WARN] [1780985380.120036875] [gazebo_track_car]: JITTER events=1 reasons=yaw_step_error=0.057rad pos=(+2.173,-1.476) step=0.0040/0.0198m yaw=0.014/0.071rad route=flat_left_lower_to_mid_reverse
[gazebo_track_car-3] [INFO] [1780985380.304233041] [gazebo_track_car]: route segment=flat_bottom_left_corner_reverse; previous=flat_left_lower_to_mid_reverse; distance=0.020m; decision=route/wheel_nearest: flat_bottom_left_corner_reverse
[gazebo_track_car-3] [INFO] [1780985381.724619339] [gazebo_track_car]: MOTION pos=(+1.916,-1.703) yaw=-2.919 v=0.231 step_err=0.0183m/0.008rad track_err=0.0143m footprint=road:4.00px route=flat_bottom_left_corner_reverse cmd_vel=(0.231,-0.348)
[gazebo_track_car-3] [WARN] [1780985381.820253944] [gazebo_track_car]: JITTER events=3 reasons=yaw_step_error=0.037rad pos=(+1.894,-1.710) step=0.0047/0.0243m yaw=0.007/0.043rad route=flat_bottom_left_corner_reverse
[gazebo_track_car-3] [INFO] [1780985382.009784551] [gazebo_track_car]: route segment=flat_bottom_center_to_bottom_left_reverse; previous=flat_bottom_left_corner_reverse; distance=0.023m; decision=route/wheel_nearest: flat_bottom_center_to_bottom_left_reverse
[gazebo_track_car-3] [INFO] [1780985383.720737944] [gazebo_track_car]: MOTION pos=(+1.396,-1.739) yaw=+3.121 v=0.278 step_err=0.0233m/0.000rad track_err=0.0065m footprint=road:4.00px route=flat_bottom_center_to_bottom_left_reverse cmd_vel=(0.277,+0.018)
[gazebo_track_car-3] [INFO] [1780985385.732828634] [gazebo_track_car]: MOTION pos=(+0.834,-1.734) yaw=-3.140 v=0.280 step_err=0.0215m/0.000rad track_err=0.0059m footprint=road:4.00px route=flat_bottom_center_to_bottom_left_reverse cmd_vel=(0.280,+0.001)
[gazebo_track_car-3] [INFO] [1780985387.739680407] [gazebo_track_car]: MOTION pos=(+0.276,-1.735) yaw=-3.141 v=0.279 step_err=0.0220m/0.000rad track_err=0.0006m footprint=road:4.00px route=flat_bottom_center_to_bottom_left_reverse cmd_vel=(0.279,-0.006)
[gazebo_track_car-3] [INFO] [1780985389.849685073] [gazebo_track_car]: MOTION pos=(-0.310,-1.735) yaw=+3.141 v=0.279 step_err=0.0235m/0.000rad track_err=0.0045m footprint=road:6.39px route=flat_bottom_center_to_bottom_left_reverse cmd_vel=(0.280,-0.003)
[gazebo_track_car-3] [INFO] [1780985390.652601515] [gazebo_track_car]: route segment=flat_bottom_right_to_bottom_center_reverse; previous=flat_bottom_center_to_bottom_left_reverse; distance=0.012m; decision=route/explore_coverage visit=0: flat_bottom_right_to_bottom_center_reverse
[gazebo_track_car-3] [INFO] [1780985391.875385780] [gazebo_track_car]: MOTION pos=(-0.875,-1.734) yaw=+3.141 v=0.279 step_err=0.0218m/0.000rad track_err=0.0059m footprint=road:4.20px route=flat_bottom_right_to_bottom_center_reverse cmd_vel=(0.280,+0.002)
[gazebo_track_car-3] [INFO] [1780985393.875733971] [gazebo_track_car]: MOTION pos=(-1.434,-1.734) yaw=-3.141 v=0.280 step_err=0.0229m/0.000rad track_err=0.0050m footprint=road:4.00px route=flat_bottom_right_to_bottom_center_reverse cmd_vel=(0.280,-0.002)
[gazebo_track_car-3] [WARN] [1780985394.196185381] [gazebo_track_car]: JITTER events=3 reasons=speed_delta=0.062m/s pos=(-1.523,-1.735) step=0.0047/0.0000m yaw=0.003/0.000rad route=flat_bottom_right_to_bottom_center_reverse
[gazebo_track_car-3] [WARN] [1780985395.179493383] [gazebo_track_car]: JITTER events=2 reasons=yaw_step_error=0.132rad pos=(-1.758,-1.727) step=0.0047/0.0238m yaw=0.006/0.138rad route=flat_bottom_right_to_bottom_center_reverse
[gazebo_track_car-3] [INFO] [1780985395.375166351] [gazebo_track_car]: route segment=flat_bottom_right_corner_reverse; previous=flat_bottom_right_to_bottom_center_reverse; distance=0.025m; decision=route/wheel_nearest: flat_bottom_right_corner_reverse
[gazebo_track_car-3] [INFO] [1780985395.879713540] [gazebo_track_car]: MOTION pos=(-1.924,-1.678) yaw=+2.707 v=0.249 step_err=0.0246m/0.004rad track_err=0.0027m footprint=road:3.60px route=flat_bottom_right_corner_reverse cmd_vel=(0.231,-0.340)
[gazebo_track_car-3] [WARN] [1780985396.999437266] [gazebo_track_car]: JITTER events=3 reasons=yaw_step_error=0.134rad pos=(-2.120,-1.572) step=0.0040/0.0196m yaw=0.013/0.147rad route=flat_right_mid_to_lower_reverse
[gazebo_track_car-3] [INFO] [1780985397.082012841] [gazebo_track_car]: route segment=flat_right_mid_to_lower_reverse; previous=flat_bottom_right_corner_reverse; distance=0.020m; decision=route/wheel_nearest: flat_right_mid_to_lower_reverse
[gazebo_track_car-3] [INFO] [1780985397.901527038] [gazebo_track_car]: MOTION pos=(-2.189,-1.385) yaw=+1.613 v=0.246 step_err=0.0195m/0.005rad track_err=0.0098m footprint=road:5.20px route=flat_right_mid_to_lower_reverse cmd_vel=(0.249,-0.209)
[gazebo_track_car-3] [INFO] [1780985399.903646444] [gazebo_track_car]: MOTION pos=(-2.181,-0.842) yaw=+1.559 v=0.276 step_err=0.0220m/0.001rad track_err=0.0053m footprint=road:5.00px route=flat_right_mid_to_lower_reverse cmd_vel=(0.276,+0.026)
[gazebo_track_car-3] [INFO] [1780985401.927090389] [gazebo_track_car]: MOTION pos=(-2.179,-0.279) yaw=+1.574 v=0.279 step_err=0.0234m/0.000rad track_err=0.0050m footprint=road:5.00px route=flat_right_mid_to_lower_reverse cmd_vel=(0.279,-0.008)
[gazebo_track_car-3] [WARN] [1780985402.845733327] [gazebo_track_car]: JITTER events=3 reasons=speed_delta=0.044m/s pos=(-2.180,-0.024) step=0.0049/0.0000m yaw=0.004/0.000rad route=flat_right_mid_to_lower_reverse
[gazebo_track_car-3] [INFO] [1780985403.929173123] [gazebo_track_car]: MOTION pos=(-2.193,+0.159) yaw=+0.891 v=0.143 step_err=0.0109m/0.017rad track_err=0.0140m footprint=road:9.00px route=flat_right_mid_to_lower_reverse cmd_vel=(0.123,-0.857)
[gazebo_track_car-3] [WARN] [1780985404.330829061] [gazebo_track_car]: JITTER events=3 reasons=yaw_step_error=0.137rad pos=(-2.170,+0.214) step=0.0032/0.0143m yaw=0.016/0.153rad route=flat_right_mid_to_lower_reverse
[gazebo_track_car-3] [INFO] [1780985404.727862433] [gazebo_track_car]: route segment=flat_mid_center_to_right_mid_reverse; previous=flat_right_mid_to_lower_reverse; distance=0.000m; decision=route/explore_coverage visit=0: flat_mid_center_to_right_mid_reverse
[gazebo_track_car-3] [INFO] [1780985404.747353793] [gazebo_track_car]: ROUTE_PROGRESS_SYNC actual=(-2.113,+0.265) cmd_error=0.069m route_dist=0.016m yaw_error=0.267rad segment=flat_mid_center_to_right_mid_reverse@0.064m->flat_mid_center_to_right_mid_reverse@0.067m
[gazebo_track_car-3] [INFO] [1780985405.949259762] [gazebo_track_car]: MOTION pos=(-1.829,+0.303) yaw=-0.063 v=0.272 step_err=0.0268m/0.001rad track_err=0.0220m footprint=road:6.00px route=flat_mid_center_to_right_mid_reverse cmd_vel=(0.277,-0.020)
[gazebo_track_car-3] [INFO] [1780985408.045650418] [gazebo_track_car]: MOTION pos=(-1.259,+0.280) yaw=+0.001 v=0.278 step_err=0.0209m/0.000rad track_err=0.0065m footprint=road:5.00px route=flat_mid_center_to_right_mid_reverse cmd_vel=(0.279,+0.010)
[gazebo_track_car-3] [INFO] [1780985410.068136586] [gazebo_track_car]: MOTION pos=(-0.696,+0.282) yaw=+0.001 v=0.279 step_err=0.0237m/0.000rad track_err=0.0050m footprint=road:7.99px route=flat_mid_center_to_right_mid_reverse cmd_vel=(0.279,-0.008)
[gazebo_track_car-3] [INFO] [1780985410.757152364] [gazebo_track_car]: route segment=flat_mid_top_to_mid_center_reverse; previous=flat_mid_center_to_right_mid_reverse; distance=0.010m; decision=route/explore_coverage visit=1: flat_mid_top_to_mid_center_reverse
[gazebo_track_car-3] [INFO] [1780985412.067952473] [gazebo_track_car]: MOTION pos=(-0.138,+0.282) yaw=-0.001 v=0.279 step_err=0.0218m/0.000rad track_err=0.0059m footprint=road:5.00px route=flat_mid_top_to_mid_center_reverse cmd_vel=(0.279,-0.004)
[gazebo_track_car-3] [WARN] [1780985413.310438496] [gazebo_track_car]: JITTER events=10 reasons=speed_delta=0.074m/s pos=(+0.208,+0.281) step=0.0045/0.0000m yaw=0.000/0.000rad route=flat_mid_top_to_mid_center_reverse
[gazebo_track_car-3] [INFO] [1780985414.076070161] [gazebo_track_car]: MOTION pos=(+0.336,+0.264) yaw=+0.494 v=0.132 step_err=0.0027m/0.017rad track_err=0.0242m footprint=road:2.00px route=flat_mid_top_to_mid_center_reverse cmd_vel=(0.121,+0.851)
[gazebo_track_car-3] [WARN] [1780985414.694837151] [gazebo_track_car]: JITTER events=3 reasons=yaw_step_error=0.075rad pos=(+0.420,+0.289) step=0.0031/0.0145m yaw=0.015/0.090rad route=flat_mid_top_to_mid_center_reverse
[gazebo_track_car-3] [INFO] [1780985415.181804722] [gazebo_track_car]: route segment=flat_top_center_to_mid_top_reverse; previous=flat_mid_top_to_mid_center_reverse; distance=0.017m; decision=route/explore_coverage visit=0: flat_top_center_to_mid_top_reverse
[gazebo_track_car-3] [INFO] [1780985415.194228912] [gazebo_track_car]: ROUTE_PROGRESS_SYNC actual=(+0.478,+0.359) cmd_error=0.062m route_dist=0.014m yaw_error=0.235rad segment=flat_top_center_to_mid_top_reverse@0.074m->flat_top_center_to_mid_top_reverse@0.077m
[gazebo_track_car-3] [INFO] [1780985416.096433498] [gazebo_track_car]: MOTION pos=(+0.512,+0.568) yaw=+1.607 v=0.264 step_err=0.0214m/0.002rad track_err=0.0201m footprint=road:8.79px route=flat_top_center_to_mid_top_reverse cmd_vel=(0.268,+0.080)
[gazebo_track_car-3] [INFO] [1780985418.096465832] [gazebo_track_car]: MOTION pos=(+0.491,+1.117) yaw=+1.574 v=0.276 step_err=0.0055m/0.000rad track_err=0.0326m footprint=road:7.00px route=flat_top_center_to_mid_top_reverse cmd_vel=(0.277,-0.022)
[gazebo_track_car-3] [INFO] [1780985420.122295045] [gazebo_track_car]: MOTION pos=(+0.492,+1.680) yaw=+1.569 v=0.279 step_err=0.0226m/0.000rad track_err=0.0061m footprint=road:7.00px route=flat_top_center_to_mid_top_reverse cmd_vel=(0.279,+0.004)
[gazebo_track_car-3] [WARN] [1780985420.837747989] [gazebo_track_car]: JITTER events=12 reasons=speed_delta=0.041m/s pos=(+0.492,+1.880) step=0.0049/0.0000m yaw=0.001/0.000rad route=flat_top_center_to_mid_top_reverse
[gazebo_track_car-3] [INFO] [1780985422.119266913] [gazebo_track_car]: MOTION pos=(+0.488,+2.087) yaw=+0.721 v=0.151 step_err=0.0113m/0.017rad track_err=0.0056m footprint=road:10.00px route=flat_top_center_to_mid_top_reverse cmd_vel=(0.135,-0.821)
[gazebo_track_car-3] [INFO] [1780985422.318648493] [gazebo_track_car]: route segment=flat_top_left_to_top_center_reverse; previous=flat_top_center_to_mid_top_reverse; distance=0.016m; decision=route/wheel_nearest: flat_top_left_to_top_center_reverse
[gazebo_track_car-3] [INFO] [1780985422.319992949] [gazebo_track_car]: ROUTE_PROGRESS_SYNC actual=(+0.503,+2.115) cmd_error=0.065m route_dist=0.065m yaw_error=0.551rad segment=flat_top_left_to_top_center_reverse@0.009m->flat_top_left_to_top_center_reverse@0.011m
[gazebo_track_car-3] [WARN] [1780985422.320529130] [gazebo_track_car]: JITTER events=2 reasons=yaw_step_error=1.553rad,cmd_xy_error=0.0647m pos=(+0.503,+2.115) step=0.0034/0.0829m yaw=0.018/1.571rad route=flat_top_left_to_top_center_reverse
[gazebo_track_car-3] [INFO] [1780985424.148969685] [gazebo_track_car]: MOTION pos=(+0.913,+2.195) yaw=-0.060 v=0.277 step_err=0.0221m/0.000rad track_err=0.0166m footprint=road:8.00px route=flat_top_left_to_top_center_reverse cmd_vel=(0.276,+0.029)
[gazebo_track_car-3] [INFO] [1780985426.146899255] [gazebo_track_car]: MOTION pos=(+1.462,+2.178) yaw=+0.002 v=0.279 step_err=0.0223m/0.000rad track_err=0.0060m footprint=road:8.00px route=flat_top_left_to_top_center_reverse cmd_vel=(0.279,+0.006)
[gazebo_track_car-3] [WARN] [1780985426.469444152] [gazebo_track_car]: JITTER events=6 reasons=speed_delta=0.043m/s pos=(+1.551,+2.179) step=0.0049/0.0000m yaw=0.004/0.000rad route=flat_top_left_to_top_center_reverse
[gazebo_track_car-3] [WARN] [1780985427.470723077] [gazebo_track_car]: JITTER events=1 reasons=yaw_step_error=0.132rad pos=(+1.767,+2.171) step=0.0043/0.0209m yaw=0.011/0.143rad route=flat_top_left_to_top_center_reverse
[gazebo_track_car-3] [INFO] [1780985427.650976432] [gazebo_track_car]: route segment=flat_top_left_corner_reverse; previous=flat_top_left_to_top_center_reverse; distance=0.021m; decision=route/wheel_nearest: flat_top_left_corner_reverse
[gazebo_track_car-3] [INFO] [1780985428.167620173] [gazebo_track_car]: MOTION pos=(+1.907,+2.097) yaw=-0.744 v=0.244 step_err=0.0199m/0.005rad track_err=0.0033m footprint=road:5.60px route=flat_top_left_corner_reverse cmd_vel=(0.246,-0.230)
[gazebo_track_car-3] [WARN] [1780985428.590817200] [gazebo_track_car]: JITTER events=3 reasons=speed_delta=0.033m/s pos=(+1.986,+2.027) step=0.0046/0.0000m yaw=0.007/0.000rad route=flat_top_left_corner_reverse
[gazebo_track_car-3] [WARN] [1780985429.674721070] [gazebo_track_car]: JITTER events=1 reasons=yaw_step_error=0.180rad pos=(+2.139,+1.843) step=0.0045/0.0217m yaw=0.009/0.189rad route=flat_left_mid_to_top_reverse
[gazebo_track_car-3] [INFO] [1780985429.761547720] [gazebo_track_car]: route segment=flat_left_mid_to_top_reverse; previous=flat_top_left_corner_reverse; distance=0.022m; decision=route/wheel_nearest: flat_left_mid_to_top_reverse
[gazebo_track_car-3] [INFO] [1780985430.172434933] [gazebo_track_car]: MOTION pos=(+2.174,+1.732) yaw=-1.466 v=0.239 step_err=0.0181m/0.005rad track_err=0.0069m footprint=road:6.00px route=flat_left_mid_to_top_reverse cmd_vel=(0.243,-0.254)
[gazebo_track_car-3] [INFO] [1780985432.178693013] [gazebo_track_car]: MOTION pos=(+2.182,+1.194) yaw=-1.586 v=0.277 step_err=0.0229m/0.000rad track_err=0.0055m footprint=road:6.00px route=flat_left_mid_to_top_reverse cmd_vel=(0.276,+0.023)
[gazebo_track_car-3] [INFO] [1780985434.199232723] [gazebo_track_car]: MOTION pos=(+2.179,+0.632) yaw=-1.568 v=0.280 step_err=0.0224m/0.000rad track_err=0.0056m footprint=road:7.19px route=flat_left_mid_to_top_reverse cmd_vel=(0.280,-0.003)
[gazebo_track_car-3] [INFO] [1780985435.489967061] [gazebo_track_car]: route segment=flat_left_lower_to_mid_reverse; previous=flat_left_mid_to_top_reverse; distance=0.007m; decision=route/explore_coverage visit=2: flat_left_lower_to_mid_reverse
[gazebo_track_car-3] [INFO] [1780985436.204987491] [gazebo_track_car]: MOTION pos=(+2.180,+0.074) yaw=-1.571 v=0.279 step_err=0.0209m/0.000rad track_err=0.0056m footprint=road:6.20px route=flat_left_lower_to_mid_reverse cmd_vel=(0.279,-0.006)
[gazebo_track_car-3] [INFO] [1780985438.205276265] [gazebo_track_car]: MOTION pos=(+2.180,-0.484) yaw=-1.572 v=0.280 step_err=0.0056m/0.000rad track_err=0.0282m footprint=road:6.00px route=flat_left_lower_to_mid_reverse cmd_vel=(0.280,-0.003)
[gazebo_track_car-3] [INFO] [1780985440.228117642] [gazebo_track_car]: MOTION pos=(+2.180,-1.049) yaw=-1.571 v=0.280 step_err=0.0232m/0.000rad track_err=0.0056m footprint=road:6.00px route=flat_left_lower_to_mid_reverse cmd_vel=(0.280,+0.002)
[gazebo_track_car-3] [WARN] [1780985440.949871962] [gazebo_track_car]: JITTER events=2 reasons=speed_delta=0.060m/s pos=(+2.180,-1.249) step=0.0047/0.0000m yaw=0.004/0.000rad route=flat_left_lower_to_mid_reverse
[gazebo_track_car-3] [WARN] [1780985442.133253967] [gazebo_track_car]: JITTER events=2 reasons=yaw_step_error=0.217rad pos=(+2.168,-1.490) step=0.0040/0.0185m yaw=0.014/0.231rad route=flat_bottom_left_corner_reverse
[gazebo_track_car-3] [INFO] [1780985442.227737642] [gazebo_track_car]: route segment=flat_bottom_left_corner_reverse; previous=flat_left_lower_to_mid_reverse; distance=0.020m; decision=route/wheel_nearest: flat_bottom_left_corner_reverse
[gazebo_track_car-3] [INFO] [1780985442.230769728] [gazebo_track_car]: MOTION pos=(+2.160,-1.508) yaw=-2.291 v=0.204 step_err=0.0685m/0.830rad track_err=0.0480m footprint=road:6.40px route=flat_bottom_left_corner_reverse cmd_vel=(0.202,-0.596)
[gazebo_track_car-3] [WARN] [1780985443.856575863] [gazebo_track_car]: JITTER events=2 reasons=yaw_step_error=0.133rad pos=(+1.873,-1.716) step=0.0047/0.0228m yaw=0.006/0.139rad route=flat_bottom_center_to_bottom_left_reverse
[gazebo_track_car-3] [INFO] [1780985443.936970816] [gazebo_track_car]: route segment=flat_bottom_center_to_bottom_left_reverse; previous=flat_bottom_left_corner_reverse; distance=0.024m; decision=route/wheel_nearest: flat_bottom_center_to_bottom_left_reverse
[gazebo_track_car-3] [INFO] [1780985444.250844755] [gazebo_track_car]: MOTION pos=(+1.777,-1.735) yaw=-3.082 v=0.250 step_err=0.0180m/0.004rad track_err=0.0038m footprint=road:4.39px route=flat_bottom_center_to_bottom_left_reverse cmd_vel=(0.253,-0.183)
[gazebo_track_car-3] [INFO] [1780985446.250862045] [gazebo_track_car]: MOTION pos=(+1.232,-1.736) yaw=+3.131 v=0.277 step_err=0.0249m/0.000rad track_err=0.0038m footprint=road:4.00px route=flat_bottom_center_to_bottom_left_reverse cmd_vel=(0.277,+0.019)
[gazebo_track_car-3] [INFO] [1780985448.277827654] [gazebo_track_car]: MOTION pos=(+0.669,-1.734) yaw=-3.139 v=0.280 step_err=0.0229m/0.000rad track_err=0.0050m footprint=road:4.00px route=flat_bottom_center_to_bottom_left_reverse cmd_vel=(0.279,-0.004)
[WARNING] [launch]: user interrupted with ctrl-c (SIGINT)
[WARNING] [launch]: user interrupted with ctrl-c (SIGINT) again, ignoring...
[INFO] [gazebo_track_car-3]: sending signal 'SIGINT' to process[gazebo_track_car-3]
[INFO] [gzclient   -2]: sending signal 'SIGINT' to process[gzclient   -2]
[INFO] [gzserver-1]: sending signal 'SIGINT' to process[gzserver-1]
[INFO] [gazebo_track_car-3]: process has finished cleanly [pid 38080]
[ERROR] [gzserver-1]: process has died [pid 38075, exit code -2, cmd 'gzserver /home/quocbao/my_robot_vision_full_project/my_robot_vision/mirrored_world_lab/generated/autonomous_map_3d_mirror_x_signless_full_map_rotated_pi.world                                                                      -s libgazebo_ros_init.so   -s libgazebo_ros_factory.so   -s libgazebo_ros_force_system.so       '].
[gzclient   -2] context mismatch in svga_surface_destroy
[gzclient   -2] context mismatch in svga_surface_destroy
[ERROR] [gzclient   -2]: process has died [pid 38077, exit code -2, cmd 'gzclient   '].
