[INFO] [launch]: All log files can be found below /home/quocbao/.ros/log/2026-06-08-22-41-49-350781-ubuntu-34979
[INFO] [launch]: Default logging verbosity is set to INFO
[INFO] [gzserver-1]: process started with pid [34995]
[INFO] [gazebo_track_car-2]: process started with pid [34997]
[gazebo_track_car-2] [INFO] [1780983709.946125597] [gazebo_track_car]: [MAP_TRANSFORM] image=256x256 path=/home/quocbao/my_robot_vision_full_project/my_robot_vision/models/autonomous_map_3d/materials/textures/autonomous_map_visual.png map_size=6.000x6.000m px_per_m_x=42.667 px_per_m_y=42.667 route_offset=(+0.000,+0.000)m map_visual_offset=(+0.000,+0.300)m
[gazebo_track_car-2] [INFO] [1780983710.093322686] [gazebo_track_car]: [FOOTPRINT_CHECK] samples=1588 center_off_road=0 center_outside_safe=1005 failures=0 min_footprint_clearance=3.20px footprint=front:0.165m rear:0.145m half_width:0.115m
[gazebo_track_car-2] [INFO] [1780983710.093638671] [gazebo_track_car]: [FOOTPRINT_CHECK] overlays=/tmp/gazebo_route_mask_debug.png, /tmp/gazebo_route_centerline_debug.png, /tmp/gazebo_route_footprint_debug.png
[gazebo_track_car-2] [INFO] [1780983710.182382817] [gazebo_track_car]: SAFE_ROUTE_VERSION=semantic_parking_spawn_turn_guard_v31; direction=reversed to match map arrows; clearance=12px; drive_wheels=True; route_offset=(+0.000,+0.000)m; start_distance=0.000m; route_explore=True branch_probability=0.35; sign_detection=off roi=0.08-0.82; map_visual_offset=(+0.000,+0.300)m; base_speed=0.28m/s speed_limit=0.14m/s; traffic_light=fixed state=green green=5.0s yellow=1.0s red=8.0s trigger_distance=1.70m stop_distance=0.85m min_stop=2.0s camera=off topic=/track_preview_car/camera/image_raw fill>=0.42 slow_area>=45px stop_area>=160px distance_gate=on; camera_sign_templates=5 sign_score>=0.32 sign_stable=2; wheel_controller lookahead=0.32m parking_lookahead=0.20m heading_gain=3.80 max_wz=2.80rad/s rotate_heading>1.05rad; nearest_route=True nearest_dist<=0.65m; yaw_limits=1.80rad/s/4.00rad/s2; route_rejoin=False outer_only=True cmd_error>0.30m max_route_dist=0.55m; progress_sync=True cmd_error>0.06m route_dist<=0.20m yaw<=1.20rad; initial_pose_reset=True tol=0.12m/0.35rad; segments=18; route_points=36.
[gazebo_track_car-2] [INFO] [1780983710.182657044] [gazebo_track_car]: Motion log uses /model_states and /track_preview_car/cmd_vel: MOTION every 2.00s, JITTER at most every 1.00s, verbose=False; jitter thresholds xy_step_delta=0.0060m, cmd_error=0.050m, z_delta=0.0005m, tilt=0.0030rad, speed_delta=0.030m/s, yaw_step_error=0.025rad, yaw_rate_delta=0.400rad/s.
[gzserver-1] [INFO] [1780983711.443010194] [track_preview_car.front_camera_controller]: Publishing camera info to [/track_preview_car/camera/camera_info]
[gzserver-1] [INFO] [1780983711.455346271] [gazebo_ros_state]: Publishing states of gazebo models at [/model_states]
[gzserver-1] [INFO] [1780983711.455739011] [gazebo_ros_state]: Publishing states of gazebo links at [/link_states]
[gzserver-1] [INFO] [1780983711.470544942] [track_preview_car.track_preview_car_diff_drive]: Wheel pair 1 separation set to [0.176000m]
[gzserver-1] [INFO] [1780983711.471084870] [track_preview_car.track_preview_car_diff_drive]: Wheel pair 1 diameter set to [0.060000m]
[gzserver-1] [INFO] [1780983711.471722882] [track_preview_car.track_preview_car_diff_drive]: Subscribed to [/track_preview_car/cmd_vel]
[gzserver-1] [INFO] [1780983711.472535153] [track_preview_car.track_preview_car_diff_drive]: Advertise odometry on [/track_preview_car/odom]
[gazebo_track_car-2] [INFO] [1780983711.501773161] [gazebo_track_car]: initial pose reset to configured route start; actual=(+1.828,+2.180) yaw=+0.000 target=(+2.180,+1.805) yaw=-1.571 error=0.514m/1.571rad segment=flat_left_mid_to_top_reverse
[gazebo_track_car-2] [INFO] [1780983711.546292055] [gazebo_track_car]: traffic light is now GREEN.
[gazebo_track_car-2] [WARN] [1780983711.546908327] [gazebo_track_car]: Waiting for /model_states pose before publishing wheel commands.
[gazebo_track_car-2] [INFO] [1780983711.853260529] [gazebo_track_car]: wheel controller synced route progress from initial model pose; segment=flat_left_mid_to_top_reverse@0.000m route_dist=0.000m startup_gate=1.250m
[gazebo_track_car-2] [INFO] [1780983713.563840256] [gazebo_track_car]: MOTION pos=(+2.180,+1.364) yaw=-1.571 v=0.280 step_err=0.0232m/0.000rad track_err=0.0053m footprint=road:6.00px route=flat_left_mid_to_top_reverse cmd_vel=(0.280,-0.000)
[gazebo_track_car-2] [INFO] [1780983715.586778454] [gazebo_track_car]: MOTION pos=(+2.180,+0.798) yaw=-1.571 v=0.280 step_err=0.0218m/0.000rad track_err=0.0059m footprint=road:6.00px route=flat_left_mid_to_top_reverse cmd_vel=(0.280,+0.000)
[gazebo_track_car-2] [INFO] [1780983717.478418813] [gazebo_track_car]: route segment=flat_left_lower_to_mid_reverse; previous=flat_left_mid_to_top_reverse; distance=0.009m; decision=route/default: flat_left_lower_to_mid_reverse
[gazebo_track_car-2] [INFO] [1780983717.586728900] [gazebo_track_car]: MOTION pos=(+2.180,+0.238) yaw=-1.571 v=0.280 step_err=0.0235m/0.000rad track_err=0.0050m footprint=road:9.20px route=flat_left_lower_to_mid_reverse cmd_vel=(0.280,-0.000)
[gazebo_track_car-2] [INFO] [1780983719.588947289] [gazebo_track_car]: MOTION pos=(+2.180,-0.321) yaw=-1.571 v=0.280 step_err=0.0221m/0.000rad track_err=0.0059m footprint=road:6.00px route=flat_left_lower_to_mid_reverse cmd_vel=(0.280,-0.000)
[gazebo_track_car-2] [INFO] [1780983721.613516296] [gazebo_track_car]: MOTION pos=(+2.180,-0.887) yaw=-1.571 v=0.280 step_err=0.0232m/0.000rad track_err=0.0053m footprint=road:6.00px route=flat_left_lower_to_mid_reverse cmd_vel=(0.280,+0.000)
[gazebo_track_car-2] [INFO] [1780983723.613087214] [gazebo_track_car]: MOTION pos=(+2.188,-1.401) yaw=-1.915 v=0.192 step_err=0.0162m/0.013rad track_err=0.0095m footprint=road:6.20px route=flat_left_lower_to_mid_reverse cmd_vel=(0.184,-0.718)
[gazebo_track_car-2] [WARN] [1780983724.012364159] [gazebo_track_car]: JITTER events=4 reasons=yaw_step_error=0.073rad pos=(+2.172,-1.478) step=0.0040/0.0205m yaw=0.013/0.086rad route=flat_left_lower_to_mid_reverse
[gazebo_track_car-2] [INFO] [1780983724.211806071] [gazebo_track_car]: route segment=flat_bottom_left_corner_reverse; previous=flat_left_lower_to_mid_reverse; distance=0.020m; decision=route/wheel_nearest: flat_bottom_left_corner_reverse
[gazebo_track_car-2] [INFO] [1780983725.634233229] [gazebo_track_car]: MOTION pos=(+1.911,-1.705) yaw=-2.922 v=0.228 step_err=0.0177m/0.008rad track_err=0.0136m footprint=road:4.00px route=flat_bottom_left_corner_reverse cmd_vel=(0.230,-0.357)
[gazebo_track_car-2] [WARN] [1780983725.734682802] [gazebo_track_car]: JITTER events=3 reasons=yaw_step_error=0.063rad pos=(+1.889,-1.712) step=0.0047/0.0233m yaw=0.007/0.070rad route=flat_bottom_left_corner_reverse
[gazebo_track_car-2] [INFO] [1780983725.922121644] [gazebo_track_car]: route segment=flat_bottom_center_to_bottom_left_reverse; previous=flat_bottom_left_corner_reverse; distance=0.024m; decision=route/wheel_nearest: flat_bottom_center_to_bottom_left_reverse
[gazebo_track_car-2] [INFO] [1780983727.638305347] [gazebo_track_car]: MOTION pos=(+1.390,-1.739) yaw=+3.120 v=0.277 step_err=0.0213m/0.000rad track_err=0.0075m footprint=road:4.00px route=flat_bottom_center_to_bottom_left_reverse cmd_vel=(0.277,+0.021)
[gazebo_track_car-2] [INFO] [1780983729.642328050] [gazebo_track_car]: MOTION pos=(+0.834,-1.734) yaw=-3.140 v=0.279 step_err=0.0221m/0.000rad track_err=0.0006m footprint=road:4.00px route=flat_bottom_center_to_bottom_left_reverse cmd_vel=(0.280,+0.001)
[gazebo_track_car-2] [INFO] [1780983731.665151973] [gazebo_track_car]: MOTION pos=(+0.271,-1.735) yaw=-3.141 v=0.279 step_err=0.0220m/0.000rad track_err=0.0053m footprint=road:4.00px route=flat_bottom_center_to_bottom_left_reverse cmd_vel=(0.279,-0.006)
[gazebo_track_car-2] [WARN] [1780983733.403656374] [gazebo_track_car]: JITTER events=3 reasons=speed_delta=0.060m/s,yaw_rate_delta=0.423rad/s pos=(-0.214,-1.735) step=0.0048/0.0000m yaw=0.004/0.000rad route=flat_bottom_center_to_bottom_left_reverse
[gazebo_track_car-2] [INFO] [1780983733.685184825] [gazebo_track_car]: MOTION pos=(-0.279,-1.740) yaw=+3.052 v=0.206 step_err=0.0168m/0.010rad track_err=0.0075m footprint=road:6.39px route=flat_bottom_center_to_bottom_left_reverse cmd_vel=(0.182,-0.703)
[gazebo_track_car-2] [INFO] [1780983734.873583581] [gazebo_track_car]: route segment=flat_mid_center_to_bottom_center_reverse; previous=flat_bottom_center_to_bottom_left_reverse; distance=0.017m; decision=route/wheel_nearest: flat_mid_center_to_bottom_center_reverse
[gazebo_track_car-2] [INFO] [1780983734.885362888] [gazebo_track_car]: ROUTE_PROGRESS_SYNC actual=(-0.452,-1.722) cmd_error=0.064m route_dist=0.063m yaw_error=0.541rad segment=flat_mid_center_to_bottom_center_reverse@0.010m->flat_mid_center_to_bottom_center_reverse@0.012m
[gazebo_track_car-2] [WARN] [1780983734.885905010] [gazebo_track_car]: JITTER events=3 reasons=yaw_step_error=1.554rad,cmd_xy_error=0.0635m pos=(-0.452,-1.722) step=0.0034/0.0819m yaw=0.017/1.571rad route=flat_mid_center_to_bottom_center_reverse
[gazebo_track_car-2] [INFO] [1780983735.689433391] [gazebo_track_car]: MOTION pos=(-0.529,-1.577) yaw=+1.637 v=0.230 step_err=0.0169m/0.007rad track_err=0.0138m footprint=road:9.20px route=flat_mid_center_to_bottom_center_reverse cmd_vel=(0.236,-0.311)
[gazebo_track_car-2] [INFO] [1780983737.689833294] [gazebo_track_car]: MOTION pos=(-0.517,-1.043) yaw=+1.553 v=0.273 step_err=0.0224m/0.001rad track_err=0.0055m footprint=road:8.00px route=flat_mid_center_to_bottom_center_reverse cmd_vel=(0.274,+0.038)
[gazebo_track_car-2] [INFO] [1780983739.699305761] [gazebo_track_car]: MOTION pos=(-0.515,-0.481) yaw=+1.575 v=0.279 step_err=0.0217m/0.000rad track_err=0.0059m footprint=road:8.00px route=flat_mid_center_to_bottom_center_reverse cmd_vel=(0.279,-0.009)
[gazebo_track_car-2] [WARN] [1780983741.444548628] [gazebo_track_car]: JITTER events=5 reasons=speed_delta=0.054m/s,yaw_rate_delta=0.403rad/s pos=(-0.517,+0.002) step=0.0047/0.0000m yaw=0.005/0.000rad route=flat_mid_center_to_bottom_center_reverse
[gazebo_track_car-2] [INFO] [1780983741.719957174] [gazebo_track_car]: MOTION pos=(-0.524,+0.061) yaw=+1.429 v=0.190 step_err=0.0158m/0.012rad track_err=0.0094m footprint=road:9.00px route=flat_mid_center_to_bottom_center_reverse cmd_vel=(0.151,-0.767)
[gazebo_track_car-2] [WARN] [1780983742.822317312] [gazebo_track_car]: JITTER events=1 reasons=yaw_step_error=0.130rad pos=(-0.506,+0.213) step=0.0032/0.0146m yaw=0.016/0.147rad route=flat_mid_top_to_mid_center_reverse
[gazebo_track_car-2] [INFO] [1780983742.914549856] [gazebo_track_car]: route segment=flat_mid_top_to_mid_center_reverse; previous=flat_mid_center_to_bottom_center_reverse; distance=0.024m; decision=route/wheel_nearest: flat_mid_top_to_mid_center_reverse
[gazebo_track_car-2] [INFO] [1780983743.721119711] [gazebo_track_car]: MOTION pos=(-0.343,+0.298) yaw=+0.044 v=0.235 step_err=0.0193m/0.006rad track_err=0.0170m footprint=road:7.59px route=flat_mid_top_to_mid_center_reverse cmd_vel=(0.240,-0.282)
[gazebo_track_car-2] [INFO] [1780983745.838787527] [gazebo_track_car]: MOTION pos=(+0.220,+0.282) yaw=-0.013 v=0.275 step_err=0.0225m/0.001rad track_err=0.0050m footprint=road:5.00px route=flat_mid_top_to_mid_center_reverse cmd_vel=(0.275,+0.033)
[gazebo_track_car-2] [WARN] [1780983746.259256394] [gazebo_track_car]: JITTER events=3 reasons=speed_delta=0.130m/s pos=(+0.335,+0.280) step=0.0042/0.0000m yaw=0.000/0.000rad route=flat_mid_top_to_mid_center_reverse
[gazebo_track_car-2] [WARN] [1780983747.239976123] [gazebo_track_car]: JITTER events=33 reasons=yaw_step_error=0.821rad pos=(+0.454,+0.290) step=0.0034/0.0100m yaw=0.017/0.838rad route=flat_mid_top_to_mid_center_reverse
[gazebo_track_car-2] [INFO] [1780983747.536268154] [gazebo_track_car]: route segment=flat_left_mid_to_mid_top_reverse; previous=flat_mid_top_to_mid_center_reverse; distance=0.007m; decision=route/explore_branch visit=0: flat_left_mid_to_mid_top_reverse
[gazebo_track_car-2] [INFO] [1780983747.636994780] [gazebo_track_car]: route segment=flat_top_center_to_mid_top_reverse; previous=flat_left_mid_to_mid_top_reverse; distance=0.003m; decision=route/default: flat_top_center_to_mid_top_reverse
[gazebo_track_car-2] [INFO] [1780983747.737668345] [gazebo_track_car]: route segment=flat_left_mid_to_mid_top_reverse; previous=flat_top_center_to_mid_top_reverse; distance=0.024m; decision=route/wheel_nearest: flat_left_mid_to_mid_top_reverse
[gazebo_track_car-2] [INFO] [1780983747.837838807] [gazebo_track_car]: MOTION pos=(+0.523,+0.312) yaw=+0.310 v=0.157 step_err=0.0031m/0.022rad track_err=0.0317m footprint=road:5.00px route=flat_left_mid_to_mid_top_reverse cmd_vel=(0.128,-0.994)
[gazebo_track_car-2] [INFO] [1780983748.138886901] [gazebo_track_car]: ROUTE_PROGRESS_SYNC actual=(+0.568,+0.340) cmd_error=0.061m route_dist=0.059m yaw_error=0.066rad segment=flat_left_mid_to_mid_top_reverse@0.055m->flat_left_mid_to_mid_top_reverse@0.076m
[gazebo_track_car-2] [WARN] [1780983748.258846756] [gazebo_track_car]: JITTER events=33 reasons=cmd_xy_error=0.0652m pos=(+0.592,+0.346) step=0.0041/0.0201m yaw=0.011/0.000rad route=flat_left_mid_to_mid_top_reverse
[gazebo_track_car-2] [INFO] [1780983749.965586380] [gazebo_track_car]: MOTION pos=(+1.019,+0.293) yaw=-0.077 v=0.259 step_err=0.0210m/0.003rad track_err=0.0148m footprint=road:6.39px route=flat_left_mid_to_mid_top_reverse cmd_vel=(0.261,+0.124)
[gazebo_track_car-2] [INFO] [1780983751.967213107] [gazebo_track_car]: MOTION pos=(+1.565,+0.280) yaw=+0.009 v=0.278 step_err=0.0220m/0.000rad track_err=0.0055m footprint=road:4.00px route=flat_left_mid_to_mid_top_reverse cmd_vel=(0.278,-0.011)
[gazebo_track_car-2] [WARN] [1780983753.187840389] [gazebo_track_car]: JITTER events=47 reasons=speed_delta=0.038m/s pos=(+1.902,+0.282) step=0.0048/0.0000m yaw=0.004/0.000rad route=flat_left_mid_to_mid_top_reverse
[gazebo_track_car-2] [INFO] [1780983753.968309693] [gazebo_track_car]: MOTION pos=(+2.031,+0.298) yaw=-0.522 v=0.133 step_err=0.0104m/0.016rad track_err=0.0175m footprint=road:10.19px route=flat_left_mid_to_mid_top_reverse cmd_vel=(0.118,-0.869)
[gazebo_track_car-2] [INFO] [1780983754.567669783] [gazebo_track_car]: route segment=flat_left_lower_to_mid_reverse; previous=flat_left_mid_to_mid_top_reverse; distance=0.016m; decision=route/wheel_nearest: flat_left_lower_to_mid_reverse
[gazebo_track_car-2] [INFO] [1780983754.585452995] [gazebo_track_car]: ROUTE_PROGRESS_SYNC actual=(+2.116,+0.270) cmd_error=0.063m route_dist=0.063m yaw_error=0.539rad segment=flat_left_lower_to_mid_reverse@0.010m->flat_left_lower_to_mid_reverse@0.012m
[gazebo_track_car-2] [WARN] [1780983754.586019702] [gazebo_track_car]: JITTER events=1 reasons=yaw_step_error=1.554rad,cmd_xy_error=0.0632m pos=(+2.116,+0.270) step=0.0033/0.0838m yaw=0.016/1.571rad route=flat_left_lower_to_mid_reverse
[gazebo_track_car-2] [INFO] [1780983755.991403101] [gazebo_track_car]: MOTION pos=(+2.202,-0.026) yaw=-1.621 v=0.267 step_err=0.0204m/0.002rad track_err=0.0226m footprint=road:7.00px route=flat_left_lower_to_mid_reverse cmd_vel=(0.271,-0.061)
[gazebo_track_car-2] [INFO] [1780983757.992548838] [gazebo_track_car]: MOTION pos=(+2.179,-0.574) yaw=-1.573 v=0.276 step_err=0.0224m/0.000rad track_err=0.0053m footprint=road:6.00px route=flat_left_lower_to_mid_reverse cmd_vel=(0.277,+0.017)
[gazebo_track_car-2] [INFO] [1780983760.013243403] [gazebo_track_car]: MOTION pos=(+2.180,-1.137) yaw=-1.569 v=0.279 step_err=0.0223m/0.000rad track_err=0.0050m footprint=road:6.00px route=flat_left_lower_to_mid_reverse cmd_vel=(0.279,-0.008)
[gazebo_track_car-2] [WARN] [1780983760.434843006] [gazebo_track_car]: JITTER events=5 reasons=speed_delta=0.041m/s pos=(+2.180,-1.253) step=0.0049/0.0000m yaw=0.003/0.000rad route=flat_left_lower_to_mid_reverse
[gazebo_track_car-2] [WARN] [1780983761.517331911] [gazebo_track_car]: JITTER events=1 reasons=yaw_step_error=0.027rad pos=(+2.174,-1.474) step=0.0040/0.0193m yaw=0.014/0.041rad route=flat_left_lower_to_mid_reverse
[gazebo_track_car-2] [INFO] [1780983761.705847564] [gazebo_track_car]: route segment=flat_bottom_left_corner_reverse; previous=flat_left_lower_to_mid_reverse; distance=0.020m; decision=route/wheel_nearest: flat_bottom_left_corner_reverse
[gazebo_track_car-2] [INFO] [1780983762.018227631] [gazebo_track_car]: MOTION pos=(+2.122,-1.563) yaw=-2.460 v=0.218 step_err=0.0145m/0.009rad track_err=0.0132m footprint=road:5.60px route=flat_bottom_left_corner_reverse cmd_vel=(0.222,-0.422)
[gazebo_track_car-2] [WARN] [1780983763.319853947] [gazebo_track_car]: JITTER events=3 reasons=yaw_step_error=0.137rad pos=(+1.874,-1.716) step=0.0047/0.0236m yaw=0.006/0.144rad route=flat_bottom_center_to_bottom_left_reverse
[gazebo_track_car-2] [INFO] [1780983763.413483391] [gazebo_track_car]: route segment=flat_bottom_center_to_bottom_left_reverse; previous=flat_bottom_left_corner_reverse; distance=0.025m; decision=route/wheel_nearest: flat_bottom_center_to_bottom_left_reverse
[gazebo_track_car-2] [INFO] [1780983764.018419117] [gazebo_track_car]: MOTION pos=(+1.701,-1.741) yaw=-3.127 v=0.261 step_err=0.0203m/0.003rad track_err=0.0064m footprint=road:4.00px route=flat_bottom_center_to_bottom_left_reverse cmd_vel=(0.264,-0.108)
[gazebo_track_car-2] [INFO] [1780983766.043627930] [gazebo_track_car]: MOTION pos=(+1.144,-1.735) yaw=+3.136 v=0.278 step_err=0.0222m/0.000rad track_err=0.0056m footprint=road:4.00px route=flat_bottom_center_to_bottom_left_reverse cmd_vel=(0.278,+0.014)
[gazebo_track_car-2] [INFO] [1780983768.043134257] [gazebo_track_car]: MOTION pos=(+0.586,-1.734) yaw=-3.139 v=0.279 step_err=0.0229m/0.000rad track_err=0.0050m footprint=road:4.00px route=flat_bottom_center_to_bottom_left_reverse cmd_vel=(0.279,-0.007)
[gazebo_track_car-2] [INFO] [1780983770.045612098] [gazebo_track_car]: MOTION pos=(+0.029,-1.735) yaw=+3.141 v=0.279 step_err=0.0215m/0.000rad track_err=0.0059m footprint=road:4.00px route=flat_bottom_center_to_bottom_left_reverse cmd_vel=(0.279,-0.005)
[gazebo_track_car-2] [WARN] [1780983770.988227405] [gazebo_track_car]: JITTER events=2 reasons=speed_delta=0.075m/s pos=(-0.233,-1.735) step=0.0046/0.0000m yaw=0.003/0.000rad route=flat_bottom_center_to_bottom_left_reverse
[gazebo_track_car-2] [INFO] [1780983772.068011494] [gazebo_track_car]: MOTION pos=(-0.405,-1.745) yaw=+2.396 v=0.142 step_err=0.0108m/0.017rad track_err=0.0120m footprint=road:10.00px route=flat_bottom_center_to_bottom_left_reverse cmd_vel=(0.127,-0.844)
[gazebo_track_car-2] [WARN] [1780983772.368745058] [gazebo_track_car]: JITTER events=2 reasons=yaw_step_error=0.091rad pos=(-0.446,-1.727) step=0.0032/0.0141m yaw=0.016/0.107rad route=flat_mid_center_to_bottom_center_reverse
[gazebo_track_car-2] [INFO] [1780983772.454721648] [gazebo_track_car]: route segment=flat_mid_center_to_bottom_center_reverse; previous=flat_bottom_center_to_bottom_left_reverse; distance=0.023m; decision=route/wheel_nearest: flat_mid_center_to_bottom_center_reverse
[gazebo_track_car-2] [INFO] [1780983774.072608462] [gazebo_track_car]: MOTION pos=(-0.535,-1.358) yaw=+1.509 v=0.276 step_err=0.0223m/0.000rad track_err=0.0200m footprint=road:8.00px route=flat_mid_center_to_bottom_center_reverse cmd_vel=(0.280,+0.001)
[gazebo_track_car-2] [INFO] [1780983776.090800262] [gazebo_track_car]: MOTION pos=(-0.514,-0.804) yaw=+1.572 v=0.278 step_err=0.0181m/0.000rad track_err=0.0101m footprint=road:8.00px route=flat_mid_center_to_bottom_center_reverse cmd_vel=(0.279,+0.009)
[gazebo_track_car-2] [INFO] [1780983778.096653599] [gazebo_track_car]: MOTION pos=(-0.516,-0.246) yaw=+1.572 v=0.279 step_err=0.0215m/0.000rad track_err=0.0061m footprint=road:8.00px route=flat_mid_center_to_bottom_center_reverse cmd_vel=(0.279,-0.008)
[gazebo_track_car-2] [WARN] [1780983778.917661751] [gazebo_track_car]: JITTER events=4 reasons=speed_delta=0.040m/s pos=(-0.517,-0.018) step=0.0049/0.0000m yaw=0.003/0.000rad route=flat_mid_center_to_bottom_center_reverse
[WARNING] [launch]: user interrupted with ctrl-c (SIGINT)
[INFO] [gazebo_track_car-2]: sending signal 'SIGINT' to process[gazebo_track_car-2]
[INFO] [gzserver-1]: sending signal 'SIGINT' to process[gzserver-1]
[INFO] [gazebo_track_car-2]: process has finished cleanly [pid 34997]
[ERROR] [gzserver-1]: process has died [pid 34995, exit code -2, cmd 'gzserver /home/quocbao/my_robot_vision_full_project/my_robot_vision/mirrored_world_lab/generated/autonomous_map_3d_mirror_x_signless_full_map_rotated_pi.world                                                                      -s libgazebo_ros_init.so   -s libgazebo_ros_factory.so   -s libgazebo_ros_force_system.so       '].
