[INFO] [launch]: All log files can be found below /home/quocbao/.ros/log/2026-06-08-21-18-49-751621-ubuntu-27115
[INFO] [launch]: Default logging verbosity is set to INFO
[INFO] [gzserver-1]: process started with pid [27117]
[INFO] [gazebo_track_car-2]: process started with pid [27119]
[gazebo_track_car-2] [INFO] [1780978730.585659802] [gazebo_track_car]: [MAP_TRANSFORM] image=256x256 path=/home/quocbao/my_robot_vision_full_project/my_robot_vision/models/autonomous_map_3d_mirror_x/materials/textures/autonomous_map_visual.png map_size=6.000x6.000m px_per_m_x=42.667 px_per_m_y=42.667 route_offset=(+0.000,+0.000)m map_visual_offset=(+0.000,+0.300)m
[gazebo_track_car-2] [INFO] [1780978730.716922196] [gazebo_track_car]: [FOOTPRINT_CHECK] samples=1588 center_off_road=0 center_outside_safe=1005 failures=0 min_footprint_clearance=3.60px footprint=front:0.165m rear:0.145m half_width:0.115m
[gazebo_track_car-2] [INFO] [1780978730.717199258] [gazebo_track_car]: [FOOTPRINT_CHECK] overlays=/tmp/gazebo_route_mask_debug.png, /tmp/gazebo_route_centerline_debug.png, /tmp/gazebo_route_footprint_debug.png
[gazebo_track_car-2] [INFO] [1780978730.796666879] [gazebo_track_car]: SAFE_ROUTE_VERSION=semantic_parking_spawn_turn_guard_v31; direction=texture point order; clearance=12px; drive_wheels=True; route_offset=(+0.000,+0.000)m; start_distance=0.000m; route_explore=True branch_probability=0.35; sign_detection=off roi=0.08-0.82; map_visual_offset=(+0.000,+0.300)m; base_speed=0.28m/s speed_limit=0.14m/s; traffic_light=fixed state=green green=5.0s yellow=1.0s red=8.0s trigger_distance=1.70m stop_distance=0.85m min_stop=2.0s camera=off topic=/track_preview_car/camera/image_raw fill>=0.42 slow_area>=45px stop_area>=160px distance_gate=on; camera_sign_templates=5 sign_score>=0.32 sign_stable=2; wheel_controller lookahead=0.32m parking_lookahead=0.20m heading_gain=3.80 max_wz=2.80rad/s rotate_heading>1.05rad; yaw_limits=1.80rad/s/4.00rad/s2; route_rejoin=False outer_only=True cmd_error>0.30m max_route_dist=0.55m; progress_sync=True cmd_error>0.06m route_dist<=0.20m yaw<=1.20rad; initial_pose_reset=False tol=0.12m/0.35rad; segments=18; route_points=36.
[gazebo_track_car-2] [INFO] [1780978730.796976652] [gazebo_track_car]: Motion log uses /model_states and /track_preview_car/cmd_vel: MOTION every 2.00s, JITTER at most every 1.00s, verbose=False; jitter thresholds xy_step_delta=0.0060m, cmd_error=0.050m, z_delta=0.0005m, tilt=0.0030rad, speed_delta=0.030m/s, yaw_step_error=0.025rad, yaw_rate_delta=0.400rad/s.
[gzserver-1] [INFO] [1780978732.154882154] [track_preview_car.front_camera_controller]: Publishing camera info to [/track_preview_car/camera/camera_info]
[gzserver-1] [INFO] [1780978732.169009800] [gazebo_ros_state]: Publishing states of gazebo models at [/model_states]
[gzserver-1] [INFO] [1780978732.169381591] [gazebo_ros_state]: Publishing states of gazebo links at [/link_states]
[gzserver-1] [INFO] [1780978732.186825943] [track_preview_car.track_preview_car_diff_drive]: Wheel pair 1 separation set to [0.176000m]
[gzserver-1] [INFO] [1780978732.186884193] [track_preview_car.track_preview_car_diff_drive]: Wheel pair 1 diameter set to [0.060000m]
[gzserver-1] [INFO] [1780978732.187443176] [track_preview_car.track_preview_car_diff_drive]: Subscribed to [/track_preview_car/cmd_vel]
[gzserver-1] [INFO] [1780978732.188254984] [track_preview_car.track_preview_car_diff_drive]: Advertise odometry on [/track_preview_car/odom]
[gazebo_track_car-2] [INFO] [1780978732.217619256] [gazebo_track_car]: wheel controller synced route progress from initial model pose; segment=flat_top_center_to_top_right@2.297m route_dist=0.023m startup_gate=1.250m
[gazebo_track_car-2] [INFO] [1780978732.259725651] [gazebo_track_car]: traffic light is now GREEN.
[gazebo_track_car-2] [INFO] [1780978732.359899068] [gazebo_track_car]: route segment=flat_top_right_corner; previous=flat_top_center_to_top_right; distance=0.004m; decision=route/explore_branch visit=0: flat_top_right_corner
[gazebo_track_car-2] [INFO] [1780978733.279529530] [gazebo_track_car]: ROUTE_PROGRESS_SYNC actual=(+1.923,+2.210) cmd_error=0.106m route_dist=0.105m yaw_error=0.585rad segment=flat_top_right_corner@0.074m->flat_top_right_corner@0.062m
[gazebo_track_car-2] [WARN] [1780978733.280031605] [gazebo_track_car]: JITTER events=42 reasons=cmd_xy_error=0.1055m pos=(+1.923,+2.210) step=0.0042/0.0083m yaw=0.011/0.000rad route=flat_top_right_corner
[gazebo_track_car-2] [INFO] [1780978734.281148742] [gazebo_track_car]: MOTION pos=(+1.948,+2.068) yaw=-1.268 v=0.170 step_err=0.0126m/0.016rad track_err=0.0363m footprint=road:3.60px route=flat_top_right_corner cmd_vel=(0.154,+0.935)
[gazebo_track_car-2] [WARN] [1780978734.301461386] [gazebo_track_car]: JITTER events=40 reasons=yaw_rate_delta=0.937rad/s pos=(+1.948,+2.064) step=0.0034/0.0000m yaw=0.005/0.000rad route=flat_top_right_corner
[gazebo_track_car-2] [INFO] [1780978735.081243578] [gazebo_track_car]: ROUTE_PROGRESS_SYNC actual=(+1.977,+1.961) cmd_error=0.061m route_dist=0.032m yaw_error=0.507rad segment=flat_top_right_corner@0.327m->flat_top_right_corner@0.276m
[gazebo_track_car-2] [WARN] [1780978735.159871577] [gazebo_track_car]: GAZEBO_FOOTPRINT_OFFROAD actual pose=(+1.9808,+1.9539) yaw=-1.3251 origin_pixel=(212.5,44.6) min_clearance=0.00px cmd_error=0.0360m/0.540rad
[gazebo_track_car-2] [WARN] [1780978735.442517412] [gazebo_track_car]: JITTER events=19 reasons=cmd_xy_error=0.0527m pos=(+2.003,+1.911) step=0.0039/0.0000m yaw=0.013/0.000rad route=flat_top_right_corner
[gazebo_track_car-2] [INFO] [1780978736.083428951] [gazebo_track_car]: ROUTE_PROGRESS_SYNC actual=(+2.009,+1.809) cmd_error=0.118m route_dist=0.118m yaw_error=0.796rad segment=flat_top_right_corner@0.401m->flat_top_right_corner@0.407m
[gazebo_track_car-2] [WARN] [1780978736.084036004] [gazebo_track_car]: GAZEBO_FOOTPRINT_OFFROAD actual pose=(+2.0091,+1.8090) yaw=-1.5811 origin_pixel=(213.7,50.8) min_clearance=0.00px cmd_error=0.1176m/0.796rad
[gazebo_track_car-2] [INFO] [1780978736.285499391] [gazebo_track_car]: MOTION pos=(+2.008,+1.784) yaw=-1.564 v=0.190 step_err=0.0014m/0.015rad track_err=0.1359m footprint=OFFROAD:0.00px route=flat_top_right_corner cmd_vel=(0.050,+1.213)
[gazebo_track_car-2] [WARN] [1780978736.383722830] [gazebo_track_car]: JITTER events=47 reasons=cmd_xy_error=0.1460m pos=(+2.013,+1.765) step=0.0040/0.0241m yaw=0.013/0.000rad route=flat_top_right_corner
[gazebo_track_car-2] [WARN] [1780978737.102570660] [gazebo_track_car]: GAZEBO_FOOTPRINT_OFFROAD actual pose=(+1.9782,+1.6767) yaw=-1.2511 origin_pixel=(212.4,56.5) min_clearance=0.00px cmd_error=0.2350m/0.116rad
[gazebo_track_car-2] [INFO] [1780978737.387056956] [gazebo_track_car]: route segment=flat_right_top_to_mid; previous=flat_top_right_corner; distance=0.009m; decision=route/default: flat_right_top_to_mid
[gazebo_track_car-2] [WARN] [1780978737.387790017] [gazebo_track_car]: JITTER events=50 reasons=yaw_step_error=0.028rad,speed_delta=0.041m/s,cmd_xy_error=0.2529m pos=(+1.975,+1.647) step=0.0020/0.0098m yaw=0.036/0.008rad route=flat_right_top_to_mid
[gazebo_track_car-2] [INFO] [1780978737.429398186] [gazebo_track_car]: ROUTE_PROGRESS_SYNC actual=(+1.981,+1.648) cmd_error=0.247m route_dist=0.198m yaw_error=0.379rad segment=flat_right_top_to_mid@0.009m->flat_right_top_to_mid@0.156m
[gazebo_track_car-2] [WARN] [1780978738.209634078] [gazebo_track_car]: GAZEBO_FOOTPRINT_OFFROAD actual pose=(+2.0321,+1.5515) yaw=-1.7500 origin_pixel=(214.7,61.8) min_clearance=0.00px cmd_error=0.1479m/0.179rad
[gazebo_track_car-2] [INFO] [1780978738.306774937] [gazebo_track_car]: MOTION pos=(+2.025,+1.538) yaw=-1.682 v=0.152 step_err=0.0206m/0.026rad track_err=0.1545m footprint=OFFROAD:0.00px route=flat_right_top_to_mid cmd_vel=(0.112,+1.155)
[gazebo_track_car-2] [WARN] [1780978738.407929014] [gazebo_track_car]: JITTER events=51 reasons=yaw_step_error=0.026rad,cmd_xy_error=0.1653m pos=(+2.014,+1.527) step=0.0030/0.0111m yaw=0.026/0.000rad route=flat_right_top_to_mid
[gazebo_track_car-2] [INFO] [1780978738.605868291] [gazebo_track_car]: ROUTE_PROGRESS_SYNC actual=(+2.021,+1.490) cmd_error=0.158m route_dist=0.158m yaw_error=0.068rad segment=flat_right_top_to_mid@0.308m->flat_right_top_to_mid@0.315m
[gazebo_track_car-2] [WARN] [1780978739.209808642] [gazebo_track_car]: GAZEBO_FOOTPRINT_OFFROAD actual pose=(+2.0088,+1.3946) yaw=-1.7023 origin_pixel=(213.7,68.5) min_clearance=0.00px cmd_error=0.1709m/0.131rad
[gazebo_track_car-2] [WARN] [1780978739.406991152] [gazebo_track_car]: JITTER events=50 reasons=cmd_xy_error=0.1795m pos=(+2.000,+1.374) step=0.0036/0.0134m yaw=0.021/0.000rad route=flat_right_top_to_mid
[gazebo_track_car-2] [INFO] [1780978739.808840968] [gazebo_track_car]: ROUTE_PROGRESS_SYNC actual=(+2.001,+1.311) cmd_error=0.179m route_dist=0.179m yaw_error=0.067rad segment=flat_right_top_to_mid@0.485m->flat_right_top_to_mid@0.493m
[gazebo_track_car-2] [WARN] [1780978740.207837618] [gazebo_track_car]: GAZEBO_FOOTPRINT_OFFROAD actual pose=(+1.9982,+1.2525) yaw=-1.6823 origin_pixel=(213.3,74.6) min_clearance=0.00px cmd_error=0.1815m/0.112rad
[gazebo_track_car-2] [INFO] [1780978740.307914175] [gazebo_track_car]: MOTION pos=(+2.002,+1.234) yaw=-1.758 v=0.186 step_err=0.0082m/0.015rad track_err=0.1784m footprint=OFFROAD:0.00px route=flat_right_top_to_mid cmd_vel=(0.104,+1.281)
[gazebo_track_car-2] [WARN] [1780978740.409961293] [gazebo_track_car]: JITTER events=50 reasons=cmd_xy_error=0.1772m pos=(+2.002,+1.214) step=0.0040/0.0284m yaw=0.013/0.000rad route=flat_right_top_to_mid
[gazebo_track_car-2] [WARN] [1780978741.209857514] [gazebo_track_car]: GAZEBO_FOOTPRINT_OFFROAD actual pose=(+1.9608,+1.1140) yaw=-1.6013 origin_pixel=(211.7,80.5) min_clearance=0.00px cmd_error=0.2198m/0.031rad
[gazebo_track_car-2] [WARN] [1780978741.409109939] [gazebo_track_car]: JITTER events=50 reasons=cmd_xy_error=0.2249m pos=(+1.956,+1.088) step=0.0030/0.0119m yaw=0.025/0.000rad route=flat_right_top_to_mid
[gazebo_track_car-2] [WARN] [1780978742.229790588] [gazebo_track_car]: GAZEBO_FOOTPRINT_OFFROAD actual pose=(+1.9568,+1.0073) yaw=-1.6599 origin_pixel=(211.5,85.0) min_clearance=0.00px cmd_error=0.2273m/0.089rad
[gazebo_track_car-2] [INFO] [1780978742.331175056] [gazebo_track_car]: MOTION pos=(+1.954,+0.995) yaw=-1.625 v=0.110 step_err=0.0029m/0.021rad track_err=0.2319m footprint=OFFROAD:0.00px route=flat_right_top_to_mid cmd_vel=(0.050,+1.223)
[gazebo_track_car-2] [WARN] [1780978742.434909730] [gazebo_track_car]: JITTER events=51 reasons=cmd_xy_error=0.2411m pos=(+1.944,+0.991) step=0.0021/0.0050m yaw=0.024/0.000rad route=flat_right_top_to_mid
[gazebo_track_car-2] [WARN] [1780978743.233254569] [gazebo_track_car]: GAZEBO_FOOTPRINT_OFFROAD actual pose=(+1.9589,+0.9152) yaw=-1.8063 origin_pixel=(211.6,89.0) min_clearance=0.00px cmd_error=0.2293m/0.235rad
[gazebo_track_car-2] [WARN] [1780978743.434996560] [gazebo_track_car]: JITTER events=50 reasons=speed_delta=0.044m/s,cmd_xy_error=0.2431m pos=(+1.945,+0.906) step=0.0030/0.0050m yaw=0.014/0.000rad route=flat_right_top_to_mid
[gazebo_track_car-2] [WARN] [1780978744.234537827] [gazebo_track_car]: GAZEBO_FOOTPRINT_OFFROAD actual pose=(+1.9227,+0.7891) yaw=-1.8895 origin_pixel=(210.0,94.3) min_clearance=0.00px cmd_error=0.3042m/0.319rad
[gazebo_track_car-2] [INFO] [1780978744.336047100] [gazebo_track_car]: MOTION pos=(+1.922,+0.770) yaw=-1.964 v=0.190 step_err=0.0038m/0.016rad track_err=0.3153m footprint=OFFROAD:0.00px route=flat_right_top_to_mid cmd_vel=(0.000,+2.800)
[gazebo_track_car-2] [WARN] [1780978744.432152545] [gazebo_track_car]: JITTER events=50 reasons=yaw_step_error=0.042rad,speed_delta=0.046m/s,cmd_xy_error=0.3267m pos=(+1.914,+0.762) step=0.0029/0.0000m yaw=0.042/0.000rad route=flat_right_top_to_mid
[gazebo_track_car-2] [WARN] [1780978745.237156774] [gazebo_track_car]: GAZEBO_FOOTPRINT_OFFROAD actual pose=(+1.8788,+0.7366) yaw=-1.3729 origin_pixel=(208.2,96.6) min_clearance=0.00px cmd_error=0.3532m/0.198rad
[gazebo_track_car-2] [WARN] [1780978745.435067287] [gazebo_track_car]: JITTER events=50 reasons=yaw_step_error=0.025rad,cmd_xy_error=0.3412m pos=(+1.893,+0.727) step=0.0023/0.0052m yaw=0.025/0.000rad route=flat_right_top_to_mid
[gazebo_track_car-2] [WARN] [1780978746.239526536] [gazebo_track_car]: GAZEBO_FOOTPRINT_OFFROAD actual pose=(+1.9094,+0.6973) yaw=-1.7617 origin_pixel=(209.5,98.2) min_clearance=0.00px cmd_error=0.3418m/0.191rad
[gazebo_track_car-2] [INFO] [1780978746.338697392] [gazebo_track_car]: MOTION pos=(+1.915,+0.690) yaw=-1.853 v=0.097 step_err=0.0018m/0.018rad track_err=0.3416m footprint=OFFROAD:0.00px route=flat_right_top_to_mid cmd_vel=(0.000,+2.800)
[gazebo_track_car-2] [WARN] [1780978746.439136176] [gazebo_track_car]: JITTER events=50 reasons=yaw_step_error=0.045rad,speed_delta=0.042m/s,cmd_xy_error=0.3485m pos=(+1.909,+0.687) step=0.0033/0.0000m yaw=0.045/0.000rad route=flat_right_top_to_mid
[gazebo_track_car-2] [WARN] [1780978747.239626846] [gazebo_track_car]: GAZEBO_FOOTPRINT_OFFROAD actual pose=(+1.8578,+0.6551) yaw=-1.1503 origin_pixel=(207.3,100.0) min_clearance=0.00px cmd_error=0.3964m/0.421rad
[gazebo_track_car-2] [WARN] [1780978747.458152388] [gazebo_track_car]: JITTER events=51 reasons=speed_delta=0.050m/s,yaw_rate_delta=0.493rad/s,cmd_xy_error=0.3723m pos=(+1.881,+0.657) step=0.0008/0.0032m yaw=0.013/0.000rad route=flat_right_top_to_mid
[gazebo_track_car-2] [WARN] [1780978748.256659514] [gazebo_track_car]: GAZEBO_FOOTPRINT_OFFROAD actual pose=(+1.9135,+0.6168) yaw=-1.8734 origin_pixel=(209.6,101.7) min_clearance=0.00px cmd_error=0.3730m/0.303rad
[gazebo_track_car-2] [INFO] [1780978748.359292853] [gazebo_track_car]: MOTION pos=(+1.907,+0.613) yaw=-1.762 v=0.182 step_err=0.0032m/0.044rad track_err=0.3802m footprint=OFFROAD:0.00px route=flat_right_top_to_mid cmd_vel=(0.000,+2.800)
[gazebo_track_car-2] [WARN] [1780978748.560764117] [gazebo_track_car]: JITTER events=55 reasons=cmd_xy_error=0.3844m pos=(+1.909,+0.606) step=0.0018/0.0000m yaw=0.019/0.000rad route=flat_right_top_to_mid
[gazebo_track_car-2] [WARN] [1780978749.565506696] [gazebo_track_car]: JITTER events=50 reasons=yaw_step_error=0.041rad,speed_delta=0.045m/s,cmd_xy_error=0.5088m pos=(+1.865,+0.479) step=0.0030/0.0000m yaw=0.041/0.000rad route=flat_right_top_to_mid
[gazebo_track_car-2] [INFO] [1780978750.362751035] [gazebo_track_car]: MOTION pos=(+1.844,+0.456) yaw=-1.574 v=0.201 step_err=0.0040m/0.050rad track_err=0.5391m footprint=road:3.60px route=flat_right_top_to_mid cmd_vel=(0.000,+2.800)
[gazebo_track_car-2] [WARN] [1780978750.565190180] [gazebo_track_car]: JITTER events=50 reasons=yaw_step_error=0.051rad,cmd_xy_error=0.5458m pos=(+1.832,+0.457) step=0.0040/0.0000m yaw=0.051/0.000rad route=flat_right_top_to_mid
[gazebo_track_car-2] [WARN] [1780978751.568500243] [gazebo_track_car]: JITTER events=50 reasons=cmd_xy_error=0.5504m pos=(+1.856,+0.433) step=0.0021/0.0000m yaw=0.022/0.000rad route=flat_right_top_to_mid
[gazebo_track_car-2] [INFO] [1780978752.370055914] [gazebo_track_car]: MOTION pos=(+1.816,+0.332) yaw=-1.909 v=0.203 step_err=0.0041m/0.051rad track_err=0.6561m footprint=road:5.20px route=flat_right_top_to_mid cmd_vel=(0.000,+2.800)
[gazebo_track_car-2] [WARN] [1780978752.569016886] [gazebo_track_car]: JITTER events=50 reasons=cmd_xy_error=0.6669m pos=(+1.812,+0.322) step=0.0018/0.0000m yaw=0.018/0.000rad route=flat_right_top_to_mid
[gazebo_track_car-2] [WARN] [1780978753.586977990] [gazebo_track_car]: GAZEBO_FOOTPRINT_OFFROAD actual pose=(+1.7819,+0.2333) yaw=-2.1087 origin_pixel=(204.0,118.0) min_clearance=0.00px cmd_error=0.7577m/0.538rad
[gazebo_track_car-2] [WARN] [1780978753.587294275] [gazebo_track_car]: JITTER events=51 reasons=cmd_xy_error=0.7577m pos=(+1.782,+0.233) step=0.0037/0.0000m yaw=0.017/0.000rad route=flat_right_top_to_mid
[gazebo_track_car-2] [INFO] [1780978754.390322926] [gazebo_track_car]: MOTION pos=(+1.753,+0.202) yaw=-1.770 v=0.183 step_err=0.0032m/0.043rad track_err=0.7995m footprint=OFFROAD:0.00px route=flat_right_top_to_mid cmd_vel=(0.000,+2.800)
[gazebo_track_car-2] [WARN] [1780978754.589496273] [gazebo_track_car]: GAZEBO_FOOTPRINT_OFFROAD actual pose=(+1.7265,+0.2027) yaw=-1.4601 origin_pixel=(201.7,119.4) min_clearance=0.00px cmd_error=0.8134m/0.111rad
[gazebo_track_car-2] [WARN] [1780978754.589841313] [gazebo_track_car]: JITTER events=50 reasons=speed_delta=0.057m/s,yaw_rate_delta=0.694rad/s,cmd_xy_error=0.8134m pos=(+1.726,+0.203) step=0.0013/0.0000m yaw=0.019/0.000rad route=flat_right_top_to_mid
[gazebo_track_car-2] [WARN] [1780978755.593562286] [gazebo_track_car]: GAZEBO_FOOTPRINT_OFFROAD actual pose=(+1.6708,+0.1577) yaw=-0.7283 origin_pixel=(199.3,121.3) min_clearance=0.00px cmd_error=0.8821m/0.842rad
[gazebo_track_car-2] [WARN] [1780978755.593959388] [gazebo_track_car]: JITTER events=50 reasons=yaw_step_error=0.028rad,cmd_xy_error=0.8821m pos=(+1.671,+0.158) step=0.0003/0.0000m yaw=0.028/0.000rad route=flat_right_top_to_mid
[gazebo_track_car-2] [INFO] [1780978756.393982667] [gazebo_track_car]: MOTION pos=(+1.736,+0.177) yaw=-1.690 v=0.129 step_err=0.0026m/0.030rad track_err=0.8294m footprint=OFFROAD:0.00px route=flat_right_top_to_mid cmd_vel=(0.000,+2.800)
[gazebo_track_car-2] [WARN] [1780978756.608753476] [gazebo_track_car]: GAZEBO_FOOTPRINT_OFFROAD actual pose=(+1.7434,+0.1627) yaw=-1.7639 origin_pixel=(202.4,121.1) min_clearance=0.00px cmd_error=0.8379m/0.193rad
[gazebo_track_car-2] [WARN] [1780978756.609030036] [gazebo_track_car]: JITTER events=51 reasons=yaw_step_error=0.039rad,speed_delta=0.032m/s,cmd_xy_error=0.8379m pos=(+1.743,+0.163) step=0.0028/0.0000m yaw=0.039/0.000rad route=flat_right_top_to_mid
[gazebo_track_car-2] [WARN] [1780978757.611481510] [gazebo_track_car]: GAZEBO_FOOTPRINT_OFFROAD actual pose=(+1.7186,+0.1274) yaw=-1.4783 origin_pixel=(201.3,122.6) min_clearance=0.00px cmd_error=0.8810m/0.093rad
[gazebo_track_car-2] [WARN] [1780978757.611898325] [gazebo_track_car]: JITTER events=50 reasons=yaw_step_error=0.034rad,cmd_xy_error=0.8810m pos=(+1.719,+0.127) step=0.0029/0.0000m yaw=0.034/0.000rad route=flat_right_top_to_mid
[gazebo_track_car-2] [INFO] [1780978758.415903679] [gazebo_track_car]: MOTION pos=(+1.729,+0.100) yaw=-1.627 v=0.203 step_err=0.0040m/0.051rad track_err=0.8995m footprint=OFFROAD:0.00px route=flat_right_top_to_mid cmd_vel=(0.000,+2.800)
[gazebo_track_car-2] [WARN] [1780978758.616218848] [gazebo_track_car]: GAZEBO_FOOTPRINT_OFFROAD actual pose=(+1.7506,+0.0852) yaw=-1.9371 origin_pixel=(202.7,124.4) min_clearance=0.00px cmd_error=0.9015m/0.366rad
[gazebo_track_car-2] [WARN] [1780978758.616631535] [gazebo_track_car]: JITTER events=50 reasons=cmd_xy_error=0.9015m pos=(+1.751,+0.085) step=0.0021/0.0000m yaw=0.023/0.000rad route=flat_right_top_to_mid
[gazebo_track_car-2] [WARN] [1780978759.613172393] [gazebo_track_car]: GAZEBO_FOOTPRINT_OFFROAD actual pose=(+1.7339,+0.0055) yaw=-2.2024 origin_pixel=(202.0,127.8) min_clearance=0.00px cmd_error=0.9799m/0.632rad
[gazebo_track_car-2] [WARN] [1780978759.613576734] [gazebo_track_car]: JITTER events=50 reasons=cmd_xy_error=0.9799m pos=(+1.734,+0.006) step=0.0036/0.0000m yaw=0.018/0.000rad route=flat_right_top_to_mid
[gazebo_track_car-2] [INFO] [1780978760.428004935] [gazebo_track_car]: MOTION pos=(+1.634,-0.130) yaw=-2.793 v=0.277 step_err=0.0055m/0.000rad track_err=1.1463m footprint=OFFROAD:0.00px route=flat_right_top_to_mid cmd_vel=(0.000,-2.800)
[gazebo_track_car-2] [WARN] [1780978760.625263096] [gazebo_track_car]: GAZEBO_FOOTPRINT_OFFROAD actual pose=(+1.5832,-0.1487) yaw=-2.7887 origin_pixel=(195.6,134.3) min_clearance=0.00px cmd_error=1.1875m/1.218rad
[gazebo_track_car-2] [WARN] [1780978760.625653501] [gazebo_track_car]: JITTER events=51 reasons=cmd_xy_error=1.1875m pos=(+1.583,-0.149) step=0.0055/0.0000m yaw=0.001/0.000rad route=flat_right_top_to_mid
[gazebo_track_car-2] [WARN] [1780978761.629986599] [gazebo_track_car]: GAZEBO_FOOTPRINT_OFFROAD actual pose=(+1.4150,-0.2638) yaw=+2.6086 origin_pixel=(188.4,139.3) min_clearance=0.00px cmd_error=1.3743m/2.104rad
[gazebo_track_car-2] [WARN] [1780978761.630333221] [gazebo_track_car]: JITTER events=50 reasons=yaw_step_error=0.051rad,cmd_xy_error=1.3743m pos=(+1.415,-0.264) step=0.0041/0.0000m yaw=0.051/0.000rad route=flat_right_top_to_mid
[gazebo_track_car-2] [INFO] [1780978762.430416865] [gazebo_track_car]: MOTION pos=(+1.347,-0.228) yaw=+2.903 v=0.215 step_err=0.0042m/0.010rad track_err=1.3847m footprint=OFFROAD:0.00px route=flat_right_top_to_mid cmd_vel=(0.000,-2.800)
[gazebo_track_car-2] [WARN] [1780978762.628371760] [gazebo_track_car]: GAZEBO_FOOTPRINT_OFFROAD actual pose=(+1.3224,-0.2506) yaw=+2.5457 origin_pixel=(184.4,138.7) min_clearance=0.00px cmd_error=1.4174m/2.167rad
[gazebo_track_car-2] [WARN] [1780978762.628821587] [gazebo_track_car]: JITTER events=50 reasons=yaw_step_error=0.051rad,cmd_xy_error=1.4174m pos=(+1.322,-0.251) step=0.0041/0.0000m yaw=0.051/0.000rad route=flat_right_top_to_mid
[gazebo_track_car-2] [WARN] [1780978763.633736336] [gazebo_track_car]: GAZEBO_FOOTPRINT_OFFROAD actual pose=(+1.3036,-0.2654) yaw=+2.3172 origin_pixel=(183.6,139.3) min_clearance=0.00px cmd_error=1.4405m/2.395rad
[gazebo_track_car-2] [WARN] [1780978763.634084061] [gazebo_track_car]: JITTER events=50 reasons=yaw_step_error=0.053rad,cmd_xy_error=1.4405m pos=(+1.304,-0.265) step=0.0042/0.0000m yaw=0.053/0.000rad route=flat_right_top_to_mid
[gazebo_track_car-2] [INFO] [1780978764.441271753] [gazebo_track_car]: MOTION pos=(+1.291,-0.263) yaw=+2.374 v=0.091 step_err=0.0014m/0.020rad track_err=1.4459m footprint=OFFROAD:0.00px route=flat_right_top_to_mid cmd_vel=(0.000,-2.800)
[gazebo_track_car-2] [WARN] [1780978764.742814668] [gazebo_track_car]: GAZEBO_FOOTPRINT_OFFROAD actual pose=(+1.2961,-0.2322) yaw=+2.7271 origin_pixel=(183.3,137.9) min_clearance=0.00px cmd_error=1.4190m/1.985rad
[gazebo_track_car-2] [WARN] [1780978764.743140461] [gazebo_track_car]: JITTER events=55 reasons=cmd_xy_error=1.4190m pos=(+1.296,-0.232) step=0.0019/0.0000m yaw=0.022/0.000rad route=flat_right_top_to_mid
[gazebo_track_car-2] [WARN] [1780978765.745688325] [gazebo_track_car]: GAZEBO_FOOTPRINT_OFFROAD actual pose=(+1.2679,-0.2538) yaw=+2.3336 origin_pixel=(182.1,138.8) min_clearance=0.00px cmd_error=1.4534m/2.379rad
[gazebo_track_car-2] [WARN] [1780978765.746049816] [gazebo_track_car]: JITTER events=50 reasons=yaw_step_error=0.051rad,cmd_xy_error=1.4534m pos=(+1.268,-0.254) step=0.0040/0.0000m yaw=0.051/0.000rad route=flat_right_top_to_mid
[gazebo_track_car-2] [INFO] [1780978766.461753452] [gazebo_track_car]: MOTION pos=(+1.233,-0.258) yaw=+1.804 v=0.127 step_err=0.0027m/0.023rad track_err=1.4670m footprint=OFFROAD:0.00px route=flat_right_top_to_mid cmd_vel=(0.000,-2.800)
[gazebo_track_car-2] [WARN] [1780978766.766068092] [gazebo_track_car]: GAZEBO_FOOTPRINT_OFFROAD actual pose=(+1.2719,-0.2341) yaw=+2.4049 origin_pixel=(182.3,138.0) min_clearance=0.00px cmd_error=1.4240m/2.307rad
[gazebo_track_car-2] [WARN] [1780978766.766402822] [gazebo_track_car]: JITTER events=51 reasons=yaw_step_error=0.053rad,cmd_xy_error=1.4240m pos=(+1.272,-0.234) step=0.0042/0.0000m yaw=0.053/0.000rad route=flat_right_top_to_mid
[gazebo_track_car-2] [WARN] [1780978767.764409335] [gazebo_track_car]: GAZEBO_FOOTPRINT_OFFROAD actual pose=(+1.2240,-0.2392) yaw=+2.0867 origin_pixel=(180.2,138.2) min_clearance=0.00px cmd_error=1.4589m/2.626rad
[gazebo_track_car-2] [WARN] [1780978767.764849263] [gazebo_track_car]: JITTER events=50 reasons=yaw_step_error=0.038rad,speed_delta=0.064m/s,yaw_rate_delta=0.453rad/s,cmd_xy_error=1.4589m pos=(+1.224,-0.239) step=0.0021/0.0000m yaw=0.038/0.000rad route=flat_right_top_to_mid
[gazebo_track_car-2] [INFO] [1780978768.465946412] [gazebo_track_car]: MOTION pos=(+1.249,-0.219) yaw=+2.546 v=0.203 step_err=0.0040m/0.051rad track_err=1.4270m footprint=OFFROAD:0.00px route=flat_right_top_to_mid cmd_vel=(0.000,-2.800)
[gazebo_track_car-2] [WARN] [1780978768.765882584] [gazebo_track_car]: GAZEBO_FOOTPRINT_OFFROAD actual pose=(+1.2378,-0.1867) yaw=+2.8559 origin_pixel=(180.8,136.0) min_clearance=0.00px cmd_error=1.4104m/1.856rad
[gazebo_track_car-2] [WARN] [1780978768.766221693] [gazebo_track_car]: JITTER events=50 reasons=cmd_xy_error=1.4104m pos=(+1.238,-0.187) step=0.0037/0.0000m yaw=0.016/0.000rad route=flat_right_top_to_mid
[gazebo_track_car-2] [WARN] [1780978769.768408968] [gazebo_track_car]: GAZEBO_FOOTPRINT_OFFROAD actual pose=(+1.1105,-0.1473) yaw=+3.0128 origin_pixel=(175.4,134.3) min_clearance=0.00px cmd_error=1.4711m/1.700rad
[gazebo_track_car-2] [WARN] [1780978769.768833117] [gazebo_track_car]: JITTER events=50 reasons=cmd_xy_error=1.4711m pos=(+1.110,-0.147) step=0.0039/0.0000m yaw=0.014/0.000rad route=flat_right_top_to_mid
[gazebo_track_car-2] [INFO] [1780978770.471804464] [gazebo_track_car]: MOTION pos=(+0.941,-0.131) yaw=-3.074 v=0.245 step_err=0.0049m/0.005rad track_err=1.5881m footprint=OFFROAD:0.00px route=flat_right_top_to_mid cmd_vel=(0.000,-2.800)
[gazebo_track_car-2] [WARN] [1780978770.769395341] [gazebo_track_car]: GAZEBO_FOOTPRINT_OFFROAD actual pose=(+0.8583,-0.1367) yaw=-3.0742 origin_pixel=(164.6,133.8) min_clearance=0.00px cmd_error=1.6570m/1.503rad
[gazebo_track_car-2] [WARN] [1780978770.769789709] [gazebo_track_car]: JITTER events=50 reasons=cmd_xy_error=1.6570m pos=(+0.858,-0.137) step=0.0055/0.0000m yaw=0.000/0.000rad route=flat_right_top_to_mid
[gazebo_track_car-2] [WARN] [1780978771.788694460] [gazebo_track_car]: GAZEBO_FOOTPRINT_OFFROAD actual pose=(+0.7213,-0.1729) yaw=+2.4161 origin_pixel=(158.8,135.4) min_clearance=0.00px cmd_error=1.7889m/2.296rad
[gazebo_track_car-2] [WARN] [1780978771.789023450] [gazebo_track_car]: JITTER events=51 reasons=yaw_step_error=0.051rad,cmd_xy_error=1.7889m pos=(+0.721,-0.173) step=0.0040/0.0000m yaw=0.051/0.000rad route=flat_right_top_to_mid
[gazebo_track_car-2] [INFO] [1780978772.494052337] [gazebo_track_car]: MOTION pos=(+0.634,-0.183) yaw=+1.321 v=0.201 step_err=0.0041m/0.051rad track_err=1.8666m footprint=road:2.20px route=flat_right_top_to_mid cmd_vel=(0.050,-1.285)
[gazebo_track_car-2] [WARN] [1780978772.790380573] [gazebo_track_car]: JITTER events=50 reasons=speed_delta=0.047m/s,cmd_xy_error=1.8523m pos=(+0.633,-0.172) step=0.0015/0.0051m yaw=0.018/0.000rad route=flat_right_top_to_mid
[gazebo_track_car-2] [WARN] [1780978773.531391416] [gazebo_track_car]: GAZEBO_FOOTPRINT_OFFROAD actual pose=(+0.6802,-0.1485) yaw=+1.9083 origin_pixel=(157.0,134.3) min_clearance=0.00px cmd_error=1.7836m/2.804rad
[gazebo_track_car-2] [WARN] [1780978773.791808042] [gazebo_track_car]: JITTER events=50 reasons=yaw_step_error=0.027rad,cmd_xy_error=1.7391m pos=(+0.716,-0.122) step=0.0023/0.0000m yaw=0.027/0.000rad route=flat_right_top_to_mid
[gazebo_track_car-2] [INFO] [1780978774.493071616] [gazebo_track_car]: MOTION pos=(+0.636,-0.063) yaw=+2.552 v=0.199 step_err=0.0037m/0.042rad track_err=1.7771m footprint=road:2.00px route=flat_right_top_to_mid cmd_vel=(0.000,-2.800)
[gazebo_track_car-2] [WARN] [1780978774.793877745] [gazebo_track_car]: JITTER events=50 reasons=cmd_xy_error=1.7912m pos=(+0.605,-0.037) step=0.0039/0.0000m yaw=0.014/0.000rad route=flat_right_top_to_mid
[gazebo_track_car-2] [WARN] [1780978775.815579197] [gazebo_track_car]: JITTER events=51 reasons=cmd_xy_error=1.9109m pos=(+0.438,+0.031) step=0.0044/0.0000m yaw=0.010/0.000rad route=flat_right_top_to_mid
[gazebo_track_car-2] [INFO] [1780978776.514467003] [gazebo_track_car]: MOTION pos=(+0.334,+0.043) yaw=+2.320 v=0.206 step_err=0.0041m/0.051rad track_err=2.0017m footprint=road:3.60px route=flat_right_top_to_mid cmd_vel=(0.000,-2.800)
[gazebo_track_car-2] [WARN] [1780978776.815216297] [gazebo_track_car]: JITTER events=50 reasons=yaw_step_error=0.052rad,cmd_xy_error=2.0122m pos=(+0.325,+0.037) step=0.0042/0.0000m yaw=0.052/0.000rad route=flat_right_top_to_mid
[gazebo_track_car-2] [WARN] [1780978777.815051473] [gazebo_track_car]: JITTER events=50 reasons=yaw_step_error=0.051rad,cmd_xy_error=2.0699m pos=(+0.247,+0.076) step=0.0041/0.0000m yaw=0.051/0.000rad route=flat_right_top_to_mid
[gazebo_track_car-2] [WARN] [1780978777.835262009] [gazebo_track_car]: GAZEBO_FOOTPRINT_OFFROAD actual pose=(+0.2434,+0.0742) yaw=+1.9772 origin_pixel=(138.4,124.8) min_clearance=0.00px cmd_error=2.0740m/2.735rad
[gazebo_track_car-2] [INFO] [1780978778.517272652] [gazebo_track_car]: MOTION pos=(+0.193,+0.087) yaw=+1.399 v=0.201 step_err=0.0040m/0.050rad track_err=2.1154m footprint=OFFROAD:0.00px route=flat_right_top_to_mid cmd_vel=(0.000,-2.800)
[gazebo_track_car-2] [WARN] [1780978778.821178961] [gazebo_track_car]: GAZEBO_FOOTPRINT_OFFROAD actual pose=(+0.1855,+0.0928) yaw=+1.3569 origin_pixel=(135.9,124.0) min_clearance=0.00px cmd_error=2.1200m/2.928rad
[gazebo_track_car-2] [WARN] [1780978778.821493644] [gazebo_track_car]: JITTER events=50 reasons=yaw_step_error=0.034rad,speed_delta=0.045m/s,yaw_rate_delta=0.486rad/s,cmd_xy_error=2.1200m pos=(+0.186,+0.093) step=0.0024/0.0000m yaw=0.034/0.000rad route=flat_right_top_to_mid
[gazebo_track_car-2] [WARN] [1780978779.816896185] [gazebo_track_car]: GAZEBO_FOOTPRINT_OFFROAD actual pose=(+0.2047,+0.1008) yaw=+1.5531 origin_pixel=(136.7,123.7) min_clearance=0.00px cmd_error=2.0882m/3.124rad
[gazebo_track_car-2] [WARN] [1780978779.817254079] [gazebo_track_car]: JITTER events=50 reasons=speed_delta=0.056m/s,yaw_rate_delta=0.735rad/s,cmd_xy_error=2.0882m pos=(+0.205,+0.101) step=0.0023/0.0000m yaw=0.016/0.000rad route=flat_right_top_to_mid
[gazebo_track_car-2] [INFO] [1780978780.534632981] [gazebo_track_car]: MOTION pos=(+0.177,+0.106) yaw=+1.279 v=0.085 step_err=0.0030m/0.018rad track_err=2.1085m footprint=OFFROAD:0.00px route=flat_right_top_to_mid cmd_vel=(0.000,-2.800)
[gazebo_track_car-2] [WARN] [1780978780.832198657] [gazebo_track_car]: GAZEBO_FOOTPRINT_OFFROAD actual pose=(+0.2228,+0.1109) yaw=+1.8901 origin_pixel=(137.5,123.3) min_clearance=0.00px cmd_error=2.0632m/2.822rad
[gazebo_track_car-2] [WARN] [1780978780.832671743] [gazebo_track_car]: JITTER events=51 reasons=yaw_step_error=0.052rad,cmd_xy_error=2.0632m pos=(+0.223,+0.111) step=0.0042/0.0000m yaw=0.052/0.000rad route=flat_right_top_to_mid
[gazebo_track_car-2] [WARN] [1780978781.835245851] [gazebo_track_car]: JITTER events=50 reasons=cmd_xy_error=2.0263m pos=(+0.240,+0.180) step=0.0043/0.0000m yaw=0.012/0.000rad route=flat_right_top_to_mid
[gazebo_track_car-2] [INFO] [1780978782.534100264] [gazebo_track_car]: MOTION pos=(+0.114,+0.224) yaw=+2.853 v=0.227 step_err=0.0045m/0.010rad track_err=2.1351m footprint=road:3.20px route=flat_right_top_to_mid cmd_vel=(0.000,-2.800)
[gazebo_track_car-2] [WARN] [1780978782.834220291] [gazebo_track_car]: JITTER events=50 reasons=speed_delta=0.036m/s,yaw_rate_delta=0.431rad/s,cmd_xy_error=2.1812m pos=(+0.066,+0.228) step=0.0040/0.0000m yaw=0.010/0.000rad route=flat_right_top_to_mid
[gazebo_track_car-2] [WARN] [1780978783.378424035] [gazebo_track_car]: GAZEBO_FOOTPRINT_OFFROAD actual pose=(-0.0143,+0.2325) yaw=+2.4878 origin_pixel=(127.4,118.1) min_clearance=0.00px cmd_error=2.2576m/2.225rad
[gazebo_track_car-2] [WARN] [1780978783.855261454] [gazebo_track_car]: JITTER events=51 reasons=yaw_step_error=0.048rad,speed_delta=0.034m/s,yaw_rate_delta=0.402rad/s,cmd_xy_error=2.2887m pos=(-0.056,+0.274) step=0.0037/0.0000m yaw=0.048/0.000rad route=flat_right_top_to_mid
[gazebo_track_car-2] [INFO] [1780978784.543300550] [gazebo_track_car]: MOTION pos=(-0.092,+0.261) yaw=+2.212 v=0.103 step_err=0.0015m/0.022rad track_err=2.3267m footprint=road:1.00px route=flat_right_top_to_mid cmd_vel=(0.000,-2.800)
[gazebo_track_car-2] [WARN] [1780978784.948198008] [gazebo_track_car]: JITTER events=54 reasons=cmd_xy_error=2.3095m pos=(-0.082,+0.299) step=0.0019/0.0000m yaw=0.020/0.000rad route=flat_right_top_to_mid
[gazebo_track_car-2] [WARN] [1780978785.967045846] [gazebo_track_car]: JITTER events=51 reasons=yaw_step_error=0.051rad,cmd_xy_error=2.4407m pos=(-0.215,+0.292) step=0.0040/0.0000m yaw=0.051/0.000rad route=flat_right_top_to_mid
[gazebo_track_car-2] [INFO] [1780978786.567175277] [gazebo_track_car]: MOTION pos=(-0.199,+0.336) yaw=+2.659 v=0.173 step_err=0.0035m/0.022rad track_err=2.4166m footprint=road:5.00px route=flat_right_top_to_mid cmd_vel=(0.000,-2.800)
[gazebo_track_car-2] [WARN] [1780978786.970110456] [gazebo_track_car]: JITTER events=50 reasons=yaw_step_error=0.047rad,speed_delta=0.035m/s,yaw_rate_delta=0.492rad/s,cmd_xy_error=2.4695m pos=(-0.258,+0.367) step=0.0037/0.0000m yaw=0.047/0.000rad route=flat_right_top_to_mid
[gazebo_track_car-2] [WARN] [1780978787.968858582] [gazebo_track_car]: JITTER events=50 reasons=yaw_step_error=0.047rad,speed_delta=0.057m/s,cmd_xy_error=2.5714m pos=(-0.366,+0.402) step=0.0035/0.0000m yaw=0.047/0.000rad route=flat_right_top_to_mid
[gazebo_track_car-2] [INFO] [1780978788.572956288] [gazebo_track_car]: MOTION pos=(-0.412,+0.445) yaw=+2.985 v=0.170 step_err=0.0032m/0.036rad track_err=2.6114m footprint=road:11.00px route=flat_right_top_to_mid cmd_vel=(0.000,-2.800)
[gazebo_track_car-2] [WARN] [1780978788.969995982] [gazebo_track_car]: JITTER events=50 reasons=speed_delta=0.047m/s,cmd_xy_error=2.6577m pos=(-0.452,+0.391) step=0.0011/0.0000m yaw=0.018/0.000rad route=flat_right_top_to_mid
[gazebo_track_car-2] [WARN] [1780978789.972069006] [gazebo_track_car]: JITTER events=50 reasons=cmd_xy_error=2.7232m pos=(-0.521,+0.419) step=0.0036/0.0000m yaw=0.018/0.000rad route=flat_right_top_to_mid
[gazebo_track_car-2] [INFO] [1780978790.588951316] [gazebo_track_car]: MOTION pos=(-0.521,+0.423) yaw=+2.445 v=0.202 step_err=0.0040m/0.051rad track_err=2.7219m footprint=road:8.00px route=flat_right_top_to_mid cmd_vel=(0.000,-2.800)
[gazebo_track_car-2] [WARN] [1780978790.989314312] [gazebo_track_car]: JITTER events=51 reasons=yaw_step_error=0.051rad,cmd_xy_error=2.7183m pos=(-0.518,+0.429) step=0.0040/0.0000m yaw=0.051/0.000rad route=flat_right_top_to_mid
[gazebo_track_car-2] [WARN] [1780978792.094765474] [gazebo_track_car]: JITTER events=55 reasons=yaw_step_error=0.046rad,speed_delta=0.033m/s,yaw_rate_delta=0.536rad/s,cmd_xy_error=2.8141m pos=(-0.624,+0.520) step=0.0035/0.0000m yaw=0.046/0.000rad route=flat_right_top_to_mid
[gazebo_track_car-2] [INFO] [1780978792.595286808] [gazebo_track_car]: MOTION pos=(-0.698,+0.541) yaw=-1.513 v=0.202 step_err=0.0040m/0.051rad track_err=2.8860m footprint=road:4.20px route=flat_right_top_to_mid cmd_vel=(0.000,+2.800)
[gazebo_track_car-2] [WARN] [1780978793.098218840] [gazebo_track_car]: JITTER events=50 reasons=yaw_step_error=0.051rad,cmd_xy_error=2.8841m pos=(-0.693,+0.511) step=0.0040/0.0000m yaw=0.051/0.000rad route=flat_right_top_to_mid
[gazebo_track_car-2] [WARN] [1780978794.103218120] [gazebo_track_car]: JITTER events=50 reasons=speed_delta=0.043m/s,cmd_xy_error=2.8991m pos=(-0.707,+0.502) step=0.0022/0.0000m yaw=0.019/0.000rad route=flat_right_top_to_mid
[gazebo_track_car-2] [INFO] [1780978794.605559168] [gazebo_track_car]: MOTION pos=(-0.657,+0.466) yaw=-2.076 v=0.160 step_err=0.0025m/0.041rad track_err=2.8526m footprint=road:9.20px route=flat_right_top_to_mid cmd_vel=(0.000,+2.800)
[gazebo_track_car-2] [WARN] [1780978795.102558974] [gazebo_track_car]: JITTER events=50 reasons=yaw_step_error=0.050rad,cmd_xy_error=2.8924m pos=(-0.697,+0.465) step=0.0040/0.0000m yaw=0.050/0.000rad route=flat_right_top_to_mid
