[INFO] [launch]: All log files can be found below /home/quocbao/.ros/log/2026-06-08-14-19-32-895151-ubuntu-20740
[INFO] [launch]: Default logging verbosity is set to INFO
[INFO] [gzserver-1]: process started with pid [20756]
[INFO] [gazebo_track_car-2]: process started with pid [20759]
[gazebo_track_car-2] [INFO] [1780953573.527552279] [gazebo_track_car]: [MAP_TRANSFORM] image=256x256 path=/home/quocbao/my_robot_vision_full_project/my_robot_vision/models/autonomous_map_3d_mirror_x/materials/textures/autonomous_map_visual.png map_size=6.000x6.000m px_per_m_x=42.667 px_per_m_y=42.667 route_offset=(+0.000,+0.000)m map_visual_offset=(+0.000,+0.300)m
[gazebo_track_car-2] [INFO] [1780953573.659269738] [gazebo_track_car]: [FOOTPRINT_CHECK] samples=1691 center_off_road=0 center_outside_safe=330 failures=0 min_footprint_clearance=5.00px footprint=front:0.165m rear:0.145m half_width:0.115m
[gazebo_track_car-2] [INFO] [1780953573.659566008] [gazebo_track_car]: [FOOTPRINT_CHECK] overlays=/tmp/gazebo_route_mask_debug.png, /tmp/gazebo_route_centerline_debug.png, /tmp/gazebo_route_footprint_debug.png
[gazebo_track_car-2] [INFO] [1780953573.737921318] [gazebo_track_car]: SAFE_ROUTE_VERSION=semantic_parking_spawn_turn_guard_v31; direction=texture point order; clearance=12px; drive_wheels=True; route_offset=(+0.000,+0.000)m; start_distance=0.000m; route_explore=True branch_probability=0.00; sign_detection=off roi=0.08-0.82; map_visual_offset=(+0.000,+0.300)m; base_speed=0.28m/s speed_limit=0.14m/s; traffic_light=fixed state=green green=5.0s yellow=1.0s red=8.0s trigger_distance=1.70m stop_distance=0.85m min_stop=2.0s camera=off topic=/track_preview_car/camera/image_raw fill>=0.42 slow_area>=45px stop_area>=160px distance_gate=on; camera_sign_templates=5 sign_score>=0.32 sign_stable=2; wheel_controller lookahead=0.32m parking_lookahead=0.20m heading_gain=3.80 max_wz=2.80rad/s rotate_heading>1.05rad; yaw_limits=1.80rad/s/4.00rad/s2; route_rejoin=True outer_only=True cmd_error>0.18m max_route_dist=0.55m; progress_sync=True cmd_error>0.06m route_dist<=0.20m yaw<=1.20rad; initial_pose_reset=True tol=0.12m/0.35rad; segments=23; route_points=141.
[gazebo_track_car-2] [INFO] [1780953573.738228770] [gazebo_track_car]: Motion log uses /model_states and /track_preview_car/cmd_vel: MOTION every 2.00s, JITTER at most every 1.00s, verbose=False; jitter thresholds xy_step_delta=0.0060m, cmd_error=0.050m, z_delta=0.0005m, tilt=0.0030rad, speed_delta=0.030m/s, yaw_step_error=0.025rad, yaw_rate_delta=0.400rad/s.
[gzserver-1] [INFO] [1780953575.010678244] [track_preview_car.front_camera_controller]: Publishing camera info to [/track_preview_car/camera/camera_info]
[gzserver-1] [INFO] [1780953575.022091069] [gazebo_ros_state]: Publishing states of gazebo models at [/model_states]
[gzserver-1] [INFO] [1780953575.022290687] [gazebo_ros_state]: Publishing states of gazebo links at [/link_states]
[gzserver-1] [INFO] [1780953575.036723094] [track_preview_car.track_preview_car_diff_drive]: Wheel pair 1 separation set to [0.176000m]
[gzserver-1] [INFO] [1780953575.036779701] [track_preview_car.track_preview_car_diff_drive]: Wheel pair 1 diameter set to [0.060000m]
[gzserver-1] [INFO] [1780953575.037332166] [track_preview_car.track_preview_car_diff_drive]: Subscribed to [/track_preview_car/cmd_vel]
[gzserver-1] [INFO] [1780953575.038297592] [track_preview_car.track_preview_car_diff_drive]: Advertise odometry on [/track_preview_car/odom]
[gazebo_track_car-2] [INFO] [1780953575.068002504] [gazebo_track_car]: initial pose reset to configured route start; actual=(+1.828,+2.180) yaw=+0.000 target=(-1.828,+2.180) yaw=+0.000 error=3.656m/0.000rad segment=outer_top_left_to_top_mid
[gazebo_track_car-2] [INFO] [1780953575.114593212] [gazebo_track_car]: traffic light is now GREEN.
[gazebo_track_car-2] [WARN] [1780953575.115191334] [gazebo_track_car]: Waiting for /model_states pose before publishing wheel commands.
[gazebo_track_car-2] [INFO] [1780953575.424783480] [gazebo_track_car]: wheel controller synced route progress from initial model pose; segment=outer_top_left_to_top_mid@0.000m route_dist=0.000m startup_gate=1.250m
[gazebo_track_car-2] [INFO] [1780953577.133167554] [gazebo_track_car]: MOTION pos=(-1.387,+2.180) yaw=-0.000 v=0.280 step_err=0.0227m/0.000rad track_err=0.0083m footprint=road:8.00px route=outer_top_left_to_top_mid cmd_vel=(0.280,+0.000)
[gazebo_track_car-2] [INFO] [1780953579.153511083] [gazebo_track_car]: MOTION pos=(-0.822,+2.180) yaw=-0.000 v=0.280 step_err=0.0235m/0.000rad track_err=0.0058m footprint=road:8.39px route=outer_top_left_to_top_mid cmd_vel=(0.280,+0.000)
[gazebo_track_car-2] [INFO] [1780953581.158777169] [gazebo_track_car]: MOTION pos=(-0.262,+2.180) yaw=+0.000 v=0.280 step_err=0.0227m/0.000rad track_err=0.0067m footprint=road:9.00px route=outer_top_left_to_top_mid cmd_vel=(0.280,-0.000)
[gazebo_track_car-2] [INFO] [1780953581.947759945] [gazebo_track_car]: route segment=outer_top_mid_to_gap; previous=outer_top_left_to_top_mid; distance=0.017m; decision=route/default: outer_top_mid_to_gap
[gazebo_track_car-2] [INFO] [1780953583.158013625] [gazebo_track_car]: MOTION pos=(+0.298,+2.180) yaw=-0.000 v=0.279 step_err=0.0235m/0.000rad track_err=0.0096m footprint=road:8.00px route=outer_top_mid_to_gap cmd_vel=(0.278,-0.011)
[gazebo_track_car-2] [WARN] [1780953583.275787054] [gazebo_track_car]: JITTER events=4 reasons=speed_delta=0.062m/s pos=(+0.330,+2.180) step=0.0047/0.0000m yaw=0.004/0.000rad route=outer_top_mid_to_gap
[gazebo_track_car-2] [INFO] [1780953583.617869160] [gazebo_track_car]: ROUTE_PROGRESS_SYNC actual=(+0.362,+2.235) cmd_error=0.061m route_dist=0.056m yaw_error=0.776rad segment=outer_top_mid_to_gap@0.383m->outer_top_mid_to_gap@0.409m
[gazebo_track_car-2] [WARN] [1780953584.261020534] [gazebo_track_car]: JITTER events=49 reasons=yaw_step_error=0.025rad,cmd_xy_error=0.1104m pos=(+0.462,+2.235) step=0.0023/0.0000m yaw=0.025/0.000rad route=outer_top_mid_to_gap
[gazebo_track_car-2] [INFO] [1780953585.166275784] [gazebo_track_car]: route segment=inner_top_cut; previous=outer_top_mid_to_gap; distance=0.015m; decision=route/explore_branch visit=0: inner_top_cut
[gazebo_track_car-2] [INFO] [1780953585.180082354] [gazebo_track_car]: ROUTE_PROGRESS_SYNC actual=(+0.390,+2.134) cmd_error=0.079m route_dist=0.046m yaw_error=0.021rad segment=inner_top_cut@0.015m->inner_top_cut@0.078m
[gazebo_track_car-2] [INFO] [1780953585.180582369] [gazebo_track_car]: MOTION pos=(+0.390,+2.134) yaw=-3.120 v=0.199 step_err=0.0701m/0.013rad track_err=0.0461m footprint=road:6.00px route=inner_top_cut cmd_vel=(0.197,-0.578)
[gazebo_track_car-2] [WARN] [1780953585.279928365] [gazebo_track_car]: JITTER events=30 reasons=cmd_xy_error=0.0505m pos=(+0.371,+2.129) step=0.0041/0.0199m yaw=0.011/0.000rad route=inner_top_cut
[gazebo_track_car-2] [WARN] [1780953587.081060762] [gazebo_track_car]: JITTER events=21 reasons=yaw_step_error=0.192rad pos=(-0.058,+2.168) step=0.0042/0.0211m yaw=0.010/0.203rad route=inner_top_cut
[gazebo_track_car-2] [INFO] [1780953587.180328265] [gazebo_track_car]: MOTION pos=(-0.079,+2.165) yaw=-2.775 v=0.208 step_err=0.0169m/0.087rad track_err=0.0148m footprint=road:7.99px route=inner_top_cut cmd_vel=(0.210,+0.500)
[gazebo_track_car-2] [WARN] [1780953588.205414285] [gazebo_track_car]: JITTER events=5 reasons=speed_delta=0.035m/s pos=(-0.284,+2.066) step=0.0042/0.0000m yaw=0.010/0.000rad route=inner_top_cut
[gazebo_track_car-2] [INFO] [1780953589.186112285] [gazebo_track_car]: MOTION pos=(-0.425,+1.921) yaw=-1.882 v=0.209 step_err=0.0042m/0.010rad track_err=0.0351m footprint=road:8.79px route=inner_top_cut cmd_vel=(0.210,+0.495)
[gazebo_track_car-2] [WARN] [1780953589.288352435] [gazebo_track_car]: JITTER events=1 reasons=yaw_step_error=0.194rad pos=(-0.435,+1.902) step=0.0043/0.0211m yaw=0.009/0.203rad route=inner_top_cut
[gazebo_track_car-2] [INFO] [1780953591.204984557] [gazebo_track_car]: MOTION pos=(-0.474,+1.414) yaw=-1.544 v=0.276 step_err=0.0232m/0.000rad track_err=0.0242m footprint=road:8.00px route=inner_top_cut cmd_vel=(0.275,-0.029)
[gazebo_track_car-2] [WARN] [1780953592.832553403] [gazebo_track_car]: JITTER events=4 reasons=speed_delta=0.061m/s pos=(-0.468,+0.967) step=0.0047/0.0000m yaw=0.002/0.000rad route=inner_top_cut
[gazebo_track_car-2] [INFO] [1780953593.212458872] [gazebo_track_car]: MOTION pos=(-0.474,+0.882) yaw=-1.427 v=0.209 step_err=0.0168m/0.010rad track_err=0.0230m footprint=road:7.59px route=inner_top_cut cmd_vel=(0.205,+0.528)
[gazebo_track_car-2] [WARN] [1780953593.913129100] [gazebo_track_car]: JITTER events=2 reasons=yaw_step_error=0.196rad pos=(-0.456,+0.739) step=0.0042/0.0215m yaw=0.010/0.206rad route=inner_top_cut
[gazebo_track_car-2] [WARN] [1780953594.992530492] [gazebo_track_car]: JITTER events=21 reasons=cmd_xy_error=0.0508m pos=(-0.316,+0.532) step=0.0047/0.0000m yaw=0.005/0.000rad route=inner_top_cut
[gazebo_track_car-2] [INFO] [1780953595.233198289] [gazebo_track_car]: MOTION pos=(-0.280,+0.493) yaw=-0.627 v=0.214 step_err=0.0172m/0.009rad track_err=0.0376m footprint=road:8.40px route=inner_top_cut cmd_vel=(0.207,+0.506)
[gazebo_track_car-2] [WARN] [1780953596.033609804] [gazebo_track_car]: JITTER events=11 reasons=yaw_step_error=0.062rad pos=(-0.145,+0.398) step=0.0043/0.0221m yaw=0.009/0.071rad route=inner_top_cut
[gazebo_track_car-2] [INFO] [1780953596.515786028] [gazebo_track_car]: ROUTE_PROGRESS_SYNC actual=(-0.038,+0.371) cmd_error=0.061m route_dist=0.004m yaw_error=0.056rad segment=inner_top_cut@2.742m->inner_top_cut@2.803m
[gazebo_track_car-2] [INFO] [1780953597.238281205] [gazebo_track_car]: MOTION pos=(+0.152,+0.364) yaw=+0.023 v=0.275 step_err=0.0219m/0.001rad track_err=0.0234m footprint=road:8.00px route=inner_top_cut cmd_vel=(0.254,-0.178)
[gazebo_track_car-2] [WARN] [1780953597.257639058] [gazebo_track_car]: JITTER events=14 reasons=speed_delta=0.042m/s pos=(+0.157,+0.365) step=0.0048/0.0000m yaw=0.000/0.000rad route=inner_top_cut
[gazebo_track_car-2] [WARN] [1780953598.353100662] [gazebo_track_car]: JITTER events=2 reasons=yaw_step_error=0.077rad pos=(+0.454,+0.361) step=0.0055/0.0255m yaw=0.000/0.077rad route=inner_top_cut
[gazebo_track_car-2] [INFO] [1780953599.257475586] [gazebo_track_car]: MOTION pos=(+0.701,+0.352) yaw=-0.011 v=0.275 step_err=0.0226m/0.001rad track_err=0.0051m footprint=road:9.00px route=inner_top_cut cmd_vel=(0.276,+0.026)
[gazebo_track_car-2] [INFO] [1780953601.257321437] [gazebo_track_car]: MOTION pos=(+1.258,+0.351) yaw=+0.003 v=0.279 step_err=0.0237m/0.000rad track_err=0.0021m footprint=road:8.00px route=inner_top_cut cmd_vel=(0.279,-0.008)
[gazebo_track_car-2] [INFO] [1780953603.281613917] [gazebo_track_car]: MOTION pos=(+1.821,+0.352) yaw=-0.000 v=0.279 step_err=0.0218m/0.000rad track_err=0.0050m footprint=road:8.00px route=inner_top_cut cmd_vel=(0.279,-0.005)
[gazebo_track_car-2] [WARN] [1780953603.494290896] [gazebo_track_car]: JITTER events=2 reasons=speed_delta=0.042m/s pos=(+1.882,+0.352) step=0.0049/0.0000m yaw=0.004/0.000rad route=inner_top_cut
[gazebo_track_car-2] [WARN] [1780953604.983675338] [gazebo_track_car]: JITTER events=2 reasons=yaw_step_error=0.108rad pos=(+2.123,+0.335) step=0.0033/0.0153m yaw=0.015/0.124rad route=inner_top_cut
[gazebo_track_car-2] [INFO] [1780953605.281438852] [gazebo_track_car]: MOTION pos=(+2.161,+0.295) yaw=-1.215 v=0.194 step_err=0.0141m/0.376rad track_err=0.0561m footprint=road:10.00px route=inner_top_cut cmd_vel=(0.190,-0.626)
[gazebo_track_car-2] [INFO] [1780953605.321086249] [gazebo_track_car]: ROUTE_PROGRESS_SYNC actual=(+2.166,+0.289) cmd_error=0.063m route_dist=0.017m yaw_error=0.277rad segment=inner_top_cut@5.025m->inner_top_cut@5.105m
[gazebo_track_car-2] [INFO] [1780953607.290885777] [gazebo_track_car]: MOTION pos=(+2.218,-0.205) yaw=-1.557 v=0.274 step_err=0.0216m/0.001rad track_err=0.0146m footprint=road:8.00px route=inner_top_cut cmd_vel=(0.272,+0.050)
[gazebo_track_car-2] [WARN] [1780953607.712000304] [gazebo_track_car]: JITTER events=8 reasons=speed_delta=0.043m/s pos=(+2.218,-0.315) step=0.0043/0.0000m yaw=0.005/0.000rad route=inner_top_cut
[gazebo_track_car-2] [INFO] [1780953608.271143262] [gazebo_track_car]: ROUTE_PROGRESS_SYNC actual=(+2.159,-0.385) cmd_error=0.063m route_dist=0.060m yaw_error=0.916rad segment=inner_top_cut@5.760m->inner_top_cut@5.777m
[gazebo_track_car-2] [WARN] [1780953608.692587133] [gazebo_track_car]: JITTER events=41 reasons=yaw_step_error=0.034rad,cmd_xy_error=0.0867m pos=(+2.158,-0.452) step=0.0028/0.0000m yaw=0.034/0.000rad route=inner_top_cut
[gazebo_track_car-2] [INFO] [1780953609.311705931] [gazebo_track_car]: MOTION pos=(+2.231,-0.469) yaw=+1.153 v=0.124 step_err=0.0073m/0.013rad track_err=0.0247m footprint=road:6.00px route=inner_top_cut cmd_vel=(0.098,+1.019)
[gazebo_track_car-2] [WARN] [1780953609.712167451] [gazebo_track_car]: JITTER events=30 reasons=yaw_step_error=0.693rad,cmd_xy_error=0.0697m pos=(+2.268,-0.435) step=0.0028/0.0132m yaw=0.016/0.708rad route=inner_top_cut
[gazebo_track_car-2] [INFO] [1780953609.896847024] [gazebo_track_car]: route segment=inner_middle_cross_from_right; previous=inner_top_cut; distance=0.009m; decision=route/explore_branch visit=0: inner_middle_cross_from_right
[gazebo_track_car-2] [INFO] [1780953609.910481882] [gazebo_track_car]: ROUTE_PROGRESS_SYNC actual=(+2.278,-0.402) cmd_error=0.117m route_dist=0.052m yaw_error=0.075rad segment=inner_middle_cross_from_right@0.009m->inner_middle_cross_from_right@0.114m
[gazebo_track_car-2] [INFO] [1780953611.313635396] [gazebo_track_car]: MOTION pos=(+2.237,-0.064) yaw=+1.977 v=0.220 step_err=0.0172m/0.009rad track_err=0.0117m footprint=road:7.00px route=inner_middle_cross_from_right cmd_vel=(0.221,+0.418)
[gazebo_track_car-2] [WARN] [1780953611.517417884] [gazebo_track_car]: JITTER events=25 reasons=yaw_step_error=0.162rad pos=(+2.224,-0.022) step=0.0044/0.0217m yaw=0.008/0.171rad route=inner_middle_cross_from_right
[gazebo_track_car-2] [INFO] [1780953613.314281123] [gazebo_track_car]: MOTION pos=(+1.983,+0.295) yaw=+2.784 v=0.217 step_err=0.0171m/0.010rad track_err=0.0040m footprint=road:7.59px route=inner_middle_cross_from_right cmd_vel=(0.214,+0.470)
[gazebo_track_car-2] [WARN] [1780953613.433419850] [gazebo_track_car]: JITTER events=5 reasons=yaw_step_error=0.138rad pos=(+1.961,+0.307) step=0.0043/0.0221m yaw=0.009/0.147rad route=inner_middle_cross_from_right
[gazebo_track_car-2] [INFO] [1780953615.337530712] [gazebo_track_car]: MOTION pos=(+1.484,+0.358) yaw=-3.115 v=0.278 step_err=0.0223m/0.000rad track_err=0.0182m footprint=road:8.00px route=inner_middle_cross_from_right cmd_vel=(0.277,-0.018)
[gazebo_track_car-2] [WARN] [1780953616.658011543] [gazebo_track_car]: JITTER events=4 reasons=speed_delta=0.051m/s pos=(+1.120,+0.351) step=0.0049/0.0000m yaw=0.001/0.000rad route=inner_middle_cross_from_right
[gazebo_track_car-2] [INFO] [1780953617.337386182] [gazebo_track_car]: MOTION pos=(+0.964,+0.356) yaw=-2.896 v=0.212 step_err=0.0168m/0.010rad track_err=0.0147m footprint=road:8.00px route=inner_middle_cross_from_right cmd_vel=(0.207,+0.520)
[gazebo_track_car-2] [WARN] [1780953617.641215771] [gazebo_track_car]: JITTER events=1 reasons=yaw_step_error=0.054rad pos=(+0.902,+0.348) step=0.0042/0.0209m yaw=0.010/0.064rad route=inner_middle_cross_from_right
[gazebo_track_car-2] [WARN] [1780953618.661745712] [gazebo_track_car]: JITTER events=9 reasons=speed_delta=0.054m/s pos=(+0.699,+0.240) step=0.0043/0.0000m yaw=0.008/0.000rad route=inner_middle_cross_from_right
[gazebo_track_car-2] [INFO] [1780953619.361333145] [gazebo_track_car]: MOTION pos=(+0.588,+0.131) yaw=-2.111 v=0.255 step_err=0.0211m/0.003rad track_err=0.0292m footprint=road:8.79px route=inner_middle_cross_from_right cmd_vel=(0.253,-0.147)
[gazebo_track_car-2] [WARN] [1780953619.744211086] [gazebo_track_car]: JITTER events=5 reasons=yaw_step_error=0.026rad pos=(+0.568,+0.067) step=0.0030/0.0000m yaw=0.026/0.000rad route=inner_middle_cross_from_right
[gazebo_track_car-2] [INFO] [1780953619.945612029] [gazebo_track_car]: ROUTE_PROGRESS_SYNC actual=(+0.568,+0.031) cmd_error=0.063m route_dist=0.048m yaw_error=0.905rad segment=inner_middle_cross_from_right@2.460m->inner_middle_cross_from_right@2.500m
[gazebo_track_car-2] [WARN] [1780953620.662785357] [gazebo_track_car]: JITTER events=29 reasons=yaw_step_error=0.759rad pos=(+0.513,-0.033) step=0.0025/0.0097m yaw=0.020/0.778rad route=inner_middle_cross_from_right
[gazebo_track_car-2] [INFO] [1780953621.104069158] [gazebo_track_car]: ROUTE_PROGRESS_SYNC actual=(+0.450,-0.015) cmd_error=0.062m route_dist=0.042m yaw_error=0.519rad segment=inner_middle_cross_from_right@2.662m->inner_middle_cross_from_right@2.708m
[gazebo_track_car-2] [INFO] [1780953621.364326605] [gazebo_track_car]: MOTION pos=(+0.410,+0.027) yaw=+2.155 v=0.241 step_err=0.0551m/0.185rad track_err=0.0725m footprint=road:5.79px route=inner_middle_cross_from_right cmd_vel=(0.254,-0.169)
[gazebo_track_car-2] [WARN] [1780953621.664093709] [gazebo_track_car]: JITTER events=35 reasons=cmd_xy_error=0.0563m pos=(+0.366,+0.094) step=0.0054/0.0272m yaw=0.001/0.000rad route=inner_middle_cross_from_right
[gazebo_track_car-2] [WARN] [1780953622.763925027] [gazebo_track_car]: JITTER events=5 reasons=yaw_step_error=0.097rad pos=(+0.227,+0.283) step=0.0043/0.0220m yaw=0.010/0.107rad route=inner_middle_cross_from_right
[gazebo_track_car-2] [INFO] [1780953623.380795177] [gazebo_track_car]: MOTION pos=(+0.109,+0.348) yaw=+2.933 v=0.223 step_err=0.0178m/0.022rad track_err=0.0151m footprint=road:8.39px route=inner_middle_cross_from_right cmd_vel=(0.229,+0.348)
[gazebo_track_car-2] [WARN] [1780953623.766401235] [gazebo_track_car]: JITTER events=6 reasons=yaw_step_error=0.161rad pos=(+0.022,+0.370) step=0.0048/0.0226m yaw=0.005/0.166rad route=inner_middle_cross_from_right
[gazebo_track_car-2] [WARN] [1780953625.208237122] [gazebo_track_car]: JITTER events=2 reasons=speed_delta=0.069m/s,yaw_rate_delta=0.445rad/s pos=(-0.361,+0.380) step=0.0047/0.0000m yaw=0.004/0.000rad route=inner_middle_cross_from_right
[gazebo_track_car-2] [INFO] [1780953625.486279356] [gazebo_track_car]: MOTION pos=(-0.428,+0.382) yaw=-3.039 v=0.224 step_err=0.0185m/0.007rad track_err=0.0211m footprint=road:9.00px route=inner_middle_cross_from_right cmd_vel=(0.213,+0.469)
[gazebo_track_car-2] [WARN] [1780953626.290501594] [gazebo_track_car]: JITTER events=2 reasons=yaw_step_error=0.178rad pos=(-0.592,+0.365) step=0.0042/0.0208m yaw=0.010/0.188rad route=inner_middle_cross_from_right
[gazebo_track_car-2] [INFO] [1780953627.493255991] [gazebo_track_car]: MOTION pos=(-0.799,+0.231) yaw=-2.019 v=0.198 step_err=0.0156m/0.012rad track_err=0.0332m footprint=road:8.59px route=inner_middle_cross_from_right cmd_vel=(0.200,+0.567)
[gazebo_track_car-2] [WARN] [1780953627.887424494] [gazebo_track_car]: JITTER events=5 reasons=yaw_step_error=0.203rad pos=(-0.842,+0.160) step=0.0044/0.0222m yaw=0.009/0.212rad route=inner_middle_cross_from_right
[gazebo_track_car-2] [INFO] [1780953628.571109698] [gazebo_track_car]: ROUTE_PROGRESS_SYNC actual=(-0.840,+0.031) cmd_error=0.062m route_dist=0.027m yaw_error=0.715rad segment=inner_middle_cross_from_right@4.416m->inner_middle_cross_from_right@4.472m
[gazebo_track_car-2] [WARN] [1780953628.891937381] [gazebo_track_car]: JITTER events=33 reasons=yaw_step_error=0.055rad,cmd_xy_error=0.0736m pos=(-0.816,-0.027) step=0.0044/0.0000m yaw=0.055/0.000rad route=inner_middle_cross_from_right
[gazebo_track_car-2] [INFO] [1780953629.494075840] [gazebo_track_car]: MOTION pos=(-0.875,-0.069) yaw=+2.294 v=0.124 step_err=0.0026m/0.020rad track_err=0.0086m footprint=road:6.00px route=inner_middle_cross_from_right cmd_vel=(0.098,-1.040)
[gazebo_track_car-2] [WARN] [1780953629.934561136] [gazebo_track_car]: JITTER events=28 reasons=cmd_xy_error=0.0505m pos=(-0.932,-0.023) step=0.0043/0.0000m yaw=0.010/0.000rad route=inner_middle_cross_from_right
[gazebo_track_car-2] [INFO] [1780953629.994704060] [gazebo_track_car]: ROUTE_PROGRESS_SYNC actual=(-0.938,-0.012) cmd_error=0.063m route_dist=0.048m yaw_error=0.371rad segment=inner_middle_cross_from_right@4.648m->inner_middle_cross_from_right@4.689m
[gazebo_track_car-2] [INFO] [1780953631.517945097] [gazebo_track_car]: MOTION pos=(-1.071,+0.281) yaw=+2.645 v=0.209 step_err=0.0164m/0.011rad track_err=0.0158m footprint=road:7.99px route=inner_middle_cross_from_right cmd_vel=(0.211,+0.498)
[gazebo_track_car-2] [WARN] [1780953631.617306499] [gazebo_track_car]: JITTER events=38 reasons=yaw_step_error=0.194rad pos=(-1.088,+0.294) step=0.0042/0.0213m yaw=0.010/0.204rad route=inner_middle_cross_from_right
[gazebo_track_car-2] [WARN] [1780953632.619493285] [gazebo_track_car]: JITTER events=6 reasons=yaw_step_error=0.033rad pos=(-1.294,+0.375) step=0.0044/0.0211m yaw=0.008/0.041rad route=inner_middle_cross_from_right
[gazebo_track_car-2] [INFO] [1780953633.517757110] [gazebo_track_car]: MOTION pos=(-1.525,+0.372) yaw=-3.055 v=0.274 step_err=0.0220m/0.022rad track_err=0.0086m footprint=road:7.99px route=inner_middle_cross_from_right cmd_vel=(0.271,-0.054)
[gazebo_track_car-2] [WARN] [1780953633.718015820] [gazebo_track_car]: JITTER events=4 reasons=yaw_step_error=0.392rad pos=(-1.579,+0.366) step=0.0054/0.0237m yaw=0.001/0.393rad route=inner_middle_cross_from_right
[gazebo_track_car-2] [WARN] [1780953634.819199241] [gazebo_track_car]: JITTER events=15 reasons=cmd_xy_error=0.0516m pos=(-1.840,+0.356) step=0.0040/0.0000m yaw=0.010/0.000rad route=inner_middle_cross_from_right
[gazebo_track_car-2] [INFO] [1780953635.522700758] [gazebo_track_car]: ROUTE_PROGRESS_SYNC actual=(-1.978,+0.313) cmd_error=0.061m route_dist=0.004m yaw_error=0.130rad segment=inner_middle_cross_from_right@5.988m->inner_middle_cross_from_right@6.053m
[gazebo_track_car-2] [INFO] [1780953635.541988635] [gazebo_track_car]: MOTION pos=(-1.982,+0.311) yaw=-2.478 v=0.221 step_err=0.0178m/0.008rad track_err=0.0183m footprint=road:8.59px route=inner_middle_cross_from_right cmd_vel=(0.236,+0.316)
[gazebo_track_car-2] [WARN] [1780953636.764504195] [gazebo_track_car]: JITTER events=15 reasons=speed_delta=0.039m/s pos=(-2.180,+0.119) step=0.0047/0.0000m yaw=0.003/0.000rad route=inner_middle_cross_from_right
[gazebo_track_car-2] [INFO] [1780953637.284376103] [gazebo_track_car]: ROUTE_PROGRESS_SYNC actual=(-2.181,+0.034) cmd_error=0.061m route_dist=0.058m yaw_error=0.732rad segment=inner_middle_cross_from_right@6.413m->inner_middle_cross_from_right@6.393m
[gazebo_track_car-2] [INFO] [1780953637.549537607] [gazebo_track_car]: MOTION pos=(-2.192,-0.013) yaw=+3.016 v=0.161 step_err=0.0019m/0.013rad track_err=0.0864m footprint=road:5.00px route=inner_middle_cross_from_right cmd_vel=(0.050,-2.130)
[gazebo_track_car-2] [WARN] [1780953637.848352778] [gazebo_track_car]: JITTER events=45 reasons=cmd_xy_error=0.1005m pos=(-2.224,-0.047) step=0.0031/0.0051m yaw=0.036/0.048rad route=inner_middle_cross_from_right
[gazebo_track_car-2] [WARN] [1780953638.848349579] [gazebo_track_car]: JITTER events=50 reasons=cmd_xy_error=0.0826m pos=(-2.327,+0.007) step=0.0026/0.0097m yaw=0.020/0.000rad route=inner_middle_cross_from_right
[gazebo_track_car-2] [INFO] [1780953639.449241200] [gazebo_track_car]: route segment=inner_middle_cross; previous=inner_middle_cross_from_right; distance=0.010m; decision=route/explore_branch visit=0: inner_middle_cross
[gazebo_track_car-2] [INFO] [1780953639.466355886] [gazebo_track_car]: ROUTE_PROGRESS_SYNC actual=(-2.295,+0.090) cmd_error=0.180m route_dist=0.063m yaw_error=0.193rad segment=inner_middle_cross@0.010m->inner_middle_cross@0.141m
[gazebo_track_car-2] [INFO] [1780953639.550529057] [gazebo_track_car]: MOTION pos=(-2.283,+0.101) yaw=+0.557 v=0.211 step_err=0.0156m/0.009rad track_err=0.0619m footprint=road:5.00px route=inner_middle_cross cmd_vel=(0.266,+0.096)
[gazebo_track_car-2] [WARN] [1780953640.970049253] [gazebo_track_car]: JITTER events=46 reasons=yaw_step_error=0.092rad pos=(-1.995,+0.293) step=0.0045/0.0220m yaw=0.008/0.100rad route=inner_middle_cross
[gazebo_track_car-2] [INFO] [1780953641.569602353] [gazebo_track_car]: MOTION pos=(-1.864,+0.339) yaw=+0.128 v=0.237 step_err=0.0195m/0.006rad track_err=0.0164m footprint=road:8.20px route=inner_middle_cross cmd_vel=(0.242,-0.262)
[gazebo_track_car-2] [WARN] [1780953642.585851703] [gazebo_track_car]: JITTER events=4 reasons=yaw_step_error=0.363rad pos=(-1.593,+0.368) step=0.0053/0.0267m yaw=0.002/0.365rad route=inner_middle_cross
[gazebo_track_car-2] [INFO] [1780953643.581443983] [gazebo_track_car]: MOTION pos=(-1.338,+0.373) yaw=-0.115 v=0.238 step_err=0.0199m/0.005rad track_err=0.0349m footprint=road:7.00px route=inner_middle_cross cmd_vel=(0.220,-0.399)
[gazebo_track_car-2] [WARN] [1780953643.662694533] [gazebo_track_car]: JITTER events=15 reasons=cmd_xy_error=0.0528m pos=(-1.320,+0.373) step=0.0045/0.0000m yaw=0.008/0.000rad route=inner_middle_cross
[gazebo_track_car-2] [INFO] [1780953644.266256402] [gazebo_track_car]: ROUTE_PROGRESS_SYNC actual=(-1.195,+0.361) cmd_error=0.064m route_dist=0.010m yaw_error=0.359rad segment=inner_middle_cross@1.292m->inner_middle_cross@1.355m
[gazebo_track_car-2] [WARN] [1780953644.587563881] [gazebo_track_car]: JITTER events=20 reasons=yaw_step_error=0.076rad pos=(-1.130,+0.338) step=0.0044/0.0210m yaw=0.009/0.085rad route=inner_middle_cross
[gazebo_track_car-2] [INFO] [1780953645.601051214] [gazebo_track_car]: MOTION pos=(-0.961,+0.206) yaw=-1.153 v=0.214 step_err=0.0164m/0.011rad track_err=0.0140m footprint=road:7.99px route=inner_middle_cross cmd_vel=(0.226,-0.378)
[gazebo_track_car-2] [WARN] [1780953645.807344290] [gazebo_track_car]: JITTER events=1 reasons=yaw_step_error=0.164rad pos=(-0.939,+0.165) step=0.0048/0.0240m yaw=0.005/0.169rad route=inner_middle_cross
[gazebo_track_car-2] [INFO] [1780953646.574469531] [gazebo_track_car]: ROUTE_PROGRESS_SYNC actual=(-0.935,+0.023) cmd_error=0.062m route_dist=0.045m yaw_error=1.133rad segment=inner_middle_cross@1.808m->inner_middle_cross@1.851m
[gazebo_track_car-2] [WARN] [1780953646.896194377] [gazebo_track_car]: JITTER events=36 reasons=yaw_step_error=0.036rad,cmd_xy_error=0.0658m pos=(-0.936,-0.035) step=0.0029/0.0050m yaw=0.036/0.000rad route=inner_middle_cross
[gazebo_track_car-2] [INFO] [1780953647.678830263] [gazebo_track_car]: ROUTE_PROGRESS_SYNC actual=(-0.847,-0.026) cmd_error=0.061m route_dist=0.020m yaw_error=0.400rad segment=inner_middle_cross@1.987m->inner_middle_cross@2.045m
[gazebo_track_car-2] [INFO] [1780953647.698715704] [gazebo_track_car]: MOTION pos=(-0.844,-0.023) yaw=+1.184 v=0.189 step_err=0.0146m/0.013rad track_err=0.0276m footprint=road:5.79px route=inner_middle_cross cmd_vel=(0.252,+0.188)
[gazebo_track_car-2] [WARN] [1780953647.976999517] [gazebo_track_car]: JITTER events=25 reasons=cmd_xy_error=0.0502m pos=(-0.817,+0.043) step=0.0052/0.0000m yaw=0.002/0.000rad route=inner_middle_cross
[gazebo_track_car-2] [WARN] [1780953649.517925919] [gazebo_track_car]: JITTER events=27 reasons=yaw_step_error=0.172rad pos=(-0.672,+0.325) step=0.0041/0.0197m yaw=0.012/0.184rad route=inner_middle_cross
[gazebo_track_car-2] [INFO] [1780953649.730802029] [gazebo_track_car]: MOTION pos=(-0.635,+0.346) yaw=+0.261 v=0.213 step_err=0.0142m/0.179rad track_err=0.0186m footprint=road:8.59px route=inner_middle_cross cmd_vel=(0.215,-0.465)
[gazebo_track_car-2] [WARN] [1780953651.341298657] [gazebo_track_car]: JITTER events=4 reasons=speed_delta=0.065m/s pos=(-0.231,+0.385) step=0.0047/0.0000m yaw=0.003/0.000rad route=inner_middle_cross
[gazebo_track_car-2] [INFO] [1780953651.722794047] [gazebo_track_car]: MOTION pos=(-0.132,+0.382) yaw=-0.093 v=0.268 step_err=0.0220m/0.002rad track_err=0.0130m footprint=road:8.20px route=inner_middle_cross cmd_vel=(0.275,-0.032)
[gazebo_track_car-2] [WARN] [1780953652.326339642] [gazebo_track_car]: JITTER events=3 reasons=yaw_step_error=0.175rad pos=(+0.016,+0.374) step=0.0044/0.0217m yaw=0.009/0.183rad route=inner_middle_cross
[gazebo_track_car-2] [WARN] [1780953653.423692111] [gazebo_track_car]: JITTER events=9 reasons=cmd_xy_error=0.0536m pos=(+0.242,+0.295) step=0.0048/0.0000m yaw=0.006/0.000rad route=inner_middle_cross
[gazebo_track_car-2] [INFO] [1780953653.744699707] [gazebo_track_car]: MOTION pos=(+0.305,+0.247) yaw=-0.769 v=0.252 step_err=0.0196m/0.004rad track_err=0.0353m footprint=road:8.40px route=inner_middle_cross cmd_vel=(0.244,-0.236)
[gazebo_track_car-2] [WARN] [1780953654.364909202] [gazebo_track_car]: JITTER events=13 reasons=speed_delta=0.034m/s pos=(+0.406,+0.156) step=0.0047/0.0000m yaw=0.006/0.000rad route=inner_middle_cross
[gazebo_track_car-2] [INFO] [1780953655.104613562] [gazebo_track_car]: ROUTE_PROGRESS_SYNC actual=(+0.438,+0.031) cmd_error=0.063m route_dist=0.050m yaw_error=0.892rad segment=inner_middle_cross@3.738m->inner_middle_cross@3.777m
[gazebo_track_car-2] [WARN] [1780953655.343932649] [gazebo_track_car]: JITTER events=31 reasons=cmd_xy_error=0.0701m pos=(+0.443,-0.003) step=0.0024/0.0050m yaw=0.028/0.047rad route=inner_middle_cross
[gazebo_track_car-2] [INFO] [1780953655.747278653] [gazebo_track_car]: MOTION pos=(+0.483,-0.033) yaw=+0.487 v=0.123 step_err=0.0072m/0.516rad track_err=0.0184m footprint=road:5.79px route=inner_middle_cross cmd_vel=(0.109,+0.952)
[gazebo_track_car-2] [INFO] [1780953656.326573245] [gazebo_track_car]: ROUTE_PROGRESS_SYNC actual=(+0.569,+0.002) cmd_error=0.060m route_dist=0.054m yaw_error=0.310rad segment=inner_middle_cross@3.975m->inner_middle_cross@4.003m
[gazebo_track_car-2] [WARN] [1780953656.347111857] [gazebo_track_car]: JITTER events=23 reasons=yaw_step_error=0.213rad,cmd_xy_error=0.0600m pos=(+0.573,+0.004) step=0.0042/0.0217m yaw=0.010/0.223rad route=inner_middle_cross
[gazebo_track_car-2] [INFO] [1780953657.749878741] [gazebo_track_car]: MOTION pos=(+0.754,+0.265) yaw=+0.515 v=0.203 step_err=0.0041m/0.012rad track_err=0.0206m footprint=road:7.59px route=inner_middle_cross cmd_vel=(0.198,-0.599)
[gazebo_track_car-2] [WARN] [1780953657.768779889] [gazebo_track_car]: JITTER events=25 reasons=yaw_step_error=0.080rad pos=(+0.757,+0.268) step=0.0041/0.0198m yaw=0.012/0.092rad route=inner_middle_cross
[gazebo_track_car-2] [INFO] [1780953659.771294321] [gazebo_track_car]: MOTION pos=(+1.223,+0.361) yaw=-0.035 v=0.280 step_err=0.0221m/0.000rad track_err=0.0229m footprint=road:8.00px route=inner_middle_cross cmd_vel=(0.279,+0.009)
[gazebo_track_car-2] [WARN] [1780953661.293503642] [gazebo_track_car]: JITTER events=6 reasons=speed_delta=0.063m/s pos=(+1.642,+0.351) step=0.0047/0.0000m yaw=0.003/0.000rad route=inner_middle_cross
[gazebo_track_car-2] [INFO] [1780953661.773653685] [gazebo_track_car]: MOTION pos=(+1.753,+0.357) yaw=-0.169 v=0.214 step_err=0.0171m/0.010rad track_err=0.0202m footprint=road:7.59px route=inner_middle_cross cmd_vel=(0.204,-0.538)
[gazebo_track_car-2] [WARN] [1780953662.375789272] [gazebo_track_car]: JITTER events=2 reasons=yaw_step_error=0.128rad pos=(+1.878,+0.341) step=0.0042/0.0212m yaw=0.010/0.138rad route=inner_middle_cross
