[INFO] [launch]: All log files can be found below /home/quocbao/.ros/log/2026-06-08-21-51-00-690485-ubuntu-29333
[INFO] [launch]: Default logging verbosity is set to INFO
[INFO] [gzserver-1]: process started with pid [29349]
[INFO] [gazebo_track_car-2]: process started with pid [29351]
[gazebo_track_car-2] [INFO] [1780980661.522484794] [gazebo_track_car]: [MAP_TRANSFORM] image=256x256 path=/home/quocbao/my_robot_vision_full_project/my_robot_vision/models/autonomous_map_3d_mirror_x/materials/textures/autonomous_map_visual.png map_size=6.000x6.000m px_per_m_x=42.667 px_per_m_y=42.667 route_offset=(+0.000,+0.000)m map_visual_offset=(+0.000,+0.300)m
[gazebo_track_car-2] [INFO] [1780980661.650895866] [gazebo_track_car]: [FOOTPRINT_CHECK] samples=1588 center_off_road=0 center_outside_safe=1005 failures=0 min_footprint_clearance=3.60px footprint=front:0.165m rear:0.145m half_width:0.115m
[gazebo_track_car-2] [INFO] [1780980661.651172349] [gazebo_track_car]: [FOOTPRINT_CHECK] overlays=/tmp/gazebo_route_mask_debug.png, /tmp/gazebo_route_centerline_debug.png, /tmp/gazebo_route_footprint_debug.png
[gazebo_track_car-2] [INFO] [1780980661.724944706] [gazebo_track_car]: SAFE_ROUTE_VERSION=semantic_parking_spawn_turn_guard_v31; direction=reversed to match map arrows; clearance=12px; drive_wheels=True; route_offset=(+0.000,+0.000)m; start_distance=0.000m; route_explore=True branch_probability=0.35; sign_detection=off roi=0.08-0.82; map_visual_offset=(+0.000,+0.300)m; base_speed=0.28m/s speed_limit=0.14m/s; traffic_light=fixed state=green green=5.0s yellow=1.0s red=8.0s trigger_distance=1.70m stop_distance=0.85m min_stop=2.0s camera=off topic=/track_preview_car/camera/image_raw fill>=0.42 slow_area>=45px stop_area>=160px distance_gate=on; camera_sign_templates=5 sign_score>=0.32 sign_stable=2; wheel_controller lookahead=0.32m parking_lookahead=0.20m heading_gain=3.80 max_wz=2.80rad/s rotate_heading>1.05rad; yaw_limits=1.80rad/s/4.00rad/s2; route_rejoin=False outer_only=True cmd_error>0.30m max_route_dist=0.55m; progress_sync=True cmd_error>0.06m route_dist<=0.20m yaw<=1.20rad; initial_pose_reset=True tol=0.12m/0.35rad; segments=18; route_points=36.
[gazebo_track_car-2] [INFO] [1780980661.725258930] [gazebo_track_car]: Motion log uses /model_states and /track_preview_car/cmd_vel: MOTION every 2.00s, JITTER at most every 1.00s, verbose=False; jitter thresholds xy_step_delta=0.0060m, cmd_error=0.050m, z_delta=0.0005m, tilt=0.0030rad, speed_delta=0.030m/s, yaw_step_error=0.025rad, yaw_rate_delta=0.400rad/s.
[gzserver-1] [INFO] [1780980663.091496704] [track_preview_car.front_camera_controller]: Publishing camera info to [/track_preview_car/camera/camera_info]
[gzserver-1] [INFO] [1780980663.105190046] [gazebo_ros_state]: Publishing states of gazebo models at [/model_states]
[gzserver-1] [INFO] [1780980663.105957807] [gazebo_ros_state]: Publishing states of gazebo links at [/link_states]
[gzserver-1] [INFO] [1780980663.123375205] [track_preview_car.track_preview_car_diff_drive]: Wheel pair 1 separation set to [0.176000m]
[gzserver-1] [INFO] [1780980663.123415952] [track_preview_car.track_preview_car_diff_drive]: Wheel pair 1 diameter set to [0.060000m]
[gzserver-1] [INFO] [1780980663.124460496] [track_preview_car.track_preview_car_diff_drive]: Subscribed to [/track_preview_car/cmd_vel]
[gzserver-1] [INFO] [1780980663.125224860] [track_preview_car.track_preview_car_diff_drive]: Advertise odometry on [/track_preview_car/odom]
[gazebo_track_car-2] [INFO] [1780980663.153140033] [gazebo_track_car]: initial pose reset to configured route start; actual=(+1.828,+2.180) yaw=+0.000 target=(-2.180,+1.805) yaw=-1.571 error=4.025m/1.571rad segment=flat_left_mid_to_top_reverse
[gazebo_track_car-2] [INFO] [1780980663.195397775] [gazebo_track_car]: traffic light is now GREEN.
[gazebo_track_car-2] [WARN] [1780980663.195973733] [gazebo_track_car]: Waiting for /model_states pose before publishing wheel commands.
[gazebo_track_car-2] [INFO] [1780980663.509471328] [gazebo_track_car]: wheel controller synced route progress from initial model pose; segment=flat_left_mid_to_top_reverse@0.000m route_dist=0.002m startup_gate=1.250m
[gazebo_track_car-2] [WARN] [1780980664.237581375] [gazebo_track_car]: JITTER events=24 reasons=speed_delta=0.031m/s pos=(-2.191,+1.720) step=0.0032/0.0000m yaw=0.019/0.000rad route=flat_left_mid_to_top_reverse
[gazebo_track_car-2] [WARN] [1780980665.216874152] [gazebo_track_car]: GAZEBO_FOOTPRINT_OFFROAD actual pose=(-2.1416,+1.5694) yaw=-0.9966 origin_pixel=(36.6,61.0) min_clearance=0.00px cmd_error=0.0470m/0.574rad
[gazebo_track_car-2] [INFO] [1780980665.217168839] [gazebo_track_car]: MOTION pos=(-2.142,+1.569) yaw=-0.997 v=0.189 step_err=0.0084m/0.016rad track_err=0.0470m footprint=OFFROAD:0.00px route=flat_left_mid_to_top_reverse cmd_vel=(0.104,-1.248)
[gazebo_track_car-2] [WARN] [1780980665.237583922] [gazebo_track_car]: JITTER events=19 reasons=speed_delta=0.102m/s pos=(-2.142,+1.567) step=0.0024/0.0000m yaw=0.015/0.000rad route=flat_left_mid_to_top_reverse
[gazebo_track_car-2] [WARN] [1780980666.215805125] [gazebo_track_car]: GAZEBO_FOOTPRINT_OFFROAD actual pose=(-2.1069,+1.4464) yaw=+0.0317 origin_pixel=(38.1,66.3) min_clearance=0.00px cmd_error=0.0940m/1.602rad
[gazebo_track_car-2] [WARN] [1780980666.216125430] [gazebo_track_car]: JITTER events=44 reasons=yaw_rate_delta=0.481rad/s,cmd_xy_error=0.0940m pos=(-2.107,+1.446) step=0.0039/0.0000m yaw=0.013/0.000rad route=flat_left_mid_to_top_reverse
[gazebo_track_car-2] [INFO] [1780980666.938697407] [gazebo_track_car]: ROUTE_PROGRESS_SYNC actual=(-1.991,+1.470) cmd_error=0.192m route_dist=0.188m yaw_error=1.191rad segment=flat_left_mid_to_top_reverse@0.299m->flat_left_mid_to_top_reverse@0.334m
[gazebo_track_car-2] [INFO] [1780980667.221311919] [gazebo_track_car]: MOTION pos=(-1.963,+1.455) yaw=-0.360 v=0.220 step_err=0.0041m/0.053rad track_err=0.2168m footprint=OFFROAD:0.00px route=flat_left_mid_to_top_reverse cmd_vel=(0.000,-2.800)
[gazebo_track_car-2] [WARN] [1780980667.315987629] [gazebo_track_car]: GAZEBO_FOOTPRINT_OFFROAD actual pose=(-1.9674,+1.4476) yaw=-0.3209 origin_pixel=(44.1,66.2) min_clearance=0.00px cmd_error=0.2134m/1.250rad
[gazebo_track_car-2] [WARN] [1780980667.316376513] [gazebo_track_car]: JITTER events=55 reasons=speed_delta=0.067m/s,yaw_rate_delta=0.495rad/s,cmd_xy_error=0.2134m pos=(-1.967,+1.448) step=0.0010/0.0000m yaw=0.019/0.000rad route=flat_left_mid_to_top_reverse
[gazebo_track_car-2] [WARN] [1780980668.422840798] [gazebo_track_car]: GAZEBO_FOOTPRINT_OFFROAD actual pose=(-1.8597,+1.4101) yaw=-0.5042 origin_pixel=(48.7,67.8) min_clearance=0.00px cmd_error=0.3256m/1.067rad
[gazebo_track_car-2] [WARN] [1780980668.423168999] [gazebo_track_car]: JITTER events=55 reasons=yaw_step_error=0.052rad,cmd_xy_error=0.3256m pos=(-1.860,+1.410) step=0.0042/0.0000m yaw=0.052/0.000rad route=flat_left_mid_to_top_reverse
[gazebo_track_car-2] [INFO] [1780980669.242792706] [gazebo_track_car]: MOTION pos=(-1.754,+1.403) yaw=-1.972 v=0.203 step_err=0.0011m/0.051rad track_err=0.4305m footprint=OFFROAD:0.00px route=flat_left_mid_to_top_reverse cmd_vel=(0.146,-1.255)
[gazebo_track_car-2] [WARN] [1780980669.441097190] [gazebo_track_car]: GAZEBO_FOOTPRINT_OFFROAD actual pose=(-1.7548,+1.3800) yaw=-2.0235 origin_pixel=(53.1,69.1) min_clearance=0.00px cmd_error=0.4288m/0.453rad
[gazebo_track_car-2] [WARN] [1780980669.441415090] [gazebo_track_car]: JITTER events=51 reasons=yaw_step_error=0.041rad,speed_delta=0.043m/s,yaw_rate_delta=0.457rad/s,cmd_xy_error=0.4288m pos=(-1.755,+1.380) step=0.0024/0.0126m yaw=0.041/0.000rad route=flat_left_mid_to_top_reverse
[gazebo_track_car-2] [WARN] [1780980670.441741971] [gazebo_track_car]: GAZEBO_FOOTPRINT_OFFROAD actual pose=(-1.8097,+1.3089) yaw=-1.6753 origin_pixel=(50.8,72.2) min_clearance=0.00px cmd_error=0.3709m/0.104rad
[gazebo_track_car-2] [WARN] [1780980670.442074599] [gazebo_track_car]: JITTER events=50 reasons=yaw_step_error=0.050rad,cmd_xy_error=0.3709m pos=(-1.810,+1.309) step=0.0040/0.0188m yaw=0.050/0.000rad route=flat_left_mid_to_top_reverse
[gazebo_track_car-2] [INFO] [1780980671.245787297] [gazebo_track_car]: MOTION pos=(-1.840,+1.285) yaw=-1.306 v=0.202 step_err=0.0009m/0.051rad track_err=0.3413m footprint=OFFROAD:0.00px route=flat_left_mid_to_top_reverse cmd_vel=(0.050,-1.483)
[gazebo_track_car-2] [WARN] [1780980671.443667422] [gazebo_track_car]: GAZEBO_FOOTPRINT_OFFROAD actual pose=(-1.8445,+1.2745) yaw=-1.2331 origin_pixel=(49.3,73.6) min_clearance=0.00px cmd_error=0.3362m/0.338rad
[gazebo_track_car-2] [WARN] [1780980671.443990372] [gazebo_track_car]: JITTER events=50 reasons=cmd_xy_error=0.3362m pos=(-1.845,+1.275) step=0.0021/0.0000m yaw=0.023/0.000rad route=flat_left_mid_to_top_reverse
[gazebo_track_car-2] [WARN] [1780980672.444954140] [gazebo_track_car]: GAZEBO_FOOTPRINT_OFFROAD actual pose=(-1.7860,+1.1815) yaw=-1.7383 origin_pixel=(51.8,77.6) min_clearance=0.00px cmd_error=0.3984m/0.167rad
[gazebo_track_car-2] [WARN] [1780980672.445342864] [gazebo_track_car]: JITTER events=50 reasons=yaw_rate_delta=0.401rad/s,cmd_xy_error=0.3984m pos=(-1.786,+1.182) step=0.0047/0.0051m yaw=0.010/0.000rad route=flat_left_mid_to_top_reverse
[gazebo_track_car-2] [INFO] [1780980673.245412231] [gazebo_track_car]: MOTION pos=(-1.835,+1.126) yaw=-1.174 v=0.077 step_err=0.0009m/0.015rad track_err=0.3565m footprint=OFFROAD:0.00px route=flat_left_mid_to_top_reverse cmd_vel=(0.000,-2.800)
[gazebo_track_car-2] [WARN] [1780980673.445818654] [gazebo_track_car]: GAZEBO_FOOTPRINT_OFFROAD actual pose=(-1.8280,+1.1046) yaw=-1.1296 origin_pixel=(50.0,80.9) min_clearance=0.00px cmd_error=0.3693m/0.441rad
[gazebo_track_car-2] [WARN] [1780980673.446137306] [gazebo_track_car]: JITTER events=50 reasons=yaw_step_error=0.037rad,speed_delta=0.035m/s,yaw_rate_delta=0.702rad/s,cmd_xy_error=0.3693m pos=(-1.828,+1.105) step=0.0027/0.0000m yaw=0.037/0.000rad route=flat_left_mid_to_top_reverse
[gazebo_track_car-2] [WARN] [1780980674.464836250] [gazebo_track_car]: GAZEBO_FOOTPRINT_OFFROAD actual pose=(-1.8140,+1.0632) yaw=-1.1689 origin_pixel=(50.6,82.6) min_clearance=0.00px cmd_error=0.3969m/0.402rad
[gazebo_track_car-2] [WARN] [1780980674.465129283] [gazebo_track_car]: JITTER events=51 reasons=yaw_step_error=0.046rad,speed_delta=0.060m/s,yaw_rate_delta=0.475rad/s,cmd_xy_error=0.3969m pos=(-1.814,+1.063) step=0.0032/0.0000m yaw=0.046/0.000rad route=flat_left_mid_to_top_reverse
[gazebo_track_car-2] [INFO] [1780980675.269612773] [gazebo_track_car]: MOTION pos=(-1.814,+1.016) yaw=-0.828 v=0.173 step_err=0.0034m/0.018rad track_err=0.4173m footprint=OFFROAD:0.00px route=flat_left_mid_to_top_reverse cmd_vel=(0.000,-2.800)
[gazebo_track_car-2] [WARN] [1780980675.466325283] [gazebo_track_car]: GAZEBO_FOOTPRINT_OFFROAD actual pose=(-1.7929,+1.0135) yaw=-1.0344 origin_pixel=(51.5,84.8) min_clearance=0.00px cmd_error=0.4373m/0.536rad
[gazebo_track_car-2] [WARN] [1780980675.466646470] [gazebo_track_car]: JITTER events=50 reasons=cmd_xy_error=0.4373m pos=(-1.793,+1.013) step=0.0022/0.0000m yaw=0.025/0.000rad route=flat_left_mid_to_top_reverse
[gazebo_track_car-2] [WARN] [1780980676.469727546] [gazebo_track_car]: GAZEBO_FOOTPRINT_OFFROAD actual pose=(-1.7528,+1.0051) yaw=-1.4751 origin_pixel=(53.2,85.1) min_clearance=0.00px cmd_error=0.4767m/0.096rad
[gazebo_track_car-2] [WARN] [1780980676.470051549] [gazebo_track_car]: JITTER events=50 reasons=speed_delta=0.043m/s,yaw_rate_delta=0.640rad/s,cmd_xy_error=0.4767m pos=(-1.753,+1.005) step=0.0011/0.0000m yaw=0.016/0.000rad route=flat_left_mid_to_top_reverse
[gazebo_track_car-2] [INFO] [1780980677.268258061] [gazebo_track_car]: MOTION pos=(-1.739,+0.957) yaw=-1.725 v=0.161 step_err=0.0026m/0.036rad track_err=0.5116m footprint=OFFROAD:0.00px route=flat_left_mid_to_top_reverse cmd_vel=(0.000,-2.800)
[gazebo_track_car-2] [WARN] [1780980677.466603946] [gazebo_track_car]: GAZEBO_FOOTPRINT_OFFROAD actual pose=(-1.7147,+0.9466) yaw=-1.9776 origin_pixel=(54.8,87.6) min_clearance=0.00px cmd_error=0.5381m/0.407rad
[gazebo_track_car-2] [WARN] [1780980677.466953747] [gazebo_track_car]: JITTER events=50 reasons=yaw_step_error=0.031rad,yaw_rate_delta=0.490rad/s,cmd_xy_error=0.5381m pos=(-1.715,+0.947) step=0.0015/0.0000m yaw=0.031/0.000rad route=flat_left_mid_to_top_reverse
[gazebo_track_car-2] [WARN] [1780980678.572913277] [gazebo_track_car]: GAZEBO_FOOTPRINT_OFFROAD actual pose=(-1.7976,+0.8458) yaw=-0.7590 origin_pixel=(51.3,91.9) min_clearance=0.00px cmd_error=0.5297m/0.812rad
[gazebo_track_car-2] [WARN] [1780980678.573224826] [gazebo_track_car]: JITTER events=55 reasons=cmd_xy_error=0.5297m pos=(-1.798,+0.846) step=0.0034/0.0000m yaw=0.019/0.000rad route=flat_left_mid_to_top_reverse
[gazebo_track_car-2] [INFO] [1780980679.272239243] [gazebo_track_car]: MOTION pos=(-1.756,+0.828) yaw=-0.943 v=0.177 step_err=0.0030m/0.045rad track_err=0.5722m footprint=OFFROAD:0.00px route=flat_left_mid_to_top_reverse cmd_vel=(0.000,-2.800)
[gazebo_track_car-2] [WARN] [1780980679.590523911] [gazebo_track_car]: GAZEBO_FOOTPRINT_OFFROAD actual pose=(-1.7395,+0.8278) yaw=-1.1056 origin_pixel=(53.8,92.7) min_clearance=0.00px cmd_error=0.5847m/0.465rad
[gazebo_track_car-2] [WARN] [1780980679.590853433] [gazebo_track_car]: JITTER events=51 reasons=cmd_xy_error=0.5847m pos=(-1.739,+0.828) step=0.0017/0.0000m yaw=0.017/0.000rad route=flat_left_mid_to_top_reverse
[gazebo_track_car-2] [WARN] [1780980680.594935563] [gazebo_track_car]: GAZEBO_FOOTPRINT_OFFROAD actual pose=(-1.7584,+0.7700) yaw=-0.5622 origin_pixel=(53.0,95.1) min_clearance=0.00px cmd_error=0.6110m/1.009rad
[gazebo_track_car-2] [WARN] [1780980680.595252882] [gazebo_track_car]: JITTER events=50 reasons=yaw_step_error=0.053rad,cmd_xy_error=0.6110m pos=(-1.758,+0.770) step=0.0042/0.0000m yaw=0.053/0.000rad route=flat_left_mid_to_top_reverse
[gazebo_track_car-2] [INFO] [1780980681.294006551] [gazebo_track_car]: MOTION pos=(-1.707,+0.790) yaw=-1.273 v=0.198 step_err=0.0036m/0.047rad track_err=0.6340m footprint=OFFROAD:0.00px route=flat_left_mid_to_top_reverse cmd_vel=(0.000,-2.800)
[gazebo_track_car-2] [WARN] [1780980681.597936365] [gazebo_track_car]: GAZEBO_FOOTPRINT_OFFROAD actual pose=(-1.6912,+0.7909) yaw=-1.4263 origin_pixel=(55.8,94.3) min_clearance=0.00px cmd_error=0.6453m/0.145rad
[gazebo_track_car-2] [WARN] [1780980681.598257041] [gazebo_track_car]: JITTER events=50 reasons=cmd_xy_error=0.6453m pos=(-1.691,+0.791) step=0.0023/0.0000m yaw=0.025/0.000rad route=flat_left_mid_to_top_reverse
[gazebo_track_car-2] [WARN] [1780980682.596593045] [gazebo_track_car]: GAZEBO_FOOTPRINT_OFFROAD actual pose=(-1.6930,+0.7353) yaw=-1.0659 origin_pixel=(55.8,96.6) min_clearance=0.00px cmd_error=0.6816m/0.505rad
[gazebo_track_car-2] [WARN] [1780980682.597006116] [gazebo_track_car]: JITTER events=50 reasons=yaw_step_error=0.047rad,speed_delta=0.058m/s,cmd_xy_error=0.6816m pos=(-1.693,+0.735) step=0.0033/0.0000m yaw=0.047/0.000rad route=flat_left_mid_to_top_reverse
[gazebo_track_car-2] [INFO] [1780980683.296737404] [gazebo_track_car]: MOTION pos=(-1.673,+0.732) yaw=-1.236 v=0.224 step_err=0.0042m/0.053rad track_err=0.6988m footprint=OFFROAD:0.00px route=flat_left_mid_to_top_reverse cmd_vel=(0.000,-2.800)
[gazebo_track_car-2] [WARN] [1780980683.600195895] [gazebo_track_car]: GAZEBO_FOOTPRINT_OFFROAD actual pose=(-1.6858,+0.7231) yaw=-1.0832 origin_pixel=(56.1,97.1) min_clearance=0.00px cmd_error=0.6954m/0.488rad
[gazebo_track_car-2] [WARN] [1780980683.600649372] [gazebo_track_car]: JITTER events=50 reasons=yaw_step_error=0.030rad,yaw_rate_delta=0.457rad/s,cmd_xy_error=0.6954m pos=(-1.686,+0.723) step=0.0013/0.0000m yaw=0.030/0.000rad route=flat_left_mid_to_top_reverse
[gazebo_track_car-2] [WARN] [1780980684.602696403] [gazebo_track_car]: GAZEBO_FOOTPRINT_OFFROAD actual pose=(-1.6459,+0.6379) yaw=-0.5473 origin_pixel=(57.8,100.8) min_clearance=0.00px cmd_error=0.7843m/1.024rad
[gazebo_track_car-2] [WARN] [1780980684.603015305] [gazebo_track_car]: JITTER events=50 reasons=cmd_xy_error=0.7843m pos=(-1.646,+0.638) step=0.0037/0.0000m yaw=0.015/0.000rad route=flat_left_mid_to_top_reverse
[gazebo_track_car-2] [INFO] [1780980685.303311942] [gazebo_track_car]: MOTION pos=(-1.588,+0.627) yaw=-0.995 v=0.188 step_err=0.0035m/0.002rad track_err=0.8324m footprint=OFFROAD:0.00px route=flat_left_mid_to_top_reverse cmd_vel=(0.000,-2.800)
[gazebo_track_car-2] [WARN] [1780980685.623487434] [gazebo_track_car]: GAZEBO_FOOTPRINT_OFFROAD actual pose=(-1.5502,+0.6260) yaw=-1.4108 origin_pixel=(61.9,101.3) min_clearance=0.00px cmd_error=0.8604m/0.160rad
[gazebo_track_car-2] [WARN] [1780980685.623808019] [gazebo_track_car]: JITTER events=51 reasons=speed_delta=0.052m/s,yaw_rate_delta=0.597rad/s,cmd_xy_error=0.8604m pos=(-1.550,+0.626) step=0.0012/0.0000m yaw=0.020/0.000rad route=flat_left_mid_to_top_reverse
[gazebo_track_car-2] [WARN] [1780980686.619394791] [gazebo_track_car]: GAZEBO_FOOTPRINT_OFFROAD actual pose=(-1.5193,+0.5756) yaw=-1.7733 origin_pixel=(63.2,103.4) min_clearance=0.00px cmd_error=0.9175m/0.203rad
[gazebo_track_car-2] [WARN] [1780980686.619716859] [gazebo_track_car]: JITTER events=50 reasons=yaw_step_error=0.039rad,speed_delta=0.033m/s,yaw_rate_delta=0.427rad/s,cmd_xy_error=0.9175m pos=(-1.519,+0.576) step=0.0028/0.0000m yaw=0.039/0.000rad route=flat_left_mid_to_top_reverse
[gazebo_track_car-2] [INFO] [1780980687.318048552] [gazebo_track_car]: MOTION pos=(-1.524,+0.570) yaw=-1.668 v=0.093 step_err=0.0012m/0.018rad track_err=0.9179m footprint=OFFROAD:0.00px route=flat_left_mid_to_top_reverse cmd_vel=(0.000,-2.800)
[gazebo_track_car-2] [WARN] [1780980687.621482371] [gazebo_track_car]: GAZEBO_FOOTPRINT_OFFROAD actual pose=(-1.5407,+0.5595) yaw=-1.4488 origin_pixel=(62.3,104.1) min_clearance=0.00px cmd_error=0.9136m/0.122rad
[gazebo_track_car-2] [WARN] [1780980687.621806223] [gazebo_track_car]: JITTER events=50 reasons=yaw_step_error=0.054rad,cmd_xy_error=0.9136m pos=(-1.541,+0.560) step=0.0043/0.0000m yaw=0.054/0.000rad route=flat_left_mid_to_top_reverse
[gazebo_track_car-2] [WARN] [1780980688.622529441] [gazebo_track_car]: GAZEBO_FOOTPRINT_OFFROAD actual pose=(-1.4733,+0.5003) yaw=-2.6235 origin_pixel=(65.1,106.7) min_clearance=0.00px cmd_error=1.0031m/1.053rad
[gazebo_track_car-2] [WARN] [1780980688.622906683] [gazebo_track_car]: JITTER events=50 reasons=cmd_xy_error=1.0031m pos=(-1.473,+0.500) step=0.0044/0.0000m yaw=0.012/0.000rad route=flat_left_mid_to_top_reverse
[gazebo_track_car-2] [INFO] [1780980689.324953288] [gazebo_track_car]: MOTION pos=(-1.548,+0.502) yaw=-2.122 v=0.204 step_err=0.0042m/0.053rad track_err=0.9282m footprint=OFFROAD:0.00px route=flat_left_mid_to_top_reverse cmd_vel=(0.000,-2.800)
[gazebo_track_car-2] [WARN] [1780980689.622919634] [gazebo_track_car]: JITTER events=50 reasons=yaw_step_error=0.051rad,cmd_xy_error=0.9487m pos=(-1.545,+0.477) step=0.0041/0.0000m yaw=0.051/0.000rad route=flat_left_mid_to_top_reverse
[gazebo_track_car-2] [WARN] [1780980690.639047206] [gazebo_track_car]: JITTER events=51 reasons=yaw_step_error=0.052rad,cmd_xy_error=0.8416m pos=(-1.635,+0.435) step=0.0042/0.0169m yaw=0.052/0.000rad route=flat_left_mid_to_top_reverse
[gazebo_track_car-2] [INFO] [1780980691.337790174] [gazebo_track_car]: MOTION pos=(-1.655,+0.405) yaw=-3.054 v=0.154 step_err=0.0104m/0.012rad track_err=0.8187m footprint=road:6.00px route=flat_left_mid_to_top_reverse cmd_vel=(0.166,-1.152)
[gazebo_track_car-2] [WARN] [1780980691.637541060] [gazebo_track_car]: JITTER events=50 reasons=speed_delta=0.040m/s,cmd_xy_error=0.7588m pos=(-1.692,+0.406) step=0.0020/0.0102m yaw=0.001/0.000rad route=flat_left_mid_to_top_reverse
[gazebo_track_car-2] [WARN] [1780980692.654193028] [gazebo_track_car]: JITTER events=51 reasons=yaw_step_error=0.050rad,cmd_xy_error=0.5767m pos=(-1.805,+0.467) step=0.0040/0.0000m yaw=0.050/0.000rad route=flat_left_mid_to_top_reverse
[gazebo_track_car-2] [INFO] [1780980693.354541282] [gazebo_track_car]: MOTION pos=(-1.865,+0.422) yaw=-0.926 v=0.213 step_err=0.0042m/0.053rad track_err=0.5768m footprint=road:5.00px route=flat_left_mid_to_top_reverse cmd_vel=(0.000,-2.800)
[gazebo_track_car-2] [WARN] [1780980693.656818883] [gazebo_track_car]: JITTER events=50 reasons=yaw_step_error=0.027rad,yaw_rate_delta=0.503rad/s,cmd_xy_error=0.5788m pos=(-1.851,+0.429) step=0.0017/0.0000m yaw=0.027/0.000rad route=flat_left_mid_to_top_reverse
[gazebo_track_car-2] [WARN] [1780980694.659387441] [gazebo_track_car]: JITTER events=50 reasons=yaw_step_error=0.032rad,yaw_rate_delta=0.401rad/s,cmd_xy_error=0.6243m pos=(-1.836,+0.384) step=0.0018/0.0000m yaw=0.032/0.000rad route=flat_left_mid_to_top_reverse
[gazebo_track_car-2] [INFO] [1780980695.451328476] [gazebo_track_car]: MOTION pos=(-1.788,+0.293) yaw=-0.059 v=0.266 step_err=0.0053m/0.002rad track_err=0.7266m footprint=road:5.00px route=flat_left_mid_to_top_reverse cmd_vel=(0.000,+2.800)
[gazebo_track_car-2] [WARN] [1780980695.752816374] [gazebo_track_car]: JITTER events=54 reasons=cmd_xy_error=0.7698m pos=(-1.725,+0.284) step=0.0052/0.0000m yaw=0.004/0.000rad route=flat_left_mid_to_top_reverse
[gazebo_track_car-2] [WARN] [1780980696.095678742] [gazebo_track_car]: GAZEBO_FOOTPRINT_OFFROAD actual pose=(-1.6840,+0.2391) yaw=+0.7539 origin_pixel=(56.2,117.8) min_clearance=0.00px cmd_error=0.8304m/2.325rad
[gazebo_track_car-2] [WARN] [1780980696.772363464] [gazebo_track_car]: JITTER events=51 reasons=yaw_step_error=0.052rad,cmd_xy_error=0.8425m pos=(-1.665,+0.238) step=0.0042/0.0000m yaw=0.052/0.000rad route=flat_left_mid_to_top_reverse
[gazebo_track_car-2] [WARN] [1780980697.116478283] [gazebo_track_car]: GAZEBO_FOOTPRINT_OFFROAD actual pose=(-1.6280,+0.2282) yaw=+1.4354 origin_pixel=(58.5,118.3) min_clearance=0.00px cmd_error=0.8734m/3.006rad
[gazebo_track_car-2] [INFO] [1780980697.475199069] [gazebo_track_car]: MOTION pos=(-1.669,+0.246) yaw=+0.942 v=0.049 step_err=0.0005m/0.031rad track_err=0.8338m footprint=road:1.00px route=flat_left_mid_to_top_reverse cmd_vel=(0.000,+2.800)
[gazebo_track_car-2] [WARN] [1780980697.770838489] [gazebo_track_car]: JITTER events=50 reasons=yaw_step_error=0.040rad,yaw_rate_delta=0.606rad/s,cmd_xy_error=0.8238m pos=(-1.641,+0.282) step=0.0037/0.0000m yaw=0.040/0.000rad route=flat_left_mid_to_top_reverse
[gazebo_track_car-2] [WARN] [1780980698.774592528] [gazebo_track_car]: JITTER events=50 reasons=cmd_xy_error=0.8005m pos=(-1.632,+0.322) step=0.0037/0.0000m yaw=0.016/0.000rad route=flat_left_mid_to_top_reverse
[gazebo_track_car-2] [INFO] [1780980699.476895145] [gazebo_track_car]: MOTION pos=(-1.607,+0.365) yaw=+0.345 v=0.206 step_err=0.0041m/0.051rad track_err=0.7872m footprint=road:6.00px route=flat_left_mid_to_top_reverse cmd_vel=(0.000,+2.800)
[gazebo_track_car-2] [WARN] [1780980699.779303100] [gazebo_track_car]: JITTER events=50 reasons=cmd_xy_error=0.8191m pos=(-1.586,+0.341) step=0.0023/0.0000m yaw=0.024/0.000rad route=flat_left_mid_to_top_reverse
[gazebo_track_car-2] [WARN] [1780980700.794559569] [gazebo_track_car]: JITTER events=51 reasons=yaw_step_error=0.030rad,yaw_rate_delta=0.426rad/s,cmd_xy_error=0.8189m pos=(-1.534,+0.402) step=0.0008/0.0000m yaw=0.030/0.000rad route=flat_left_mid_to_top_reverse
[gazebo_track_car-2] [WARN] [1780980701.477999047] [gazebo_track_car]: GAZEBO_FOOTPRINT_OFFROAD actual pose=(-1.5353,+0.4702) yaw=+0.7804 origin_pixel=(62.5,107.9) min_clearance=0.00px cmd_error=0.7775m/2.351rad
[gazebo_track_car-2] [INFO] [1780980701.497665542] [gazebo_track_car]: MOTION pos=(-1.534,+0.469) yaw=+0.818 v=0.116 step_err=0.0017m/0.037rad track_err=0.7791m footprint=OFFROAD:0.00px route=flat_left_mid_to_top_reverse cmd_vel=(0.000,+2.800)
[gazebo_track_car-2] [WARN] [1780980701.901277843] [gazebo_track_car]: JITTER events=55 reasons=cmd_xy_error=0.7422m pos=(-1.549,+0.514) step=0.0020/0.0000m yaw=0.021/0.000rad route=flat_left_mid_to_top_reverse
[gazebo_track_car-2] [WARN] [1780980702.660530673] [gazebo_track_car]: GAZEBO_FOOTPRINT_OFFROAD actual pose=(-1.4675,+0.4994) yaw=+0.3904 origin_pixel=(65.4,106.7) min_clearance=0.00px cmd_error=0.8197m/1.961rad
[gazebo_track_car-2] [WARN] [1780980702.899260029] [gazebo_track_car]: JITTER events=50 reasons=speed_delta=0.050m/s,yaw_rate_delta=0.436rad/s,cmd_xy_error=0.8479m pos=(-1.437,+0.497) step=0.0035/0.0000m yaw=0.013/0.000rad route=flat_left_mid_to_top_reverse
[gazebo_track_car-2] [INFO] [1780980703.498266673] [gazebo_track_car]: MOTION pos=(-1.417,+0.496) yaw=+0.785 v=0.083 step_err=0.0012m/0.020rad track_err=0.8658m footprint=OFFROAD:0.00px route=flat_left_mid_to_top_reverse cmd_vel=(0.000,+2.800)
[gazebo_track_car-2] [WARN] [1780980703.597742226] [gazebo_track_car]: GAZEBO_FOOTPRINT_OFFROAD actual pose=(-1.4258,+0.5097) yaw=+0.5526 origin_pixel=(67.2,106.3) min_clearance=0.00px cmd_error=0.8513m/2.123rad
[gazebo_track_car-2] [WARN] [1780980703.902593491] [gazebo_track_car]: JITTER events=50 reasons=yaw_step_error=0.050rad,cmd_xy_error=0.8410m pos=(-1.421,+0.542) step=0.0040/0.0000m yaw=0.050/0.000rad route=flat_left_mid_to_top_reverse
[gazebo_track_car-2] [WARN] [1780980704.602648707] [gazebo_track_car]: GAZEBO_FOOTPRINT_OFFROAD actual pose=(-1.3607,+0.5155) yaw=+1.0196 origin_pixel=(69.9,106.0) min_clearance=0.00px cmd_error=0.9071m/2.590rad
[gazebo_track_car-2] [WARN] [1780980704.901368017] [gazebo_track_car]: JITTER events=50 reasons=yaw_step_error=0.050rad,cmd_xy_error=0.9281m pos=(-1.342,+0.507) step=0.0040/0.0000m yaw=0.050/0.000rad route=flat_left_mid_to_top_reverse
[gazebo_track_car-2] [INFO] [1780980705.524194146] [gazebo_track_car]: MOTION pos=(-1.341,+0.535) yaw=+1.256 v=0.100 step_err=0.0013m/0.026rad track_err=0.9170m footprint=OFFROAD:0.00px route=flat_left_mid_to_top_reverse cmd_vel=(0.000,+2.800)
[gazebo_track_car-2] [WARN] [1780980705.605105335] [gazebo_track_car]: GAZEBO_FOOTPRINT_OFFROAD actual pose=(-1.3429,+0.5474) yaw=+1.1668 origin_pixel=(70.7,104.6) min_clearance=0.00px cmd_error=0.9101m/2.738rad
[gazebo_track_car-2] [WARN] [1780980705.922255233] [gazebo_track_car]: JITTER events=51 reasons=yaw_step_error=0.047rad,speed_delta=0.041m/s,cmd_xy_error=0.9231m pos=(-1.307,+0.604) step=0.0035/0.0000m yaw=0.047/0.000rad route=flat_left_mid_to_top_reverse
[gazebo_track_car-2] [WARN] [1780980706.627508262] [gazebo_track_car]: GAZEBO_FOOTPRINT_OFFROAD actual pose=(-1.3035,+0.6977) yaw=+0.7335 origin_pixel=(72.4,98.2) min_clearance=0.00px cmd_error=0.9005m/2.304rad
[gazebo_track_car-2] [WARN] [1780980706.926606585] [gazebo_track_car]: JITTER events=50 reasons=yaw_step_error=0.051rad,cmd_xy_error=0.8978m pos=(-1.298,+0.738) step=0.0040/0.0000m yaw=0.051/0.000rad route=flat_left_mid_to_top_reverse
[gazebo_track_car-2] [INFO] [1780980707.529677538] [gazebo_track_car]: MOTION pos=(-1.255,+0.737) yaw=+0.677 v=0.204 step_err=0.0041m/0.013rad track_err=0.9397m footprint=OFFROAD:0.00px route=flat_left_mid_to_top_reverse cmd_vel=(0.000,+2.800)
[gazebo_track_car-2] [WARN] [1780980707.629715441] [gazebo_track_car]: GAZEBO_FOOTPRINT_OFFROAD actual pose=(-1.2369,+0.7456) yaw=+0.7410 origin_pixel=(75.2,96.2) min_clearance=0.00px cmd_error=0.9562m/2.312rad
[gazebo_track_car-2] [WARN] [1780980707.930982440] [gazebo_track_car]: JITTER events=50 reasons=cmd_xy_error=0.9509m pos=(-1.236,+0.790) step=0.0034/0.0000m yaw=0.018/0.000rad route=flat_left_mid_to_top_reverse
[gazebo_track_car-2] [WARN] [1780980708.627668774] [gazebo_track_car]: GAZEBO_FOOTPRINT_OFFROAD actual pose=(-1.2131,+0.7591) yaw=+0.5715 origin_pixel=(76.2,95.6) min_clearance=0.00px cmd_error=0.9776m/2.142rad
[gazebo_track_car-2] [WARN] [1780980708.929803396] [gazebo_track_car]: JITTER events=50 reasons=cmd_xy_error=0.9724m pos=(-1.212,+0.808) step=0.0042/0.0000m yaw=0.014/0.000rad route=flat_left_mid_to_top_reverse
[gazebo_track_car-2] [INFO] [1780980709.526235972] [gazebo_track_car]: MOTION pos=(-1.136,+0.794) yaw=+0.021 v=0.176 step_err=0.0030m/0.037rad track_err=1.0499m footprint=OFFROAD:0.00px route=flat_left_mid_to_top_reverse cmd_vel=(0.000,-2.800)
[gazebo_track_car-2] [WARN] [1780980709.626818969] [gazebo_track_car]: GAZEBO_FOOTPRINT_OFFROAD actual pose=(-1.1330,+0.7836) yaw=+0.1540 origin_pixel=(79.7,94.6) min_clearance=0.00px cmd_error=1.0538m/1.725rad
[gazebo_track_car-2] [WARN] [1780980709.930334566] [gazebo_track_car]: JITTER events=50 reasons=yaw_step_error=0.050rad,cmd_xy_error=1.0675m pos=(-1.115,+0.824) step=0.0040/0.0000m yaw=0.050/0.000rad route=flat_left_mid_to_top_reverse
[gazebo_track_car-2] [WARN] [1780980710.645055232] [gazebo_track_car]: GAZEBO_FOOTPRINT_OFFROAD actual pose=(-0.9915,+0.7690) yaw=-0.9447 origin_pixel=(85.7,95.2) min_clearance=0.00px cmd_error=1.1960m/0.626rad
[gazebo_track_car-2] [WARN] [1780980710.949049881] [gazebo_track_car]: JITTER events=51 reasons=cmd_xy_error=1.2372m pos=(-0.958,+0.710) step=0.0040/0.0000m yaw=0.013/0.000rad route=flat_left_mid_to_top_reverse
[gazebo_track_car-2] [INFO] [1780980711.549606272] [gazebo_track_car]: MOTION pos=(-0.929,+0.658) yaw=-0.372 v=0.203 step_err=0.0040m/0.014rad track_err=1.2748m footprint=OFFROAD:0.00px route=flat_left_mid_to_top_reverse cmd_vel=(0.000,-2.800)
[gazebo_track_car-2] [WARN] [1780980711.736988655] [gazebo_track_car]: GAZEBO_FOOTPRINT_OFFROAD actual pose=(-0.9021,+0.6704) yaw=-0.6818 origin_pixel=(89.5,99.4) min_clearance=0.00px cmd_error=1.2990m/0.889rad
[gazebo_track_car-2] [WARN] [1780980711.952931214] [gazebo_track_car]: JITTER events=50 reasons=yaw_step_error=0.047rad,yaw_rate_delta=0.576rad/s,cmd_xy_error=1.3420m pos=(-0.862,+0.649) step=0.0040/0.0000m yaw=0.047/0.000rad route=flat_left_mid_to_top_reverse
[gazebo_track_car-2] [WARN] [1780980712.950291233] [gazebo_track_car]: JITTER events=50 reasons=cmd_xy_error=1.4878m pos=(-0.737,+0.541) step=0.0045/0.0000m yaw=0.009/0.000rad route=flat_left_mid_to_top_reverse
[gazebo_track_car-2] [INFO] [1780980713.550254058] [gazebo_track_car]: MOTION pos=(-0.711,+0.469) yaw=-0.495 v=0.269 step_err=0.0054m/0.002rad track_err=1.5321m footprint=road:7.00px route=flat_left_mid_to_top_reverse cmd_vel=(0.000,-2.800)
[gazebo_track_car-2] [WARN] [1780980713.953872531] [gazebo_track_car]: JITTER events=50 reasons=cmd_xy_error=1.6277m pos=(-0.624,+0.425) step=0.0053/0.0000m yaw=0.002/0.000rad route=flat_left_mid_to_top_reverse
[gazebo_track_car-2] [WARN] [1780980714.952831472] [gazebo_track_car]: JITTER events=50 reasons=yaw_step_error=0.033rad,speed_delta=0.054m/s,yaw_rate_delta=0.628rad/s,cmd_xy_error=1.7331m pos=(-0.535,+0.358) step=0.0026/0.0000m yaw=0.033/0.000rad route=flat_left_mid_to_top_reverse
[WARNING] [launch]: user interrupted with ctrl-c (SIGINT)
[WARNING] [launch]: user interrupted with ctrl-c (SIGINT) again, ignoring...
[INFO] [gazebo_track_car-2]: sending signal 'SIGINT' to process[gazebo_track_car-2]
[INFO] [gzserver-1]: sending signal 'SIGINT' to process[gzserver-1]
[INFO] [gazebo_track_car-2]: process has finished cleanly [pid 29351]
[ERROR] [gzserver-1]: process has died [pid 29349, exit code -2, cmd 'gzserver /home/quocbao/my_robot_vision_full_project/my_robot_vision/mirrored_world_lab/generated/autonomous_map_3d_mirror_x_signless_full.world                                                                      -s libgazebo_ros_init.so   -s libgazebo_ros_factory.so   -s libgazebo_ros_force_system.so       '].
