[INFO] [launch]: All log files can be found below /home/quocbao/.ros/log/2026-06-08-21-20-52-583553-ubuntu-27286
[INFO] [launch]: Default logging verbosity is set to INFO
[INFO] [gzserver-1]: process started with pid [27288]
[INFO] [gazebo_track_car-2]: process started with pid [27290]
[gazebo_track_car-2] [INFO] [1780978853.159797972] [gazebo_track_car]: [MAP_TRANSFORM] image=256x256 path=/home/quocbao/my_robot_vision_full_project/my_robot_vision/models/autonomous_map_3d_mirror_x/materials/textures/autonomous_map_visual.png map_size=6.000x6.000m px_per_m_x=42.667 px_per_m_y=42.667 route_offset=(+0.000,+0.000)m map_visual_offset=(+0.000,+0.300)m
[gazebo_track_car-2] [INFO] [1780978853.286772837] [gazebo_track_car]: [FOOTPRINT_CHECK] samples=1588 center_off_road=0 center_outside_safe=1005 failures=0 min_footprint_clearance=3.60px footprint=front:0.165m rear:0.145m half_width:0.115m
[gazebo_track_car-2] [INFO] [1780978853.287053957] [gazebo_track_car]: [FOOTPRINT_CHECK] overlays=/tmp/gazebo_route_mask_debug.png, /tmp/gazebo_route_centerline_debug.png, /tmp/gazebo_route_footprint_debug.png
[gazebo_track_car-2] [INFO] [1780978853.362716996] [gazebo_track_car]: SAFE_ROUTE_VERSION=semantic_parking_spawn_turn_guard_v31; direction=texture point order; clearance=12px; drive_wheels=True; route_offset=(+0.000,+0.000)m; start_distance=0.000m; route_explore=True branch_probability=0.35; sign_detection=off roi=0.08-0.82; map_visual_offset=(+0.000,+0.300)m; base_speed=0.28m/s speed_limit=0.14m/s; traffic_light=fixed state=green green=5.0s yellow=1.0s red=8.0s trigger_distance=1.70m stop_distance=0.85m min_stop=2.0s camera=off topic=/track_preview_car/camera/image_raw fill>=0.42 slow_area>=45px stop_area>=160px distance_gate=on; camera_sign_templates=5 sign_score>=0.32 sign_stable=2; wheel_controller lookahead=0.32m parking_lookahead=0.20m heading_gain=3.80 max_wz=2.80rad/s rotate_heading>1.05rad; yaw_limits=1.80rad/s/4.00rad/s2; route_rejoin=False outer_only=True cmd_error>0.30m max_route_dist=0.55m; progress_sync=True cmd_error>0.06m route_dist<=0.20m yaw<=1.20rad; initial_pose_reset=True tol=0.12m/0.35rad; segments=18; route_points=36.
[gazebo_track_car-2] [INFO] [1780978853.363468580] [gazebo_track_car]: Motion log uses /model_states and /track_preview_car/cmd_vel: MOTION every 2.00s, JITTER at most every 1.00s, verbose=False; jitter thresholds xy_step_delta=0.0060m, cmd_error=0.050m, z_delta=0.0005m, tilt=0.0030rad, speed_delta=0.030m/s, yaw_step_error=0.025rad, yaw_rate_delta=0.400rad/s.
[gzserver-1] [INFO] [1780978854.660492564] [track_preview_car.front_camera_controller]: Publishing camera info to [/track_preview_car/camera/camera_info]
[gzserver-1] [INFO] [1780978854.674096264] [gazebo_ros_state]: Publishing states of gazebo models at [/model_states]
[gzserver-1] [INFO] [1780978854.674392762] [gazebo_ros_state]: Publishing states of gazebo links at [/link_states]
[gzserver-1] [INFO] [1780978854.687753334] [track_preview_car.track_preview_car_diff_drive]: Wheel pair 1 separation set to [0.176000m]
[gzserver-1] [INFO] [1780978854.687831010] [track_preview_car.track_preview_car_diff_drive]: Wheel pair 1 diameter set to [0.060000m]
[gzserver-1] [INFO] [1780978854.689341584] [track_preview_car.track_preview_car_diff_drive]: Subscribed to [/track_preview_car/cmd_vel]
[gzserver-1] [INFO] [1780978854.690085204] [track_preview_car.track_preview_car_diff_drive]: Advertise odometry on [/track_preview_car/odom]
[gazebo_track_car-2] [INFO] [1780978854.720138050] [gazebo_track_car]: initial pose reset to configured route start; actual=(+1.828,+2.180) yaw=+0.000 target=(-1.828,+2.180) yaw=+0.000 error=3.656m/0.000rad segment=flat_top_left_to_top_center
[gazebo_track_car-2] [INFO] [1780978854.765060940] [gazebo_track_car]: traffic light is now GREEN.
[gazebo_track_car-2] [WARN] [1780978854.765839295] [gazebo_track_car]: Waiting for /model_states pose before publishing wheel commands.
[gazebo_track_car-2] [INFO] [1780978855.073546926] [gazebo_track_car]: wheel controller synced route progress from initial model pose; segment=flat_top_left_to_top_center@0.000m route_dist=0.001m startup_gate=1.250m
[gazebo_track_car-2] [WARN] [1780978855.801821634] [gazebo_track_car]: JITTER events=17 reasons=speed_delta=0.031m/s,yaw_rate_delta=0.837rad/s pos=(-1.687,+2.180) step=0.0037/0.0000m yaw=0.002/0.000rad route=flat_top_left_to_top_center
[gazebo_track_car-2] [INFO] [1780978856.779695187] [gazebo_track_car]: MOTION pos=(-1.587,+2.157) yaw=-0.441 v=0.153 step_err=0.0107m/0.020rad track_err=0.0493m footprint=road:5.00px route=flat_top_left_to_top_center cmd_vel=(0.135,+1.050)
[gazebo_track_car-2] [INFO] [1780978856.881774214] [gazebo_track_car]: ROUTE_PROGRESS_SYNC actual=(-1.578,+2.144) cmd_error=0.060m route_dist=0.036m yaw_error=0.330rad segment=flat_top_left_to_top_center@0.299m->flat_top_left_to_top_center@0.250m
[gazebo_track_car-2] [WARN] [1780978856.902228008] [gazebo_track_car]: JITTER events=28 reasons=speed_delta=0.041m/s,yaw_rate_delta=0.942rad/s pos=(-1.576,+2.142) step=0.0030/0.0000m yaw=0.012/0.000rad route=flat_top_left_to_top_center
[gazebo_track_car-2] [WARN] [1780978857.883745300] [gazebo_track_car]: JITTER events=33 reasons=cmd_xy_error=0.0850m pos=(-1.454,+2.097) step=0.0051/0.0000m yaw=0.004/0.000rad route=flat_top_left_to_top_center
[gazebo_track_car-2] [INFO] [1780978857.985271555] [gazebo_track_car]: ROUTE_PROGRESS_SYNC actual=(-1.447,+2.084) cmd_error=0.097m route_dist=0.095m yaw_error=0.577rad segment=flat_top_left_to_top_center@0.367m->flat_top_left_to_top_center@0.381m
[gazebo_track_car-2] [WARN] [1780978858.265985811] [gazebo_track_car]: GAZEBO_FOOTPRINT_OFFROAD actual pose=(-1.4232,+2.0548) yaw=-0.3850 origin_pixel=(67.3,40.3) min_clearance=0.00px cmd_error=0.1257m/0.385rad
[gazebo_track_car-2] [INFO] [1780978858.805442714] [gazebo_track_car]: MOTION pos=(-1.343,+2.033) yaw=-0.555 v=0.127 step_err=0.0026m/0.031rad track_err=0.1464m footprint=OFFROAD:0.00px route=flat_top_left_to_top_center cmd_vel=(0.050,+1.597)
[gazebo_track_car-2] [WARN] [1780978858.903106965] [gazebo_track_car]: JITTER events=51 reasons=yaw_step_error=0.031rad,cmd_xy_error=0.1594m pos=(-1.345,+2.020) step=0.0026/0.0028m yaw=0.031/0.000rad route=flat_top_left_to_top_center
[gazebo_track_car-2] [INFO] [1780978859.210839261] [gazebo_track_car]: ROUTE_PROGRESS_SYNC actual=(-1.311,+2.017) cmd_error=0.164m route_dist=0.163m yaw_error=0.630rad segment=flat_top_left_to_top_center@0.498m->flat_top_left_to_top_center@0.517m
[gazebo_track_car-2] [WARN] [1780978859.307208747] [gazebo_track_car]: GAZEBO_FOOTPRINT_OFFROAD actual pose=(-1.2900,+2.0047) yaw=-0.6648 origin_pixel=(73.0,42.5) min_clearance=0.00px cmd_error=0.1763m/0.665rad
[gazebo_track_car-2] [WARN] [1780978859.909256115] [gazebo_track_car]: JITTER events=50 reasons=cmd_xy_error=0.2165m pos=(-1.262,+1.965) step=0.0040/0.0051m yaw=0.012/0.000rad route=flat_top_left_to_top_center
[gazebo_track_car-2] [WARN] [1780978860.306908625] [gazebo_track_car]: GAZEBO_FOOTPRINT_OFFROAD actual pose=(-1.2356,+1.9377) yaw=+0.0291 origin_pixel=(75.3,45.3) min_clearance=0.00px cmd_error=0.2437m/0.029rad
[gazebo_track_car-2] [INFO] [1780978860.806836227] [gazebo_track_car]: MOTION pos=(-1.183,+1.967) yaw=-0.400 v=0.210 step_err=0.0009m/0.011rad track_err=0.2144m footprint=OFFROAD:0.00px route=flat_top_left_to_top_center cmd_vel=(0.050,+1.580)
[gazebo_track_car-2] [WARN] [1780978860.907285540] [gazebo_track_car]: JITTER events=50 reasons=cmd_xy_error=0.2237m pos=(-1.161,+1.961) step=0.0047/0.0051m yaw=0.008/0.000rad route=flat_top_left_to_top_center
[gazebo_track_car-2] [WARN] [1780978861.307887756] [gazebo_track_car]: GAZEBO_FOOTPRINT_OFFROAD actual pose=(-1.1029,+1.9525) yaw=-0.8628 origin_pixel=(80.9,44.7) min_clearance=0.00px cmd_error=0.2500m/0.863rad
[gazebo_track_car-2] [WARN] [1780978861.923177842] [gazebo_track_car]: JITTER events=51 reasons=cmd_xy_error=0.3852m pos=(-1.020,+1.843) step=0.0049/0.0000m yaw=0.006/0.000rad route=flat_top_left_to_top_center
[gazebo_track_car-2] [WARN] [1780978862.309840464] [gazebo_track_car]: GAZEBO_FOOTPRINT_OFFROAD actual pose=(-0.9840,+1.8050) yaw=-0.2501 origin_pixel=(86.0,51.0) min_clearance=0.00px cmd_error=0.4362m/0.250rad
[gazebo_track_car-2] [INFO] [1780978862.810862254] [gazebo_track_car]: MOTION pos=(-0.971,+1.767) yaw=+0.215 v=0.188 step_err=0.0032m/0.042rad track_err=0.4755m footprint=OFFROAD:0.00px route=flat_top_left_to_top_center cmd_vel=(0.000,+2.800)
[gazebo_track_car-2] [WARN] [1780978863.030188918] [gazebo_track_car]: JITTER events=55 reasons=yaw_step_error=0.027rad,cmd_xy_error=0.5092m pos=(-0.953,+1.735) step=0.0023/0.0051m yaw=0.027/0.000rad route=flat_top_left_to_top_center
[gazebo_track_car-2] [WARN] [1780978863.313351460] [gazebo_track_car]: GAZEBO_FOOTPRINT_OFFROAD actual pose=(-0.9633,+1.7631) yaw=+0.2756 origin_pixel=(86.9,52.8) min_clearance=0.00px cmd_error=0.4730m/0.276rad
[gazebo_track_car-2] [WARN] [1780978864.033778178] [gazebo_track_car]: JITTER events=50 reasons=cmd_xy_error=0.4608m pos=(-0.953,+1.772) step=0.0022/0.0000m yaw=0.023/0.000rad route=flat_top_left_to_top_center
[gazebo_track_car-2] [WARN] [1780978864.334562302] [gazebo_track_car]: GAZEBO_FOOTPRINT_OFFROAD actual pose=(-0.9321,+1.7387) yaw=+0.6079 origin_pixel=(88.2,53.8) min_clearance=0.00px cmd_error=0.4974m/0.608rad
[gazebo_track_car-2] [INFO] [1780978864.833831760] [gazebo_track_car]: MOTION pos=(-0.936,+1.783) yaw=-0.012 v=0.130 step_err=0.0023m/0.007rad track_err=0.4494m footprint=OFFROAD:0.00px route=flat_top_left_to_top_center cmd_vel=(0.000,+2.800)
[gazebo_track_car-2] [WARN] [1780978865.033936214] [gazebo_track_car]: JITTER events=50 reasons=yaw_step_error=0.050rad,cmd_xy_error=0.4263m pos=(-0.923,+1.817) step=0.0040/0.0000m yaw=0.050/0.000rad route=flat_top_left_to_top_center
[gazebo_track_car-2] [WARN] [1780978865.332585135] [gazebo_track_car]: GAZEBO_FOOTPRINT_OFFROAD actual pose=(-0.8617,+1.7929) yaw=-0.6272 origin_pixel=(91.2,51.5) min_clearance=0.00px cmd_error=0.4806m/0.627rad
[gazebo_track_car-2] [WARN] [1780978866.033194638] [gazebo_track_car]: JITTER events=50 reasons=yaw_step_error=0.051rad,cmd_xy_error=0.5176m pos=(-0.860,+1.749) step=0.0041/0.0000m yaw=0.051/0.000rad route=flat_top_left_to_top_center
[gazebo_track_car-2] [WARN] [1780978866.332636659] [gazebo_track_car]: GAZEBO_FOOTPRINT_OFFROAD actual pose=(-0.8397,+1.6913) yaw=+0.7795 origin_pixel=(92.2,55.8) min_clearance=0.00px cmd_error=0.5770m/0.780rad
[gazebo_track_car-2] [INFO] [1780978866.834444083] [gazebo_track_car]: MOTION pos=(-0.852,+1.704) yaw=+0.496 v=0.202 step_err=0.0040m/0.051rad track_err=0.5518m footprint=OFFROAD:0.00px route=flat_top_left_to_top_center cmd_vel=(0.050,+1.563)
[gazebo_track_car-2] [WARN] [1780978867.034904196] [gazebo_track_car]: JITTER events=50 reasons=yaw_step_error=0.050rad,cmd_xy_error=0.5380m pos=(-0.849,+1.716) step=0.0040/0.0051m yaw=0.050/0.000rad route=flat_top_left_to_top_center
[gazebo_track_car-2] [WARN] [1780978867.335828840] [gazebo_track_car]: GAZEBO_FOOTPRINT_OFFROAD actual pose=(-0.8418,+1.7436) yaw=-0.0779 origin_pixel=(92.1,53.6) min_clearance=0.00px cmd_error=0.5181m/0.078rad
[gazebo_track_car-2] [WARN] [1780978868.053565388] [gazebo_track_car]: JITTER events=51 reasons=yaw_step_error=0.047rad,cmd_xy_error=0.5414m pos=(-0.794,+1.748) step=0.0038/0.0000m yaw=0.047/0.000rad route=flat_top_left_to_top_center
[gazebo_track_car-2] [WARN] [1780978868.338709692] [gazebo_track_car]: GAZEBO_FOOTPRINT_OFFROAD actual pose=(-0.7865,+1.7757) yaw=-0.4207 origin_pixel=(94.4,52.2) min_clearance=0.00px cmd_error=0.5249m/0.421rad
[gazebo_track_car-2] [INFO] [1780978868.839464237] [gazebo_track_car]: MOTION pos=(-0.682,+1.727) yaw=-0.630 v=0.274 step_err=0.0055m/0.001rad track_err=0.6311m footprint=OFFROAD:0.00px route=flat_top_left_to_top_center cmd_vel=(0.000,+2.800)
[gazebo_track_car-2] [WARN] [1780978869.059882472] [gazebo_track_car]: JITTER events=50 reasons=yaw_step_error=0.051rad,cmd_xy_error=0.6536m pos=(-0.689,+1.690) step=0.0041/0.0000m yaw=0.051/0.000rad route=flat_top_left_to_top_center
[gazebo_track_car-2] [WARN] [1780978869.359989236] [gazebo_track_car]: GAZEBO_FOOTPRINT_OFFROAD actual pose=(-0.6633,+1.6915) yaw=-0.2662 origin_pixel=(99.7,55.8) min_clearance=0.00px cmd_error=0.6697m/0.266rad
[gazebo_track_car-2] [WARN] [1780978870.057538847] [gazebo_track_car]: JITTER events=50 reasons=yaw_step_error=0.034rad,yaw_rate_delta=0.423rad/s,cmd_xy_error=0.7310m pos=(-0.609,+1.659) step=0.0032/0.0000m yaw=0.034/0.000rad route=flat_top_left_to_top_center
[gazebo_track_car-2] [INFO] [1780978870.858534607] [gazebo_track_car]: MOTION pos=(-0.527,+1.682) yaw=-0.473 v=0.199 step_err=0.0040m/0.014rad track_err=0.7752m footprint=road:4.00px route=flat_top_left_to_top_center cmd_vel=(0.000,+2.800)
[gazebo_track_car-2] [WARN] [1780978871.058928569] [gazebo_track_car]: JITTER events=50 reasons=cmd_xy_error=0.8195m pos=(-0.484,+1.665) step=0.0042/0.0000m yaw=0.012/0.000rad route=flat_top_left_to_top_center
[gazebo_track_car-2] [WARN] [1780978872.014710871] [gazebo_track_car]: GAZEBO_FOOTPRINT_OFFROAD actual pose=(-0.3745,+1.6026) yaw=-0.6559 origin_pixel=(112.0,59.6) min_clearance=0.00px cmd_error=0.9440m/0.656rad
[gazebo_track_car-2] [WARN] [1780978872.073733681] [gazebo_track_car]: JITTER events=51 reasons=cmd_xy_error=0.9596m pos=(-0.363,+1.593) step=0.0052/0.0000m yaw=0.003/0.000rad route=flat_top_left_to_top_center
[gazebo_track_car-2] [INFO] [1780978872.859771474] [gazebo_track_car]: MOTION pos=(-0.271,+1.547) yaw=-0.760 v=0.046 step_err=0.0003m/0.030rad track_err=1.0602m footprint=OFFROAD:0.00px route=flat_top_left_to_top_center cmd_vel=(0.000,+2.800)
[gazebo_track_car-2] [WARN] [1780978872.961692095] [gazebo_track_car]: GAZEBO_FOOTPRINT_OFFROAD actual pose=(-0.2817,+1.5347) yaw=-0.5158 origin_pixel=(116.0,62.5) min_clearance=0.00px cmd_error=1.0590m/0.516rad
[gazebo_track_car-2] [WARN] [1780978873.161997145] [gazebo_track_car]: JITTER events=54 reasons=yaw_step_error=0.050rad,cmd_xy_error=1.0740m pos=(-0.294,+1.496) step=0.0040/0.0000m yaw=0.050/0.000rad route=flat_top_left_to_top_center
[gazebo_track_car-2] [WARN] [1780978873.983877915] [gazebo_track_car]: GAZEBO_FOOTPRINT_OFFROAD actual pose=(-0.2831,+1.4730) yaw=+0.2580 origin_pixel=(115.9,65.2) min_clearance=0.00px cmd_error=1.0966m/0.258rad
[gazebo_track_car-2] [WARN] [1780978874.182823603] [gazebo_track_car]: JITTER events=51 reasons=speed_delta=0.048m/s,yaw_rate_delta=0.445rad/s,cmd_xy_error=1.1200m pos=(-0.271,+1.451) step=0.0019/0.0000m yaw=0.021/0.000rad route=flat_top_left_to_top_center
[gazebo_track_car-2] [INFO] [1780978874.884185621] [gazebo_track_car]: MOTION pos=(-0.281,+1.469) yaw=+0.318 v=0.160 step_err=0.0028m/0.032rad track_err=1.1012m footprint=OFFROAD:0.00px route=flat_top_left_to_top_center cmd_vel=(0.000,+2.800)
[gazebo_track_car-2] [WARN] [1780978874.985430649] [gazebo_track_car]: GAZEBO_FOOTPRINT_OFFROAD actual pose=(-0.2832,+1.4879) yaw=+0.0722 origin_pixel=(115.9,64.5) min_clearance=0.00px cmd_error=1.0870m/0.072rad
[gazebo_track_car-2] [WARN] [1780978875.185497631] [gazebo_track_car]: JITTER events=50 reasons=cmd_xy_error=1.1023m pos=(-0.251,+1.503) step=0.0042/0.0000m yaw=0.014/0.000rad route=flat_top_left_to_top_center
[gazebo_track_car-2] [WARN] [1780978875.983835237] [gazebo_track_car]: GAZEBO_FOOTPRINT_OFFROAD actual pose=(-0.1108,+1.5073) yaw=-0.4812 origin_pixel=(123.3,63.7) min_clearance=0.00px cmd_error=1.2141m/0.481rad
[gazebo_track_car-2] [WARN] [1780978876.184567902] [gazebo_track_car]: JITTER events=50 reasons=cmd_xy_error=1.2448m pos=(-0.077,+1.503) step=0.0039/0.0000m yaw=0.014/0.000rad route=flat_top_left_to_top_center
[gazebo_track_car-2] [INFO] [1780978876.900864556] [gazebo_track_car]: MOTION pos=(+0.023,+1.400) yaw=-0.997 v=0.247 step_err=0.0050m/0.005rad track_err=1.3846m footprint=OFFROAD:0.00px route=flat_top_left_to_top_center cmd_vel=(0.000,-2.800)
[gazebo_track_car-2] [WARN] [1780978876.983996651] [gazebo_track_car]: GAZEBO_FOOTPRINT_OFFROAD actual pose=(+0.0302,+1.3843) yaw=-0.9618 origin_pixel=(129.3,68.9) min_clearance=0.00px cmd_error=1.3998m/0.962rad
[gazebo_track_car-2] [WARN] [1780978877.189711889] [gazebo_track_car]: JITTER events=50 reasons=yaw_step_error=0.051rad,cmd_xy_error=1.4254m pos=(+0.059,+1.381) step=0.0041/0.0000m yaw=0.051/0.000rad route=flat_top_left_to_top_center
[gazebo_track_car-2] [WARN] [1780978878.107871372] [gazebo_track_car]: GAZEBO_FOOTPRINT_OFFROAD actual pose=(+0.1078,+1.2123) yaw=-1.3486 origin_pixel=(132.6,76.3) min_clearance=0.00px cmd_error=1.5644m/1.349rad
[gazebo_track_car-2] [WARN] [1780978878.207642317] [gazebo_track_car]: JITTER events=51 reasons=yaw_step_error=0.041rad,speed_delta=0.031m/s,cmd_xy_error=1.5794m pos=(+0.117,+1.200) step=0.0032/0.0000m yaw=0.041/0.000rad route=flat_top_left_to_top_center
[gazebo_track_car-2] [INFO] [1780978879.010065025] [gazebo_track_car]: MOTION pos=(+0.143,+1.151) yaw=-2.106 v=0.111 step_err=0.0022m/0.026rad track_err=1.6302m footprint=OFFROAD:0.00px route=flat_top_left_to_top_center cmd_vel=(0.000,-2.800)
[gazebo_track_car-2] [WARN] [1780978879.111527819] [gazebo_track_car]: GAZEBO_FOOTPRINT_OFFROAD actual pose=(+0.1339,+1.1392) yaw=-2.0759 origin_pixel=(133.7,79.4) min_clearance=0.00px cmd_error=1.6306m/2.076rad
[gazebo_track_car-2] [WARN] [1780978879.210863731] [gazebo_track_car]: JITTER events=50 reasons=yaw_step_error=0.035rad,cmd_xy_error=1.6265m pos=(+0.123,+1.133) step=0.0030/0.0000m yaw=0.035/0.000rad route=flat_top_left_to_top_center
[gazebo_track_car-2] [WARN] [1780978880.112854698] [gazebo_track_car]: GAZEBO_FOOTPRINT_OFFROAD actual pose=(+0.1024,+1.0861) yaw=-1.8256 origin_pixel=(132.4,81.7) min_clearance=0.00px cmd_error=1.6414m/1.826rad
[gazebo_track_car-2] [WARN] [1780978880.211930403] [gazebo_track_car]: JITTER events=50 reasons=yaw_step_error=0.027rad,speed_delta=0.062m/s,yaw_rate_delta=0.635rad/s,cmd_xy_error=1.6478m pos=(+0.108,+1.083) step=0.0015/0.0000m yaw=0.027/0.000rad route=flat_top_left_to_top_center
[gazebo_track_car-2] [INFO] [1780978881.008200035] [gazebo_track_car]: MOTION pos=(+0.103,+1.028) yaw=-1.881 v=0.210 step_err=0.0044m/0.054rad track_err=1.6811m footprint=OFFROAD:0.00px route=flat_top_left_to_top_center cmd_vel=(0.000,-2.800)
[gazebo_track_car-2] [WARN] [1780978881.108921037] [gazebo_track_car]: GAZEBO_FOOTPRINT_OFFROAD actual pose=(+0.0913,+1.0340) yaw=-1.7566 origin_pixel=(131.9,83.9) min_clearance=0.00px cmd_error=1.6685m/1.757rad
[gazebo_track_car-2] [WARN] [1780978881.214426982] [gazebo_track_car]: JITTER events=50 reasons=cmd_xy_error=1.6746m pos=(+0.090,+1.023) step=0.0041/0.0000m yaw=0.012/0.000rad route=flat_top_left_to_top_center
[gazebo_track_car-2] [WARN] [1780978882.134328385] [gazebo_track_car]: GAZEBO_FOOTPRINT_OFFROAD actual pose=(+0.0528,+0.9059) yaw=-1.9944 origin_pixel=(130.3,89.4) min_clearance=0.00px cmd_error=1.7326m/1.994rad
[gazebo_track_car-2] [WARN] [1780978882.234801035] [gazebo_track_car]: JITTER events=51 reasons=yaw_step_error=0.046rad,speed_delta=0.054m/s,cmd_xy_error=1.7301m pos=(+0.042,+0.899) step=0.0033/0.0000m yaw=0.046/0.000rad route=flat_top_left_to_top_center
[gazebo_track_car-2] [INFO] [1780978883.022574506] [gazebo_track_car]: MOTION pos=(+0.057,+0.817) yaw=-2.255 v=0.113 step_err=0.0023m/0.027rad track_err=1.8011m footprint=OFFROAD:0.00px route=flat_top_left_to_top_center cmd_vel=(0.000,-2.800)
[gazebo_track_car-2] [WARN] [1780978883.122489194] [gazebo_track_car]: GAZEBO_FOOTPRINT_OFFROAD actual pose=(+0.0445,+0.8060) yaw=-2.2198 origin_pixel=(129.9,93.6) min_clearance=0.00px cmd_error=1.8019m/2.220rad
[gazebo_track_car-2] [WARN] [1780978883.227030291] [gazebo_track_car]: JITTER events=50 reasons=cmd_xy_error=1.8104m pos=(+0.034,+0.786) step=0.0045/0.0000m yaw=0.010/0.000rad route=flat_top_left_to_top_center
[gazebo_track_car-2] [WARN] [1780978884.127252070] [gazebo_track_car]: GAZEBO_FOOTPRINT_OFFROAD actual pose=(+0.0243,+0.7334) yaw=-2.7895 origin_pixel=(129.0,96.7) min_clearance=0.00px cmd_error=1.8452m/2.790rad
[gazebo_track_car-2] [WARN] [1780978884.227315648] [gazebo_track_car]: JITTER events=50 reasons=yaw_step_error=0.050rad,cmd_xy_error=1.8610m pos=(+0.028,+0.716) step=0.0040/0.0000m yaw=0.050/0.000rad route=flat_top_left_to_top_center
[gazebo_track_car-2] [WARN] [1780978885.132869547] [gazebo_track_car]: GAZEBO_FOOTPRINT_OFFROAD actual pose=(-0.0318,+0.7504) yaw=-2.3410 origin_pixel=(126.6,96.0) min_clearance=0.00px cmd_error=1.7913m/2.341rad
[gazebo_track_car-2] [INFO] [1780978885.133182046] [gazebo_track_car]: MOTION pos=(-0.032,+0.750) yaw=-2.341 v=0.210 step_err=0.0042m/0.053rad track_err=1.7913m footprint=OFFROAD:0.00px route=flat_top_left_to_top_center cmd_vel=(0.000,-2.800)
[gazebo_track_car-2] [WARN] [1780978885.248369274] [gazebo_track_car]: JITTER events=51 reasons=yaw_step_error=0.028rad,yaw_rate_delta=0.421rad/s,cmd_xy_error=1.7755m pos=(-0.042,+0.763) step=0.0003/0.0000m yaw=0.028/0.000rad route=flat_top_left_to_top_center
[gazebo_track_car-2] [WARN] [1780978886.150336587] [gazebo_track_car]: GAZEBO_FOOTPRINT_OFFROAD actual pose=(-0.0501,+0.7026) yaw=-2.8756 origin_pixel=(125.9,98.0) min_clearance=0.00px cmd_error=1.8103m/2.876rad
[gazebo_track_car-2] [WARN] [1780978886.249498529] [gazebo_track_car]: JITTER events=50 reasons=yaw_step_error=0.028rad,speed_delta=0.035m/s,yaw_rate_delta=0.473rad/s,cmd_xy_error=1.8027m pos=(-0.056,+0.708) step=0.0020/0.0000m yaw=0.028/0.000rad route=flat_top_left_to_top_center
[gazebo_track_car-2] [WARN] [1780978887.150230129] [gazebo_track_car]: GAZEBO_FOOTPRINT_OFFROAD actual pose=(-0.0950,+0.6811) yaw=-3.0726 origin_pixel=(123.9,98.9) min_clearance=0.00px cmd_error=1.8026m/3.073rad
[gazebo_track_car-2] [INFO] [1780978887.150626735] [gazebo_track_car]: MOTION pos=(-0.095,+0.681) yaw=-3.073 v=0.202 step_err=0.0040m/0.050rad track_err=1.8026m footprint=OFFROAD:0.00px route=flat_top_left_to_top_center cmd_vel=(0.000,-2.800)
[gazebo_track_car-2] [WARN] [1780978887.358545000] [gazebo_track_car]: JITTER events=55 reasons=yaw_step_error=0.028rad,cmd_xy_error=1.7957m pos=(-0.099,+0.687) step=0.0025/0.0000m yaw=0.028/0.000rad route=flat_top_left_to_top_center
[gazebo_track_car-2] [WARN] [1780978888.155950892] [gazebo_track_car]: GAZEBO_FOOTPRINT_OFFROAD actual pose=(-0.1259,+0.6964) yaw=-2.9350 origin_pixel=(122.6,98.3) min_clearance=0.00px cmd_error=1.7590m/2.935rad
[gazebo_track_car-2] [WARN] [1780978888.355857961] [gazebo_track_car]: JITTER events=50 reasons=yaw_step_error=0.054rad,cmd_xy_error=1.7387m pos=(-0.131,+0.717) step=0.0042/0.0000m yaw=0.054/0.000rad route=flat_top_left_to_top_center
[gazebo_track_car-2] [WARN] [1780978889.159981465] [gazebo_track_car]: GAZEBO_FOOTPRINT_OFFROAD actual pose=(-0.2028,+0.7076) yaw=-1.8103 origin_pixel=(119.3,97.8) min_clearance=0.00px cmd_error=1.7092m/1.810rad
[gazebo_track_car-2] [INFO] [1780978889.160273114] [gazebo_track_car]: MOTION pos=(-0.203,+0.708) yaw=-1.810 v=0.192 step_err=0.0035m/0.042rad track_err=1.7092m footprint=OFFROAD:0.00px route=flat_top_left_to_top_center cmd_vel=(0.000,-2.800)
[gazebo_track_car-2] [WARN] [1780978889.363101841] [gazebo_track_car]: JITTER events=50 reasons=cmd_xy_error=1.7262m pos=(-0.211,+0.683) step=0.0038/0.0000m yaw=0.016/0.000rad route=flat_top_left_to_top_center
[gazebo_track_car-2] [WARN] [1780978890.384494938] [gazebo_track_car]: JITTER events=51 reasons=cmd_xy_error=1.8536m pos=(-0.227,+0.530) step=0.0053/0.0000m yaw=0.003/0.000rad route=flat_top_left_to_top_center
[gazebo_track_car-2] [INFO] [1780978891.181811972] [gazebo_track_car]: MOTION pos=(-0.221,+0.456) yaw=-1.185 v=0.227 step_err=0.0045m/0.010rad track_err=1.9221m footprint=road:6.40px route=flat_top_left_to_top_center cmd_vel=(0.000,+2.800)
[gazebo_track_car-2] [WARN] [1780978891.379644522] [gazebo_track_car]: JITTER events=50 reasons=yaw_step_error=0.054rad,cmd_xy_error=1.9363m pos=(-0.243,+0.430) step=0.0043/0.0000m yaw=0.054/0.000rad route=flat_top_left_to_top_center
[gazebo_track_car-2] [WARN] [1780978892.483100842] [gazebo_track_car]: JITTER events=55 reasons=cmd_xy_error=2.0171m pos=(-0.213,+0.355) step=0.0018/0.0000m yaw=0.018/0.000rad route=flat_top_left_to_top_center
[gazebo_track_car-2] [INFO] [1780978893.186105167] [gazebo_track_car]: MOTION pos=(-0.176,+0.309) yaw=+0.891 v=0.210 step_err=0.0007m/0.052rad track_err=2.0700m footprint=road:3.00px route=flat_top_left_to_top_center cmd_vel=(0.050,+1.267)
[gazebo_track_car-2] [WARN] [1780978893.585965400] [gazebo_track_car]: JITTER events=55 reasons=yaw_step_error=0.051rad,cmd_xy_error=2.0208m pos=(-0.200,+0.349) step=0.0041/0.0000m yaw=0.051/0.000rad route=flat_top_left_to_top_center
[gazebo_track_car-2] [WARN] [1780978894.589077465] [gazebo_track_car]: JITTER events=50 reasons=cmd_xy_error=2.0577m pos=(-0.072,+0.373) step=0.0054/0.0000m yaw=0.001/0.000rad route=flat_top_left_to_top_center
[gazebo_track_car-2] [INFO] [1780978895.206756715] [gazebo_track_car]: MOTION pos=(-0.029,+0.331) yaw=-0.343 v=0.104 step_err=0.0019m/0.030rad track_err=2.1148m footprint=road:5.39px route=flat_top_left_to_top_center cmd_vel=(0.000,+2.800)
[gazebo_track_car-2] [WARN] [1780978895.605954174] [gazebo_track_car]: JITTER events=51 reasons=cmd_xy_error=2.1463m pos=(+0.010,+0.317) step=0.0046/0.0000m yaw=0.009/0.000rad route=flat_top_left_to_top_center
[gazebo_track_car-2] [WARN] [1780978896.609221649] [gazebo_track_car]: JITTER events=50 reasons=yaw_step_error=0.048rad,cmd_xy_error=2.2551m pos=(+0.100,+0.244) step=0.0039/0.0000m yaw=0.048/0.000rad route=flat_top_left_to_top_center
[gazebo_track_car-2] [WARN] [1780978896.771140789] [gazebo_track_car]: GAZEBO_FOOTPRINT_OFFROAD actual pose=(+0.1144,+0.2138) yaw=+0.7017 origin_pixel=(132.9,118.9) min_clearance=0.00px cmd_error=2.2881m/0.702rad
[gazebo_track_car-2] [INFO] [1780978897.212017791] [gazebo_track_car]: MOTION pos=(+0.102,+0.235) yaw=+0.310 v=0.104 step_err=0.0021m/0.027rad track_err=2.2632m footprint=road:1.00px route=flat_top_left_to_top_center cmd_vel=(0.000,+2.800)
[gazebo_track_car-2] [WARN] [1780978897.611983285] [gazebo_track_car]: JITTER events=50 reasons=yaw_step_error=0.051rad,cmd_xy_error=2.2943m pos=(+0.116,+0.207) step=0.0041/0.0000m yaw=0.051/0.000rad route=flat_top_left_to_top_center
[gazebo_track_car-2] [WARN] [1780978898.611592487] [gazebo_track_car]: JITTER events=50 reasons=yaw_step_error=0.050rad,cmd_xy_error=2.2704m pos=(+0.168,+0.267) step=0.0040/0.0000m yaw=0.050/0.000rad route=flat_top_left_to_top_center
[gazebo_track_car-2] [INFO] [1780978899.208452795] [gazebo_track_car]: MOTION pos=(+0.222,+0.250) yaw=-0.068 v=0.140 step_err=0.0024m/0.003rad track_err=2.3145m footprint=road:4.39px route=flat_top_left_to_top_center cmd_vel=(0.000,+2.800)
[gazebo_track_car-2] [WARN] [1780978899.615587560] [gazebo_track_car]: JITTER events=50 reasons=cmd_xy_error=2.3341m pos=(+0.269,+0.258) step=0.0042/0.0000m yaw=0.012/0.000rad route=flat_top_left_to_top_center
[gazebo_track_car-2] [WARN] [1780978900.631445188] [gazebo_track_car]: JITTER events=51 reasons=cmd_xy_error=2.4146m pos=(+0.387,+0.244) step=0.0021/0.0000m yaw=0.023/0.000rad route=flat_top_left_to_top_center
[gazebo_track_car-2] [INFO] [1780978901.218035509] [gazebo_track_car]: MOTION pos=(+0.422,+0.169) yaw=+0.279 v=0.214 step_err=0.0043m/0.055rad track_err=2.4957m footprint=road:7.00px route=flat_top_left_to_top_center cmd_vel=(0.000,+2.800)
[gazebo_track_car-2] [WARN] [1780978901.721138050] [gazebo_track_car]: JITTER events=54 reasons=yaw_rate_delta=0.683rad/s,cmd_xy_error=2.4888m pos=(+0.426,+0.180) step=0.0009/0.0000m yaw=0.005/0.000rad route=flat_top_left_to_top_center
[gazebo_track_car-2] [WARN] [1780978902.732035750] [gazebo_track_car]: JITTER events=51 reasons=yaw_step_error=0.042rad,speed_delta=0.032m/s,yaw_rate_delta=0.600rad/s,cmd_xy_error=2.5619m pos=(+0.520,+0.160) step=0.0035/0.0000m yaw=0.042/0.000rad route=flat_top_left_to_top_center
[gazebo_track_car-2] [INFO] [1780978903.233506892] [gazebo_track_car]: MOTION pos=(+0.555,+0.162) yaw=+0.251 v=0.197 step_err=0.0036m/0.045rad track_err=2.5825m footprint=road:7.80px route=flat_top_left_to_top_center cmd_vel=(0.000,+2.800)
[gazebo_track_car-2] [WARN] [1780978903.731004712] [gazebo_track_car]: JITTER events=50 reasons=yaw_step_error=0.050rad,cmd_xy_error=2.5684m pos=(+0.586,+0.205) step=0.0040/0.0000m yaw=0.050/0.000rad route=flat_top_left_to_top_center
[gazebo_track_car-2] [WARN] [1780978904.735267825] [gazebo_track_car]: JITTER events=50 reasons=yaw_step_error=0.031rad,speed_delta=0.055m/s,yaw_rate_delta=0.602rad/s,cmd_xy_error=2.6451m pos=(+0.644,+0.153) step=0.0024/0.0000m yaw=0.031/0.000rad route=flat_top_left_to_top_center
[gazebo_track_car-2] [INFO] [1780978905.236538854] [gazebo_track_car]: MOTION pos=(+0.671,+0.156) yaw=-0.052 v=0.110 step_err=0.0024m/0.026rad track_err=2.6613m footprint=road:3.60px route=flat_top_left_to_top_center cmd_vel=(0.000,+2.800)
[gazebo_track_car-2] [WARN] [1780978905.759364449] [gazebo_track_car]: JITTER events=51 reasons=speed_delta=0.048m/s,yaw_rate_delta=0.617rad/s,cmd_xy_error=2.6729m pos=(+0.686,+0.153) step=0.0012/0.0000m yaw=0.016/0.000rad route=flat_top_left_to_top_center
[gazebo_track_car-2] [WARN] [1780978906.758700653] [gazebo_track_car]: JITTER events=50 reasons=speed_delta=0.070m/s,yaw_rate_delta=0.572rad/s,cmd_xy_error=2.7351m pos=(+0.781,+0.154) step=0.0012/0.0000m yaw=0.013/0.000rad route=flat_top_left_to_top_center
[gazebo_track_car-2] [WARN] [1780978906.996491991] [gazebo_track_car]: GAZEBO_FOOTPRINT_OFFROAD actual pose=(+0.8209,+0.1706) yaw=-0.1450 origin_pixel=(163.0,120.7) min_clearance=0.00px cmd_error=2.7497m/0.145rad
[gazebo_track_car-2] [INFO] [1780978907.261956418] [gazebo_track_car]: MOTION pos=(+0.841,+0.175) yaw=-0.184 v=0.199 step_err=0.0040m/0.017rad track_err=2.7605m footprint=OFFROAD:0.00px route=flat_top_left_to_top_center cmd_vel=(0.000,+2.800)
[gazebo_track_car-2] [WARN] [1780978907.867435996] [gazebo_track_car]: JITTER events=55 reasons=yaw_step_error=0.029rad,cmd_xy_error=2.8366m pos=(+0.876,+0.103) step=0.0007/0.0000m yaw=0.029/0.000rad route=flat_top_left_to_top_center
[gazebo_track_car-2] [WARN] [1780978908.067816747] [gazebo_track_car]: GAZEBO_FOOTPRINT_OFFROAD actual pose=(+0.8764,+0.1026) yaw=+0.6615 origin_pixel=(165.4,123.6) min_clearance=0.00px cmd_error=2.8372m/0.662rad
[gazebo_track_car-2] [WARN] [1780978908.863705270] [gazebo_track_car]: JITTER events=50 reasons=cmd_xy_error=2.8453m pos=(+0.925,+0.137) step=0.0047/0.0000m yaw=0.009/0.000rad route=flat_top_left_to_top_center
[gazebo_track_car-2] [WARN] [1780978909.066527976] [gazebo_track_car]: GAZEBO_FOOTPRINT_OFFROAD actual pose=(+0.9310,+0.1583) yaw=+0.0452 origin_pixel=(167.7,121.2) min_clearance=0.00px cmd_error=2.8348m/0.045rad
[gazebo_track_car-2] [INFO] [1780978909.265048934] [gazebo_track_car]: MOTION pos=(+0.937,+0.135) yaw=+0.286 v=0.103 step_err=0.0014m/0.026rad track_err=2.8556m footprint=OFFROAD:0.00px route=flat_top_left_to_top_center cmd_vel=(0.000,+2.800)
[gazebo_track_car-2] [WARN] [1780978909.869456785] [gazebo_track_car]: JITTER events=50 reasons=yaw_step_error=0.041rad,speed_delta=0.044m/s,yaw_rate_delta=0.414rad/s,cmd_xy_error=2.8615m pos=(+0.978,+0.167) step=0.0031/0.0000m yaw=0.041/0.000rad route=flat_top_left_to_top_center
[gazebo_track_car-2] [WARN] [1780978910.067777201] [gazebo_track_car]: GAZEBO_FOOTPRINT_OFFROAD actual pose=(+0.9836,+0.1811) yaw=-0.3315 origin_pixel=(170.0,120.3) min_clearance=0.00px cmd_error=2.8559m/0.332rad
[gazebo_track_car-2] [WARN] [1780978910.867448558] [gazebo_track_car]: JITTER events=50 reasons=yaw_step_error=0.051rad,cmd_xy_error=2.9194m pos=(+1.024,+0.131) step=0.0040/0.0000m yaw=0.051/0.000rad route=flat_top_left_to_top_center
[gazebo_track_car-2] [WARN] [1780978911.087110568] [gazebo_track_car]: GAZEBO_FOOTPRINT_OFFROAD actual pose=(+1.0323,+0.1202) yaw=+0.3065 origin_pixel=(172.0,122.9) min_clearance=0.00px cmd_error=2.9333m/0.307rad
[gazebo_track_car-2] [INFO] [1780978911.269354617] [gazebo_track_car]: MOTION pos=(+1.034,+0.133) yaw=+0.120 v=0.202 step_err=0.0040m/0.050rad track_err=2.9256m footprint=OFFROAD:0.00px route=flat_top_left_to_top_center cmd_vel=(0.000,+2.800)
[gazebo_track_car-2] [WARN] [1780978911.888098439] [gazebo_track_car]: JITTER events=51 reasons=speed_delta=0.034m/s,cmd_xy_error=2.9381m pos=(+1.091,+0.174) step=0.0051/0.0000m yaw=0.000/0.000rad route=flat_top_left_to_top_center
[gazebo_track_car-2] [WARN] [1780978912.091485545] [gazebo_track_car]: GAZEBO_FOOTPRINT_OFFROAD actual pose=(+1.1150,+0.1441) yaw=-0.3734 origin_pixel=(175.6,121.9) min_clearance=0.00px cmd_error=2.9763m/0.373rad
[gazebo_track_car-2] [WARN] [1780978912.891906886] [gazebo_track_car]: JITTER events=50 reasons=yaw_step_error=0.038rad,speed_delta=0.061m/s,cmd_xy_error=3.0349m pos=(+1.203,+0.153) step=0.0016/0.0000m yaw=0.038/0.000rad route=flat_top_left_to_top_center
[gazebo_track_car-2] [WARN] [1780978913.089437627] [gazebo_track_car]: GAZEBO_FOOTPRINT_OFFROAD actual pose=(+1.2160,+0.1649) yaw=-0.9480 origin_pixel=(179.9,121.0) min_clearance=0.00px cmd_error=3.0369m/0.948rad
[gazebo_track_car-2] [INFO] [1780978913.288892690] [gazebo_track_car]: MOTION pos=(+1.245,+0.140) yaw=-1.119 v=0.233 step_err=0.0047m/0.007rad track_err=3.0754m footprint=OFFROAD:0.00px route=flat_top_left_to_top_center cmd_vel=(0.000,-2.800)
[gazebo_track_car-2] [WARN] [1780978913.889900449] [gazebo_track_car]: JITTER events=50 reasons=speed_delta=0.059m/s,yaw_rate_delta=0.547rad/s,cmd_xy_error=3.1522m pos=(+1.312,+0.100) step=0.0030/0.0000m yaw=0.006/0.000rad route=flat_top_left_to_top_center
[gazebo_track_car-2] [WARN] [1780978914.087239866] [gazebo_track_car]: GAZEBO_FOOTPRINT_OFFROAD actual pose=(+1.3196,+0.0748) yaw=-2.1733 origin_pixel=(184.3,124.8) min_clearance=0.00px cmd_error=3.1743m/2.173rad
[gazebo_track_car-2] [WARN] [1780978914.891528919] [gazebo_track_car]: JITTER events=50 reasons=yaw_step_error=0.051rad,cmd_xy_error=3.1949m pos=(+1.327,+0.052) step=0.0041/0.0000m yaw=0.051/0.000rad route=flat_top_left_to_top_center
[gazebo_track_car-2] [WARN] [1780978915.195219111] [gazebo_track_car]: GAZEBO_FOOTPRINT_OFFROAD actual pose=(+1.3384,+0.0276) yaw=-2.9047 origin_pixel=(185.1,126.8) min_clearance=0.00px cmd_error=3.2159m/2.905rad
[gazebo_track_car-2] [INFO] [1780978915.289889558] [gazebo_track_car]: MOTION pos=(+1.326,+0.024) yaw=-2.900 v=0.192 step_err=0.0038m/0.014rad track_err=3.2091m footprint=OFFROAD:0.00px route=flat_top_left_to_top_center cmd_vel=(0.050,-1.407)
[gazebo_track_car-2] [WARN] [1780978915.910583600] [gazebo_track_car]: JITTER events=51 reasons=yaw_step_error=0.041rad,speed_delta=0.038m/s,cmd_xy_error=3.1442m pos=(+1.232,+0.007) step=0.0030/0.0000m yaw=0.041/0.000rad route=flat_top_left_to_top_center
[gazebo_track_car-2] [WARN] [1780978916.213286086] [gazebo_track_car]: GAZEBO_FOOTPRINT_OFFROAD actual pose=(+1.1946,+0.0159) yaw=-2.5814 origin_pixel=(179.0,127.3) min_clearance=0.00px cmd_error=3.1114m/2.581rad
[gazebo_track_car-2] [WARN] [1780978917.013950160] [gazebo_track_car]: JITTER events=55 reasons=cmd_xy_error=3.0767m pos=(+1.118,-0.012) step=0.0035/0.0000m yaw=0.018/0.000rad route=flat_top_left_to_top_center
[gazebo_track_car-2] [WARN] [1780978917.217804490] [gazebo_track_car]: GAZEBO_FOOTPRINT_OFFROAD actual pose=(+1.1253,-0.0324) yaw=-1.9957 origin_pixel=(176.0,129.4) min_clearance=0.00px cmd_error=3.0963m/1.996rad
[gazebo_track_car-2] [INFO] [1780978917.317250078] [gazebo_track_car]: MOTION pos=(+1.117,-0.040) yaw=-1.928 v=0.184 step_err=0.0034m/0.002rad track_err=3.0953m footprint=OFFROAD:0.00px route=flat_top_left_to_top_center cmd_vel=(0.000,-2.800)
[gazebo_track_car-2] [WARN] [1780978918.017979539] [gazebo_track_car]: JITTER events=50 reasons=yaw_step_error=0.050rad,cmd_xy_error=3.1179m pos=(+1.054,-0.129) step=0.0040/0.0000m yaw=0.050/0.000rad route=flat_top_left_to_top_center
[gazebo_track_car-2] [WARN] [1780978918.218912720] [gazebo_track_car]: GAZEBO_FOOTPRINT_OFFROAD actual pose=(+1.0503,-0.1593) yaw=-1.4875 origin_pixel=(172.8,134.8) min_clearance=0.00px cmd_error=3.1377m/1.487rad
[gazebo_track_car-2] [WARN] [1780978919.018942773] [gazebo_track_car]: JITTER events=50 reasons=yaw_step_error=0.037rad,cmd_xy_error=3.1808m pos=(+1.090,-0.181) step=0.0022/0.0000m yaw=0.037/0.000rad route=flat_top_left_to_top_center
[gazebo_track_car-2] [WARN] [1780978919.223000684] [gazebo_track_car]: GAZEBO_FOOTPRINT_OFFROAD actual pose=(+1.0769,-0.1950) yaw=-1.7980 origin_pixel=(173.9,136.3) min_clearance=0.00px cmd_error=3.1820m/1.798rad
[gazebo_track_car-2] [INFO] [1780978919.319716363] [gazebo_track_car]: MOTION pos=(+1.063,-0.201) yaw=-1.627 v=0.207 step_err=0.0040m/0.050rad track_err=3.1774m footprint=OFFROAD:0.00px route=flat_top_left_to_top_center cmd_vel=(0.000,-2.800)
[gazebo_track_car-2] [WARN] [1780978920.022805217] [gazebo_track_car]: JITTER events=50 reasons=yaw_step_error=0.034rad,cmd_xy_error=3.2236m pos=(+1.051,-0.273) step=0.0031/0.0000m yaw=0.034/0.000rad route=flat_top_left_to_top_center
[gazebo_track_car-2] [WARN] [1780978920.219155199] [gazebo_track_car]: GAZEBO_FOOTPRINT_OFFROAD actual pose=(+1.0543,-0.2800) yaw=-1.4589 origin_pixel=(173.0,139.9) min_clearance=0.00px cmd_error=3.2312m/1.459rad
[gazebo_track_car-2] [WARN] [1780978921.024738517] [gazebo_track_car]: JITTER events=50 reasons=cmd_xy_error=3.2733m pos=(+1.052,-0.337) step=0.0039/0.0000m yaw=0.015/0.000rad route=flat_top_left_to_top_center
[gazebo_track_car-2] [WARN] [1780978921.223879781] [gazebo_track_car]: GAZEBO_FOOTPRINT_OFFROAD actual pose=(+1.0739,-0.3563) yaw=-1.7884 origin_pixel=(173.8,143.2) min_clearance=0.00px cmd_error=3.3022m/1.788rad
