[INFO] [launch]: All log files can be found below /home/quocbao/.ros/log/2026-06-08-21-37-03-804833-ubuntu-28539
[INFO] [launch]: Default logging verbosity is set to INFO
[INFO] [gzserver-1]: process started with pid [28555]
[INFO] [gazebo_track_car-2]: process started with pid [28557]
[gazebo_track_car-2] [INFO] [1780979824.372151213] [gazebo_track_car]: [MAP_TRANSFORM] image=256x256 path=/home/quocbao/my_robot_vision_full_project/my_robot_vision/models/autonomous_map_3d_mirror_x/materials/textures/autonomous_map_visual.png map_size=6.000x6.000m px_per_m_x=42.667 px_per_m_y=42.667 route_offset=(+0.000,+0.000)m map_visual_offset=(+0.000,+0.300)m
[gazebo_track_car-2] [INFO] [1780979824.498058996] [gazebo_track_car]: [FOOTPRINT_CHECK] samples=1588 center_off_road=0 center_outside_safe=1005 failures=0 min_footprint_clearance=3.60px footprint=front:0.165m rear:0.145m half_width:0.115m
[gazebo_track_car-2] [INFO] [1780979824.498335321] [gazebo_track_car]: [FOOTPRINT_CHECK] overlays=/tmp/gazebo_route_mask_debug.png, /tmp/gazebo_route_centerline_debug.png, /tmp/gazebo_route_footprint_debug.png
[gazebo_track_car-2] [INFO] [1780979824.585488457] [gazebo_track_car]: SAFE_ROUTE_VERSION=semantic_parking_spawn_turn_guard_v31; direction=texture point order; clearance=12px; drive_wheels=True; route_offset=(+0.000,+0.000)m; start_distance=0.000m; route_explore=True branch_probability=0.35; sign_detection=off roi=0.08-0.82; map_visual_offset=(+0.000,+0.300)m; base_speed=0.28m/s speed_limit=0.14m/s; traffic_light=fixed state=green green=5.0s yellow=1.0s red=8.0s trigger_distance=1.70m stop_distance=0.85m min_stop=2.0s camera=off topic=/track_preview_car/camera/image_raw fill>=0.42 slow_area>=45px stop_area>=160px distance_gate=on; camera_sign_templates=5 sign_score>=0.32 sign_stable=2; wheel_controller lookahead=0.32m parking_lookahead=0.20m heading_gain=3.80 max_wz=2.80rad/s rotate_heading>1.05rad; yaw_limits=1.80rad/s/4.00rad/s2; route_rejoin=False outer_only=True cmd_error>0.30m max_route_dist=0.55m; progress_sync=True cmd_error>0.06m route_dist<=0.20m yaw<=1.20rad; initial_pose_reset=True tol=0.12m/0.35rad; segments=18; route_points=36.
[gazebo_track_car-2] [INFO] [1780979824.585776404] [gazebo_track_car]: Motion log uses /model_states and /track_preview_car/cmd_vel: MOTION every 2.00s, JITTER at most every 1.00s, verbose=False; jitter thresholds xy_step_delta=0.0060m, cmd_error=0.050m, z_delta=0.0005m, tilt=0.0030rad, speed_delta=0.030m/s, yaw_step_error=0.025rad, yaw_rate_delta=0.400rad/s.
[gzserver-1] [INFO] [1780979825.886809078] [track_preview_car.front_camera_controller]: Publishing camera info to [/track_preview_car/camera/camera_info]
[gzserver-1] [INFO] [1780979825.903729904] [gazebo_ros_state]: Publishing states of gazebo models at [/model_states]
[gzserver-1] [INFO] [1780979825.904643098] [gazebo_ros_state]: Publishing states of gazebo links at [/link_states]
[gzserver-1] [INFO] [1780979825.922395144] [track_preview_car.track_preview_car_diff_drive]: Wheel pair 1 separation set to [0.176000m]
[gzserver-1] [INFO] [1780979825.922993851] [track_preview_car.track_preview_car_diff_drive]: Wheel pair 1 diameter set to [0.060000m]
[gzserver-1] [INFO] [1780979825.924011254] [track_preview_car.track_preview_car_diff_drive]: Subscribed to [/track_preview_car/cmd_vel]
[gzserver-1] [INFO] [1780979825.925027414] [track_preview_car.track_preview_car_diff_drive]: Advertise odometry on [/track_preview_car/odom]
[gazebo_track_car-2] [INFO] [1780979825.952485924] [gazebo_track_car]: initial pose reset to configured route start; actual=(+1.828,+2.180) yaw=+0.000 target=(-1.828,+2.180) yaw=+0.000 error=3.656m/0.000rad segment=flat_top_left_to_top_center
[gazebo_track_car-2] [INFO] [1780979825.990795443] [gazebo_track_car]: traffic light is now GREEN.
[gazebo_track_car-2] [WARN] [1780979825.991422083] [gazebo_track_car]: Waiting for /model_states pose before publishing wheel commands.
[gazebo_track_car-2] [INFO] [1780979826.308699702] [gazebo_track_car]: wheel controller synced route progress from initial model pose; segment=flat_top_left_to_top_center@0.000m route_dist=0.001m startup_gate=1.250m
[gazebo_track_car-2] [WARN] [1780979827.035076490] [gazebo_track_car]: JITTER events=22 reasons=yaw_rate_delta=0.590rad/s pos=(-1.747,+2.194) step=0.0020/0.0000m yaw=0.014/0.000rad route=flat_top_left_to_top_center
[gazebo_track_car-2] [INFO] [1780979827.998080389] [gazebo_track_car]: MOTION pos=(-1.642,+2.152) yaw=-0.688 v=0.104 step_err=0.0020m/0.023rad track_err=0.0466m footprint=road:4.00px route=flat_top_left_to_top_center cmd_vel=(0.050,+1.202)
[gazebo_track_car-2] [WARN] [1780979828.099117666] [gazebo_track_car]: JITTER events=38 reasons=cmd_xy_error=0.0576m pos=(-1.643,+2.142) step=0.0020/0.0000m yaw=0.022/0.000rad route=flat_top_left_to_top_center
[gazebo_track_car-2] [INFO] [1780979828.117223302] [gazebo_track_car]: ROUTE_PROGRESS_SYNC actual=(-1.643,+2.140) cmd_error=0.063m route_dist=0.039m yaw_error=0.557rad segment=flat_top_left_to_top_center@0.234m->flat_top_left_to_top_center@0.185m
[gazebo_track_car-2] [WARN] [1780979829.117619240] [gazebo_track_car]: JITTER events=37 reasons=cmd_xy_error=0.0872m pos=(-1.575,+2.093) step=0.0021/0.0051m yaw=0.021/0.000rad route=flat_top_left_to_top_center
[gazebo_track_car-2] [WARN] [1780979829.199279474] [gazebo_track_car]: GAZEBO_FOOTPRINT_OFFROAD actual pose=(-1.5614,+2.0840) yaw=-0.8618 origin_pixel=(61.4,39.1) min_clearance=0.00px cmd_error=0.0965m/0.862rad
[gazebo_track_car-2] [INFO] [1780979829.315715724] [gazebo_track_car]: ROUTE_PROGRESS_SYNC actual=(-1.542,+2.071) cmd_error=0.114m route_dist=0.109m yaw_error=0.949rad segment=flat_top_left_to_top_center@0.254m->flat_top_left_to_top_center@0.286m
[gazebo_track_car-2] [INFO] [1780979830.018918848] [gazebo_track_car]: MOTION pos=(-1.528,+2.000) yaw=-0.259 v=0.127 step_err=0.0028m/0.027rad track_err=0.1800m footprint=OFFROAD:0.00px route=flat_top_left_to_top_center cmd_vel=(0.050,+1.242)
[gazebo_track_car-2] [WARN] [1780979830.119298411] [gazebo_track_car]: GAZEBO_FOOTPRINT_OFFROAD actual pose=(-1.5269,+2.0015) yaw=-0.3265 origin_pixel=(62.9,42.6) min_clearance=0.00px cmd_error=0.1783m/0.326rad
[gazebo_track_car-2] [WARN] [1780979830.119637294] [gazebo_track_car]: JITTER events=50 reasons=yaw_step_error=0.042rad,speed_delta=0.053m/s,yaw_rate_delta=0.475rad/s,cmd_xy_error=0.1783m pos=(-1.527,+2.001) step=0.0029/0.0050m yaw=0.042/0.000rad route=flat_top_left_to_top_center
[gazebo_track_car-2] [INFO] [1780979830.517957172] [gazebo_track_car]: ROUTE_PROGRESS_SYNC actual=(-1.504,+2.022) cmd_error=0.158m route_dist=0.158m yaw_error=0.618rad segment=flat_top_left_to_top_center@0.319m->flat_top_left_to_top_center@0.324m
[gazebo_track_car-2] [WARN] [1780979831.121508286] [gazebo_track_car]: GAZEBO_FOOTPRINT_OFFROAD actual pose=(-1.4339,+1.9982) yaw=-1.1090 origin_pixel=(66.8,42.7) min_clearance=0.00px cmd_error=0.1815m/1.109rad
[gazebo_track_car-2] [WARN] [1780979831.121837431] [gazebo_track_car]: JITTER events=50 reasons=cmd_xy_error=0.1815m pos=(-1.434,+1.998) step=0.0036/0.0394m yaw=0.017/0.000rad route=flat_top_left_to_top_center
[gazebo_track_car-2] [INFO] [1780979832.024501699] [gazebo_track_car]: MOTION pos=(-1.447,+1.889) yaw=-0.044 v=0.121 step_err=0.0025m/0.029rad track_err=0.2908m footprint=OFFROAD:0.00px route=flat_top_left_to_top_center cmd_vel=(0.050,+1.193)
[gazebo_track_car-2] [WARN] [1780979832.123919310] [gazebo_track_car]: GAZEBO_FOOTPRINT_OFFROAD actual pose=(-1.4425,+1.8799) yaw=+0.0769 origin_pixel=(66.5,47.8) min_clearance=0.00px cmd_error=0.3004m/0.077rad
[gazebo_track_car-2] [WARN] [1780979832.124244126] [gazebo_track_car]: JITTER events=50 reasons=cmd_xy_error=0.3004m pos=(-1.443,+1.880) step=0.0022/0.0051m yaw=0.025/0.000rad route=flat_top_left_to_top_center
[gazebo_track_car-2] [WARN] [1780979833.142523781] [gazebo_track_car]: GAZEBO_FOOTPRINT_OFFROAD actual pose=(-1.3179,+1.9322) yaw=-1.0362 origin_pixel=(71.8,45.6) min_clearance=0.00px cmd_error=0.2479m/1.036rad
[gazebo_track_car-2] [WARN] [1780979833.142837246] [gazebo_track_car]: JITTER events=51 reasons=cmd_xy_error=0.2479m pos=(-1.318,+1.932) step=0.0045/0.0000m yaw=0.008/0.000rad route=flat_top_left_to_top_center
[gazebo_track_car-2] [INFO] [1780979834.041895560] [gazebo_track_car]: MOTION pos=(-1.252,+1.819) yaw=-0.889 v=0.172 step_err=0.0028m/0.044rad track_err=0.3690m footprint=OFFROAD:0.00px route=flat_top_left_to_top_center cmd_vel=(0.000,+2.800)
[gazebo_track_car-2] [WARN] [1780979834.142769387] [gazebo_track_car]: GAZEBO_FOOTPRINT_OFFROAD actual pose=(-1.2666,+1.8050) yaw=-0.6305 origin_pixel=(74.0,51.0) min_clearance=0.00px cmd_error=0.3802m/0.631rad
[gazebo_track_car-2] [WARN] [1780979834.143087802] [gazebo_track_car]: JITTER events=50 reasons=yaw_step_error=0.051rad,cmd_xy_error=0.3802m pos=(-1.267,+1.805) step=0.0041/0.0000m yaw=0.051/0.000rad route=flat_top_left_to_top_center
[gazebo_track_car-2] [WARN] [1780979835.144789447] [gazebo_track_car]: GAZEBO_FOOTPRINT_OFFROAD actual pose=(-1.1989,+1.7523) yaw=-0.5090 origin_pixel=(76.8,53.2) min_clearance=0.00px cmd_error=0.4474m/0.509rad
[gazebo_track_car-2] [WARN] [1780979835.145103884] [gazebo_track_car]: JITTER events=50 reasons=cmd_xy_error=0.4474m pos=(-1.199,+1.752) step=0.0045/0.0000m yaw=0.013/0.000rad route=flat_top_left_to_top_center
[gazebo_track_car-2] [INFO] [1780979836.045831599] [gazebo_track_car]: MOTION pos=(-1.173,+1.730) yaw=-0.275 v=0.192 step_err=0.0039m/0.023rad track_err=0.4771m footprint=OFFROAD:0.00px route=flat_top_left_to_top_center cmd_vel=(0.000,+2.800)
[gazebo_track_car-2] [WARN] [1780979836.145634310] [gazebo_track_car]: GAZEBO_FOOTPRINT_OFFROAD actual pose=(-1.1631,+1.7441) yaw=-0.4901 origin_pixel=(78.4,53.6) min_clearance=0.00px cmd_error=0.4668m/0.490rad
[gazebo_track_car-2] [WARN] [1780979836.145956372] [gazebo_track_car]: JITTER events=50 reasons=yaw_step_error=0.051rad,cmd_xy_error=0.4668m pos=(-1.163,+1.744) step=0.0040/0.0000m yaw=0.051/0.000rad route=flat_top_left_to_top_center
[gazebo_track_car-2] [WARN] [1780979837.145951582] [gazebo_track_car]: GAZEBO_FOOTPRINT_OFFROAD actual pose=(-1.0772,+1.6864) yaw=-0.6681 origin_pixel=(82.0,56.0) min_clearance=0.00px cmd_error=0.5549m/0.668rad
[gazebo_track_car-2] [WARN] [1780979837.146297418] [gazebo_track_car]: JITTER events=50 reasons=cmd_xy_error=0.5549m pos=(-1.077,+1.686) step=0.0022/0.0000m yaw=0.022/0.000rad route=flat_top_left_to_top_center
[gazebo_track_car-2] [INFO] [1780979838.069782846] [gazebo_track_car]: MOTION pos=(-1.031,+1.677) yaw=-0.810 v=0.216 step_err=0.0042m/0.053rad track_err=0.5855m footprint=OFFROAD:0.00px route=flat_top_left_to_top_center cmd_vel=(0.000,+2.800)
[gazebo_track_car-2] [WARN] [1780979838.170577789] [gazebo_track_car]: GAZEBO_FOOTPRINT_OFFROAD actual pose=(-1.0127,+1.6706) yaw=-0.9346 origin_pixel=(84.8,56.7) min_clearance=0.00px cmd_error=0.6005m/0.935rad
[gazebo_track_car-2] [WARN] [1780979838.170938244] [gazebo_track_car]: JITTER events=51 reasons=cmd_xy_error=0.6005m pos=(-1.013,+1.671) step=0.0047/0.0000m yaw=0.009/0.000rad route=flat_top_left_to_top_center
[gazebo_track_car-2] [WARN] [1780979839.172173458] [gazebo_track_car]: GAZEBO_FOOTPRINT_OFFROAD actual pose=(-1.0183,+1.6366) yaw=-0.4719 origin_pixel=(84.6,58.2) min_clearance=0.00px cmd_error=0.6268m/0.472rad
[gazebo_track_car-2] [WARN] [1780979839.172524384] [gazebo_track_car]: JITTER events=50 reasons=speed_delta=0.061m/s,cmd_xy_error=0.6268m pos=(-1.018,+1.637) step=0.0011/0.0000m yaw=0.017/0.000rad route=flat_top_left_to_top_center
[gazebo_track_car-2] [INFO] [1780979840.070669301] [gazebo_track_car]: MOTION pos=(-0.985,+1.660) yaw=-0.878 v=0.095 step_err=0.0020m/0.021rad track_err=0.6244m footprint=OFFROAD:0.00px route=flat_top_left_to_top_center cmd_vel=(0.000,+2.800)
[gazebo_track_car-2] [WARN] [1780979840.173518280] [gazebo_track_car]: GAZEBO_FOOTPRINT_OFFROAD actual pose=(-0.9701,+1.6524) yaw=-0.9685 origin_pixel=(86.6,57.5) min_clearance=0.00px cmd_error=0.6391m/0.968rad
[gazebo_track_car-2] [WARN] [1780979840.173931505] [gazebo_track_car]: JITTER events=50 reasons=cmd_xy_error=0.6391m pos=(-0.970,+1.652) step=0.0036/0.0000m yaw=0.019/0.000rad route=flat_top_left_to_top_center
[gazebo_track_car-2] [WARN] [1780979841.170284081] [gazebo_track_car]: GAZEBO_FOOTPRINT_OFFROAD actual pose=(-0.8906,+1.4744) yaw=-1.4541 origin_pixel=(90.0,65.1) min_clearance=0.00px cmd_error=0.8316m/1.454rad
[gazebo_track_car-2] [WARN] [1780979841.170603938] [gazebo_track_car]: JITTER events=50 reasons=cmd_xy_error=0.8316m pos=(-0.891,+1.474) step=0.0048/0.0000m yaw=0.007/0.000rad route=flat_top_left_to_top_center
[gazebo_track_car-2] [INFO] [1780979842.073541773] [gazebo_track_car]: MOTION pos=(-0.878,+1.299) yaw=-1.825 v=0.271 step_err=0.0054m/0.001rad track_err=0.9906m footprint=OFFROAD:0.00px route=flat_top_left_to_top_center cmd_vel=(0.000,-2.800)
[gazebo_track_car-2] [WARN] [1780979842.172355205] [gazebo_track_car]: GAZEBO_FOOTPRINT_OFFROAD actual pose=(-0.8844,+1.2904) yaw=-1.7654 origin_pixel=(90.3,72.9) min_clearance=0.00px cmd_error=0.9952m/1.765rad
[gazebo_track_car-2] [WARN] [1780979842.172865324] [gazebo_track_car]: JITTER events=50 reasons=cmd_xy_error=0.9952m pos=(-0.884,+1.290) step=0.0018/0.0000m yaw=0.020/0.000rad route=flat_top_left_to_top_center
[gazebo_track_car-2] [WARN] [1780979843.194279853] [gazebo_track_car]: GAZEBO_FOOTPRINT_OFFROAD actual pose=(-0.9345,+1.0756) yaw=-2.0739 origin_pixel=(88.1,82.1) min_clearance=0.00px cmd_error=1.1732m/2.074rad
[gazebo_track_car-2] [WARN] [1780979843.194607786] [gazebo_track_car]: JITTER events=51 reasons=yaw_step_error=0.047rad,speed_delta=0.031m/s,yaw_rate_delta=0.618rad/s,cmd_xy_error=1.1732m pos=(-0.934,+1.076) step=0.0040/0.0000m yaw=0.047/0.000rad route=flat_top_left_to_top_center
[gazebo_track_car-2] [INFO] [1780979844.098660181] [gazebo_track_car]: MOTION pos=(-1.007,+1.010) yaw=-1.817 v=0.204 step_err=0.0038m/0.020rad track_err=1.2143m footprint=OFFROAD:0.00px route=flat_top_left_to_top_center cmd_vel=(0.000,-2.800)
[gazebo_track_car-2] [WARN] [1780979844.197873772] [gazebo_track_car]: GAZEBO_FOOTPRINT_OFFROAD actual pose=(-1.0111,+0.9879) yaw=-1.8349 origin_pixel=(84.9,85.9) min_clearance=0.00px cmd_error=1.2340m/1.835rad
[gazebo_track_car-2] [WARN] [1780979844.198230018] [gazebo_track_car]: JITTER events=50 reasons=cmd_xy_error=1.2340m pos=(-1.011,+0.988) step=0.0048/0.0000m yaw=0.008/0.000rad route=flat_top_left_to_top_center
[gazebo_track_car-2] [WARN] [1780979845.197550629] [gazebo_track_car]: GAZEBO_FOOTPRINT_OFFROAD actual pose=(-1.0397,+0.8319) yaw=-2.1004 origin_pixel=(83.6,92.5) min_clearance=0.00px cmd_error=1.3789m/2.100rad
[gazebo_track_car-2] [WARN] [1780979845.197869034] [gazebo_track_car]: JITTER events=50 reasons=cmd_xy_error=1.3789m pos=(-1.040,+0.832) step=0.0053/0.0000m yaw=0.002/0.000rad route=flat_top_left_to_top_center
[gazebo_track_car-2] [INFO] [1780979846.100590296] [gazebo_track_car]: MOTION pos=(-1.068,+0.755) yaw=-2.059 v=0.255 step_err=0.0051m/0.004rad track_err=1.4487m footprint=OFFROAD:0.00px route=flat_top_left_to_top_center cmd_vel=(0.000,-2.800)
[gazebo_track_car-2] [WARN] [1780979846.198573751] [gazebo_track_car]: GAZEBO_FOOTPRINT_OFFROAD actual pose=(-1.0680,+0.7366) yaw=-2.1677 origin_pixel=(82.4,96.6) min_clearance=0.00px cmd_error=1.4669m/2.168rad
[gazebo_track_car-2] [WARN] [1780979846.198903668] [gazebo_track_car]: JITTER events=50 reasons=yaw_step_error=0.044rad,yaw_rate_delta=0.599rad/s,cmd_xy_error=1.4669m pos=(-1.068,+0.737) step=0.0038/0.0000m yaw=0.044/0.000rad route=flat_top_left_to_top_center
[gazebo_track_car-2] [WARN] [1780979847.199376701] [gazebo_track_car]: GAZEBO_FOOTPRINT_OFFROAD actual pose=(-1.1284,+0.6154) yaw=-2.0517 origin_pixel=(79.9,101.7) min_clearance=0.00px cmd_error=1.5774m/2.052rad
[gazebo_track_car-2] [WARN] [1780979847.199690446] [gazebo_track_car]: JITTER events=50 reasons=cmd_xy_error=1.5774m pos=(-1.128,+0.615) step=0.0053/0.0000m yaw=0.003/0.000rad route=flat_top_left_to_top_center
[gazebo_track_car-2] [INFO] [1780979848.104542540] [gazebo_track_car]: MOTION pos=(-1.219,+0.572) yaw=-1.197 v=0.086 step_err=0.0015m/0.011rad track_err=1.6119m footprint=OFFROAD:0.00px route=flat_top_left_to_top_center cmd_vel=(0.000,+2.800)
[gazebo_track_car-2] [WARN] [1780979848.221049593] [gazebo_track_car]: GAZEBO_FOOTPRINT_OFFROAD actual pose=(-1.2289,+0.5641) yaw=-1.0115 origin_pixel=(75.6,103.9) min_clearance=0.00px cmd_error=1.6188m/1.011rad
[gazebo_track_car-2] [WARN] [1780979848.221367567] [gazebo_track_car]: JITTER events=51 reasons=yaw_step_error=0.051rad,cmd_xy_error=1.6188m pos=(-1.229,+0.564) step=0.0041/0.0000m yaw=0.051/0.000rad route=flat_top_left_to_top_center
[gazebo_track_car-2] [WARN] [1780979849.221709625] [gazebo_track_car]: JITTER events=50 reasons=yaw_step_error=0.042rad,speed_delta=0.031m/s,cmd_xy_error=1.6890m pos=(-1.172,+0.498) step=0.0032/0.0000m yaw=0.042/0.000rad route=flat_top_left_to_top_center
[gazebo_track_car-2] [INFO] [1780979850.120814391] [gazebo_track_car]: MOTION pos=(-1.213,+0.466) yaw=-1.279 v=0.202 step_err=0.0040m/0.051rad track_err=1.7174m footprint=road:2.00px route=flat_top_left_to_top_center cmd_vel=(0.000,+2.800)
[gazebo_track_car-2] [WARN] [1780979850.221618498] [gazebo_track_car]: JITTER events=50 reasons=yaw_step_error=0.028rad,cmd_xy_error=1.7198m pos=(-1.200,+0.465) step=0.0025/0.0000m yaw=0.028/0.000rad route=flat_top_left_to_top_center
[gazebo_track_car-2] [WARN] [1780979851.223164706] [gazebo_track_car]: JITTER events=50 reasons=yaw_step_error=0.053rad,cmd_xy_error=1.7479m pos=(-1.224,+0.435) step=0.0042/0.0000m yaw=0.053/0.000rad route=flat_top_left_to_top_center
[gazebo_track_car-2] [INFO] [1780979852.145168247] [gazebo_track_car]: MOTION pos=(-1.194,+0.410) yaw=-1.377 v=0.141 step_err=0.0028m/0.033rad track_err=1.7753m footprint=road:5.00px route=flat_top_left_to_top_center cmd_vel=(0.000,+2.800)
[gazebo_track_car-2] [WARN] [1780979852.245245790] [gazebo_track_car]: JITTER events=51 reasons=cmd_xy_error=1.7820m pos=(-1.192,+0.403) step=0.0023/0.0000m yaw=0.024/0.000rad route=flat_top_left_to_top_center
[gazebo_track_car-2] [WARN] [1780979853.245283390] [gazebo_track_car]: JITTER events=50 reasons=speed_delta=0.046m/s,cmd_xy_error=1.8941m pos=(-1.180,+0.292) step=0.0027/0.0000m yaw=0.011/0.000rad route=flat_top_left_to_top_center
[gazebo_track_car-2] [WARN] [1780979853.861760668] [gazebo_track_car]: GAZEBO_FOOTPRINT_OFFROAD actual pose=(-1.1500,+0.2040) yaw=-2.6215 origin_pixel=(78.9,119.3) min_clearance=0.00px cmd_error=1.9839m/2.622rad
[gazebo_track_car-2] [INFO] [1780979854.139132195] [gazebo_track_car]: MOTION pos=(-1.164,+0.175) yaw=-2.822 v=0.096 step_err=0.0013m/0.025rad track_err=2.0120m footprint=OFFROAD:0.00px route=flat_top_left_to_top_center cmd_vel=(0.000,-2.800)
[gazebo_track_car-2] [WARN] [1780979854.258214711] [gazebo_track_car]: JITTER events=51 reasons=cmd_xy_error=2.0058m pos=(-1.179,+0.180) step=0.0039/0.0000m yaw=0.016/0.000rad route=flat_top_left_to_top_center
[gazebo_track_car-2] [WARN] [1780979854.842553849] [gazebo_track_car]: GAZEBO_FOOTPRINT_OFFROAD actual pose=(-1.2825,+0.1198) yaw=-2.6520 origin_pixel=(73.3,122.9) min_clearance=0.00px cmd_error=2.0604m/2.652rad
[gazebo_track_car-2] [WARN] [1780979855.261977169] [gazebo_track_car]: JITTER events=50 reasons=yaw_step_error=0.047rad,speed_delta=0.048m/s,yaw_rate_delta=0.446rad/s,cmd_xy_error=2.0938m pos=(-1.313,+0.086) step=0.0034/0.0000m yaw=0.047/0.000rad route=flat_top_left_to_top_center
[gazebo_track_car-2] [WARN] [1780979855.861320803] [gazebo_track_car]: GAZEBO_FOOTPRINT_OFFROAD actual pose=(-1.3866,+0.0417) yaw=-2.9356 origin_pixel=(68.8,126.2) min_clearance=0.00px cmd_error=2.1388m/2.936rad
[gazebo_track_car-2] [INFO] [1780979856.162675204] [gazebo_track_car]: MOTION pos=(-1.427,+0.003) yaw=+2.935 v=0.202 step_err=0.0040m/0.051rad track_err=2.1785m footprint=OFFROAD:0.00px route=flat_top_left_to_top_center cmd_vel=(0.000,-2.800)
[gazebo_track_car-2] [WARN] [1780979856.259696050] [gazebo_track_car]: JITTER events=50 reasons=speed_delta=0.044m/s,yaw_rate_delta=0.524rad/s,cmd_xy_error=2.1831m pos=(-1.441,-0.001) step=0.0047/0.0000m yaw=0.004/0.000rad route=flat_top_left_to_top_center
[gazebo_track_car-2] [WARN] [1780979856.861799818] [gazebo_track_car]: GAZEBO_FOOTPRINT_OFFROAD actual pose=(-1.5479,+0.0260) yaw=+3.0620 origin_pixel=(62.0,126.9) min_clearance=0.00px cmd_error=2.1646m/3.062rad
[gazebo_track_car-2] [WARN] [1780979857.362471787] [gazebo_track_car]: JITTER events=55 reasons=yaw_step_error=0.029rad,cmd_xy_error=2.1681m pos=(-1.586,+0.027) step=0.0025/0.0000m yaw=0.029/0.000rad route=flat_top_left_to_top_center
[gazebo_track_car-2] [WARN] [1780979857.861639096] [gazebo_track_car]: GAZEBO_FOOTPRINT_OFFROAD actual pose=(-1.6694,+0.0368) yaw=+2.5542 origin_pixel=(56.8,126.4) min_clearance=0.00px cmd_error=2.1694m/2.554rad
[gazebo_track_car-2] [INFO] [1780979858.167551738] [gazebo_track_car]: MOTION pos=(-1.726,+0.031) yaw=+2.060 v=0.203 step_err=0.0041m/0.051rad track_err=2.1850m footprint=OFFROAD:0.00px route=flat_top_left_to_top_center cmd_vel=(0.050,-1.177)
[gazebo_track_car-2] [WARN] [1780979858.472825814] [gazebo_track_car]: JITTER events=55 reasons=cmd_xy_error=2.1790m pos=(-1.751,+0.050) step=0.0037/0.0193m yaw=0.021/0.000rad route=flat_top_left_to_top_center
[gazebo_track_car-2] [WARN] [1780979858.976198166] [gazebo_track_car]: GAZEBO_FOOTPRINT_OFFROAD actual pose=(-1.7287,+0.1406) yaw=+2.5079 origin_pixel=(54.2,122.0) min_clearance=0.00px cmd_error=2.0965m/2.508rad
[gazebo_track_car-2] [WARN] [1780979859.476039943] [gazebo_track_car]: JITTER events=50 reasons=yaw_step_error=0.053rad,cmd_xy_error=2.0518m pos=(-1.770,+0.197) step=0.0042/0.0000m yaw=0.053/0.000rad route=flat_top_left_to_top_center
[gazebo_track_car-2] [WARN] [1780979860.115833340] [gazebo_track_car]: GAZEBO_FOOTPRINT_OFFROAD actual pose=(-1.7864,+0.2026) yaw=+2.9027 origin_pixel=(51.8,119.4) min_clearance=0.00px cmd_error=2.0508m/2.903rad
[gazebo_track_car-2] [INFO] [1780979860.173262075] [gazebo_track_car]: MOTION pos=(-1.791,+0.199) yaw=+2.841 v=0.100 step_err=0.0020m/0.021rad track_err=2.0558m footprint=OFFROAD:0.00px route=flat_top_left_to_top_center cmd_vel=(0.000,-2.800)
[gazebo_track_car-2] [WARN] [1780979860.477506923] [gazebo_track_car]: JITTER events=50 reasons=cmd_xy_error=2.0783m pos=(-1.836,+0.188) step=0.0041/0.0000m yaw=0.016/0.000rad route=flat_top_left_to_top_center
[gazebo_track_car-2] [WARN] [1780979861.583591207] [gazebo_track_car]: JITTER events=55 reasons=yaw_step_error=0.051rad,cmd_xy_error=2.0771m pos=(-1.880,+0.206) step=0.0041/0.0000m yaw=0.051/0.000rad route=flat_top_left_to_top_center
[gazebo_track_car-2] [INFO] [1780979862.279121344] [gazebo_track_car]: MOTION pos=(-1.948,+0.311) yaw=+1.743 v=0.148 step_err=0.0024m/0.034rad track_err=2.0124m footprint=road:6.39px route=flat_top_left_to_top_center cmd_vel=(0.050,-0.995)
[gazebo_track_car-2] [WARN] [1780979862.581115146] [gazebo_track_car]: JITTER events=50 reasons=yaw_step_error=0.035rad,cmd_xy_error=2.0087m pos=(-1.970,+0.341) step=0.0029/0.0154m yaw=0.035/0.000rad route=flat_top_left_to_top_center
[gazebo_track_car-2] [WARN] [1780979863.688072766] [gazebo_track_car]: JITTER events=55 reasons=yaw_step_error=0.029rad,speed_delta=0.059m/s,yaw_rate_delta=0.634rad/s,cmd_xy_error=1.8936m pos=(-1.954,+0.514) step=0.0015/0.0051m yaw=0.029/0.000rad route=flat_top_left_to_top_center
[gazebo_track_car-2] [INFO] [1780979864.303348759] [gazebo_track_car]: MOTION pos=(-1.942,+0.534) yaw=+2.078 v=0.208 step_err=0.0042m/0.014rad track_err=1.8750m footprint=road:2.80px route=flat_top_left_to_top_center cmd_vel=(0.000,-2.800)
[gazebo_track_car-2] [WARN] [1780979864.707131178] [gazebo_track_car]: JITTER events=51 reasons=yaw_step_error=0.051rad,cmd_xy_error=1.8611m pos=(-1.974,+0.568) step=0.0041/0.0000m yaw=0.051/0.000rad route=flat_top_left_to_top_center
[gazebo_track_car-2] [WARN] [1780979865.703196608] [gazebo_track_car]: JITTER events=50 reasons=yaw_step_error=0.027rad,cmd_xy_error=1.8989m pos=(-2.031,+0.659) step=0.0025/0.0149m yaw=0.027/0.000rad route=flat_top_left_to_top_center
[gazebo_track_car-2] [WARN] [1780979865.743074871] [gazebo_track_car]: GAZEBO_FOOTPRINT_OFFROAD actual pose=(-2.0331,+0.6641) yaw=+0.5398 origin_pixel=(41.3,99.7) min_clearance=0.00px cmd_error=1.8956m/0.540rad
[gazebo_track_car-2] [INFO] [1780979866.308875756] [gazebo_track_car]: MOTION pos=(-2.031,+0.699) yaw=+0.261 v=0.175 step_err=0.0130m/0.018rad track_err=1.9302m footprint=OFFROAD:0.00px route=flat_top_left_to_top_center cmd_vel=(0.186,+0.773)
[gazebo_track_car-2] [WARN] [1780979866.706065222] [gazebo_track_car]: GAZEBO_FOOTPRINT_OFFROAD actual pose=(-1.9836,+0.6785) yaw=+0.6185 origin_pixel=(43.4,99.1) min_clearance=0.00px cmd_error=1.9572m/0.618rad
[gazebo_track_car-2] [WARN] [1780979866.706397893] [gazebo_track_car]: JITTER events=50 reasons=cmd_xy_error=1.9572m pos=(-1.984,+0.678) step=0.0016/0.0093m yaw=0.016/0.000rad route=flat_top_left_to_top_center
[gazebo_track_car-2] [WARN] [1780979867.709095579] [gazebo_track_car]: GAZEBO_FOOTPRINT_OFFROAD actual pose=(-1.8991,+0.7374) yaw=-0.1971 origin_pixel=(47.0,96.5) min_clearance=0.00px cmd_error=1.9373m/0.197rad
[gazebo_track_car-2] [WARN] [1780979867.709412351] [gazebo_track_car]: JITTER events=50 reasons=yaw_step_error=0.029rad,speed_delta=0.066m/s,yaw_rate_delta=0.747rad/s,cmd_xy_error=1.9373m pos=(-1.899,+0.737) step=0.0019/0.0050m yaw=0.029/0.000rad route=flat_top_left_to_top_center
[gazebo_track_car-2] [INFO] [1780979868.310284626] [gazebo_track_car]: MOTION pos=(-1.858,+0.758) yaw=-0.487 v=0.201 step_err=0.0040m/0.050rad track_err=1.9109m footprint=OFFROAD:0.00px route=flat_top_left_to_top_center cmd_vel=(0.050,+1.258)
[gazebo_track_car-2] [WARN] [1780979868.729457052] [gazebo_track_car]: GAZEBO_FOOTPRINT_OFFROAD actual pose=(-1.8575,+0.7503) yaw=-0.2805 origin_pixel=(48.7,96.0) min_clearance=0.00px cmd_error=1.9202m/0.280rad
[gazebo_track_car-2] [WARN] [1780979868.729766229] [gazebo_track_car]: JITTER events=51 reasons=yaw_step_error=0.052rad,cmd_xy_error=1.9202m pos=(-1.858,+0.750) step=0.0042/0.0000m yaw=0.052/0.000rad route=flat_top_left_to_top_center
[gazebo_track_car-2] [INFO] [1780979869.717128230] [gazebo_track_car]: route segment=flat_top_center_to_mid_top; previous=flat_top_left_to_top_center; distance=0.001m; decision=route/explore_branch visit=0: flat_top_center_to_mid_top
[gazebo_track_car-2] [WARN] [1780979869.732727541] [gazebo_track_car]: GAZEBO_FOOTPRINT_OFFROAD actual pose=(-1.8189,+0.7474) yaw=-0.1845 origin_pixel=(50.4,96.1) min_clearance=0.00px cmd_error=1.9515m/1.386rad
[gazebo_track_car-2] [WARN] [1780979869.732975031] [gazebo_track_car]: JITTER events=50 reasons=yaw_step_error=0.171rad,cmd_xy_error=1.9515m pos=(-1.819,+0.747) step=0.0040/0.0147m yaw=0.050/0.221rad route=flat_top_center_to_mid_top
[gazebo_track_car-2] [INFO] [1780979870.332621063] [gazebo_track_car]: MOTION pos=(-1.790,+0.753) yaw=-0.244 v=0.201 step_err=0.0118m/0.050rad track_err=1.8831m footprint=OFFROAD:0.00px route=flat_top_center_to_mid_top cmd_vel=(0.050,+1.207)
[gazebo_track_car-2] [WARN] [1780979870.733852416] [gazebo_track_car]: GAZEBO_FOOTPRINT_OFFROAD actual pose=(-1.7618,+0.7494) yaw=-0.2577 origin_pixel=(52.8,96.0) min_clearance=0.00px cmd_error=1.8515m/1.313rad
[gazebo_track_car-2] [WARN] [1780979870.734168355] [gazebo_track_car]: JITTER events=50 reasons=cmd_xy_error=1.8515m pos=(-1.762,+0.749) step=0.0049/0.0050m yaw=0.006/0.000rad route=flat_top_center_to_mid_top
[gazebo_track_car-2] [WARN] [1780979871.736259806] [gazebo_track_car]: GAZEBO_FOOTPRINT_OFFROAD actual pose=(-1.6723,+0.7472) yaw=-0.1422 origin_pixel=(56.6,96.1) min_clearance=0.00px cmd_error=1.7058m/1.429rad
[gazebo_track_car-2] [WARN] [1780979871.736571478] [gazebo_track_car]: JITTER events=50 reasons=cmd_xy_error=1.7058m pos=(-1.672,+0.747) step=0.0048/0.0169m yaw=0.009/0.000rad route=flat_top_center_to_mid_top
[gazebo_track_car-2] [INFO] [1780979872.333193349] [gazebo_track_car]: MOTION pos=(-1.607,+0.746) yaw=-0.361 v=0.240 step_err=0.0003m/0.007rad track_err=1.6396m footprint=OFFROAD:0.00px route=flat_top_center_to_mid_top cmd_vel=(0.050,+1.437)
[gazebo_track_car-2] [WARN] [1780979872.734777023] [gazebo_track_car]: GAZEBO_FOOTPRINT_OFFROAD actual pose=(-1.5888,+0.7327) yaw=-0.2307 origin_pixel=(60.2,96.7) min_clearance=0.00px cmd_error=1.6237m/1.340rad
[gazebo_track_car-2] [WARN] [1780979872.735133529] [gazebo_track_car]: JITTER events=50 reasons=speed_delta=0.042m/s,yaw_rate_delta=0.672rad/s,cmd_xy_error=1.6237m pos=(-1.589,+0.733) step=0.0005/0.0032m yaw=0.007/0.000rad route=flat_top_center_to_mid_top
[gazebo_track_car-2] [WARN] [1780979873.756930897] [gazebo_track_car]: GAZEBO_FOOTPRINT_OFFROAD actual pose=(-1.4883,+0.7182) yaw=+0.3999 origin_pixel=(64.5,97.4) min_clearance=0.00px cmd_error=1.4401m/1.971rad
[gazebo_track_car-2] [WARN] [1780979873.757243620] [gazebo_track_car]: JITTER events=51 reasons=cmd_xy_error=1.4401m pos=(-1.488,+0.718) step=0.0047/0.0244m yaw=0.008/0.000rad route=flat_top_center_to_mid_top
[gazebo_track_car-2] [INFO] [1780979874.359902779] [gazebo_track_car]: MOTION pos=(-1.468,+0.756) yaw=-0.109 v=0.123 step_err=0.0093m/0.002rad track_err=1.3268m footprint=OFFROAD:0.00px route=flat_top_center_to_mid_top cmd_vel=(0.163,+1.026)
[gazebo_track_car-2] [WARN] [1780979874.757718183] [gazebo_track_car]: GAZEBO_FOOTPRINT_OFFROAD actual pose=(-1.4007,+0.7369) yaw=+0.3074 origin_pixel=(68.2,96.6) min_clearance=0.00px cmd_error=1.2367m/1.878rad
[gazebo_track_car-2] [WARN] [1780979874.758045184] [gazebo_track_car]: JITTER events=50 reasons=cmd_xy_error=1.2367m pos=(-1.401,+0.737) step=0.0046/0.0229m yaw=0.010/0.000rad route=flat_top_center_to_mid_top
[gazebo_track_car-2] [WARN] [1780979875.758503824] [gazebo_track_car]: GAZEBO_FOOTPRINT_OFFROAD actual pose=(-1.3455,+0.7433) yaw=+0.6699 origin_pixel=(70.6,96.3) min_clearance=0.00px cmd_error=1.0939m/2.241rad
[gazebo_track_car-2] [WARN] [1780979875.758832628] [gazebo_track_car]: JITTER events=50 reasons=yaw_step_error=0.034rad,speed_delta=0.055m/s,yaw_rate_delta=0.445rad/s,cmd_xy_error=1.0939m pos=(-1.346,+0.743) step=0.0011/0.0049m yaw=0.034/0.000rad route=flat_top_center_to_mid_top
[gazebo_track_car-2] [INFO] [1780979876.361278246] [gazebo_track_car]: MOTION pos=(-1.331,+0.778) yaw=+0.544 v=0.209 step_err=0.0156m/0.054rad track_err=1.0140m footprint=OFFROAD:0.00px route=flat_top_center_to_mid_top cmd_vel=(0.225,-0.560)
[gazebo_track_car-2] [WARN] [1780979876.758979465] [gazebo_track_car]: GAZEBO_FOOTPRINT_OFFROAD actual pose=(-1.2874,+0.7815) yaw=+0.7487 origin_pixel=(73.1,94.7) min_clearance=0.00px cmd_error=0.9325m/2.319rad
[gazebo_track_car-2] [WARN] [1780979876.759333057] [gazebo_track_car]: JITTER events=50 reasons=yaw_step_error=0.053rad,cmd_xy_error=0.9325m pos=(-1.287,+0.781) step=0.0042/0.0232m yaw=0.053/0.000rad route=flat_top_center_to_mid_top
[gazebo_track_car-2] [WARN] [1780979877.760415856] [gazebo_track_car]: GAZEBO_FOOTPRINT_OFFROAD actual pose=(-1.1815,+0.7766) yaw=+2.2503 origin_pixel=(77.6,94.9) min_clearance=0.00px cmd_error=0.8307m/2.462rad
[gazebo_track_car-2] [WARN] [1780979877.760806457] [gazebo_track_car]: JITTER events=50 reasons=yaw_step_error=0.030rad,cmd_xy_error=0.8307m pos=(-1.182,+0.777) step=0.0008/0.0000m yaw=0.030/0.000rad route=flat_top_center_to_mid_top
[gazebo_track_car-2] [INFO] [1780979878.381502441] [gazebo_track_car]: MOTION pos=(-1.202,+0.781) yaw=+2.073 v=0.214 step_err=0.0043m/0.012rad track_err=0.8457m footprint=OFFROAD:0.00px route=flat_top_center_to_mid_top cmd_vel=(0.000,-2.800)
[gazebo_track_car-2] [WARN] [1780979878.763839803] [gazebo_track_car]: GAZEBO_FOOTPRINT_OFFROAD actual pose=(-1.2141,+0.8030) yaw=+2.1022 origin_pixel=(76.2,93.7) min_clearance=0.00px cmd_error=0.8439m/2.610rad
[gazebo_track_car-2] [WARN] [1780979878.764680528] [gazebo_track_car]: JITTER events=50 reasons=yaw_step_error=0.051rad,cmd_xy_error=0.8439m pos=(-1.214,+0.803) step=0.0041/0.0000m yaw=0.051/0.000rad route=flat_top_center_to_mid_top
[gazebo_track_car-2] [WARN] [1780979879.782265038] [gazebo_track_car]: GAZEBO_FOOTPRINT_OFFROAD actual pose=(-1.2963,+0.8409) yaw=+0.7238 origin_pixel=(72.7,92.1) min_clearance=0.00px cmd_error=0.8764m/2.295rad
[gazebo_track_car-2] [WARN] [1780979879.782625973] [gazebo_track_car]: JITTER events=51 reasons=speed_delta=0.047m/s,yaw_rate_delta=0.410rad/s,cmd_xy_error=0.8764m pos=(-1.296,+0.841) step=0.0029/0.0145m yaw=0.010/0.000rad route=flat_top_center_to_mid_top
[gazebo_track_car-2] [INFO] [1780979880.389974458] [gazebo_track_car]: MOTION pos=(-1.241,+0.831) yaw=+1.284 v=0.208 step_err=0.0009m/0.054rad track_err=0.8057m footprint=OFFROAD:0.00px route=flat_top_center_to_mid_top cmd_vel=(0.000,-2.800)
[gazebo_track_car-2] [WARN] [1780979880.787496729] [gazebo_track_car]: GAZEBO_FOOTPRINT_OFFROAD actual pose=(-1.2290,+0.8336) yaw=+1.3998 origin_pixel=(75.6,92.4) min_clearance=0.00px cmd_error=0.7939m/2.971rad
[gazebo_track_car-2] [WARN] [1780979880.787824461] [gazebo_track_car]: JITTER events=50 reasons=yaw_step_error=0.042rad,speed_delta=0.059m/s,yaw_rate_delta=0.702rad/s,cmd_xy_error=0.7939m pos=(-1.229,+0.834) step=0.0033/0.0000m yaw=0.042/0.000rad route=flat_top_center_to_mid_top
[gazebo_track_car-2] [WARN] [1780979881.789454605] [gazebo_track_car]: GAZEBO_FOOTPRINT_OFFROAD actual pose=(-1.2031,+0.9110) yaw=+2.0614 origin_pixel=(76.7,89.1) min_clearance=0.00px cmd_error=0.7436m/2.651rad
[gazebo_track_car-2] [WARN] [1780979881.789842481] [gazebo_track_car]: JITTER events=50 reasons=cmd_xy_error=0.7436m pos=(-1.203,+0.911) step=0.0052/0.0000m yaw=0.004/0.000rad route=flat_top_center_to_mid_top
[gazebo_track_car-2] [INFO] [1780979882.389750412] [gazebo_track_car]: MOTION pos=(-1.262,+0.942) yaw=+1.424 v=0.201 step_err=0.0040m/0.051rad track_err=0.7922m footprint=OFFROAD:0.00px route=flat_top_center_to_mid_top cmd_vel=(0.000,-2.800)
[gazebo_track_car-2] [WARN] [1780979882.792774084] [gazebo_track_car]: GAZEBO_FOOTPRINT_OFFROAD actual pose=(-1.3044,+0.9713) yaw=+0.7690 origin_pixel=(72.3,86.6) min_clearance=0.00px cmd_error=0.8274m/2.340rad
[gazebo_track_car-2] [WARN] [1780979882.793126593] [gazebo_track_car]: JITTER events=50 reasons=yaw_step_error=0.046rad,speed_delta=0.066m/s,cmd_xy_error=0.8274m pos=(-1.304,+0.971) step=0.0030/0.0000m yaw=0.046/0.000rad route=flat_top_center_to_mid_top
[gazebo_track_car-2] [WARN] [1780979883.810683752] [gazebo_track_car]: GAZEBO_FOOTPRINT_OFFROAD actual pose=(-1.3126,+0.9882) yaw=+0.8252 origin_pixel=(72.0,85.8) min_clearance=0.00px cmd_error=0.8309m/2.396rad
[gazebo_track_car-2] [WARN] [1780979883.811013818] [gazebo_track_car]: JITTER events=51 reasons=yaw_step_error=0.028rad,cmd_xy_error=0.8309m pos=(-1.313,+0.988) step=0.0002/0.0000m yaw=0.028/0.000rad route=flat_top_center_to_mid_top
[gazebo_track_car-2] [INFO] [1780979884.397879677] [gazebo_track_car]: MOTION pos=(-1.321,+1.024) yaw=+0.317 v=0.211 step_err=0.0006m/0.055rad track_err=0.8318m footprint=OFFROAD:0.00px route=flat_top_center_to_mid_top cmd_vel=(0.160,-1.104)
[gazebo_track_car-2] [WARN] [1780979884.813559746] [gazebo_track_car]: GAZEBO_FOOTPRINT_OFFROAD actual pose=(-1.2684,+1.0461) yaw=+0.1992 origin_pixel=(73.9,83.4) min_clearance=0.00px cmd_error=0.7765m/1.770rad
[gazebo_track_car-2] [WARN] [1780979884.813936511] [gazebo_track_car]: JITTER events=50 reasons=cmd_xy_error=0.7765m pos=(-1.268,+1.046) step=0.0039/0.0163m yaw=0.016/0.000rad route=flat_top_center_to_mid_top
[gazebo_track_car-2] [WARN] [1780979885.816090153] [gazebo_track_car]: GAZEBO_FOOTPRINT_OFFROAD actual pose=(-1.1744,+1.1210) yaw=-0.9166 origin_pixel=(77.9,80.2) min_clearance=0.00px cmd_error=0.7338m/0.654rad
[gazebo_track_car-2] [WARN] [1780979885.816465676] [gazebo_track_car]: JITTER events=50 reasons=yaw_step_error=0.051rad,cmd_xy_error=0.7338m pos=(-1.174,+1.121) step=0.0041/0.0227m yaw=0.051/0.000rad route=flat_top_center_to_mid_top
[gazebo_track_car-2] [INFO] [1780979886.415173656] [gazebo_track_car]: MOTION pos=(-1.126,+1.096) yaw=-1.098 v=0.083 step_err=0.0031m/0.015rad track_err=0.7283m footprint=OFFROAD:0.00px route=flat_top_center_to_mid_top cmd_vel=(0.227,+0.528)
[gazebo_track_car-2] [WARN] [1780979886.820059339] [gazebo_track_car]: GAZEBO_FOOTPRINT_OFFROAD actual pose=(-1.1029,+1.0881) yaw=-1.4011 origin_pixel=(80.9,81.6) min_clearance=0.00px cmd_error=0.7379m/0.170rad
[gazebo_track_car-2] [WARN] [1780979886.820391930] [gazebo_track_car]: JITTER events=50 reasons=cmd_xy_error=0.7379m pos=(-1.103,+1.088) step=0.0037/0.0156m yaw=0.024/0.000rad route=flat_top_center_to_mid_top
[gazebo_track_car-2] [WARN] [1780979887.817487850] [gazebo_track_car]: GAZEBO_FOOTPRINT_OFFROAD actual pose=(-1.0701,+0.9823) yaw=-1.9916 origin_pixel=(82.3,86.1) min_clearance=0.00px cmd_error=0.6905m/0.421rad
[gazebo_track_car-2] [WARN] [1780979887.817797388] [gazebo_track_car]: JITTER events=50 reasons=cmd_xy_error=0.6905m pos=(-1.070,+0.982) step=0.0043/0.0052m yaw=0.011/0.000rad route=flat_top_center_to_mid_top
[gazebo_track_car-2] [INFO] [1780979888.417921368] [gazebo_track_car]: MOTION pos=(-1.074,+0.944) yaw=-2.131 v=0.202 step_err=0.0008m/0.052rad track_err=0.6786m footprint=OFFROAD:0.00px route=flat_top_center_to_mid_top cmd_vel=(0.000,+2.800)
[gazebo_track_car-2] [WARN] [1780979888.818802445] [gazebo_track_car]: GAZEBO_FOOTPRINT_OFFROAD actual pose=(-1.0556,+0.8956) yaw=-2.7749 origin_pixel=(83.0,89.8) min_clearance=0.00px cmd_error=0.6389m/1.204rad
[gazebo_track_car-2] [WARN] [1780979888.819202434] [gazebo_track_car]: JITTER events=50 reasons=cmd_xy_error=0.6389m pos=(-1.056,+0.896) step=0.0021/0.0000m yaw=0.023/0.000rad route=flat_top_center_to_mid_top
[gazebo_track_car-2] [WARN] [1780979889.838741515] [gazebo_track_car]: GAZEBO_FOOTPRINT_OFFROAD actual pose=(-1.1516,+0.9291) yaw=-1.6582 origin_pixel=(78.9,88.4) min_clearance=0.00px cmd_error=0.7418m/0.087rad
[gazebo_track_car-2] [WARN] [1780979889.839064037] [gazebo_track_car]: JITTER events=51 reasons=yaw_step_error=0.031rad,cmd_xy_error=0.7418m pos=(-1.152,+0.929) step=0.0026/0.0050m yaw=0.031/0.000rad route=flat_top_center_to_mid_top
[gazebo_track_car-2] [INFO] [1780979890.440858277] [gazebo_track_car]: MOTION pos=(-1.155,+0.909) yaw=-1.673 v=0.107 step_err=0.0030m/0.023rad track_err=0.7580m footprint=OFFROAD:0.00px route=flat_top_center_to_mid_top cmd_vel=(0.050,+1.327)
[gazebo_track_car-2] [WARN] [1780979890.837035190] [gazebo_track_car]: GAZEBO_FOOTPRINT_OFFROAD actual pose=(-1.1608,+0.8860) yaw=-1.6728 origin_pixel=(78.5,90.2) min_clearance=0.00px cmd_error=0.7543m/0.102rad
[gazebo_track_car-2] [WARN] [1780979890.837357933] [gazebo_track_car]: JITTER events=50 reasons=yaw_step_error=0.050rad,cmd_xy_error=0.7543m pos=(-1.161,+0.886) step=0.0040/0.0000m yaw=0.050/0.000rad route=flat_top_center_to_mid_top
[gazebo_track_car-2] [WARN] [1780979891.841410146] [gazebo_track_car]: GAZEBO_FOOTPRINT_OFFROAD actual pose=(-1.1425,+0.8753) yaw=-1.8958 origin_pixel=(79.3,90.7) min_clearance=0.00px cmd_error=0.7580m/0.325rad
[gazebo_track_car-2] [WARN] [1780979891.841741485] [gazebo_track_car]: JITTER events=50 reasons=yaw_step_error=0.050rad,cmd_xy_error=0.7580m pos=(-1.143,+0.875) step=0.0040/0.0052m yaw=0.050/0.000rad route=flat_top_center_to_mid_top
[gazebo_track_car-2] [INFO] [1780979892.440831978] [gazebo_track_car]: MOTION pos=(-1.170,+0.777) yaw=-2.609 v=0.277 step_err=0.0055m/0.000rad track_err=0.7376m footprint=OFFROAD:0.00px route=flat_top_center_to_mid_top cmd_vel=(0.000,+2.800)
[gazebo_track_car-2] [WARN] [1780979892.845635721] [gazebo_track_car]: GAZEBO_FOOTPRINT_OFFROAD actual pose=(-1.2058,+0.8022) yaw=-2.1383 origin_pixel=(76.6,93.8) min_clearance=0.00px cmd_error=0.7806m/0.568rad
[gazebo_track_car-2] [WARN] [1780979892.846005272] [gazebo_track_car]: JITTER events=50 reasons=yaw_step_error=0.038rad,speed_delta=0.055m/s,cmd_xy_error=0.7806m pos=(-1.206,+0.802) step=0.0016/0.0000m yaw=0.038/0.000rad route=flat_top_center_to_mid_top
[gazebo_track_car-2] [WARN] [1780979893.845912681] [gazebo_track_car]: GAZEBO_FOOTPRINT_OFFROAD actual pose=(-1.3001,+0.6788) yaw=-2.9369 origin_pixel=(72.5,99.0) min_clearance=0.00px cmd_error=0.8306m/1.366rad
[gazebo_track_car-2] [WARN] [1780979893.846232608] [gazebo_track_car]: JITTER events=50 reasons=cmd_xy_error=0.8306m pos=(-1.300,+0.679) step=0.0052/0.0000m yaw=0.003/0.000rad route=flat_top_center_to_mid_top
[gazebo_track_car-2] [INFO] [1780979894.445527504] [gazebo_track_car]: MOTION pos=(-1.382,+0.702) yaw=-2.120 v=0.190 step_err=0.0032m/0.046rad track_err=0.9154m footprint=OFFROAD:0.00px route=flat_top_center_to_mid_top cmd_vel=(0.000,+2.800)
[gazebo_track_car-2] [WARN] [1780979894.864942517] [gazebo_track_car]: GAZEBO_FOOTPRINT_OFFROAD actual pose=(-1.3705,+0.6931) yaw=-2.3620 origin_pixel=(69.5,98.4) min_clearance=0.00px cmd_error=0.9024m/0.791rad
[gazebo_track_car-2] [WARN] [1780979894.865330694] [gazebo_track_car]: JITTER events=51 reasons=yaw_step_error=0.051rad,cmd_xy_error=0.9024m pos=(-1.370,+0.693) step=0.0040/0.0000m yaw=0.051/0.000rad route=flat_top_center_to_mid_top
[gazebo_track_car-2] [WARN] [1780979895.864312675] [gazebo_track_car]: GAZEBO_FOOTPRINT_OFFROAD actual pose=(-1.3557,+0.6791) yaw=-2.4415 origin_pixel=(70.2,99.0) min_clearance=0.00px cmd_error=0.8849m/0.871rad
[gazebo_track_car-2] [WARN] [1780979895.864771435] [gazebo_track_car]: JITTER events=50 reasons=yaw_step_error=0.030rad,cmd_xy_error=0.8849m pos=(-1.356,+0.679) step=0.0006/0.0000m yaw=0.030/0.000rad route=flat_top_center_to_mid_top
[gazebo_track_car-2] [INFO] [1780979896.466746853] [gazebo_track_car]: MOTION pos=(-1.338,+0.630) yaw=-3.130 v=0.088 step_err=0.0012m/0.016rad track_err=0.8584m footprint=OFFROAD:0.00px route=flat_top_center_to_mid_top cmd_vel=(0.000,+2.800)
[gazebo_track_car-2] [WARN] [1780979896.866954059] [gazebo_track_car]: GAZEBO_FOOTPRINT_OFFROAD actual pose=(-1.3761,+0.6464) yaw=-2.8492 origin_pixel=(69.3,100.4) min_clearance=0.00px cmd_error=0.8983m/1.278rad
[gazebo_track_car-2] [WARN] [1780979896.867307460] [gazebo_track_car]: JITTER events=50 reasons=yaw_step_error=0.039rad,yaw_rate_delta=0.430rad/s,cmd_xy_error=0.8983m pos=(-1.376,+0.646) step=0.0033/0.0000m yaw=0.039/0.000rad route=flat_top_center_to_mid_top
[gazebo_track_car-2] [WARN] [1780979897.870105753] [gazebo_track_car]: GAZEBO_FOOTPRINT_OFFROAD actual pose=(-1.4424,+0.6963) yaw=-2.0131 origin_pixel=(66.5,98.3) min_clearance=0.00px cmd_error=0.9733m/0.442rad
[gazebo_track_car-2] [WARN] [1780979897.870424948] [gazebo_track_car]: JITTER events=50 reasons=yaw_step_error=0.037rad,speed_delta=0.057m/s,cmd_xy_error=0.9733m pos=(-1.442,+0.696) step=0.0021/0.0000m yaw=0.037/0.000rad route=flat_top_center_to_mid_top
[gazebo_track_car-2] [INFO] [1780979898.470470339] [gazebo_track_car]: MOTION pos=(-1.432,+0.683) yaw=-2.199 v=0.202 step_err=0.0040m/0.051rad track_err=0.9599m footprint=OFFROAD:0.00px route=flat_top_center_to_mid_top cmd_vel=(0.000,+2.800)
[gazebo_track_car-2] [WARN] [1780979898.872064150] [gazebo_track_car]: GAZEBO_FOOTPRINT_OFFROAD actual pose=(-1.4272,+0.6815) yaw=-2.2091 origin_pixel=(67.1,98.9) min_clearance=0.00px cmd_error=0.9552m/0.638rad
[gazebo_track_car-2] [WARN] [1780979898.872379007] [gazebo_track_car]: JITTER events=50 reasons=yaw_step_error=0.029rad,cmd_xy_error=0.9552m pos=(-1.427,+0.682) step=0.0006/0.0000m yaw=0.029/0.000rad route=flat_top_center_to_mid_top
[gazebo_track_car-2] [WARN] [1780979899.892610426] [gazebo_track_car]: GAZEBO_FOOTPRINT_OFFROAD actual pose=(-1.4163,+0.5972) yaw=+3.0383 origin_pixel=(67.6,102.5) min_clearance=0.00px cmd_error=0.9308m/1.674rad
[gazebo_track_car-2] [WARN] [1780979899.893055152] [gazebo_track_car]: JITTER events=51 reasons=speed_delta=0.054m/s,yaw_rate_delta=0.661rad/s,cmd_xy_error=0.9308m pos=(-1.416,+0.597) step=0.0012/0.0000m yaw=0.018/0.000rad route=flat_top_center_to_mid_top
[gazebo_track_car-2] [INFO] [1780979900.493502188] [gazebo_track_car]: MOTION pos=(-1.464,+0.657) yaw=-2.461 v=0.205 step_err=0.0043m/0.054rad track_err=0.9866m footprint=OFFROAD:0.00px route=flat_top_center_to_mid_top cmd_vel=(0.000,+2.800)
[gazebo_track_car-2] [WARN] [1780979900.890607596] [gazebo_track_car]: GAZEBO_FOOTPRINT_OFFROAD actual pose=(-1.4664,+0.6370) yaw=-2.7769 origin_pixel=(65.4,100.8) min_clearance=0.00px cmd_error=0.9859m/1.206rad
[gazebo_track_car-2] [WARN] [1780979900.891261166] [gazebo_track_car]: JITTER events=50 reasons=yaw_step_error=0.043rad,speed_delta=0.049m/s,yaw_rate_delta=0.486rad/s,cmd_xy_error=0.9859m pos=(-1.466,+0.637) step=0.0030/0.0000m yaw=0.043/0.000rad route=flat_top_center_to_mid_top
[gazebo_track_car-2] [WARN] [1780979901.893007874] [gazebo_track_car]: GAZEBO_FOOTPRINT_OFFROAD actual pose=(-1.5599,+0.5646) yaw=+1.8290 origin_pixel=(61.4,103.9) min_clearance=0.00px cmd_error=1.0706m/2.883rad
[gazebo_track_car-2] [WARN] [1780979901.893318985] [gazebo_track_car]: JITTER events=50 reasons=speed_delta=0.042m/s,yaw_rate_delta=0.474rad/s,cmd_xy_error=1.0706m pos=(-1.560,+0.565) step=0.0032/0.0000m yaw=0.006/0.000rad route=flat_top_center_to_mid_top
[gazebo_track_car-2] [INFO] [1780979902.496473074] [gazebo_track_car]: MOTION pos=(-1.591,+0.640) yaw=+1.547 v=0.169 step_err=0.0036m/0.024rad track_err=1.1096m footprint=OFFROAD:0.00px route=flat_top_center_to_mid_top cmd_vel=(0.000,-2.800)
[gazebo_track_car-2] [WARN] [1780979902.895880243] [gazebo_track_car]: GAZEBO_FOOTPRINT_OFFROAD actual pose=(-1.6190,+0.6588) yaw=+1.1871 origin_pixel=(58.9,99.9) min_clearance=0.00px cmd_error=1.1400m/2.758rad
[gazebo_track_car-2] [WARN] [1780979902.896268319] [gazebo_track_car]: JITTER events=50 reasons=yaw_step_error=0.028rad,cmd_xy_error=1.1400m pos=(-1.619,+0.659) step=0.0024/0.0000m yaw=0.028/0.000rad route=flat_top_center_to_mid_top
[gazebo_track_car-2] [WARN] [1780979903.914947715] [gazebo_track_car]: GAZEBO_FOOTPRINT_OFFROAD actual pose=(-1.5755,+0.7255) yaw=+1.5372 origin_pixel=(60.8,97.0) min_clearance=0.00px cmd_error=1.1094m/3.108rad
[gazebo_track_car-2] [WARN] [1780979903.915265809] [gazebo_track_car]: JITTER events=51 reasons=cmd_xy_error=1.1094m pos=(-1.575,+0.725) step=0.0035/0.0000m yaw=0.019/0.000rad route=flat_top_center_to_mid_top
[gazebo_track_car-2] [INFO] [1780979904.515931932] [gazebo_track_car]: MOTION pos=(-1.562,+0.767) yaw=+1.679 v=0.172 step_err=0.0032m/0.040rad track_err=1.1065m footprint=OFFROAD:0.00px route=flat_top_center_to_mid_top cmd_vel=(0.000,-2.800)
[gazebo_track_car-2] [WARN] [1780979904.918042524] [gazebo_track_car]: GAZEBO_FOOTPRINT_OFFROAD actual pose=(-1.5694,+0.8111) yaw=+1.6831 origin_pixel=(61.0,93.4) min_clearance=0.00px cmd_error=1.1252m/3.029rad
[gazebo_track_car-2] [WARN] [1780979904.918389412] [gazebo_track_car]: JITTER events=50 reasons=cmd_xy_error=1.1252m pos=(-1.569,+0.811) step=0.0042/0.0000m yaw=0.013/0.000rad route=flat_top_center_to_mid_top
[gazebo_track_car-2] [WARN] [1780979905.919685167] [gazebo_track_car]: GAZEBO_FOOTPRINT_OFFROAD actual pose=(-1.6506,+0.8864) yaw=+0.6597 origin_pixel=(57.6,90.2) min_clearance=0.00px cmd_error=1.2257m/2.231rad
[gazebo_track_car-2] [WARN] [1780979905.920020593] [gazebo_track_car]: JITTER events=50 reasons=yaw_step_error=0.030rad,yaw_rate_delta=0.419rad/s,cmd_xy_error=1.2257m pos=(-1.651,+0.886) step=0.0009/0.0000m yaw=0.030/0.000rad route=flat_top_center_to_mid_top
[gazebo_track_car-2] [INFO] [1780979906.519917553] [gazebo_track_car]: MOTION pos=(-1.622,+0.888) yaw=+0.856 v=0.202 step_err=0.0040m/0.051rad track_err=1.1997m footprint=OFFROAD:0.00px route=flat_top_center_to_mid_top cmd_vel=(0.000,-2.800)
[gazebo_track_car-2] [WARN] [1780979906.919668222] [gazebo_track_car]: GAZEBO_FOOTPRINT_OFFROAD actual pose=(-1.6199,+0.8899) yaw=+0.8409 origin_pixel=(58.9,90.0) min_clearance=0.00px cmd_error=1.1979m/2.412rad
[gazebo_track_car-2] [WARN] [1780979906.920061002] [gazebo_track_car]: JITTER events=50 reasons=yaw_step_error=0.051rad,cmd_xy_error=1.1979m pos=(-1.620,+0.890) step=0.0041/0.0000m yaw=0.051/0.000rad route=flat_top_center_to_mid_top
[gazebo_track_car-2] [WARN] [1780979907.922298958] [gazebo_track_car]: GAZEBO_FOOTPRINT_OFFROAD actual pose=(-1.5862,+0.9621) yaw=+0.5245 origin_pixel=(60.3,86.9) min_clearance=0.00px cmd_error=1.1973m/2.095rad
[gazebo_track_car-2] [WARN] [1780979907.922695530] [gazebo_track_car]: JITTER events=50 reasons=yaw_step_error=0.027rad,speed_delta=0.033m/s,cmd_xy_error=1.1973m pos=(-1.586,+0.962) step=0.0025/0.0049m yaw=0.027/0.000rad route=flat_top_center_to_mid_top
[gazebo_track_car-2] [INFO] [1780979908.539994563] [gazebo_track_car]: MOTION pos=(-1.548,+0.983) yaw=+0.421 v=0.168 step_err=0.0017m/0.020rad track_err=1.1780m footprint=OFFROAD:0.00px route=flat_top_center_to_mid_top cmd_vel=(0.050,-1.296)
[gazebo_track_car-2] [WARN] [1780979908.940853267] [gazebo_track_car]: GAZEBO_FOOTPRINT_OFFROAD actual pose=(-1.5191,+1.0037) yaw=+0.3738 origin_pixel=(63.2,85.2) min_clearance=0.00px cmd_error=1.1713m/1.945rad
[gazebo_track_car-2] [WARN] [1780979908.941166081] [gazebo_track_car]: JITTER events=51 reasons=yaw_step_error=0.043rad,speed_delta=0.048m/s,yaw_rate_delta=0.494rad/s,cmd_xy_error=1.1713m pos=(-1.519,+1.004) step=0.0030/0.0051m yaw=0.043/0.000rad route=flat_top_center_to_mid_top
[gazebo_track_car-2] [WARN] [1780979909.943876447] [gazebo_track_car]: GAZEBO_FOOTPRINT_OFFROAD actual pose=(-1.4579,+1.0603) yaw=+0.1326 origin_pixel=(65.8,82.8) min_clearance=0.00px cmd_error=1.1587m/1.703rad
[gazebo_track_car-2] [WARN] [1780979909.944549214] [gazebo_track_car]: JITTER events=50 reasons=speed_delta=0.043m/s,yaw_rate_delta=0.626rad/s,cmd_xy_error=1.1587m pos=(-1.458,+1.060) step=0.0013/0.0051m yaw=0.020/0.000rad route=flat_top_center_to_mid_top
[gazebo_track_car-2] [INFO] [1780979910.546269323] [gazebo_track_car]: MOTION pos=(-1.423,+1.013) yaw=+0.856 v=0.204 step_err=0.0042m/0.053rad track_err=1.1175m footprint=OFFROAD:0.00px route=flat_top_center_to_mid_top cmd_vel=(0.000,-2.800)
[gazebo_track_car-2] [WARN] [1780979910.943601800] [gazebo_track_car]: GAZEBO_FOOTPRINT_OFFROAD actual pose=(-1.3838,+1.0576) yaw=+0.8987 origin_pixel=(69.0,82.9) min_clearance=0.00px cmd_error=1.1110m/2.470rad
[gazebo_track_car-2] [WARN] [1780979910.943912349] [gazebo_track_car]: JITTER events=50 reasons=yaw_step_error=0.046rad,speed_delta=0.040m/s,yaw_rate_delta=0.522rad/s,cmd_xy_error=1.1110m pos=(-1.384,+1.058) step=0.0034/0.0000m yaw=0.046/0.000rad route=flat_top_center_to_mid_top
[gazebo_track_car-2] [WARN] [1780979911.945047575] [gazebo_track_car]: GAZEBO_FOOTPRINT_OFFROAD actual pose=(-1.3618,+1.0989) yaw=+1.0550 origin_pixel=(69.9,81.1) min_clearance=0.00px cmd_error=1.1188m/2.626rad
[gazebo_track_car-2] [WARN] [1780979911.945362493] [gazebo_track_car]: JITTER events=50 reasons=yaw_step_error=0.031rad,cmd_xy_error=1.1188m pos=(-1.362,+1.099) step=0.0026/0.0000m yaw=0.031/0.000rad route=flat_top_center_to_mid_top
[gazebo_track_car-2] [INFO] [1780979912.546950870] [gazebo_track_car]: MOTION pos=(-1.351,+1.102) yaw=+1.139 v=0.201 step_err=0.0041m/0.051rad track_err=1.1128m footprint=OFFROAD:0.00px route=flat_top_center_to_mid_top cmd_vel=(0.000,-2.800)
[gazebo_track_car-2] [WARN] [1780979912.946320577] [gazebo_track_car]: GAZEBO_FOOTPRINT_OFFROAD actual pose=(-1.3733,+1.1448) yaw=+0.7433 origin_pixel=(69.4,79.2) min_clearance=0.00px cmd_error=1.1570m/2.314rad
[gazebo_track_car-2] [WARN] [1780979912.946664078] [gazebo_track_car]: JITTER events=50 reasons=yaw_step_error=0.051rad,cmd_xy_error=1.1570m pos=(-1.373,+1.145) step=0.0040/0.0000m yaw=0.051/0.000rad route=flat_top_center_to_mid_top
Cannot run the event loop while another loop is running
