[INFO] [launch]: All log files can be found below /home/quocbao/.ros/log/2026-06-08-21-13-14-459848-ubuntu-26727
[INFO] [launch]: Default logging verbosity is set to INFO
[INFO] [gzserver-1]: process started with pid [26729]
[INFO] [gazebo_track_car-2]: process started with pid [26731]
[gazebo_track_car-2] [INFO] [1780978395.119925168] [gazebo_track_car]: [MAP_TRANSFORM] image=256x256 path=/home/quocbao/my_robot_vision_full_project/my_robot_vision/models/autonomous_map_3d_mirror_x/materials/textures/autonomous_map_visual.png map_size=6.000x6.000m px_per_m_x=42.667 px_per_m_y=42.667 route_offset=(+0.000,+0.000)m map_visual_offset=(+0.000,+0.300)m
[gazebo_track_car-2] [INFO] [1780978395.277817915] [gazebo_track_car]: [FOOTPRINT_CHECK] samples=1637 center_off_road=0 center_outside_safe=1033 failures=0 min_footprint_clearance=3.00px footprint=front:0.165m rear:0.145m half_width:0.115m
[gazebo_track_car-2] [INFO] [1780978395.278119284] [gazebo_track_car]: [FOOTPRINT_CHECK] overlays=/tmp/gazebo_route_mask_debug.png, /tmp/gazebo_route_centerline_debug.png, /tmp/gazebo_route_footprint_debug.png
[gazebo_track_car-2] [INFO] [1780978395.389010322] [gazebo_track_car]: SAFE_ROUTE_VERSION=semantic_parking_spawn_turn_guard_v31; direction=texture point order; clearance=12px; drive_wheels=True; route_offset=(+0.000,+0.000)m; start_distance=0.000m; route_explore=True branch_probability=0.35; sign_detection=off roi=0.08-0.82; map_visual_offset=(+0.000,+0.300)m; base_speed=0.28m/s speed_limit=0.14m/s; traffic_light=fixed state=green green=5.0s yellow=1.0s red=8.0s trigger_distance=1.70m stop_distance=0.85m min_stop=2.0s camera=off topic=/track_preview_car/camera/image_raw fill>=0.42 slow_area>=45px stop_area>=160px distance_gate=on; camera_sign_templates=5 sign_score>=0.32 sign_stable=2; wheel_controller lookahead=0.32m parking_lookahead=0.20m heading_gain=3.80 max_wz=2.80rad/s rotate_heading>1.05rad; yaw_limits=1.80rad/s/4.00rad/s2; route_rejoin=False outer_only=True cmd_error>0.30m max_route_dist=0.55m; progress_sync=True cmd_error>0.06m route_dist<=0.20m yaw<=1.20rad; initial_pose_reset=False tol=0.12m/0.35rad; segments=18; route_points=36.
[gazebo_track_car-2] [INFO] [1780978395.389304758] [gazebo_track_car]: Motion log uses /model_states and /track_preview_car/cmd_vel: MOTION every 2.00s, JITTER at most every 1.00s, verbose=False; jitter thresholds xy_step_delta=0.0060m, cmd_error=0.050m, z_delta=0.0005m, tilt=0.0030rad, speed_delta=0.030m/s, yaw_step_error=0.025rad, yaw_rate_delta=0.400rad/s.
[gzserver-1] [INFO] [1780978396.643819700] [track_preview_car.front_camera_controller]: Publishing camera info to [/track_preview_car/camera/camera_info]
[gzserver-1] [INFO] [1780978396.660331580] [gazebo_ros_state]: Publishing states of gazebo models at [/model_states]
[gzserver-1] [INFO] [1780978396.661122151] [gazebo_ros_state]: Publishing states of gazebo links at [/link_states]
[gzserver-1] [INFO] [1780978396.678741450] [track_preview_car.track_preview_car_diff_drive]: Wheel pair 1 separation set to [0.176000m]
[gzserver-1] [INFO] [1780978396.679379724] [track_preview_car.track_preview_car_diff_drive]: Wheel pair 1 diameter set to [0.060000m]
[gzserver-1] [INFO] [1780978396.680284180] [track_preview_car.track_preview_car_diff_drive]: Subscribed to [/track_preview_car/cmd_vel]
[gzserver-1] [INFO] [1780978396.681072297] [track_preview_car.track_preview_car_diff_drive]: Advertise odometry on [/track_preview_car/odom]
[gazebo_track_car-2] [INFO] [1780978396.712318043] [gazebo_track_car]: wheel controller synced route progress from initial model pose; segment=flat_top_center_to_top_right@2.297m route_dist=0.023m startup_gate=1.250m
[gazebo_track_car-2] [INFO] [1780978396.747620200] [gazebo_track_car]: traffic light is now GREEN.
[gazebo_track_car-2] [INFO] [1780978396.848249096] [gazebo_track_car]: route segment=flat_top_right_corner; previous=flat_top_center_to_top_right; distance=0.004m; decision=route/explore_branch visit=0: flat_top_right_corner
[gazebo_track_car-2] [INFO] [1780978397.753637268] [gazebo_track_car]: ROUTE_PROGRESS_SYNC actual=(+1.967,+2.159) cmd_error=0.100m route_dist=0.100m yaw_error=0.011rad segment=flat_top_right_corner@0.126m->flat_top_right_corner@0.129m
[gazebo_track_car-2] [WARN] [1780978397.754169862] [gazebo_track_car]: JITTER events=40 reasons=cmd_xy_error=0.1004m pos=(+1.967,+2.159) step=0.0049/0.0219m yaw=0.004/0.000rad route=flat_top_right_corner
[gazebo_track_car-2] [WARN] [1780978398.777234095] [gazebo_track_car]: JITTER events=51 reasons=cmd_xy_error=0.0800m pos=(+2.112,+1.983) step=0.0045/0.0223m yaw=0.009/0.000rad route=flat_top_right_corner
[gazebo_track_car-2] [INFO] [1780978398.777521176] [gazebo_track_car]: MOTION pos=(+2.112,+1.983) yaw=-1.204 v=0.224 step_err=0.0178m/0.009rad track_err=0.0800m footprint=road:6.59px route=flat_top_right_corner cmd_vel=(0.221,-0.452)
[gazebo_track_car-2] [INFO] [1780978398.976764673] [gazebo_track_car]: ROUTE_PROGRESS_SYNC actual=(+2.133,+1.939) cmd_error=0.064m route_dist=0.062m yaw_error=0.480rad segment=flat_top_right_corner@0.419m->flat_top_right_corner@0.402m
[gazebo_track_car-2] [INFO] [1780978399.561035129] [gazebo_track_car]: route segment=flat_right_top_to_mid; previous=flat_top_right_corner; distance=0.008m; decision=route/default: flat_right_top_to_mid
[gazebo_track_car-2] [WARN] [1780978399.894682971] [gazebo_track_car]: JITTER events=26 reasons=speed_delta=0.038m/s pos=(+2.189,+1.717) step=0.0050/0.0000m yaw=0.004/0.000rad route=flat_right_top_to_mid
[gazebo_track_car-2] [INFO] [1780978400.776194500] [gazebo_track_car]: MOTION pos=(+2.207,+1.487) yaw=-1.567 v=0.235 step_err=0.0188m/0.006rad track_err=0.0388m footprint=road:7.00px route=flat_right_top_to_mid cmd_vel=(0.237,-0.292)
[gazebo_track_car-2] [WARN] [1780978400.937905809] [gazebo_track_car]: JITTER events=9 reasons=cmd_xy_error=0.0520m pos=(+2.208,+1.448) step=0.0051/0.0000m yaw=0.003/0.000rad route=flat_right_top_to_mid
[gazebo_track_car-2] [WARN] [1780978401.897213203] [gazebo_track_car]: JITTER events=22 reasons=yaw_rate_delta=0.545rad/s pos=(+2.208,+1.211) step=0.0048/0.0000m yaw=0.000/0.000rad route=flat_right_top_to_mid
[gazebo_track_car-2] [INFO] [1780978402.173748303] [gazebo_track_car]: ROUTE_PROGRESS_SYNC actual=(+2.204,+1.141) cmd_error=0.062m route_dist=0.024m yaw_error=0.037rad segment=flat_right_top_to_mid@0.606m->flat_right_top_to_mid@0.663m
[gazebo_track_car-2] [INFO] [1780978402.799096754] [gazebo_track_car]: MOTION pos=(+2.213,+0.986) yaw=-1.617 v=0.251 step_err=0.0209m/0.004rad track_err=0.0357m footprint=road:7.00px route=flat_right_top_to_mid cmd_vel=(0.257,-0.159)
[gazebo_track_car-2] [WARN] [1780978402.918248052] [gazebo_track_car]: JITTER events=8 reasons=yaw_rate_delta=0.406rad/s pos=(+2.212,+0.955) step=0.0051/0.0000m yaw=0.002/0.000rad route=flat_right_top_to_mid
[gazebo_track_car-2] [WARN] [1780978403.922204450] [gazebo_track_car]: JITTER events=4 reasons=yaw_rate_delta=0.412rad/s pos=(+2.201,+0.704) step=0.0050/0.0000m yaw=0.003/0.000rad route=flat_right_top_to_mid
[gazebo_track_car-2] [INFO] [1780978404.804894561] [gazebo_track_car]: MOTION pos=(+2.205,+0.487) yaw=-1.555 v=0.239 step_err=0.0187m/0.006rad track_err=0.0344m footprint=road:10.00px route=flat_right_top_to_mid cmd_vel=(0.244,-0.256)
[gazebo_track_car-2] [WARN] [1780978404.922116453] [gazebo_track_car]: JITTER events=4 reasons=yaw_rate_delta=0.420rad/s pos=(+2.205,+0.457) step=0.0051/0.0000m yaw=0.002/0.000rad route=flat_right_top_to_mid
[gazebo_track_car-2] [INFO] [1780978405.594455806] [gazebo_track_car]: route segment=flat_right_mid_to_lower; previous=flat_right_top_to_mid; distance=0.018m; decision=route/explore_branch visit=0: flat_right_mid_to_lower
[gazebo_track_car-2] [WARN] [1780978406.322782815] [gazebo_track_car]: JITTER events=5 reasons=yaw_rate_delta=0.400rad/s pos=(+2.207,+0.109) step=0.0048/0.0000m yaw=0.002/0.000rad route=flat_right_mid_to_lower
[gazebo_track_car-2] [INFO] [1780978406.805761535] [gazebo_track_car]: MOTION pos=(+2.205,-0.011) yaw=-1.547 v=0.259 step_err=0.0195m/0.003rad track_err=0.0379m footprint=road:7.00px route=flat_right_mid_to_lower cmd_vel=(0.245,-0.251)
[gazebo_track_car-2] [WARN] [1780978407.627204524] [gazebo_track_car]: JITTER events=3 reasons=yaw_rate_delta=0.408rad/s pos=(+2.210,-0.217) step=0.0049/0.0000m yaw=0.001/0.000rad route=flat_right_mid_to_lower
[gazebo_track_car-2] [INFO] [1780978408.825335575] [gazebo_track_car]: MOTION pos=(+2.201,-0.522) yaw=-1.564 v=0.258 step_err=0.0207m/0.003rad track_err=0.0337m footprint=road:7.00px route=flat_right_mid_to_lower cmd_vel=(0.254,-0.181)
[gazebo_track_car-2] [WARN] [1780978409.047191520] [gazebo_track_car]: JITTER events=1 reasons=speed_delta=0.035m/s pos=(+2.201,-0.580) step=0.0048/0.0000m yaw=0.001/0.000rad route=flat_right_mid_to_lower
[gazebo_track_car-2] [INFO] [1780978410.830241773] [gazebo_track_car]: MOTION pos=(+2.203,-1.056) yaw=-1.616 v=0.264 step_err=0.0213m/0.002rad track_err=0.0234m footprint=road:7.00px route=flat_right_mid_to_lower cmd_vel=(0.267,-0.087)
[gazebo_track_car-2] [WARN] [1780978411.249302775] [gazebo_track_car]: JITTER events=2 reasons=speed_delta=0.036m/s pos=(+2.198,-1.171) step=0.0050/0.0000m yaw=0.000/0.000rad route=flat_right_mid_to_lower
[gazebo_track_car-2] [WARN] [1780978412.452611432] [gazebo_track_car]: JITTER events=1 reasons=speed_delta=0.038m/s pos=(+2.184,-1.498) step=0.0049/0.0000m yaw=0.001/0.000rad route=flat_right_mid_to_lower
[gazebo_track_car-2] [INFO] [1780978412.834698524] [gazebo_track_car]: MOTION pos=(+2.188,-1.586) yaw=-1.719 v=0.220 step_err=0.0155m/0.009rad track_err=0.0106m footprint=road:7.59px route=flat_right_mid_to_lower cmd_vel=(0.187,-0.685)
[gazebo_track_car-2] [WARN] [1780978413.653518842] [gazebo_track_car]: JITTER events=1 reasons=yaw_step_error=0.123rad pos=(+2.170,-1.737) step=0.0039/0.0185m yaw=0.014/0.137rad route=flat_right_mid_to_lower
[gazebo_track_car-2] [INFO] [1780978414.036381816] [gazebo_track_car]: route segment=flat_bottom_right_corner; previous=flat_right_mid_to_lower; distance=0.003m; decision=route/explore_branch visit=0: flat_bottom_right_corner
[gazebo_track_car-2] [WARN] [1780978414.676495756] [gazebo_track_car]: JITTER events=11 reasons=speed_delta=0.100m/s pos=(+2.017,-1.866) step=0.0036/0.0000m yaw=0.007/0.000rad route=flat_bottom_right_corner
[gazebo_track_car-2] [INFO] [1780978414.857365215] [gazebo_track_car]: MOTION pos=(+1.990,-1.884) yaw=-2.897 v=0.252 step_err=0.0201m/0.003rad track_err=0.0219m footprint=road:5.00px route=flat_bottom_right_corner cmd_vel=(0.262,-0.116)
[gazebo_track_car-2] [WARN] [1780978415.678471723] [gazebo_track_car]: JITTER events=9 reasons=yaw_rate_delta=0.512rad/s pos=(+1.863,-1.918) step=0.0026/0.0000m yaw=0.019/0.000rad route=flat_bottom_right_corner
[gazebo_track_car-2] [INFO] [1780978416.048822909] [gazebo_track_car]: route segment=flat_bottom_right_to_bottom_center; previous=flat_bottom_right_corner; distance=0.004m; decision=route/default: flat_bottom_right_to_bottom_center
[gazebo_track_car-2] [WARN] [1780978416.655836314] [gazebo_track_car]: JITTER events=23 reasons=cmd_xy_error=0.0502m pos=(+1.714,-1.899) step=0.0040/0.0197m yaw=0.014/0.000rad route=flat_bottom_right_to_bottom_center
[gazebo_track_car-2] [INFO] [1780978416.854519799] [gazebo_track_car]: MOTION pos=(+1.682,-1.896) yaw=+3.003 v=0.139 step_err=0.0130m/0.025rad track_err=0.0542m footprint=road:5.00px route=flat_bottom_right_to_bottom_center cmd_vel=(0.200,+0.642)
[gazebo_track_car-2] [INFO] [1780978417.037649368] [gazebo_track_car]: ROUTE_PROGRESS_SYNC actual=(+1.651,-1.886) cmd_error=0.060m route_dist=0.059m yaw_error=0.065rad segment=flat_bottom_right_to_bottom_center@0.165m->flat_bottom_right_to_bottom_center@0.153m
[gazebo_track_car-2] [WARN] [1780978417.657674421] [gazebo_track_car]: JITTER events=49 reasons=cmd_xy_error=0.0566m pos=(+1.573,-1.901) step=0.0028/0.0108m yaw=0.024/0.000rad route=flat_bottom_right_to_bottom_center
[gazebo_track_car-2] [INFO] [1780978418.138398547] [gazebo_track_car]: ROUTE_PROGRESS_SYNC actual=(+1.516,-1.884) cmd_error=0.062m route_dist=0.061m yaw_error=0.858rad segment=flat_bottom_right_to_bottom_center@0.299m->flat_bottom_right_to_bottom_center@0.288m
[gazebo_track_car-2] [WARN] [1780978418.677002930] [gazebo_track_car]: JITTER events=51 reasons=cmd_xy_error=0.1271m pos=(+1.512,-1.818) step=0.0021/0.0167m yaw=0.024/0.000rad route=flat_bottom_right_to_bottom_center
[gazebo_track_car-2] [INFO] [1780978418.877916368] [gazebo_track_car]: MOTION pos=(+1.492,-1.797) yaw=+3.123 v=0.147 step_err=0.0093m/0.023rad track_err=0.1481m footprint=road:7.00px route=flat_bottom_right_to_bottom_center cmd_vel=(0.147,+0.979)
[gazebo_track_car-2] [INFO] [1780978419.279413659] [gazebo_track_car]: ROUTE_PROGRESS_SYNC actual=(+1.430,-1.778) cmd_error=0.167m route_dist=0.167m yaw_error=0.410rad segment=flat_bottom_right_to_bottom_center@0.379m->flat_bottom_right_to_bottom_center@0.375m
[gazebo_track_car-2] [WARN] [1780978419.679587154] [gazebo_track_car]: JITTER events=50 reasons=yaw_step_error=0.049rad,cmd_xy_error=0.1389m pos=(+1.336,-1.806) step=0.0042/0.0237m yaw=0.049/0.000rad route=flat_bottom_right_to_bottom_center
[gazebo_track_car-2] [WARN] [1780978420.680680256] [gazebo_track_car]: JITTER events=50 reasons=yaw_step_error=0.050rad,cmd_xy_error=0.1194m pos=(+1.248,-1.828) step=0.0040/0.0000m yaw=0.050/0.000rad route=flat_bottom_right_to_bottom_center
[gazebo_track_car-2] [INFO] [1780978420.885355242] [gazebo_track_car]: MOTION pos=(+1.255,-1.837) yaw=-1.820 v=0.136 step_err=0.0021m/0.030rad track_err=0.1087m footprint=road:6.00px route=flat_bottom_right_to_bottom_center cmd_vel=(0.050,-1.603)
[gazebo_track_car-2] [INFO] [1780978420.984628961] [gazebo_track_car]: ROUTE_PROGRESS_SYNC actual=(+1.264,-1.846) cmd_error=0.100m route_dist=0.100m yaw_error=1.175rad segment=flat_bottom_right_to_bottom_center@0.546m->flat_bottom_right_to_bottom_center@0.540m
[gazebo_track_car-2] [WARN] [1780978421.702775202] [gazebo_track_car]: JITTER events=41 reasons=speed_delta=0.050m/s,yaw_rate_delta=0.489rad/s pos=(+1.252,-1.932) step=0.0034/0.0000m yaw=0.021/0.000rad route=flat_bottom_right_to_bottom_center
[gazebo_track_car-2] [WARN] [1780978422.102224875] [gazebo_track_car]: GAZEBO_FOOTPRINT_OFFROAD actual pose=(+1.2165,-1.9819) yaw=+2.6932 origin_pixel=(179.9,212.6) min_clearance=0.00px cmd_error=0.0387m/0.448rad
[gazebo_track_car-2] [WARN] [1780978422.803940416] [gazebo_track_car]: JITTER events=35 reasons=cmd_xy_error=0.0518m pos=(+1.146,-1.931) step=0.0037/0.0186m yaw=0.017/0.000rad route=flat_bottom_right_to_bottom_center
[gazebo_track_car-2] [INFO] [1780978422.884761205] [gazebo_track_car]: MOTION pos=(+1.131,-1.923) yaw=+2.937 v=0.201 step_err=0.0152m/0.013rad track_err=0.0592m footprint=road:4.00px route=flat_bottom_right_to_bottom_center cmd_vel=(0.202,+0.648)
[gazebo_track_car-2] [INFO] [1780978422.984757846] [gazebo_track_car]: ROUTE_PROGRESS_SYNC actual=(+1.113,-1.915) cmd_error=0.064m route_dist=0.031m yaw_error=0.144rad segment=flat_bottom_right_to_bottom_center@0.748m->flat_bottom_right_to_bottom_center@0.692m
[gazebo_track_car-2] [WARN] [1780978423.806493257] [gazebo_track_car]: JITTER events=29 reasons=yaw_step_error=0.052rad pos=(+1.021,-1.932) step=0.0042/0.0160m yaw=0.052/0.000rad route=flat_bottom_right_to_bottom_center
[gazebo_track_car-2] [INFO] [1780978424.104823701] [gazebo_track_car]: ROUTE_PROGRESS_SYNC actual=(+1.010,-1.925) cmd_error=0.063m route_dist=0.020m yaw_error=0.677rad segment=flat_bottom_right_to_bottom_center@0.854m->flat_bottom_right_to_bottom_center@0.794m
[gazebo_track_car-2] [WARN] [1780978424.799419601] [gazebo_track_car]: JITTER events=35 reasons=yaw_step_error=0.051rad pos=(+0.963,-1.923) step=0.0041/0.0052m yaw=0.051/0.000rad route=flat_bottom_right_to_bottom_center
[gazebo_track_car-2] [INFO] [1780978424.895776639] [gazebo_track_car]: MOTION pos=(+0.944,-1.932) yaw=+1.931 v=0.202 step_err=0.0011m/0.051rad track_err=0.0221m footprint=road:2.00px route=flat_bottom_right_to_bottom_center cmd_vel=(0.000,+2.800)
[gazebo_track_car-2] [WARN] [1780978425.804143482] [gazebo_track_car]: JITTER events=50 reasons=yaw_step_error=0.039rad,speed_delta=0.064m/s,yaw_rate_delta=0.503rad/s pos=(+0.957,-1.928) step=0.0022/0.0000m yaw=0.039/0.000rad route=flat_bottom_right_to_bottom_center
[gazebo_track_car-2] [WARN] [1780978426.822575444] [gazebo_track_car]: JITTER events=51 reasons=yaw_step_error=0.051rad pos=(+0.935,-1.924) step=0.0040/0.0000m yaw=0.051/0.000rad route=flat_bottom_right_to_bottom_center
[gazebo_track_car-2] [INFO] [1780978426.921984260] [gazebo_track_car]: MOTION pos=(+0.940,-1.918) yaw=+1.837 v=0.115 step_err=0.0020m/0.029rad track_err=0.0277m footprint=road:3.00px route=flat_bottom_right_to_bottom_center cmd_vel=(0.000,+2.800)
[gazebo_track_car-2] [INFO] [1780978427.826856184] [gazebo_track_car]: ROUTE_PROGRESS_SYNC actual=(+0.976,-1.898) cmd_error=0.062m route_dist=0.047m yaw_error=0.818rad segment=flat_bottom_right_to_bottom_center@0.869m->flat_bottom_right_to_bottom_center@0.828m
[gazebo_track_car-2] [WARN] [1780978427.827503120] [gazebo_track_car]: JITTER events=50 reasons=yaw_step_error=0.053rad pos=(+0.976,-1.898) step=0.0043/0.0403m yaw=0.053/0.000rad route=flat_bottom_right_to_bottom_center
[gazebo_track_car-2] [WARN] [1780978428.822784397] [gazebo_track_car]: JITTER events=50 reasons=yaw_step_error=0.053rad,cmd_xy_error=0.0527m pos=(+0.985,-1.901) step=0.0042/0.0000m yaw=0.053/0.000rad route=flat_bottom_right_to_bottom_center
[gazebo_track_car-2] [INFO] [1780978428.883047130] [gazebo_track_car]: ROUTE_PROGRESS_SYNC actual=(+0.991,-1.896) cmd_error=0.061m route_dist=0.050m yaw_error=0.752rad segment=flat_bottom_right_to_bottom_center@0.849m->flat_bottom_right_to_bottom_center@0.813m
[gazebo_track_car-2] [INFO] [1780978428.923707083] [gazebo_track_car]: MOTION pos=(+0.992,-1.895) yaw=+2.338 v=0.041 step_err=0.0043m/0.030rad track_err=0.0506m footprint=road:3.00px route=flat_bottom_right_to_bottom_center cmd_vel=(0.050,+1.478)
[gazebo_track_car-2] [WARN] [1780978429.935823364] [gazebo_track_car]: JITTER events=55 reasons=yaw_step_error=0.051rad pos=(+0.962,-1.914) step=0.0041/0.0000m yaw=0.051/0.000rad route=flat_bottom_right_to_bottom_center
[gazebo_track_car-2] [WARN] [1780978430.934039176] [gazebo_track_car]: JITTER events=50 reasons=yaw_step_error=0.026rad,speed_delta=0.043m/s,cmd_xy_error=0.0885m pos=(+0.903,-1.896) step=0.0021/0.0000m yaw=0.026/0.000rad route=flat_bottom_right_to_bottom_center
[gazebo_track_car-2] [INFO] [1780978431.034630223] [gazebo_track_car]: MOTION pos=(+0.906,-1.891) yaw=+1.213 v=0.146 step_err=0.0024m/0.040rad track_err=0.0888m footprint=road:4.00px route=flat_bottom_right_to_bottom_center cmd_vel=(0.000,+2.800)
[gazebo_track_car-2] [WARN] [1780978431.954759895] [gazebo_track_car]: JITTER events=51 reasons=yaw_step_error=0.028rad,cmd_xy_error=0.1282m pos=(+0.884,-1.857) step=0.0025/0.0000m yaw=0.028/0.000rad route=flat_bottom_right_to_bottom_center
[gazebo_track_car-2] [INFO] [1780978432.675181186] [gazebo_track_car]: ROUTE_PROGRESS_SYNC actual=(+0.962,-1.872) cmd_error=0.075m route_dist=0.074m yaw_error=1.194rad segment=flat_bottom_right_to_bottom_center@0.828m->flat_bottom_right_to_bottom_center@0.842m
[gazebo_track_car-2] [WARN] [1780978432.957354721] [gazebo_track_car]: JITTER events=50 reasons=yaw_step_error=0.029rad,cmd_xy_error=0.0998m pos=(+1.002,-1.846) step=0.0003/0.0392m yaw=0.029/0.000rad route=flat_bottom_right_to_bottom_center
[gazebo_track_car-2] [INFO] [1780978433.057004149] [gazebo_track_car]: MOTION pos=(+1.000,-1.844) yaw=+2.445 v=0.126 step_err=0.0028m/0.028rad track_err=0.1010m footprint=road:6.00px route=flat_bottom_right_to_bottom_center cmd_vel=(0.050,+1.614)
[gazebo_track_car-2] [INFO] [1780978433.859492988] [gazebo_track_car]: ROUTE_PROGRESS_SYNC actual=(+1.012,-1.813) cmd_error=0.134m route_dist=0.133m yaw_error=0.334rad segment=flat_bottom_right_to_bottom_center@0.811m->flat_bottom_right_to_bottom_center@0.792m
[gazebo_track_car-2] [WARN] [1780978433.958858664] [gazebo_track_car]: JITTER events=50 reasons=yaw_step_error=0.043rad,speed_delta=0.040m/s,cmd_xy_error=0.1305m pos=(+1.011,-1.815) step=0.0029/0.0052m yaw=0.043/0.000rad route=flat_bottom_right_to_bottom_center
[gazebo_track_car-2] [WARN] [1780978434.956993832] [gazebo_track_car]: JITTER events=50 reasons=cmd_xy_error=0.1256m pos=(+0.992,-1.820) step=0.0020/0.0051m yaw=0.024/0.000rad route=flat_bottom_right_to_bottom_center
[gazebo_track_car-2] [INFO] [1780978435.059203630] [gazebo_track_car]: ROUTE_PROGRESS_SYNC actual=(+0.990,-1.821) cmd_error=0.124m route_dist=0.124m yaw_error=0.563rad segment=flat_bottom_right_to_bottom_center@0.821m->flat_bottom_right_to_bottom_center@0.815m
[gazebo_track_car-2] [INFO] [1780978435.059721727] [gazebo_track_car]: MOTION pos=(+0.990,-1.821) yaw=+2.579 v=0.168 step_err=0.0015m/0.044rad track_err=0.1240m footprint=road:6.59px route=flat_bottom_right_to_bottom_center cmd_vel=(0.050,+1.402)
[gazebo_track_car-2] [WARN] [1780978435.968118157] [gazebo_track_car]: JITTER events=50 reasons=yaw_step_error=0.039rad,speed_delta=0.065m/s,cmd_xy_error=0.1113m pos=(+0.967,-1.834) step=0.0018/0.0006m yaw=0.039/0.000rad route=flat_bottom_right_to_bottom_center
[gazebo_track_car-2] [INFO] [1780978436.274555944] [gazebo_track_car]: ROUTE_PROGRESS_SYNC actual=(+0.974,-1.827) cmd_error=0.119m route_dist=0.118m yaw_error=0.724rad segment=flat_bottom_right_to_bottom_center@0.848m->flat_bottom_right_to_bottom_center@0.830m
[gazebo_track_car-2] [WARN] [1780978436.973702139] [gazebo_track_car]: JITTER events=50 reasons=yaw_step_error=0.030rad,speed_delta=0.032m/s,yaw_rate_delta=0.563rad/s,cmd_xy_error=0.1385m pos=(+0.990,-1.807) step=0.0014/0.0051m yaw=0.030/0.000rad route=flat_bottom_right_to_bottom_center
[gazebo_track_car-2] [INFO] [1780978437.073294710] [gazebo_track_car]: MOTION pos=(+0.981,-1.822) yaw=+2.468 v=0.201 step_err=0.0010m/0.051rad track_err=0.1232m footprint=road:6.59px route=flat_bottom_right_to_bottom_center cmd_vel=(0.050,+1.556)
[gazebo_track_car-2] [WARN] [1780978437.994825277] [gazebo_track_car]: JITTER events=51 reasons=yaw_step_error=0.030rad,speed_delta=0.065m/s,yaw_rate_delta=0.640rad/s,cmd_xy_error=0.1087m pos=(+0.921,-1.846) step=0.0022/0.0000m yaw=0.030/0.000rad route=flat_bottom_right_to_bottom_center
[gazebo_track_car-2] [INFO] [1780978438.216938702] [gazebo_track_car]: ROUTE_PROGRESS_SYNC actual=(+0.945,-1.842) cmd_error=0.106m route_dist=0.104m yaw_error=1.193rad segment=flat_bottom_right_to_bottom_center@0.839m->flat_bottom_right_to_bottom_center@0.859m
[gazebo_track_car-2] [WARN] [1780978439.000237079] [gazebo_track_car]: JITTER events=50 reasons=yaw_step_error=0.033rad,cmd_xy_error=0.1439m pos=(+0.975,-1.802) step=0.0027/0.0049m yaw=0.033/0.000rad route=flat_bottom_right_to_bottom_center
[gazebo_track_car-2] [INFO] [1780978439.098872923] [gazebo_track_car]: MOTION pos=(+0.974,-1.800) yaw=+2.598 v=0.146 step_err=0.0023m/0.041rad track_err=0.1451m footprint=road:6.39px route=flat_bottom_right_to_bottom_center cmd_vel=(0.050,+1.448)
[gazebo_track_car-2] [INFO] [1780978439.398196716] [gazebo_track_car]: ROUTE_PROGRESS_SYNC actual=(+0.964,-1.802) cmd_error=0.144m route_dist=0.144m yaw_error=0.616rad segment=flat_bottom_right_to_bottom_center@0.846m->flat_bottom_right_to_bottom_center@0.841m
[gazebo_track_car-2] [WARN] [1780978439.997394969] [gazebo_track_car]: JITTER events=50 reasons=yaw_step_error=0.051rad,cmd_xy_error=0.2058m pos=(+0.972,-1.740) step=0.0040/0.0116m yaw=0.051/0.000rad route=flat_bottom_right_to_bottom_center
[gazebo_track_car-2] [WARN] [1780978440.157036775] [gazebo_track_car]: GAZEBO_FOOTPRINT_OFFROAD actual pose=(+0.9624,-1.7084) yaw=-2.5958 origin_pixel=(169.1,200.9) min_clearance=0.00px cmd_error=0.2379m/0.546rad
[gazebo_track_car-2] [WARN] [1780978440.993210933] [gazebo_track_car]: JITTER events=50 reasons=yaw_step_error=0.053rad,cmd_xy_error=0.2401m pos=(+0.869,-1.710) step=0.0043/0.0000m yaw=0.053/0.000rad route=flat_bottom_right_to_bottom_center
[gazebo_track_car-2] [INFO] [1780978441.091651504] [gazebo_track_car]: MOTION pos=(+0.876,-1.709) yaw=-1.654 v=0.076 step_err=0.0030m/0.016rad track_err=0.2426m footprint=road:2.20px route=flat_bottom_right_to_bottom_center cmd_vel=(0.050,-1.395)
[gazebo_track_car-2] [WARN] [1780978442.013186154] [gazebo_track_car]: JITTER events=51 reasons=cmd_xy_error=0.2204m pos=(+0.884,-1.745) step=0.0021/0.0050m yaw=0.019/0.000rad route=flat_bottom_right_to_bottom_center
[gazebo_track_car-2] [INFO] [1780978442.908261647] [gazebo_track_car]: ROUTE_PROGRESS_SYNC actual=(+0.890,-1.786) cmd_error=0.214m route_dist=0.159m yaw_error=1.199rad segment=flat_bottom_right_to_bottom_center@1.057m->flat_bottom_right_to_bottom_center@0.914m
[gazebo_track_car-2] [WARN] [1780978443.009455516] [gazebo_track_car]: JITTER events=50 reasons=yaw_step_error=0.041rad,speed_delta=0.036m/s,yaw_rate_delta=0.400rad/s,cmd_xy_error=0.1546m pos=(+0.887,-1.791) step=0.0026/0.0050m yaw=0.041/0.000rad route=flat_bottom_right_to_bottom_center
[gazebo_track_car-2] [INFO] [1780978443.113320375] [gazebo_track_car]: MOTION pos=(+0.867,-1.786) yaw=-1.596 v=0.202 step_err=0.0008m/0.050rad track_err=0.1594m footprint=road:5.39px route=flat_bottom_right_to_bottom_center cmd_vel=(0.050,-1.607)
[gazebo_track_car-2] [WARN] [1780978444.010210690] [gazebo_track_car]: JITTER events=50 reasons=yaw_step_error=0.030rad,cmd_xy_error=0.1459m pos=(+0.815,-1.813) step=0.0026/0.0000m yaw=0.030/0.000rad route=flat_bottom_right_to_bottom_center
[gazebo_track_car-2] [WARN] [1780978445.011109503] [gazebo_track_car]: JITTER events=50 reasons=yaw_step_error=0.053rad,cmd_xy_error=0.1455m pos=(+0.821,-1.810) step=0.0042/0.0000m yaw=0.053/0.000rad route=flat_bottom_right_to_bottom_center
[gazebo_track_car-2] [INFO] [1780978445.110231845] [gazebo_track_car]: MOTION pos=(+0.812,-1.820) yaw=-0.914 v=0.130 step_err=0.0026m/0.031rad track_err=0.1402m footprint=road:6.00px route=flat_bottom_right_to_bottom_center cmd_vel=(0.000,-2.800)
[gazebo_track_car-2] [WARN] [1780978446.121827136] [gazebo_track_car]: JITTER events=55 reasons=yaw_step_error=0.051rad,cmd_xy_error=0.1198m pos=(+0.825,-1.837) step=0.0041/0.0000m yaw=0.051/0.000rad route=flat_bottom_right_to_bottom_center
[gazebo_track_car-2] [WARN] [1780978447.125799200] [gazebo_track_car]: JITTER events=50 reasons=yaw_step_error=0.028rad,speed_delta=0.056m/s,yaw_rate_delta=0.620rad/s,cmd_xy_error=0.1087m pos=(+0.871,-1.837) step=0.0022/0.0000m yaw=0.028/0.000rad route=flat_bottom_right_to_bottom_center
[gazebo_track_car-2] [INFO] [1780978447.228330881] [gazebo_track_car]: MOTION pos=(+0.871,-1.837) yaw=-1.537 v=0.133 step_err=0.0022m/0.027rad track_err=0.1082m footprint=road:6.00px route=flat_bottom_right_to_bottom_center cmd_vel=(0.000,-2.800)
[gazebo_track_car-2] [INFO] [1780978447.505805548] [gazebo_track_car]: ROUTE_PROGRESS_SYNC actual=(+0.905,-1.847) cmd_error=0.106m route_dist=0.099m yaw_error=1.157rad segment=flat_bottom_right_to_bottom_center@0.939m->flat_bottom_right_to_bottom_center@0.899m
[gazebo_track_car-2] [WARN] [1780978448.127588533] [gazebo_track_car]: JITTER events=50 reasons=cmd_xy_error=0.0547m pos=(+0.916,-1.891) step=0.0022/0.0051m yaw=0.022/0.000rad route=flat_bottom_right_to_bottom_center
[gazebo_track_car-2] [WARN] [1780978449.147925866] [gazebo_track_car]: JITTER events=38 reasons=speed_delta=0.063m/s pos=(+0.863,-1.906) step=0.0010/0.0036m yaw=0.019/0.000rad route=flat_bottom_right_to_bottom_center
[gazebo_track_car-2] [INFO] [1780978449.348376855] [gazebo_track_car]: MOTION pos=(+0.867,-1.918) yaw=-2.039 v=0.140 step_err=0.0026m/0.040rad track_err=0.0495m footprint=road:2.00px route=flat_bottom_right_to_bottom_center cmd_vel=(0.050,-1.546)
[gazebo_track_car-2] [INFO] [1780978449.748778587] [gazebo_track_car]: ROUTE_PROGRESS_SYNC actual=(+0.877,-1.923) cmd_error=0.061m route_dist=0.022m yaw_error=0.907rad segment=flat_bottom_right_to_bottom_center@0.984m->flat_bottom_right_to_bottom_center@0.928m
[gazebo_track_car-2] [WARN] [1780978450.250384944] [gazebo_track_car]: JITTER events=40 reasons=yaw_step_error=0.054rad pos=(+0.875,-1.991) step=0.0044/0.0301m yaw=0.054/0.000rad route=flat_bottom_right_to_bottom_center
[gazebo_track_car-2] [WARN] [1780978450.691607224] [gazebo_track_car]: GAZEBO_FOOTPRINT_OFFROAD actual pose=(+0.7919,-2.0133) yaw=+3.0099 origin_pixel=(161.8,213.9) min_clearance=0.00px cmd_error=0.0683m/0.132rad
[gazebo_track_car-2] [INFO] [1780978450.839577610] [gazebo_track_car]: ROUTE_PROGRESS_SYNC actual=(+0.773,-2.028) cmd_error=0.085m route_dist=0.083m yaw_error=0.380rad segment=flat_bottom_right_to_bottom_center@1.048m->flat_bottom_right_to_bottom_center@1.031m
[gazebo_track_car-2] [WARN] [1780978451.353845055] [gazebo_track_car]: JITTER events=55 reasons=yaw_step_error=0.052rad,cmd_xy_error=0.0754m pos=(+0.680,-2.020) step=0.0041/0.0220m yaw=0.052/0.000rad route=flat_bottom_right_to_bottom_center
[gazebo_track_car-2] [INFO] [1780978451.354318077] [gazebo_track_car]: MOTION pos=(+0.680,-2.020) yaw=+2.481 v=0.202 step_err=0.0178m/0.052rad track_err=0.0754m footprint=OFFROAD:0.00px route=flat_bottom_right_to_bottom_center cmd_vel=(0.160,+0.897)
[gazebo_track_car-2] [WARN] [1780978451.649999069] [gazebo_track_car]: GAZEBO_FOOTPRINT_OFFROAD actual pose=(+0.6596,-2.0260) yaw=+2.2990 origin_pixel=(156.1,214.4) min_clearance=0.00px cmd_error=0.0812m/0.843rad
[gazebo_track_car-2] [INFO] [1780978451.853173980] [gazebo_track_car]: ROUTE_PROGRESS_SYNC actual=(+0.654,-2.011) cmd_error=0.070m route_dist=0.065m yaw_error=0.834rad segment=flat_bottom_right_to_bottom_center@1.176m->flat_bottom_right_to_bottom_center@1.151m
[gazebo_track_car-2] [WARN] [1780978452.354021023] [gazebo_track_car]: JITTER events=46 reasons=cmd_xy_error=0.0509m pos=(+0.632,-1.983) step=0.0027/0.0113m yaw=0.021/0.000rad route=flat_bottom_right_to_bottom_center
[gazebo_track_car-2] [WARN] [1780978452.757753492] [gazebo_track_car]: GAZEBO_FOOTPRINT_OFFROAD actual pose=(+0.5695,-1.9995) yaw=+1.5215 origin_pixel=(152.3,213.3) min_clearance=0.00px cmd_error=0.0546m/1.620rad
[gazebo_track_car-2] [INFO] [1780978453.151634982] [gazebo_track_car]: ROUTE_PROGRESS_SYNC actual=(+0.614,-1.987) cmd_error=0.060m route_dist=0.042m yaw_error=0.988rad segment=flat_bottom_right_to_bottom_center@1.234m->flat_bottom_right_to_bottom_center@1.190m
[gazebo_track_car-2] [WARN] [1780978453.373010223] [gazebo_track_car]: JITTER events=51 reasons=yaw_step_error=0.042rad,speed_delta=0.062m/s pos=(+0.619,-1.973) step=0.0025/0.0051m yaw=0.042/0.000rad route=flat_bottom_right_to_bottom_center
[gazebo_track_car-2] [INFO] [1780978453.373296813] [gazebo_track_car]: MOTION pos=(+0.619,-1.973) yaw=+2.217 v=0.152 step_err=0.0027m/0.042rad track_err=0.0312m footprint=OFFROAD:0.00px route=flat_bottom_right_to_bottom_center cmd_vel=(0.050,+1.285)
[gazebo_track_car-2] [INFO] [1780978454.262421515] [gazebo_track_car]: ROUTE_PROGRESS_SYNC actual=(+0.601,-1.931) cmd_error=0.061m route_dist=0.014m yaw_error=0.688rad segment=flat_bottom_right_to_bottom_center@1.263m->flat_bottom_right_to_bottom_center@1.204m
[gazebo_track_car-2] [WARN] [1780978454.464088575] [gazebo_track_car]: JITTER events=43 reasons=yaw_step_error=0.051rad pos=(+0.581,-1.943) step=0.0041/0.0050m yaw=0.051/0.000rad route=flat_bottom_right_to_bottom_center
[gazebo_track_car-2] [WARN] [1780978455.464932584] [gazebo_track_car]: JITTER events=50 reasons=yaw_step_error=0.055rad,cmd_xy_error=0.0611m pos=(+0.525,-1.949) step=0.0044/0.0000m yaw=0.055/0.000rad route=flat_bottom_right_to_bottom_center
[gazebo_track_car-2] [INFO] [1780978455.465236126] [gazebo_track_car]: MOTION pos=(+0.525,-1.949) yaw=+1.456 v=0.210 step_err=0.0044m/0.055rad track_err=0.0611m footprint=road:2.00px route=flat_bottom_right_to_bottom_center cmd_vel=(0.000,+2.800)
[gazebo_track_car-2] [WARN] [1780978456.484033456] [gazebo_track_car]: JITTER events=43 reasons=speed_delta=0.038m/s,cmd_xy_error=0.0564m pos=(+0.576,-1.903) step=0.0018/0.0051m yaw=0.022/0.000rad route=flat_bottom_right_to_bottom_center
[gazebo_track_car-2] [INFO] [1780978456.525629487] [gazebo_track_car]: ROUTE_PROGRESS_SYNC actual=(+0.577,-1.899) cmd_error=0.060m route_dist=0.047m yaw_error=0.638rad segment=flat_bottom_right_to_bottom_center@1.266m->flat_bottom_right_to_bottom_center@1.228m
[gazebo_track_car-2] [INFO] [1780978457.488325590] [gazebo_track_car]: MOTION pos=(+0.543,-1.894) yaw=+2.079 v=0.202 step_err=0.0008m/0.051rad track_err=0.0518m footprint=road:3.00px route=flat_bottom_right_to_bottom_center cmd_vel=(0.000,+2.800)
[gazebo_track_car-2] [WARN] [1780978457.584011720] [gazebo_track_car]: JITTER events=54 reasons=yaw_step_error=0.056rad,cmd_xy_error=0.0525m pos=(+0.523,-1.901) step=0.0045/0.0000m yaw=0.056/0.000rad route=flat_bottom_right_to_bottom_center
[gazebo_track_car-2] [WARN] [1780978458.589022378] [gazebo_track_car]: JITTER events=50 reasons=yaw_step_error=0.040rad,speed_delta=0.073m/s,cmd_xy_error=0.1213m pos=(+0.458,-1.868) step=0.0021/0.0000m yaw=0.040/0.000rad route=flat_bottom_right_to_bottom_center
[gazebo_track_car-2] [INFO] [1780978458.988270050] [gazebo_track_car]: ROUTE_PROGRESS_SYNC actual=(+0.535,-1.878) cmd_error=0.069m route_dist=0.067m yaw_error=1.167rad segment=flat_bottom_right_to_bottom_center@1.253m->flat_bottom_right_to_bottom_center@1.269m
[gazebo_track_car-2] [INFO] [1780978459.487630829] [gazebo_track_car]: MOTION pos=(+0.516,-1.874) yaw=+1.682 v=0.213 step_err=0.0042m/0.053rad track_err=0.0740m footprint=road:5.00px route=flat_bottom_right_to_bottom_center cmd_vel=(0.000,+2.800)
[gazebo_track_car-2] [WARN] [1780978459.587804444] [gazebo_track_car]: JITTER events=50 reasons=speed_delta=0.064m/s,yaw_rate_delta=0.606rad/s,cmd_xy_error=0.0741m pos=(+0.524,-1.872) step=0.0011/0.0000m yaw=0.018/0.000rad route=flat_bottom_right_to_bottom_center
[gazebo_track_car-2] [WARN] [1780978460.693780712] [gazebo_track_car]: JITTER events=55 reasons=yaw_step_error=0.050rad,cmd_xy_error=0.1024m pos=(+0.495,-1.851) step=0.0040/0.0000m yaw=0.050/0.000rad route=flat_bottom_right_to_bottom_center
[gazebo_track_car-2] [INFO] [1780978460.910782645] [gazebo_track_car]: ROUTE_PROGRESS_SYNC actual=(+0.539,-1.847) cmd_error=0.099m route_dist=0.098m yaw_error=1.175rad segment=flat_bottom_right_to_bottom_center@1.269m->flat_bottom_right_to_bottom_center@1.266m
[gazebo_track_car-2] [INFO] [1780978461.515269146] [gazebo_track_car]: MOTION pos=(+0.583,-1.810) yaw=+2.561 v=0.126 step_err=0.0213m/0.028rad track_err=0.1356m footprint=road:7.00px route=flat_bottom_right_to_bottom_center cmd_vel=(0.050,+1.521)
[gazebo_track_car-2] [WARN] [1780978461.710057277] [gazebo_track_car]: JITTER events=51 reasons=yaw_step_error=0.027rad,cmd_xy_error=0.1602m pos=(+0.584,-1.786) step=0.0023/0.0052m yaw=0.027/0.000rad route=flat_bottom_right_to_bottom_center
[gazebo_track_car-2] [INFO] [1780978462.300149483] [gazebo_track_car]: route segment=flat_bottom_center_to_bottom_left; previous=flat_bottom_right_to_bottom_center; distance=0.014m; decision=route/explore_branch visit=0: flat_bottom_center_to_bottom_left
[gazebo_track_car-2] [INFO] [1780978462.392673389] [gazebo_track_car]: ROUTE_PROGRESS_SYNC actual=(+0.500,-1.747) cmd_error=0.198m route_dist=0.198m yaw_error=0.482rad segment=flat_bottom_center_to_bottom_left@0.014m->flat_bottom_center_to_bottom_left@0.016m
[gazebo_track_car-2] [WARN] [1780978462.717367996] [gazebo_track_car]: JITTER events=50 reasons=yaw_step_error=0.051rad,cmd_xy_error=0.2060m pos=(+0.443,-1.739) step=0.0041/0.0226m yaw=0.051/0.000rad route=flat_bottom_center_to_bottom_left
[gazebo_track_car-2] [INFO] [1780978463.512523764] [gazebo_track_car]: MOTION pos=(+0.389,-1.770) yaw=-1.800 v=0.120 step_err=0.0027m/0.027rad track_err=0.1752m footprint=road:9.00px route=flat_bottom_center_to_bottom_left cmd_vel=(0.050,-1.367)
[gazebo_track_car-2] [WARN] [1780978463.716221576] [gazebo_track_car]: JITTER events=50 reasons=yaw_step_error=0.041rad,speed_delta=0.042m/s,cmd_xy_error=0.1640m pos=(+0.393,-1.783) step=0.0027/0.0050m yaw=0.041/0.000rad route=flat_bottom_center_to_bottom_left
[gazebo_track_car-2] [INFO] [1780978464.456319748] [gazebo_track_car]: ROUTE_PROGRESS_SYNC actual=(+0.399,-1.812) cmd_error=0.147m route_dist=0.133m yaw_error=1.182rad segment=flat_bottom_center_to_bottom_left@0.178m->flat_bottom_center_to_bottom_left@0.117m
[gazebo_track_car-2] [WARN] [1780978464.736214405] [gazebo_track_car]: JITTER events=51 reasons=cmd_xy_error=0.1012m pos=(+0.410,-1.844) step=0.0031/0.0214m yaw=0.025/0.000rad route=flat_bottom_center_to_bottom_left
[gazebo_track_car-2] [INFO] [1780978465.535175886] [gazebo_track_car]: MOTION pos=(+0.324,-1.854) yaw=-1.477 v=0.203 step_err=0.0010m/0.051rad track_err=0.0958m footprint=road:5.00px route=flat_bottom_center_to_bottom_left cmd_vel=(0.000,-2.800)
[gazebo_track_car-2] [WARN] [1780978465.740105913] [gazebo_track_car]: JITTER events=50 reasons=yaw_step_error=0.057rad,speed_delta=0.040m/s,yaw_rate_delta=0.481rad/s,cmd_xy_error=0.0862m pos=(+0.339,-1.860) step=0.0046/0.0000m yaw=0.057/0.000rad route=flat_bottom_center_to_bottom_left
[gazebo_track_car-2] [INFO] [1780978465.840590531] [gazebo_track_car]: ROUTE_PROGRESS_SYNC actual=(+0.358,-1.865) cmd_error=0.080m route_dist=0.080m yaw_error=1.198rad segment=flat_bottom_center_to_bottom_left@0.162m->flat_bottom_center_to_bottom_left@0.157m
[gazebo_track_car-2] [WARN] [1780978466.841754843] [gazebo_track_car]: JITTER events=55 reasons=yaw_step_error=0.050rad,cmd_xy_error=0.0677m pos=(+0.334,-1.883) step=0.0040/0.0000m yaw=0.050/0.000rad route=flat_bottom_center_to_bottom_left
[gazebo_track_car-2] [INFO] [1780978467.538129382] [gazebo_track_car]: MOTION pos=(+0.296,-1.902) yaw=-1.153 v=0.207 step_err=0.0041m/0.051rad track_err=0.0662m footprint=road:2.00px route=flat_bottom_center_to_bottom_left cmd_vel=(0.000,-2.800)
[gazebo_track_car-2] [WARN] [1780978467.838523785] [gazebo_track_car]: JITTER events=50 reasons=speed_delta=0.040m/s,yaw_rate_delta=0.688rad/s,cmd_xy_error=0.0580m pos=(+0.312,-1.898) step=0.0021/0.0000m yaw=0.021/0.000rad route=flat_bottom_center_to_bottom_left
[gazebo_track_car-2] [WARN] [1780978468.841990163] [gazebo_track_car]: JITTER events=50 reasons=yaw_step_error=0.054rad pos=(+0.353,-1.916) step=0.0043/0.0050m yaw=0.054/0.000rad route=flat_bottom_center_to_bottom_left
[gazebo_track_car-2] [INFO] [1780978469.545357735] [gazebo_track_car]: MOTION pos=(+0.304,-1.917) yaw=-1.310 v=0.086 step_err=0.0013m/0.023rad track_err=0.0430m footprint=road:2.00px route=flat_bottom_center_to_bottom_left cmd_vel=(0.000,-2.800)
[gazebo_track_car-2] [WARN] [1780978469.845178443] [gazebo_track_car]: JITTER events=50 reasons=yaw_step_error=0.028rad,speed_delta=0.035m/s,yaw_rate_delta=0.515rad/s pos=(+0.347,-1.925) step=0.0021/0.0000m yaw=0.028/0.000rad route=flat_bottom_center_to_bottom_left
[gazebo_track_car-2] [WARN] [1780978470.865722220] [gazebo_track_car]: JITTER events=50 reasons=yaw_step_error=0.032rad,speed_delta=0.066m/s,yaw_rate_delta=0.656rad/s pos=(+0.348,-1.924) step=0.0022/0.0000m yaw=0.032/0.000rad route=flat_bottom_center_to_bottom_left
[gazebo_track_car-2] [WARN] [1780978471.468964735] [gazebo_track_car]: GAZEBO_FOOTPRINT_OFFROAD actual pose=(+0.3906,-1.9502) yaw=-2.4259 origin_pixel=(144.7,211.2) min_clearance=0.00px cmd_error=0.0593m/0.716rad
[gazebo_track_car-2] [INFO] [1780978471.509713326] [gazebo_track_car]: ROUTE_PROGRESS_SYNC actual=(+0.391,-1.954) cmd_error=0.060m route_dist=0.009m yaw_error=0.711rad segment=flat_bottom_center_to_bottom_left@0.184m->flat_bottom_center_to_bottom_left@0.125m
[gazebo_track_car-2] [INFO] [1780978471.568199511] [gazebo_track_car]: MOTION pos=(+0.389,-1.952) yaw=-2.331 v=0.147 step_err=0.0028m/0.041rad track_err=0.0069m footprint=OFFROAD:0.00px route=flat_bottom_center_to_bottom_left cmd_vel=(0.050,-1.278)
[gazebo_track_car-2] [WARN] [1780978471.866237337] [gazebo_track_car]: JITTER events=50 reasons=yaw_step_error=0.025rad,speed_delta=0.059m/s,yaw_rate_delta=0.700rad/s pos=(+0.349,-1.927) step=0.0019/0.0000m yaw=0.025/0.000rad route=flat_bottom_center_to_bottom_left
[gazebo_track_car-2] [WARN] [1780978472.647709551] [gazebo_track_car]: GAZEBO_FOOTPRINT_OFFROAD actual pose=(+0.2937,-1.9464) yaw=-1.0252 origin_pixel=(140.5,211.0) min_clearance=0.00px cmd_error=0.0817m/2.116rad
[gazebo_track_car-2] [WARN] [1780978472.866671805] [gazebo_track_car]: JITTER events=50 reasons=yaw_step_error=0.029rad,cmd_xy_error=0.1102m pos=(+0.268,-1.968) step=0.0003/0.0000m yaw=0.029/0.000rad route=flat_bottom_center_to_bottom_left
[gazebo_track_car-2] [WARN] [1780978473.568625968] [gazebo_track_car]: GAZEBO_FOOTPRINT_OFFROAD actual pose=(+0.2756,-1.9710) yaw=-0.7663 origin_pixel=(139.8,212.1) min_clearance=0.00px cmd_error=0.1030m/2.375rad
[gazebo_track_car-2] [INFO] [1780978473.568968854] [gazebo_track_car]: MOTION pos=(+0.276,-1.971) yaw=-0.766 v=0.147 step_err=0.0023m/0.041rad track_err=0.1030m footprint=OFFROAD:0.00px route=flat_bottom_center_to_bottom_left cmd_vel=(0.000,-2.800)
[gazebo_track_car-2] [WARN] [1780978473.886174709] [gazebo_track_car]: JITTER events=51 reasons=yaw_step_error=0.038rad,speed_delta=0.045m/s,yaw_rate_delta=0.406rad/s,cmd_xy_error=0.0752m pos=(+0.300,-1.950) step=0.0022/0.0000m yaw=0.038/0.000rad route=flat_bottom_center_to_bottom_left
[gazebo_track_car-2] [WARN] [1780978474.584770059] [gazebo_track_car]: GAZEBO_FOOTPRINT_OFFROAD actual pose=(+0.3918,-1.9664) yaw=-2.3755 origin_pixel=(144.7,211.9) min_clearance=0.00px cmd_error=0.0267m/0.766rad
[gazebo_track_car-2] [WARN] [1780978474.890353582] [gazebo_track_car]: JITTER events=50 reasons=yaw_step_error=0.052rad pos=(+0.370,-1.953) step=0.0042/0.0050m yaw=0.052/0.000rad route=flat_bottom_center_to_bottom_left
[gazebo_track_car-2] [WARN] [1780978475.590034931] [gazebo_track_car]: GAZEBO_FOOTPRINT_OFFROAD actual pose=(+0.3977,-1.9834) yaw=-2.2806 origin_pixel=(145.0,212.6) min_clearance=0.00px cmd_error=0.0534m/0.861rad
[gazebo_track_car-2] [INFO] [1780978475.590353352] [gazebo_track_car]: MOTION pos=(+0.398,-1.983) yaw=-2.281 v=0.202 step_err=0.0040m/0.051rad track_err=0.0534m footprint=OFFROAD:0.00px route=flat_bottom_center_to_bottom_left cmd_vel=(0.050,-1.585)
[gazebo_track_car-2] [INFO] [1780978475.649060696] [gazebo_track_car]: ROUTE_PROGRESS_SYNC actual=(+0.402,-1.992) cmd_error=0.062m route_dist=0.046m yaw_error=0.757rad segment=flat_bottom_center_to_bottom_left@0.155m->flat_bottom_center_to_bottom_left@0.114m
[gazebo_track_car-2] [WARN] [1780978475.893537645] [gazebo_track_car]: JITTER events=50 reasons=yaw_step_error=0.043rad,speed_delta=0.060m/s,cmd_xy_error=0.0620m pos=(+0.404,-2.007) step=0.0027/0.0120m yaw=0.043/0.000rad route=flat_bottom_center_to_bottom_left
[gazebo_track_car-2] [WARN] [1780978476.592067968] [gazebo_track_car]: GAZEBO_FOOTPRINT_OFFROAD actual pose=(+0.3994,-2.0217) yaw=-2.5070 origin_pixel=(145.0,214.3) min_clearance=0.00px cmd_error=0.0764m/0.635rad
[gazebo_track_car-2] [INFO] [1780978476.792618232] [gazebo_track_car]: ROUTE_PROGRESS_SYNC actual=(+0.395,-2.033) cmd_error=0.089m route_dist=0.088m yaw_error=0.495rad segment=flat_bottom_center_to_bottom_left@0.129m->flat_bottom_center_to_bottom_left@0.120m
[gazebo_track_car-2] [WARN] [1780978476.892713805] [gazebo_track_car]: JITTER events=49 reasons=yaw_step_error=0.043rad,speed_delta=0.053m/s,cmd_xy_error=0.0870m pos=(+0.393,-2.032) step=0.0027/0.0052m yaw=0.043/0.000rad route=flat_bottom_center_to_bottom_left
[gazebo_track_car-2] [WARN] [1780978477.697760366] [gazebo_track_car]: GAZEBO_FOOTPRINT_OFFROAD actual pose=(+0.3538,-2.1400) yaw=+2.3605 origin_pixel=(143.1,219.3) min_clearance=0.00px cmd_error=0.1947m/0.781rad
[gazebo_track_car-2] [INFO] [1780978477.698051715] [gazebo_track_car]: MOTION pos=(+0.354,-2.140) yaw=+2.361 v=0.202 step_err=0.0081m/0.051rad track_err=0.1947m footprint=OFFROAD:0.00px route=flat_bottom_center_to_bottom_left cmd_vel=(0.213,+0.566)
[gazebo_track_car-2] [WARN] [1780978477.896909877] [gazebo_track_car]: JITTER events=50 reasons=yaw_step_error=0.050rad,cmd_xy_error=0.2149m pos=(+0.319,-2.160) step=0.0041/0.0174m yaw=0.050/0.000rad route=flat_bottom_center_to_bottom_left
[gazebo_track_car-2] [WARN] [1780978478.706666711] [gazebo_track_car]: GAZEBO_FOOTPRINT_OFFROAD actual pose=(+0.3153,-2.1382) yaw=+1.8670 origin_pixel=(141.5,219.2) min_clearance=0.00px cmd_error=0.1964m/1.275rad
[gazebo_track_car-2] [WARN] [1780978478.912108403] [gazebo_track_car]: JITTER events=51 reasons=speed_delta=0.046m/s,cmd_xy_error=0.1895m pos=(+0.308,-2.131) step=0.0017/0.0048m yaw=0.020/0.000rad route=flat_bottom_center_to_bottom_left
[gazebo_track_car-2] [WARN] [1780978479.716151924] [gazebo_track_car]: GAZEBO_FOOTPRINT_OFFROAD actual pose=(+0.2586,-2.0825) yaw=+1.0756 origin_pixel=(139.0,216.9) min_clearance=0.00px cmd_error=0.1373m/2.066rad
[gazebo_track_car-2] [INFO] [1780978479.716550155] [gazebo_track_car]: MOTION pos=(+0.259,-2.082) yaw=+1.076 v=0.170 step_err=0.0027m/0.044rad track_err=0.1373m footprint=OFFROAD:0.00px route=flat_bottom_center_to_bottom_left cmd_vel=(0.000,+2.800)
[gazebo_track_car-2] [WARN] [1780978479.911029636] [gazebo_track_car]: JITTER events=50 reasons=yaw_step_error=0.045rad,speed_delta=0.060m/s,cmd_xy_error=0.1372m pos=(+0.269,-2.082) step=0.0031/0.0000m yaw=0.045/0.000rad route=flat_bottom_center_to_bottom_left
[gazebo_track_car-2] [WARN] [1780978480.710892396] [gazebo_track_car]: GAZEBO_FOOTPRINT_OFFROAD actual pose=(+0.3139,-2.0756) yaw=+1.8379 origin_pixel=(141.4,216.6) min_clearance=0.00px cmd_error=0.1439m/1.304rad
[gazebo_track_car-2] [INFO] [1780978480.770595415] [gazebo_track_car]: ROUTE_PROGRESS_SYNC actual=(+0.322,-2.071) cmd_error=0.143m route_dist=0.126m yaw_error=1.194rad segment=flat_bottom_center_to_bottom_left@0.263m->flat_bottom_center_to_bottom_left@0.194m
[gazebo_track_car-2] [WARN] [1780978480.916932647] [gazebo_track_car]: JITTER events=50 reasons=cmd_xy_error=0.1155m pos=(+0.332,-2.059) step=0.0021/0.0047m yaw=0.024/0.000rad route=flat_bottom_center_to_bottom_left
[gazebo_track_car-2] [INFO] [1780978481.717384614] [gazebo_track_car]: MOTION pos=(+0.320,-2.032) yaw=+2.042 v=0.121 step_err=0.0027m/0.028rad track_err=0.0871m footprint=OFFROAD:0.00px route=flat_bottom_center_to_bottom_left cmd_vel=(0.050,+1.375)
[gazebo_track_car-2] [WARN] [1780978481.831766728] [gazebo_track_car]: GAZEBO_FOOTPRINT_OFFROAD actual pose=(+0.3126,-2.0277) yaw=+1.9034 origin_pixel=(141.3,214.5) min_clearance=0.00px cmd_error=0.0828m/1.238rad
[gazebo_track_car-2] [WARN] [1780978481.932941900] [gazebo_track_car]: JITTER events=51 reasons=yaw_step_error=0.051rad,cmd_xy_error=0.0861m pos=(+0.292,-2.031) step=0.0041/0.0049m yaw=0.051/0.000rad route=flat_bottom_center_to_bottom_left
[gazebo_track_car-2] [INFO] [1780978482.372912820] [gazebo_track_car]: ROUTE_PROGRESS_SYNC actual=(+0.312,-2.024) cmd_error=0.080m route_dist=0.079m yaw_error=1.196rad segment=flat_bottom_center_to_bottom_left@0.216m->flat_bottom_center_to_bottom_left@0.203m
[gazebo_track_car-2] [WARN] [1780978482.834731091] [gazebo_track_car]: GAZEBO_FOOTPRINT_OFFROAD actual pose=(+0.2798,-2.0224) yaw=+1.4669 origin_pixel=(139.9,214.3) min_clearance=0.00px cmd_error=0.0802m/1.675rad
[gazebo_track_car-2] [WARN] [1780978482.934209023] [gazebo_track_car]: JITTER events=50 reasons=yaw_step_error=0.035rad,speed_delta=0.056m/s,yaw_rate_delta=0.690rad/s,cmd_xy_error=0.0813m pos=(+0.278,-2.023) step=0.0026/0.0000m yaw=0.035/0.000rad route=flat_bottom_center_to_bottom_left
[gazebo_track_car-2] [INFO] [1780978483.521946163] [gazebo_track_car]: ROUTE_PROGRESS_SYNC actual=(+0.332,-1.998) cmd_error=0.061m route_dist=0.052m yaw_error=0.947rad segment=flat_bottom_center_to_bottom_left@0.215m->flat_bottom_center_to_bottom_left@0.183m
[gazebo_track_car-2] [INFO] [1780978483.724239758] [gazebo_track_car]: MOTION pos=(+0.331,-1.991) yaw=+2.260 v=0.113 step_err=0.0028m/0.026rad track_err=0.0466m footprint=OFFROAD:0.00px route=flat_bottom_center_to_bottom_left cmd_vel=(0.050,+1.225)
[gazebo_track_car-2] [WARN] [1780978483.926331261] [gazebo_track_car]: GAZEBO_FOOTPRINT_OFFROAD actual pose=(+0.3236,-1.9893) yaw=+2.1562 origin_pixel=(141.8,212.9) min_clearance=0.00px cmd_error=0.0453m/0.985rad
[gazebo_track_car-2] [WARN] [1780978484.024284396] [gazebo_track_car]: JITTER events=53 reasons=yaw_step_error=0.044rad,speed_delta=0.060m/s,yaw_rate_delta=0.436rad/s pos=(+0.319,-1.987) step=0.0028/0.0051m yaw=0.044/0.000rad route=flat_bottom_center_to_bottom_left
[gazebo_track_car-2] [WARN] [1780978485.040918684] [gazebo_track_car]: GAZEBO_FOOTPRINT_OFFROAD actual pose=(+0.3012,-1.9739) yaw=+1.8448 origin_pixel=(140.8,212.2) min_clearance=0.00px cmd_error=0.0299m/1.297rad
[gazebo_track_car-2] [WARN] [1780978485.041239479] [gazebo_track_car]: JITTER events=51 reasons=yaw_step_error=0.051rad pos=(+0.301,-1.974) step=0.0041/0.0000m yaw=0.051/0.000rad route=flat_bottom_center_to_bottom_left
[gazebo_track_car-2] [INFO] [1780978485.466545994] [gazebo_track_car]: ROUTE_PROGRESS_SYNC actual=(+0.337,-1.933) cmd_error=0.060m route_dist=0.012m yaw_error=0.603rad segment=flat_bottom_center_to_bottom_left@0.238m->flat_bottom_center_to_bottom_left@0.179m
[gazebo_track_car-2] [INFO] [1780978485.744797608] [gazebo_track_car]: MOTION pos=(+0.312,-1.953) yaw=+2.148 v=0.073 step_err=0.0027m/0.019rad track_err=0.0094m footprint=road:1.00px route=flat_bottom_center_to_bottom_left cmd_vel=(0.050,+1.578)
[gazebo_track_car-2] [WARN] [1780978486.045149293] [gazebo_track_car]: JITTER events=50 reasons=speed_delta=0.054m/s pos=(+0.312,-1.940) step=0.0019/0.0050m yaw=0.025/0.000rad route=flat_bottom_center_to_bottom_left
[gazebo_track_car-2] [WARN] [1780978487.049406016] [gazebo_track_car]: JITTER events=50 reasons=yaw_step_error=0.053rad pos=(+0.315,-1.924) step=0.0043/0.0000m yaw=0.053/0.000rad route=flat_bottom_center_to_bottom_left
[gazebo_track_car-2] [INFO] [1780978487.169910083] [gazebo_track_car]: ROUTE_PROGRESS_SYNC actual=(+0.321,-1.911) cmd_error=0.061m route_dist=0.034m yaw_error=0.624rad segment=flat_bottom_center_to_bottom_left@0.245m->flat_bottom_center_to_bottom_left@0.194m
[gazebo_track_car-2] [INFO] [1780978487.752276743] [gazebo_track_car]: MOTION pos=(+0.279,-1.940) yaw=+1.824 v=0.202 step_err=0.0040m/0.050rad track_err=0.0282m footprint=road:2.00px route=flat_bottom_center_to_bottom_left cmd_vel=(0.000,+2.800)
[gazebo_track_car-2] [WARN] [1780978488.048967460] [gazebo_track_car]: JITTER events=50 reasons=yaw_step_error=0.036rad,speed_delta=0.059m/s,yaw_rate_delta=0.572rad/s pos=(+0.285,-1.933) step=0.0024/0.0000m yaw=0.036/0.000rad route=flat_bottom_center_to_bottom_left
[gazebo_track_car-2] [WARN] [1780978489.052891749] [gazebo_track_car]: JITTER events=50 reasons=yaw_step_error=0.030rad pos=(+0.320,-1.914) step=0.0004/0.0050m yaw=0.030/0.000rad route=flat_bottom_center_to_bottom_left
[gazebo_track_car-2] [INFO] [1780978489.750852093] [gazebo_track_car]: MOTION pos=(+0.262,-1.920) yaw=+1.510 v=0.082 step_err=0.0011m/0.016rad track_err=0.0314m footprint=road:4.00px route=flat_bottom_center_to_bottom_left cmd_vel=(0.000,+2.800)
[gazebo_track_car-2] [WARN] [1780978490.054658514] [gazebo_track_car]: JITTER events=49 reasons=yaw_step_error=0.051rad pos=(+0.278,-1.915) step=0.0040/0.0000m yaw=0.051/0.000rad route=flat_bottom_center_to_bottom_left
[gazebo_track_car-2] [WARN] [1780978491.076207607] [gazebo_track_car]: JITTER events=51 reasons=yaw_step_error=0.051rad pos=(+0.279,-1.904) step=0.0040/0.0000m yaw=0.051/0.000rad route=flat_bottom_center_to_bottom_left
[gazebo_track_car-2] [INFO] [1780978491.779236660] [gazebo_track_car]: MOTION pos=(+0.286,-1.894) yaw=+1.726 v=0.112 step_err=0.0016m/0.022rad track_err=0.0511m footprint=road:4.00px route=flat_bottom_center_to_bottom_left cmd_vel=(0.000,+2.800)
[gazebo_track_car-2] [WARN] [1780978492.076864578] [gazebo_track_car]: JITTER events=50 reasons=yaw_step_error=0.050rad,cmd_xy_error=0.0846m pos=(+0.230,-1.878) step=0.0040/0.0000m yaw=0.050/0.000rad route=flat_bottom_center_to_bottom_left
[gazebo_track_car-2] [WARN] [1780978493.074564193] [gazebo_track_car]: JITTER events=50 reasons=yaw_step_error=0.056rad,cmd_xy_error=0.1735m pos=(+0.265,-1.773) step=0.0045/0.0000m yaw=0.056/0.000rad route=flat_bottom_center_to_bottom_left
