[INFO] [launch]: All log files can be found below /home/quocbao/.ros/log/2026-06-08-22-55-58-979714-ubuntu-36093
[INFO] [launch]: Default logging verbosity is set to INFO
[INFO] [gzserver-1]: process started with pid [36109]
[INFO] [gazebo_track_car-2]: process started with pid [36111]
[gazebo_track_car-2] [INFO] [1780984559.596081030] [gazebo_track_car]: [MAP_TRANSFORM] image=256x256 path=/home/quocbao/my_robot_vision_full_project/my_robot_vision/models/autonomous_map_3d/materials/textures/autonomous_map_visual.png map_size=6.000x6.000m px_per_m_x=42.667 px_per_m_y=42.667 route_offset=(+0.000,+0.000)m map_visual_offset=(+0.000,+0.300)m
[gazebo_track_car-2] [INFO] [1780984559.739271621] [gazebo_track_car]: [FOOTPRINT_CHECK] samples=1588 center_off_road=0 center_outside_safe=1005 failures=0 min_footprint_clearance=3.20px footprint=front:0.165m rear:0.145m half_width:0.115m
[gazebo_track_car-2] [INFO] [1780984559.739581886] [gazebo_track_car]: [FOOTPRINT_CHECK] overlays=/tmp/gazebo_route_mask_debug.png, /tmp/gazebo_route_centerline_debug.png, /tmp/gazebo_route_footprint_debug.png
[gazebo_track_car-2] [INFO] [1780984559.852334381] [gazebo_track_car]: SAFE_ROUTE_VERSION=semantic_parking_spawn_turn_guard_v31; direction=reversed to match map arrows; clearance=12px; drive_wheels=True; route_offset=(+0.000,+0.000)m; start_distance=0.000m; route_explore=True branch_probability=0.35; sign_detection=off roi=0.08-0.82; map_visual_offset=(+0.000,+0.300)m; base_speed=0.28m/s speed_limit=0.14m/s; traffic_light=fixed state=green green=5.0s yellow=1.0s red=8.0s trigger_distance=1.70m stop_distance=0.85m min_stop=2.0s camera=off topic=/track_preview_car/camera/image_raw fill>=0.42 slow_area>=45px stop_area>=160px distance_gate=on; camera_sign_templates=5 sign_score>=0.32 sign_stable=2; wheel_controller lookahead=0.32m parking_lookahead=0.20m heading_gain=3.80 max_wz=2.80rad/s rotate_heading>1.05rad; nearest_route=True nearest_dist<=0.65m; yaw_limits=1.80rad/s/4.00rad/s2; route_rejoin=False outer_only=True cmd_error>0.30m max_route_dist=0.55m; progress_sync=True cmd_error>0.06m route_dist<=0.20m yaw<=1.20rad; initial_pose_reset=True tol=0.12m/0.35rad; segments=18; route_points=36.
[gazebo_track_car-2] [INFO] [1780984559.852682697] [gazebo_track_car]: Motion log uses /model_states and /track_preview_car/cmd_vel: MOTION every 2.00s, JITTER at most every 1.00s, verbose=False; jitter thresholds xy_step_delta=0.0060m, cmd_error=0.050m, z_delta=0.0005m, tilt=0.0030rad, speed_delta=0.030m/s, yaw_step_error=0.025rad, yaw_rate_delta=0.400rad/s.
[gzserver-1] [INFO] [1780984561.097561167] [track_preview_car.front_camera_controller]: Publishing camera info to [/track_preview_car/camera/camera_info]
[gzserver-1] [INFO] [1780984561.110060511] [gazebo_ros_state]: Publishing states of gazebo models at [/model_states]
[gzserver-1] [INFO] [1780984561.110344737] [gazebo_ros_state]: Publishing states of gazebo links at [/link_states]
[gzserver-1] [INFO] [1780984561.124605915] [track_preview_car.track_preview_car_diff_drive]: Wheel pair 1 separation set to [0.176000m]
[gzserver-1] [INFO] [1780984561.124749936] [track_preview_car.track_preview_car_diff_drive]: Wheel pair 1 diameter set to [0.060000m]
[gzserver-1] [INFO] [1780984561.126096078] [track_preview_car.track_preview_car_diff_drive]: Subscribed to [/track_preview_car/cmd_vel]
[gzserver-1] [INFO] [1780984561.127158910] [track_preview_car.track_preview_car_diff_drive]: Advertise odometry on [/track_preview_car/odom]
[gazebo_track_car-2] [INFO] [1780984561.154280046] [gazebo_track_car]: initial pose reset to configured route start; actual=(+1.828,+2.180) yaw=+0.000 target=(+2.180,+1.805) yaw=-1.571 error=0.514m/1.571rad segment=flat_left_mid_to_top_reverse
[gazebo_track_car-2] [INFO] [1780984561.201706734] [gazebo_track_car]: traffic light is now GREEN.
[gazebo_track_car-2] [WARN] [1780984561.202252743] [gazebo_track_car]: Waiting for /model_states pose before publishing wheel commands.
[gazebo_track_car-2] [INFO] [1780984561.504385118] [gazebo_track_car]: wheel controller synced route progress from initial model pose; segment=flat_left_mid_to_top_reverse@0.000m route_dist=0.000m startup_gate=1.250m
[gazebo_track_car-2] [INFO] [1780984563.217696129] [gazebo_track_car]: MOTION pos=(+2.180,+1.364) yaw=-1.571 v=0.280 step_err=0.0216m/0.000rad track_err=0.0059m footprint=road:6.00px route=flat_left_mid_to_top_reverse cmd_vel=(0.280,-0.000)
[gazebo_track_car-2] [INFO] [1780984565.239519937] [gazebo_track_car]: MOTION pos=(+2.180,+0.798) yaw=-1.571 v=0.280 step_err=0.0244m/0.000rad track_err=0.0042m footprint=road:6.00px route=flat_left_mid_to_top_reverse cmd_vel=(0.280,+0.000)
[gazebo_track_car-2] [INFO] [1780984567.132744338] [gazebo_track_car]: route segment=flat_left_lower_to_mid_reverse; previous=flat_left_mid_to_top_reverse; distance=0.009m; decision=route/explore_coverage visit=0: flat_left_lower_to_mid_reverse
[gazebo_track_car-2] [INFO] [1780984567.242946939] [gazebo_track_car]: MOTION pos=(+2.180,+0.238) yaw=-1.571 v=0.280 step_err=0.0227m/0.000rad track_err=0.0056m footprint=road:9.20px route=flat_left_lower_to_mid_reverse cmd_vel=(0.280,-0.000)
[gazebo_track_car-2] [INFO] [1780984569.265551072] [gazebo_track_car]: MOTION pos=(+2.180,-0.327) yaw=-1.571 v=0.280 step_err=0.0230m/0.000rad track_err=0.0053m footprint=road:6.00px route=flat_left_lower_to_mid_reverse cmd_vel=(0.280,-0.000)
[gazebo_track_car-2] [INFO] [1780984571.265061158] [gazebo_track_car]: MOTION pos=(+2.180,-0.887) yaw=-1.571 v=0.280 step_err=0.0224m/0.000rad track_err=0.0053m footprint=road:6.00px route=flat_left_lower_to_mid_reverse cmd_vel=(0.280,+0.000)
[gazebo_track_car-2] [INFO] [1780984573.269328914] [gazebo_track_car]: MOTION pos=(+2.188,-1.400) yaw=-1.909 v=0.193 step_err=0.0151m/0.014rad track_err=0.0102m footprint=road:6.20px route=flat_left_lower_to_mid_reverse cmd_vel=(0.183,-0.726)
[gazebo_track_car-2] [WARN] [1780984573.690180206] [gazebo_track_car]: JITTER events=4 reasons=yaw_step_error=0.100rad pos=(+2.172,-1.480) step=0.0040/0.0188m yaw=0.013/0.113rad route=flat_left_lower_to_mid_reverse
[gazebo_track_car-2] [INFO] [1780984573.870461680] [gazebo_track_car]: route segment=flat_bottom_left_corner_reverse; previous=flat_left_lower_to_mid_reverse; distance=0.020m; decision=route/wheel_nearest: flat_bottom_left_corner_reverse
[gazebo_track_car-2] [INFO] [1780984575.289522900] [gazebo_track_car]: MOTION pos=(+1.911,-1.704) yaw=-2.929 v=0.232 step_err=0.0178m/0.007rad track_err=0.0135m footprint=road:4.00px route=flat_bottom_left_corner_reverse cmd_vel=(0.232,-0.335)
[gazebo_track_car-2] [WARN] [1780984575.386777592] [gazebo_track_car]: JITTER events=3 reasons=yaw_step_error=0.066rad pos=(+1.889,-1.712) step=0.0047/0.0242m yaw=0.007/0.072rad route=flat_bottom_left_corner_reverse
[gazebo_track_car-2] [INFO] [1780984575.578885931] [gazebo_track_car]: route segment=flat_bottom_center_to_bottom_left_reverse; previous=flat_bottom_left_corner_reverse; distance=0.024m; decision=route/wheel_nearest: flat_bottom_center_to_bottom_left_reverse
[gazebo_track_car-2] [INFO] [1780984577.290671488] [gazebo_track_car]: MOTION pos=(+1.389,-1.739) yaw=+3.121 v=0.277 step_err=0.0228m/0.000rad track_err=0.0070m footprint=road:4.00px route=flat_bottom_center_to_bottom_left_reverse cmd_vel=(0.277,+0.018)
[gazebo_track_car-2] [INFO] [1780984579.312364918] [gazebo_track_car]: MOTION pos=(+0.827,-1.734) yaw=-3.140 v=0.279 step_err=0.0199m/0.000rad track_err=0.0098m footprint=road:4.00px route=flat_bottom_center_to_bottom_left_reverse cmd_vel=(0.280,+0.001)
[gazebo_track_car-2] [INFO] [1780984581.314657911] [gazebo_track_car]: MOTION pos=(+0.269,-1.735) yaw=-3.141 v=0.279 step_err=0.0226m/0.000rad track_err=0.0050m footprint=road:4.00px route=flat_bottom_center_to_bottom_left_reverse cmd_vel=(0.279,-0.006)
[gazebo_track_car-2] [WARN] [1780984583.060319871] [gazebo_track_car]: JITTER events=3 reasons=speed_delta=0.063m/s,yaw_rate_delta=0.443rad/s pos=(-0.215,-1.735) step=0.0048/0.0000m yaw=0.004/0.000rad route=flat_bottom_center_to_bottom_left_reverse
[gazebo_track_car-2] [INFO] [1780984583.339690323] [gazebo_track_car]: MOTION pos=(-0.281,-1.740) yaw=+3.048 v=0.208 step_err=0.0162m/0.011rad track_err=0.0077m footprint=road:6.39px route=flat_bottom_center_to_bottom_left_reverse cmd_vel=(0.177,-0.716)
[gazebo_track_car-2] [WARN] [1780984584.539532217] [gazebo_track_car]: JITTER events=3 reasons=yaw_step_error=0.223rad pos=(-0.453,-1.721) step=0.0033/0.0151m yaw=0.015/0.238rad route=flat_bottom_center_to_bottom_left_reverse
[gazebo_track_car-2] [INFO] [1780984584.930386243] [gazebo_track_car]: route segment=flat_mid_center_to_bottom_center_reverse; previous=flat_bottom_center_to_bottom_left_reverse; distance=0.007m; decision=route/explore_coverage visit=0: flat_mid_center_to_bottom_center_reverse
[gazebo_track_car-2] [INFO] [1780984584.940368342] [gazebo_track_car]: ROUTE_PROGRESS_SYNC actual=(-0.500,-1.664) cmd_error=0.065m route_dist=0.015m yaw_error=0.260rad segment=flat_mid_center_to_bottom_center_reverse@0.067m->flat_mid_center_to_bottom_center_reverse@0.070m
[gazebo_track_car-2] [INFO] [1780984585.346147163] [gazebo_track_car]: MOTION pos=(-0.529,-1.581) yaw=+1.641 v=0.232 step_err=0.0169m/0.007rad track_err=0.0136m footprint=road:9.20px route=flat_mid_center_to_bottom_center_reverse cmd_vel=(0.234,-0.321)
[gazebo_track_car-2] [INFO] [1780984587.345121452] [gazebo_track_car]: MOTION pos=(-0.517,-1.047) yaw=+1.553 v=0.272 step_err=0.0222m/0.001rad track_err=0.0055m footprint=road:8.00px route=flat_mid_center_to_bottom_center_reverse cmd_vel=(0.274,+0.038)
[gazebo_track_car-2] [INFO] [1780984589.358068140] [gazebo_track_car]: MOTION pos=(-0.515,-0.486) yaw=+1.575 v=0.279 step_err=0.0223m/0.000rad track_err=0.0059m footprint=road:8.00px route=flat_mid_center_to_bottom_center_reverse cmd_vel=(0.279,-0.008)
[gazebo_track_car-2] [WARN] [1780984591.102357163] [gazebo_track_car]: JITTER events=10 reasons=speed_delta=0.062m/s,yaw_rate_delta=0.416rad/s pos=(-0.517,-0.002) step=0.0048/0.0000m yaw=0.004/0.000rad route=flat_mid_center_to_bottom_center_reverse
[gazebo_track_car-2] [INFO] [1780984591.380860711] [gazebo_track_car]: MOTION pos=(-0.523,+0.057) yaw=+1.441 v=0.193 step_err=0.0157m/0.012rad track_err=0.0090m footprint=road:9.00px route=flat_mid_center_to_bottom_center_reverse cmd_vel=(0.156,-0.757)
[gazebo_track_car-2] [WARN] [1780984592.478849212] [gazebo_track_car]: JITTER events=2 reasons=yaw_step_error=0.088rad pos=(-0.508,+0.211) step=0.0032/0.0142m yaw=0.016/0.103rad route=flat_mid_top_to_mid_center_reverse
[gazebo_track_car-2] [INFO] [1780984592.568997613] [gazebo_track_car]: route segment=flat_mid_top_to_mid_center_reverse; previous=flat_mid_center_to_bottom_center_reverse; distance=0.022m; decision=route/wheel_nearest: flat_mid_top_to_mid_center_reverse
[gazebo_track_car-2] [INFO] [1780984593.380078884] [gazebo_track_car]: MOTION pos=(-0.349,+0.297) yaw=+0.063 v=0.229 step_err=0.0191m/0.007rad track_err=0.0161m footprint=road:7.99px route=flat_mid_top_to_mid_center_reverse cmd_vel=(0.234,-0.323)
[gazebo_track_car-2] [INFO] [1780984595.495444089] [gazebo_track_car]: MOTION pos=(+0.211,+0.282) yaw=-0.016 v=0.273 step_err=0.0210m/0.001rad track_err=0.0061m footprint=road:5.00px route=flat_mid_top_to_mid_center_reverse cmd_vel=(0.274,+0.038)
[gazebo_track_car-2] [INFO] [1780984596.585713238] [gazebo_track_car]: route segment=flat_left_mid_to_mid_top_reverse; previous=flat_mid_top_to_mid_center_reverse; distance=0.018m; decision=route/explore_coverage visit=0: flat_left_mid_to_mid_top_reverse
[gazebo_track_car-2] [INFO] [1780984597.499740696] [gazebo_track_car]: MOTION pos=(+0.767,+0.281) yaw=+0.004 v=0.278 step_err=0.0220m/0.000rad track_err=0.0058m footprint=road:7.80px route=flat_left_mid_to_mid_top_reverse cmd_vel=(0.279,-0.009)
[gazebo_track_car-2] [INFO] [1780984599.504871365] [gazebo_track_car]: MOTION pos=(+1.324,+0.282) yaw=-0.000 v=0.279 step_err=0.0220m/0.000rad track_err=0.0059m footprint=road:4.00px route=flat_left_mid_to_mid_top_reverse cmd_vel=(0.279,-0.005)
[gazebo_track_car-2] [INFO] [1780984601.525646203] [gazebo_track_car]: MOTION pos=(+1.889,+0.281) yaw=-0.002 v=0.279 step_err=0.0226m/0.000rad track_err=0.0053m footprint=road:5.00px route=flat_left_mid_to_mid_top_reverse cmd_vel=(0.245,-0.231)
[gazebo_track_car-2] [WARN] [1780984601.545332168] [gazebo_track_car]: JITTER events=4 reasons=speed_delta=0.046m/s pos=(+1.894,+0.282) step=0.0049/0.0000m yaw=0.004/0.000rad route=flat_left_mid_to_mid_top_reverse
[gazebo_track_car-2] [WARN] [1780984602.927632486] [gazebo_track_car]: JITTER events=2 reasons=yaw_step_error=0.064rad pos=(+2.108,+0.274) step=0.0031/0.0146m yaw=0.015/0.080rad route=flat_left_lower_to_mid_reverse
[gazebo_track_car-2] [INFO] [1780984603.022082157] [gazebo_track_car]: route segment=flat_left_lower_to_mid_reverse; previous=flat_left_mid_to_mid_top_reverse; distance=0.022m; decision=route/wheel_nearest: flat_left_lower_to_mid_reverse
[gazebo_track_car-2] [INFO] [1780984603.545392501] [gazebo_track_car]: MOTION pos=(+2.180,+0.177) yaw=-1.410 v=0.216 step_err=0.0147m/0.010rad track_err=0.0059m footprint=road:8.59px route=flat_left_lower_to_mid_reverse cmd_vel=(0.219,-0.447)
[gazebo_track_car-2] [INFO] [1780984605.551636297] [gazebo_track_car]: MOTION pos=(+2.183,-0.344) yaw=-1.598 v=0.273 step_err=0.0212m/0.001rad track_err=0.0066m footprint=road:6.00px route=flat_left_lower_to_mid_reverse cmd_vel=(0.273,+0.046)
[gazebo_track_car-2] [INFO] [1780984607.554512307] [gazebo_track_car]: MOTION pos=(+2.179,-0.898) yaw=-1.566 v=0.279 step_err=0.0209m/0.000rad track_err=0.0062m footprint=road:6.00px route=flat_left_lower_to_mid_reverse cmd_vel=(0.279,-0.007)
[gazebo_track_car-2] [WARN] [1780984608.877797159] [gazebo_track_car]: JITTER events=4 reasons=speed_delta=0.052m/s,yaw_rate_delta=0.403rad/s pos=(+2.181,-1.265) step=0.0048/0.0000m yaw=0.004/0.000rad route=flat_left_lower_to_mid_reverse
[gazebo_track_car-2] [INFO] [1780984609.556685011] [gazebo_track_car]: MOTION pos=(+2.189,-1.408) yaw=-1.942 v=0.195 step_err=0.0165m/0.014rad track_err=0.0100m footprint=road:6.20px route=flat_left_lower_to_mid_reverse cmd_vel=(0.184,-0.719)
[gazebo_track_car-2] [WARN] [1780984609.975449735] [gazebo_track_car]: JITTER events=1 reasons=yaw_step_error=0.208rad pos=(+2.169,-1.488) step=0.0040/0.0191m yaw=0.013/0.221rad route=flat_bottom_left_corner_reverse
[gazebo_track_car-2] [INFO] [1780984610.058833424] [gazebo_track_car]: route segment=flat_bottom_left_corner_reverse; previous=flat_left_lower_to_mid_reverse; distance=0.020m; decision=route/wheel_nearest: flat_bottom_left_corner_reverse
[gazebo_track_car-2] [INFO] [1780984611.576188111] [gazebo_track_car]: MOTION pos=(+1.902,-1.708) yaw=-2.942 v=0.228 step_err=0.0187m/0.007rad track_err=0.0123m footprint=road:4.00px route=flat_bottom_left_corner_reverse cmd_vel=(0.233,-0.330)
[gazebo_track_car-2] [WARN] [1780984611.680717722] [gazebo_track_car]: JITTER events=2 reasons=yaw_step_error=0.113rad pos=(+1.880,-1.715) step=0.0047/0.0224m yaw=0.007/0.120rad route=flat_bottom_left_corner_reverse
[gazebo_track_car-2] [INFO] [1780984611.869821779] [gazebo_track_car]: route segment=flat_bottom_center_to_bottom_left_reverse; previous=flat_bottom_left_corner_reverse; distance=0.024m; decision=route/wheel_nearest: flat_bottom_center_to_bottom_left_reverse
[gazebo_track_car-2] [INFO] [1780984613.580003271] [gazebo_track_car]: MOTION pos=(+1.378,-1.739) yaw=+3.121 v=0.277 step_err=0.0219m/0.000rad track_err=0.0068m footprint=road:4.00px route=flat_bottom_center_to_bottom_left_reverse cmd_vel=(0.277,+0.021)
[gazebo_track_car-2] [INFO] [1780984615.606492134] [gazebo_track_car]: MOTION pos=(+0.817,-1.734) yaw=-3.140 v=0.280 step_err=0.0218m/0.000rad track_err=0.0064m footprint=road:4.00px route=flat_bottom_center_to_bottom_left_reverse cmd_vel=(0.280,+0.000)
[gazebo_track_car-2] [INFO] [1780984617.608758223] [gazebo_track_car]: MOTION pos=(+0.259,-1.735) yaw=-3.141 v=0.279 step_err=0.0237m/0.000rad track_err=0.0050m footprint=road:4.00px route=flat_bottom_center_to_bottom_left_reverse cmd_vel=(0.279,-0.006)
[gazebo_track_car-2] [INFO] [1780984619.628718443] [gazebo_track_car]: MOTION pos=(-0.305,-1.735) yaw=+3.141 v=0.280 step_err=0.0232m/0.000rad track_err=0.0050m footprint=road:6.39px route=flat_bottom_center_to_bottom_left_reverse cmd_vel=(0.280,-0.003)
[gazebo_track_car-2] [INFO] [1780984620.415152350] [gazebo_track_car]: route segment=flat_bottom_right_to_bottom_center_reverse; previous=flat_bottom_center_to_bottom_left_reverse; distance=0.007m; decision=route/explore_coverage visit=0: flat_bottom_right_to_bottom_center_reverse
[gazebo_track_car-2] [INFO] [1780984621.630932805] [gazebo_track_car]: MOTION pos=(-0.864,-1.734) yaw=+3.141 v=0.280 step_err=0.0232m/0.000rad track_err=0.0053m footprint=road:4.20px route=flat_bottom_right_to_bottom_center_reverse cmd_vel=(0.280,+0.002)
[gazebo_track_car-2] [INFO] [1780984623.636423479] [gazebo_track_car]: MOTION pos=(-1.424,-1.734) yaw=-3.141 v=0.280 step_err=0.0224m/0.000rad track_err=0.0056m footprint=road:4.00px route=flat_bottom_right_to_bottom_center_reverse cmd_vel=(0.280,-0.002)
[gazebo_track_car-2] [WARN] [1780984623.972825855] [gazebo_track_car]: JITTER events=3 reasons=speed_delta=0.060m/s pos=(-1.518,-1.735) step=0.0047/0.0000m yaw=0.003/0.000rad route=flat_bottom_right_to_bottom_center_reverse
[gazebo_track_car-2] [WARN] [1780984624.956808717] [gazebo_track_car]: JITTER events=2 reasons=yaw_step_error=0.131rad pos=(-1.754,-1.728) step=0.0047/0.0238m yaw=0.006/0.137rad route=flat_bottom_right_to_bottom_center_reverse
[gazebo_track_car-2] [INFO] [1780984625.140270017] [gazebo_track_car]: route segment=flat_bottom_right_corner_reverse; previous=flat_bottom_right_to_bottom_center_reverse; distance=0.024m; decision=route/wheel_nearest: flat_bottom_right_corner_reverse
[gazebo_track_car-2] [INFO] [1780984625.656781019] [gazebo_track_car]: MOTION pos=(-1.920,-1.679) yaw=+2.714 v=0.257 step_err=0.0211m/0.003rad track_err=0.0047m footprint=road:3.60px route=flat_bottom_right_corner_reverse cmd_vel=(0.234,-0.318)
[gazebo_track_car-2] [WARN] [1780984626.758557530] [gazebo_track_car]: JITTER events=4 reasons=yaw_step_error=0.037rad pos=(-2.115,-1.578) step=0.0040/0.0193m yaw=0.013/0.050rad route=flat_bottom_right_corner_reverse
[gazebo_track_car-2] [INFO] [1780984626.952101545] [gazebo_track_car]: route segment=flat_right_mid_to_lower_reverse; previous=flat_bottom_right_corner_reverse; distance=0.020m; decision=route/wheel_nearest: flat_right_mid_to_lower_reverse
[gazebo_track_car-2] [INFO] [1780984627.660368487] [gazebo_track_car]: MOTION pos=(-2.188,-1.397) yaw=+1.629 v=0.238 step_err=0.0178m/0.006rad track_err=0.0100m footprint=road:5.20px route=flat_right_mid_to_lower_reverse cmd_vel=(0.243,-0.252)
[gazebo_track_car-2] [INFO] [1780984629.663029349] [gazebo_track_car]: MOTION pos=(-2.181,-0.858) yaw=+1.557 v=0.275 step_err=0.0217m/0.001rad track_err=0.0015m footprint=road:5.00px route=flat_right_mid_to_lower_reverse cmd_vel=(0.275,+0.030)
[gazebo_track_car-2] [INFO] [1780984631.683554975] [gazebo_track_car]: MOTION pos=(-2.179,-0.296) yaw=+1.574 v=0.279 step_err=0.0217m/0.000rad track_err=0.0058m footprint=road:5.00px route=flat_right_mid_to_lower_reverse cmd_vel=(0.279,-0.008)
[gazebo_track_car-2] [WARN] [1780984632.709141256] [gazebo_track_car]: JITTER events=3 reasons=speed_delta=0.064m/s,yaw_rate_delta=0.406rad/s pos=(-2.180,-0.013) step=0.0047/0.0000m yaw=0.003/0.000rad route=flat_right_mid_to_lower_reverse
[gazebo_track_car-2] [INFO] [1780984633.686486716] [gazebo_track_car]: MOTION pos=(-2.194,+0.151) yaw=+0.942 v=0.142 step_err=0.0106m/0.016rad track_err=0.0149m footprint=road:9.00px route=flat_right_mid_to_lower_reverse cmd_vel=(0.120,-0.863)
[gazebo_track_car-2] [WARN] [1780984634.208136704] [gazebo_track_car]: JITTER events=3 reasons=yaw_step_error=0.223rad pos=(-2.164,+0.222) step=0.0032/0.0148m yaw=0.014/0.237rad route=flat_right_mid_to_lower_reverse
[gazebo_track_car-2] [INFO] [1780984634.590758278] [gazebo_track_car]: route segment=flat_mid_center_to_right_mid_reverse; previous=flat_right_mid_to_lower_reverse; distance=0.008m; decision=route/explore_coverage visit=0: flat_mid_center_to_right_mid_reverse
[gazebo_track_car-2] [INFO] [1780984634.610231503] [gazebo_track_car]: ROUTE_PROGRESS_SYNC actual=(-2.106,+0.268) cmd_error=0.067m route_dist=0.013m yaw_error=0.253rad segment=flat_mid_center_to_right_mid_reverse@0.070m->flat_mid_center_to_right_mid_reverse@0.073m
[gazebo_track_car-2] [INFO] [1780984635.712483741] [gazebo_track_car]: MOTION pos=(-1.847,+0.304) yaw=-0.060 v=0.270 step_err=0.0221m/0.001rad track_err=0.0230m footprint=road:6.00px route=flat_mid_center_to_right_mid_reverse cmd_vel=(0.274,-0.037)
[gazebo_track_car-2] [INFO] [1780984637.712427702] [gazebo_track_car]: MOTION pos=(-1.299,+0.280) yaw=-0.001 v=0.277 step_err=0.0211m/0.000rad track_err=0.0057m footprint=road:5.00px route=flat_mid_center_to_right_mid_reverse cmd_vel=(0.278,+0.014)
[gazebo_track_car-2] [INFO] [1780984639.717084855] [gazebo_track_car]: MOTION pos=(-0.741,+0.282) yaw=+0.001 v=0.278 step_err=0.0215m/0.000rad track_err=0.0007m footprint=road:7.19px route=flat_mid_center_to_right_mid_reverse cmd_vel=(0.279,-0.008)
[gazebo_track_car-2] [INFO] [1780984640.620104759] [gazebo_track_car]: route segment=flat_mid_top_to_mid_center_reverse; previous=flat_mid_center_to_right_mid_reverse; distance=0.025m; decision=route/explore_coverage visit=1: flat_mid_top_to_mid_center_reverse
[gazebo_track_car-2] [INFO] [1780984641.728016555] [gazebo_track_car]: MOTION pos=(-0.183,+0.282) yaw=-0.001 v=0.279 step_err=0.0218m/0.000rad track_err=0.0008m footprint=road:5.00px route=flat_mid_top_to_mid_center_reverse cmd_vel=(0.279,-0.004)
[gazebo_track_car-2] [WARN] [1780984643.067631281] [gazebo_track_car]: JITTER events=11 reasons=speed_delta=0.039m/s pos=(+0.191,+0.282) step=0.0049/0.0000m yaw=0.001/0.000rad route=flat_mid_top_to_mid_center_reverse
[gazebo_track_car-2] [INFO] [1780984643.745227259] [gazebo_track_car]: MOTION pos=(+0.317,+0.266) yaw=+0.364 v=0.137 step_err=0.0112m/0.015rad track_err=0.0156m footprint=road:3.00px route=flat_mid_top_to_mid_center_reverse cmd_vel=(0.119,+0.860)
[gazebo_track_car-2] [WARN] [1780984644.549783913] [gazebo_track_car]: JITTER events=2 reasons=yaw_step_error=0.137rad pos=(+0.423,+0.291) step=0.0031/0.0150m yaw=0.016/0.152rad route=flat_mid_top_to_mid_center_reverse
[gazebo_track_car-2] [INFO] [1780984644.944972706] [gazebo_track_car]: route segment=flat_top_center_to_mid_top_reverse; previous=flat_mid_top_to_mid_center_reverse; distance=0.003m; decision=route/explore_coverage visit=0: flat_top_center_to_mid_top_reverse
[gazebo_track_car-2] [INFO] [1780984644.946421271] [gazebo_track_car]: ROUTE_PROGRESS_SYNC actual=(+0.471,+0.344) cmd_error=0.064m route_dist=0.021m yaw_error=0.279rad segment=flat_top_center_to_mid_top_reverse@0.060m->flat_top_center_to_mid_top_reverse@0.063m
[gazebo_track_car-2] [INFO] [1780984645.754309368] [gazebo_track_car]: MOTION pos=(+0.511,+0.521) yaw=+1.587 v=0.255 step_err=0.0244m/0.003rad track_err=0.0189m footprint=road:9.20px route=flat_top_center_to_mid_top_reverse cmd_vel=(0.260,+0.133)
[gazebo_track_car-2] [INFO] [1780984647.775061700] [gazebo_track_car]: MOTION pos=(+0.492,+1.073) yaw=+1.577 v=0.276 step_err=0.0229m/0.000rad track_err=0.0053m footprint=road:7.00px route=flat_top_center_to_mid_top_reverse cmd_vel=(0.276,-0.023)
[gazebo_track_car-2] [INFO] [1780984649.775133751] [gazebo_track_car]: MOTION pos=(+0.492,+1.630) yaw=+1.568 v=0.279 step_err=0.0234m/0.000rad track_err=0.0050m footprint=road:7.00px route=flat_top_center_to_mid_top_reverse cmd_vel=(0.279,+0.005)
[gazebo_track_car-2] [WARN] [1780984650.697366589] [gazebo_track_car]: JITTER events=9 reasons=speed_delta=0.054m/s pos=(+0.492,+1.886) step=0.0047/0.0000m yaw=0.000/0.000rad route=flat_top_center_to_mid_top_reverse
[gazebo_track_car-2] [INFO] [1780984651.798031143] [gazebo_track_car]: MOTION pos=(+0.480,+2.066) yaw=+0.836 v=0.136 step_err=0.0118m/0.016rad track_err=0.0130m footprint=road:10.00px route=flat_top_center_to_mid_top_reverse cmd_vel=(0.127,-0.845)
[gazebo_track_car-2] [WARN] [1780984652.097080377] [gazebo_track_car]: JITTER events=3 reasons=yaw_step_error=0.065rad pos=(+0.498,+2.108) step=0.0032/0.0148m yaw=0.016/0.081rad route=flat_top_left_to_top_center_reverse
[gazebo_track_car-2] [INFO] [1780984652.187682431] [gazebo_track_car]: route segment=flat_top_left_to_top_center_reverse; previous=flat_top_center_to_mid_top_reverse; distance=0.020m; decision=route/wheel_nearest: flat_top_left_to_top_center_reverse
[gazebo_track_car-2] [INFO] [1780984653.803826740] [gazebo_track_car]: MOTION pos=(+0.867,+2.198) yaw=-0.059 v=0.277 step_err=0.0215m/0.000rad track_err=0.0193m footprint=road:8.00px route=flat_top_left_to_top_center_reverse cmd_vel=(0.280,+0.002)
[gazebo_track_car-2] [INFO] [1780984655.822184809] [gazebo_track_car]: MOTION pos=(+1.422,+2.179) yaw=+0.001 v=0.278 step_err=0.0183m/0.000rad track_err=0.0101m footprint=road:8.00px route=flat_top_left_to_top_center_reverse cmd_vel=(0.279,+0.009)
[gazebo_track_car-2] [WARN] [1780984656.242027919] [gazebo_track_car]: JITTER events=4 reasons=speed_delta=0.041m/s pos=(+1.539,+2.179) step=0.0049/0.0000m yaw=0.004/0.000rad route=flat_top_left_to_top_center_reverse
[gazebo_track_car-2] [WARN] [1780984657.319646106] [gazebo_track_car]: JITTER events=1 reasons=yaw_step_error=0.195rad pos=(+1.775,+2.169) step=0.0043/0.0206m yaw=0.010/0.205rad route=flat_top_left_corner_reverse
[gazebo_track_car-2] [INFO] [1780984657.414050387] [gazebo_track_car]: route segment=flat_top_left_corner_reverse; previous=flat_top_left_to_top_center_reverse; distance=0.021m; decision=route/wheel_nearest: flat_top_left_corner_reverse
[gazebo_track_car-2] [INFO] [1780984657.827547499] [gazebo_track_car]: MOTION pos=(+1.876,+2.120) yaw=-0.696 v=0.235 step_err=0.0175m/0.007rad track_err=0.0076m footprint=road:5.79px route=flat_top_left_corner_reverse cmd_vel=(0.238,-0.293)
[gazebo_track_car-2] [WARN] [1780984658.444930092] [gazebo_track_car]: JITTER events=2 reasons=speed_delta=0.044m/s pos=(+1.993,+2.020) step=0.0045/0.0000m yaw=0.007/0.000rad route=flat_top_left_corner_reverse
[gazebo_track_car-2] [WARN] [1780984659.426833620] [gazebo_track_car]: JITTER events=1 reasons=yaw_step_error=0.051rad pos=(+2.133,+1.856) step=0.0044/0.0215m yaw=0.009/0.060rad route=flat_top_left_corner_reverse
[gazebo_track_car-2] [INFO] [1780984659.625457977] [gazebo_track_car]: route segment=flat_left_mid_to_top_reverse; previous=flat_top_left_corner_reverse; distance=0.022m; decision=route/wheel_nearest: flat_left_mid_to_top_reverse
[gazebo_track_car-2] [INFO] [1780984659.828600656] [gazebo_track_car]: MOTION pos=(+2.165,+1.771) yaw=-1.419 v=0.236 step_err=0.0030m/0.007rad track_err=0.0149m footprint=road:6.00px route=flat_left_mid_to_top_reverse cmd_vel=(0.236,-0.307)
[gazebo_track_car-2] [INFO] [1780984661.836541257] [gazebo_track_car]: MOTION pos=(+2.183,+1.234) yaw=-1.589 v=0.276 step_err=0.0171m/0.000rad track_err=0.0061m footprint=road:6.00px route=flat_left_mid_to_top_reverse cmd_vel=(0.276,+0.024)
[gazebo_track_car-2] [INFO] [1780984663.961836529] [gazebo_track_car]: MOTION pos=(+2.179,+0.645) yaw=-1.569 v=0.280 step_err=0.0190m/0.000rad track_err=0.0095m footprint=road:6.59px route=flat_left_mid_to_top_reverse cmd_vel=(0.280,-0.002)
[gazebo_track_car-2] [INFO] [1780984665.352745291] [gazebo_track_car]: route segment=flat_left_lower_to_mid_reverse; previous=flat_left_mid_to_top_reverse; distance=0.015m; decision=route/explore_coverage visit=2: flat_left_lower_to_mid_reverse
[gazebo_track_car-2] [INFO] [1780984666.074831598] [gazebo_track_car]: MOTION pos=(+2.180,+0.059) yaw=-1.571 v=0.279 step_err=0.0223m/0.000rad track_err=0.0056m footprint=road:6.00px route=flat_left_lower_to_mid_reverse cmd_vel=(0.279,-0.006)
[gazebo_track_car-2] [INFO] [1780984668.077491695] [gazebo_track_car]: MOTION pos=(+2.180,-0.499) yaw=-1.572 v=0.280 step_err=0.0232m/0.000rad track_err=0.0050m footprint=road:6.00px route=flat_left_lower_to_mid_reverse cmd_vel=(0.280,-0.002)
[gazebo_track_car-2] [INFO] [1780984670.077719619] [gazebo_track_car]: MOTION pos=(+2.180,-1.059) yaw=-1.571 v=0.279 step_err=0.0238m/0.000rad track_err=0.0047m footprint=road:6.00px route=flat_left_lower_to_mid_reverse cmd_vel=(0.280,+0.002)
[gazebo_track_car-2] [WARN] [1780984670.806373856] [gazebo_track_car]: JITTER events=3 reasons=speed_delta=0.061m/s pos=(+2.180,-1.259) step=0.0047/0.0000m yaw=0.003/0.000rad route=flat_left_lower_to_mid_reverse
[gazebo_track_car-2] [WARN] [1780984671.901635639] [gazebo_track_car]: JITTER events=2 reasons=yaw_step_error=0.131rad pos=(+2.172,-1.483) step=0.0040/0.0189m yaw=0.013/0.144rad route=flat_left_lower_to_mid_reverse
[gazebo_track_car-2] [INFO] [1780984672.085843328] [gazebo_track_car]: route segment=flat_bottom_left_corner_reverse; previous=flat_left_lower_to_mid_reverse; distance=0.020m; decision=route/wheel_nearest: flat_bottom_left_corner_reverse
[gazebo_track_car-2] [INFO] [1780984672.098146394] [gazebo_track_car]: MOTION pos=(+2.154,-1.519) yaw=-2.329 v=0.205 step_err=0.0565m/0.651rad track_err=0.0380m footprint=road:6.40px route=flat_bottom_left_corner_reverse cmd_vel=(0.206,-0.559)
[gazebo_track_car-2] [WARN] [1780984673.604258973] [gazebo_track_car]: JITTER events=3 reasons=yaw_step_error=0.077rad pos=(+1.886,-1.712) step=0.0047/0.0234m yaw=0.006/0.083rad route=flat_bottom_left_corner_reverse
[gazebo_track_car-2] [INFO] [1780984673.793063416] [gazebo_track_car]: route segment=flat_bottom_center_to_bottom_left_reverse; previous=flat_bottom_left_corner_reverse; distance=0.025m; decision=route/wheel_nearest: flat_bottom_center_to_bottom_left_reverse
[gazebo_track_car-2] [INFO] [1780984674.100882619] [gazebo_track_car]: MOTION pos=(+1.766,-1.736) yaw=-3.088 v=0.253 step_err=0.0213m/0.004rad track_err=0.0036m footprint=road:4.20px route=flat_bottom_center_to_bottom_left_reverse cmd_vel=(0.254,-0.173)
[gazebo_track_car-2] [INFO] [1780984676.125411538] [gazebo_track_car]: MOTION pos=(+1.215,-1.735) yaw=+3.132 v=0.277 step_err=0.0216m/0.000rad track_err=0.0056m footprint=road:4.00px route=flat_bottom_center_to_bottom_left_reverse cmd_vel=(0.277,+0.018)
[gazebo_track_car-2] [INFO] [1780984678.131175693] [gazebo_track_car]: MOTION pos=(+0.658,-1.734) yaw=-3.139 v=0.279 step_err=0.0229m/0.000rad track_err=0.0056m footprint=road:4.00px route=flat_bottom_center_to_bottom_left_reverse cmd_vel=(0.279,-0.005)
[gazebo_track_car-2] [INFO] [1780984680.128079508] [gazebo_track_car]: MOTION pos=(+0.100,-1.735) yaw=+3.142 v=0.279 step_err=0.0056m/0.000rad track_err=0.0337m footprint=road:4.00px route=flat_bottom_center_to_bottom_left_reverse cmd_vel=(0.279,-0.006)
[gazebo_track_car-2] [INFO] [1780984682.152891690] [gazebo_track_car]: MOTION pos=(-0.464,-1.735) yaw=+3.140 v=0.280 step_err=0.0232m/0.000rad track_err=0.0053m footprint=road:10.60px route=flat_bottom_center_to_bottom_left_reverse cmd_vel=(0.280,+0.000)
[gazebo_track_car-2] [INFO] [1780984682.438503952] [gazebo_track_car]: route segment=flat_bottom_right_to_bottom_center_reverse; previous=flat_bottom_center_to_bottom_left_reverse; distance=0.028m; decision=route/explore_coverage visit=1: flat_bottom_right_to_bottom_center_reverse
[gazebo_track_car-2] [INFO] [1780984684.155236391] [gazebo_track_car]: MOTION pos=(-1.023,-1.734) yaw=+3.141 v=0.280 step_err=0.0221m/0.000rad track_err=0.0061m footprint=road:4.00px route=flat_bottom_right_to_bottom_center_reverse cmd_vel=(0.280,+0.002)
[gazebo_track_car-2] [WARN] [1780984685.893625499] [gazebo_track_car]: JITTER events=3 reasons=speed_delta=0.059m/s,yaw_rate_delta=0.422rad/s pos=(-1.509,-1.735) step=0.0048/0.0000m yaw=0.004/0.000rad route=flat_bottom_right_to_bottom_center_reverse
[gazebo_track_car-2] [INFO] [1780984686.156313504] [gazebo_track_car]: MOTION pos=(-1.576,-1.737) yaw=+3.099 v=0.249 step_err=0.0247m/0.004rad track_err=0.0023m footprint=road:4.00px route=flat_bottom_right_to_bottom_center_reverse cmd_vel=(0.241,-0.265)
[gazebo_track_car-2] [WARN] [1780984686.877791377] [gazebo_track_car]: JITTER events=2 reasons=yaw_step_error=0.094rad pos=(-1.747,-1.729) step=0.0047/0.0250m yaw=0.006/0.100rad route=flat_bottom_right_to_bottom_center_reverse
[gazebo_track_car-2] [INFO] [1780984687.059182892] [gazebo_track_car]: route segment=flat_bottom_right_corner_reverse; previous=flat_bottom_right_to_bottom_center_reverse; distance=0.024m; decision=route/wheel_nearest: flat_bottom_right_corner_reverse
[gazebo_track_car-2] [INFO] [1780984688.179865747] [gazebo_track_car]: MOTION pos=(-2.033,-1.638) yaw=+2.402 v=0.194 step_err=0.0151m/0.014rad track_err=0.0167m footprint=road:5.39px route=flat_bottom_right_corner_reverse cmd_vel=(0.183,-0.728)
[gazebo_track_car-2] [WARN] [1780984688.783292131] [gazebo_track_car]: JITTER events=3 reasons=yaw_step_error=0.223rad pos=(-2.124,-1.566) step=0.0040/0.0196m yaw=0.013/0.236rad route=flat_right_mid_to_lower_reverse
[gazebo_track_car-2] [INFO] [1780984688.867736373] [gazebo_track_car]: route segment=flat_right_mid_to_lower_reverse; previous=flat_bottom_right_corner_reverse; distance=0.020m; decision=route/wheel_nearest: flat_right_mid_to_lower_reverse
[gazebo_track_car-2] [INFO] [1780984690.183725112] [gazebo_track_car]: MOTION pos=(-2.195,-1.246) yaw=+1.540 v=0.269 step_err=0.0201m/0.001rad track_err=0.0160m footprint=road:6.00px route=flat_right_mid_to_lower_reverse cmd_vel=(0.272,-0.053)
[gazebo_track_car-2] [INFO] [1780984692.184236698] [gazebo_track_car]: MOTION pos=(-2.179,-0.695) yaw=+1.569 v=0.278 step_err=0.0222m/0.000rad track_err=0.0006m footprint=road:5.00px route=flat_right_mid_to_lower_reverse cmd_vel=(0.278,+0.013)
[gazebo_track_car-2] [INFO] [1780984694.205126584] [gazebo_track_car]: MOTION pos=(-2.180,-0.131) yaw=+1.572 v=0.278 step_err=0.0223m/0.000rad track_err=0.0047m footprint=road:5.00px route=flat_right_mid_to_lower_reverse cmd_vel=(0.279,-0.008)
[gazebo_track_car-2] [INFO] [1780984695.700180009] [gazebo_track_car]: route segment=flat_right_top_to_mid_reverse; previous=flat_right_mid_to_lower_reverse; distance=0.000m; decision=route/explore_coverage visit=0: flat_right_top_to_mid_reverse
[gazebo_track_car-2] [INFO] [1780984696.212522783] [gazebo_track_car]: MOTION pos=(-2.180,+0.426) yaw=+1.570 v=0.279 step_err=0.0220m/0.000rad track_err=0.0059m footprint=road:10.60px route=flat_right_top_to_mid_reverse cmd_vel=(0.279,-0.005)
[gazebo_track_car-2] [INFO] [1780984698.215726341] [gazebo_track_car]: MOTION pos=(-2.180,+0.985) yaw=+1.570 v=0.280 step_err=0.0226m/0.000rad track_err=0.0053m footprint=road:5.00px route=flat_right_top_to_mid_reverse cmd_vel=(0.280,+0.003)
[gazebo_track_car-2] [WARN] [1780984700.151099103] [gazebo_track_car]: JITTER events=2 reasons=speed_delta=0.069m/s pos=(-2.180,+1.526) step=0.0047/0.0000m yaw=0.004/0.000rad route=flat_right_top_to_mid_reverse
[gazebo_track_car-2] [INFO] [1780984700.233700923] [gazebo_track_car]: MOTION pos=(-2.181,+1.546) yaw=+1.548 v=0.252 step_err=0.0186m/0.004rad track_err=0.0052m footprint=road:5.00px route=flat_right_top_to_mid_reverse cmd_vel=(0.232,-0.329)
[gazebo_track_car-2] [WARN] [1780984701.134729403] [gazebo_track_car]: JITTER events=2 reasons=yaw_step_error=0.101rad pos=(-2.173,+1.740) step=0.0043/0.0221m yaw=0.010/0.111rad route=flat_right_top_to_mid_reverse
[gazebo_track_car-2] [INFO] [1780984701.330126899] [gazebo_track_car]: route segment=flat_top_right_corner_reverse; previous=flat_right_top_to_mid_reverse; distance=0.022m; decision=route/wheel_nearest: flat_top_right_corner_reverse
[gazebo_track_car-2] [INFO] [1780984702.240675357] [gazebo_track_car]: MOTION pos=(-2.038,+1.961) yaw=+0.788 v=0.261 step_err=0.0209m/0.003rad track_err=0.0114m footprint=road:5.00px route=flat_top_right_corner_reverse cmd_vel=(0.264,-0.108)
[gazebo_track_car-2] [WARN] [1780984702.358685289] [gazebo_track_car]: JITTER events=3 reasons=speed_delta=0.049m/s,yaw_rate_delta=0.429rad/s pos=(-2.017,+1.983) step=0.0045/0.0000m yaw=0.007/0.000rad route=flat_top_right_corner_reverse
[gazebo_track_car-2] [WARN] [1780984703.441739537] [gazebo_track_car]: JITTER events=2 reasons=yaw_step_error=0.198rad pos=(-1.838,+2.138) step=0.0044/0.0216m yaw=0.009/0.207rad route=flat_top_center_to_top_right_reverse
[gazebo_track_car-2] [INFO] [1780984703.538894361] [gazebo_track_car]: route segment=flat_top_center_to_top_right_reverse; previous=flat_top_right_corner_reverse; distance=0.023m; decision=route/wheel_nearest: flat_top_center_to_top_right_reverse
[gazebo_track_car-2] [INFO] [1780984704.261195435] [gazebo_track_car]: MOTION pos=(-1.648,+2.185) yaw=+0.036 v=0.255 step_err=0.0241m/0.004rad track_err=0.0069m footprint=road:8.00px route=flat_top_center_to_top_right_reverse cmd_vel=(0.257,-0.157)
[gazebo_track_car-2] [INFO] [1780984706.368619049] [gazebo_track_car]: MOTION pos=(-1.074,+2.180) yaw=-0.007 v=0.277 step_err=0.0260m/0.000rad track_err=0.0050m footprint=road:8.00px route=flat_top_center_to_top_right_reverse cmd_vel=(0.277,+0.017)
[gazebo_track_car-2] [INFO] [1780984708.371257481] [gazebo_track_car]: MOTION pos=(-0.516,+2.180) yaw=+0.003 v=0.279 step_err=0.0220m/0.000rad track_err=0.0058m footprint=road:8.00px route=flat_top_center_to_top_right_reverse cmd_vel=(0.279,-0.007)
[gazebo_track_car-2] [INFO] [1780984710.372142375] [gazebo_track_car]: MOTION pos=(+0.042,+2.180) yaw=-0.000 v=0.279 step_err=0.0056m/0.000rad track_err=0.0276m footprint=road:8.00px route=flat_top_center_to_top_right_reverse cmd_vel=(0.279,-0.006)
[gazebo_track_car-2] [INFO] [1780984712.082345969] [gazebo_track_car]: route segment=flat_top_left_to_top_center_reverse; previous=flat_top_center_to_top_right_reverse; distance=0.025m; decision=route/explore_coverage visit=1: flat_top_left_to_top_center_reverse
[gazebo_track_car-2] [INFO] [1780984712.392343296] [gazebo_track_car]: MOTION pos=(+0.606,+2.180) yaw=-0.002 v=0.280 step_err=0.0218m/0.000rad track_err=0.0059m footprint=road:9.00px route=flat_top_left_to_top_center_reverse cmd_vel=(0.280,+0.003)
[gazebo_track_car-2] [INFO] [1780984714.403697372] [gazebo_track_car]: MOTION pos=(+1.166,+2.180) yaw=+0.000 v=0.280 step_err=0.0246m/0.000rad track_err=0.0025m footprint=road:8.00px route=flat_top_left_to_top_center_reverse cmd_vel=(0.280,+0.001)
[gazebo_track_car-2] [WARN] [1780984715.741782777] [gazebo_track_car]: JITTER events=2 reasons=speed_delta=0.062m/s,yaw_rate_delta=0.411rad/s pos=(+1.539,+2.180) step=0.0047/0.0000m yaw=0.003/0.000rad route=flat_top_left_to_top_center_reverse
[gazebo_track_car-2] [INFO] [1780984716.423249001] [gazebo_track_car]: MOTION pos=(+1.692,+2.185) yaw=-0.283 v=0.211 step_err=0.0156m/0.011rad track_err=0.0081m footprint=road:7.00px route=flat_top_left_to_top_center_reverse cmd_vel=(0.203,-0.560)
[gazebo_track_car-2] [WARN] [1780984716.821608390] [gazebo_track_car]: JITTER events=2 reasons=yaw_step_error=0.200rad pos=(+1.775,+2.169) step=0.0043/0.0211m yaw=0.010/0.210rad route=flat_top_left_corner_reverse
[gazebo_track_car-2] [INFO] [1780984716.907095238] [gazebo_track_car]: route segment=flat_top_left_corner_reverse; previous=flat_top_left_to_top_center_reverse; distance=0.022m; decision=route/wheel_nearest: flat_top_left_corner_reverse
[gazebo_track_car-2] [WARN] [1780984717.946522527] [gazebo_track_car]: JITTER events=2 reasons=speed_delta=0.047m/s pos=(+1.994,+2.019) step=0.0045/0.0000m yaw=0.006/0.000rad route=flat_top_left_corner_reverse
[gazebo_track_car-2] [INFO] [1780984718.426294823] [gazebo_track_car]: MOTION pos=(+2.072,+1.944) yaw=-1.022 v=0.220 step_err=0.0166m/0.010rad track_err=0.0174m footprint=road:5.60px route=flat_top_left_corner_reverse cmd_vel=(0.210,-0.504)
[gazebo_track_car-2] [WARN] [1780984718.926358877] [gazebo_track_car]: JITTER events=1 reasons=yaw_step_error=0.059rad pos=(+2.133,+1.855) step=0.0044/0.0217m yaw=0.009/0.068rad route=flat_top_left_corner_reverse
[gazebo_track_car-2] [INFO] [1780984719.120471772] [gazebo_track_car]: route segment=flat_left_mid_to_top_reverse; previous=flat_top_left_corner_reverse; distance=0.023m; decision=route/wheel_nearest: flat_left_mid_to_top_reverse
[gazebo_track_car-2] [INFO] [1780984720.430274663] [gazebo_track_car]: MOTION pos=(+2.190,+1.489) yaw=-1.595 v=0.274 step_err=0.0213m/0.001rad track_err=0.0116m footprint=road:6.00px route=flat_left_mid_to_top_reverse cmd_vel=(0.276,-0.025)
[gazebo_track_car-2] [INFO] [1780984722.450224460] [gazebo_track_car]: MOTION pos=(+2.179,+0.929) yaw=-1.571 v=0.279 step_err=0.0203m/0.000rad track_err=0.0064m footprint=road:6.00px route=flat_left_mid_to_top_reverse cmd_vel=(0.279,+0.007)
[gazebo_track_car-2] [INFO] [1780984724.454250220] [gazebo_track_car]: MOTION pos=(+2.180,+0.371) yaw=-1.569 v=0.279 step_err=0.0226m/0.000rad track_err=0.0053m footprint=road:11.00px route=flat_left_mid_to_top_reverse cmd_vel=(0.279,-0.008)
[gazebo_track_car-2] [INFO] [1780984724.849259533] [gazebo_track_car]: route segment=flat_left_lower_to_mid_reverse; previous=flat_left_mid_to_top_reverse; distance=0.016m; decision=route/explore_coverage visit=3: flat_left_lower_to_mid_reverse
[gazebo_track_car-2] [INFO] [1780984726.474389573] [gazebo_track_car]: MOTION pos=(+2.180,-0.192) yaw=-1.571 v=0.279 step_err=0.0276m/0.000rad track_err=0.0053m footprint=road:6.00px route=flat_left_lower_to_mid_reverse cmd_vel=(0.279,-0.005)
[gazebo_track_car-2] [INFO] [1780984728.476667099] [gazebo_track_car]: MOTION pos=(+2.180,-0.751) yaw=-1.572 v=0.280 step_err=0.0232m/0.000rad track_err=0.0056m footprint=road:6.00px route=flat_left_lower_to_mid_reverse cmd_vel=(0.280,+0.003)
[gazebo_track_car-2] [WARN] [1780984730.317340683] [gazebo_track_car]: JITTER events=3 reasons=speed_delta=0.064m/s pos=(+2.180,-1.265) step=0.0047/0.0000m yaw=0.002/0.000rad route=flat_left_lower_to_mid_reverse
[gazebo_track_car-2] [INFO] [1780984730.497910338] [gazebo_track_car]: MOTION pos=(+2.183,-1.307) yaw=-1.625 v=0.223 step_err=0.0229m/0.007rad track_err=0.0060m footprint=road:6.00px route=flat_left_lower_to_mid_reverse cmd_vel=(0.204,-0.541)
[gazebo_track_car-2] [WARN] [1780984731.395601307] [gazebo_track_car]: JITTER events=2 reasons=yaw_step_error=0.120rad pos=(+2.172,-1.482) step=0.0040/0.0195m yaw=0.014/0.133rad route=flat_left_lower_to_mid_reverse
[gazebo_track_car-2] [INFO] [1780984731.581784670] [gazebo_track_car]: route segment=flat_bottom_left_corner_reverse; previous=flat_left_lower_to_mid_reverse; distance=0.020m; decision=route/wheel_nearest: flat_bottom_left_corner_reverse
[gazebo_track_car-2] [INFO] [1780984732.497721586] [gazebo_track_car]: MOTION pos=(+2.012,-1.656) yaw=-2.729 v=0.222 step_err=0.0171m/0.009rad track_err=0.0181m footprint=road:5.00px route=flat_bottom_left_corner_reverse cmd_vel=(0.219,-0.437)
[gazebo_track_car-2] [WARN] [1780984733.102811810] [gazebo_track_car]: JITTER events=3 reasons=yaw_step_error=0.063rad pos=(+1.888,-1.712) step=0.0047/0.0230m yaw=0.007/0.070rad route=flat_bottom_left_corner_reverse
[gazebo_track_car-2] [INFO] [1780984733.289492050] [gazebo_track_car]: route segment=flat_bottom_center_to_bottom_left_reverse; previous=flat_bottom_left_corner_reverse; distance=0.025m; decision=route/wheel_nearest: flat_bottom_center_to_bottom_left_reverse
[gazebo_track_car-2] [INFO] [1780984734.501247595] [gazebo_track_car]: MOTION pos=(+1.527,-1.742) yaw=+3.119 v=0.276 step_err=0.0210m/0.001rad track_err=0.0098m footprint=road:4.00px route=flat_bottom_center_to_bottom_left_reverse cmd_vel=(0.279,-0.009)
[gazebo_track_car-2] [INFO] [1780984736.522489360] [gazebo_track_car]: MOTION pos=(+0.966,-1.734) yaw=-3.142 v=0.279 step_err=0.0234m/0.000rad track_err=0.0048m footprint=road:4.00px route=flat_bottom_center_to_bottom_left_reverse cmd_vel=(0.279,+0.005)
[gazebo_track_car-2] [INFO] [1780984738.523469155] [gazebo_track_car]: MOTION pos=(+0.408,-1.735) yaw=-3.140 v=0.279 step_err=0.0220m/0.000rad track_err=0.0042m footprint=road:4.00px route=flat_bottom_center_to_bottom_left_reverse cmd_vel=(0.279,-0.007)
[gazebo_track_car-2] [INFO] [1780984740.542076015] [gazebo_track_car]: MOTION pos=(-0.155,-1.735) yaw=+3.141 v=0.279 step_err=0.0240m/0.000rad track_err=0.0039m footprint=road:4.00px route=flat_bottom_center_to_bottom_left_reverse cmd_vel=(0.279,-0.005)
[gazebo_track_car-2] [WARN] [1780984740.761105232] [gazebo_track_car]: JITTER events=3 reasons=speed_delta=0.059m/s pos=(-0.216,-1.735) step=0.0048/0.0000m yaw=0.002/0.000rad route=flat_bottom_center_to_bottom_left_reverse
[gazebo_track_car-2] [WARN] [1780984742.238245097] [gazebo_track_car]: JITTER events=3 reasons=yaw_step_error=0.192rad pos=(-0.451,-1.723) step=0.0032/0.0146m yaw=0.016/0.208rad route=flat_bottom_center_to_bottom_left_reverse
[gazebo_track_car-2] [INFO] [1780984742.539623512] [gazebo_track_car]: MOTION pos=(-0.488,-1.684) yaw=+1.905 v=0.193 step_err=0.0145m/0.382rad track_err=0.0515m footprint=road:10.98px route=flat_bottom_center_to_bottom_left_reverse cmd_vel=(0.187,-0.645)
[gazebo_track_car-2] [INFO] [1780984742.638897663] [gazebo_track_car]: route segment=flat_mid_center_to_bottom_center_reverse; previous=flat_bottom_center_to_bottom_left_reverse; distance=0.003m; decision=route/explore_coverage visit=1: flat_mid_center_to_bottom_center_reverse
[gazebo_track_car-2] [INFO] [1780984742.639901800] [gazebo_track_car]: ROUTE_PROGRESS_SYNC actual=(-0.499,-1.668) cmd_error=0.065m route_dist=0.017m yaw_error=0.268rad segment=flat_mid_center_to_bottom_center_reverse@0.063m->flat_mid_center_to_bottom_center_reverse@0.066m
[gazebo_track_car-2] [INFO] [1780984744.565059601] [gazebo_track_car]: MOTION pos=(-0.523,-1.184) yaw=+1.531 v=0.273 step_err=0.0226m/0.001rad track_err=0.0092m footprint=road:8.00px route=flat_mid_center_to_bottom_center_reverse cmd_vel=(0.272,+0.051)
[gazebo_track_car-2] [INFO] [1780984746.576931860] [gazebo_track_car]: MOTION pos=(-0.515,-0.631) yaw=+1.575 v=0.279 step_err=0.0212m/0.000rad track_err=0.0062m footprint=road:8.00px route=flat_mid_center_to_bottom_center_reverse cmd_vel=(0.279,-0.004)
[gazebo_track_car-2] [INFO] [1780984748.576419687] [gazebo_track_car]: MOTION pos=(-0.516,-0.074) yaw=+1.571 v=0.279 step_err=0.0215m/0.000rad track_err=0.0050m footprint=road:8.00px route=flat_mid_center_to_bottom_center_reverse cmd_vel=(0.279,-0.006)
[gazebo_track_car-2] [WARN] [1780984748.798432852] [gazebo_track_car]: JITTER events=9 reasons=speed_delta=0.043m/s pos=(-0.517,-0.013) step=0.0049/0.0000m yaw=0.003/0.000rad route=flat_mid_center_to_bottom_center_reverse
[gazebo_track_car-2] [WARN] [1780984750.199376061] [gazebo_track_car]: JITTER events=2 reasons=yaw_step_error=0.045rad pos=(-0.510,+0.208) step=0.0031/0.0147m yaw=0.017/0.062rad route=flat_mid_top_to_mid_center_reverse
[gazebo_track_car-2] [INFO] [1780984750.280517710] [gazebo_track_car]: route segment=flat_mid_top_to_mid_center_reverse; previous=flat_mid_center_to_bottom_center_reverse; distance=0.020m; decision=route/wheel_nearest: flat_mid_top_to_mid_center_reverse
[gazebo_track_car-2] [INFO] [1780984750.281338126] [gazebo_track_car]: ROUTE_PROGRESS_SYNC actual=(-0.502,+0.220) cmd_error=0.062m route_dist=0.061m yaw_error=0.532rad segment=flat_mid_top_to_mid_center_reverse@0.011m->flat_mid_top_to_mid_center_reverse@0.014m
[gazebo_track_car-2] [INFO] [1780984750.583814726] [gazebo_track_car]: MOTION pos=(-0.459,+0.258) yaw=+0.314 v=0.200 step_err=0.0107m/0.012rad track_err=0.0237m footprint=road:10.60px route=flat_mid_top_to_mid_center_reverse cmd_vel=(0.198,-0.628)
[gazebo_track_car-2] [INFO] [1780984752.602916662] [gazebo_track_car]: MOTION pos=(+0.042,+0.289) yaw=-0.042 v=0.272 step_err=0.0209m/0.001rad track_err=0.0095m footprint=road:5.00px route=flat_mid_top_to_mid_center_reverse cmd_vel=(0.272,+0.055)
[gazebo_track_car-2] [INFO] [1780984754.302974817] [gazebo_track_car]: route segment=flat_left_mid_to_mid_top_reverse; previous=flat_mid_top_to_mid_center_reverse; distance=0.013m; decision=route/explore_coverage visit=1: flat_left_mid_to_mid_top_reverse
[gazebo_track_car-2] [INFO] [1780984754.605211900] [gazebo_track_car]: MOTION pos=(+0.594,+0.280) yaw=+0.005 v=0.280 step_err=0.0246m/0.000rad track_err=0.0046m footprint=road:5.00px route=flat_left_mid_to_mid_top_reverse cmd_vel=(0.279,-0.004)
[gazebo_track_car-2] [INFO] [1780984756.628096214] [gazebo_track_car]: MOTION pos=(+1.157,+0.282) yaw=-0.000 v=0.279 step_err=0.0229m/0.000rad track_err=0.0050m footprint=road:5.00px route=flat_left_mid_to_mid_top_reverse cmd_vel=(0.279,-0.006)
[gazebo_track_car-2] [INFO] [1780984758.633188552] [gazebo_track_car]: MOTION pos=(+1.716,+0.282) yaw=-0.002 v=0.280 step_err=0.0232m/0.000rad track_err=0.0051m footprint=road:5.00px route=flat_left_mid_to_mid_top_reverse cmd_vel=(0.280,+0.001)
[gazebo_track_car-2] [WARN] [1780984759.256843963] [gazebo_track_car]: JITTER events=6 reasons=speed_delta=0.046m/s pos=(+1.888,+0.282) step=0.0049/0.0000m yaw=0.005/0.000rad route=flat_left_mid_to_mid_top_reverse
[gazebo_track_car-2] [WARN] [1780984760.637559997] [gazebo_track_car]: JITTER events=2 reasons=yaw_step_error=0.028rad pos=(+2.105,+0.276) step=0.0031/0.0148m yaw=0.016/0.044rad route=flat_left_lower_to_mid_reverse
[gazebo_track_car-2] [INFO] [1780984760.637858559] [gazebo_track_car]: MOTION pos=(+2.105,+0.276) yaw=-0.960 v=0.160 step_err=0.0117m/0.028rad track_err=0.0062m footprint=road:10.60px route=flat_left_lower_to_mid_reverse cmd_vel=(0.157,-0.885)
[gazebo_track_car-2] [INFO] [1780984760.736380584] [gazebo_track_car]: route segment=flat_left_lower_to_mid_reverse; previous=flat_left_mid_to_mid_top_reverse; distance=0.020m; decision=route/wheel_nearest: flat_left_lower_to_mid_reverse
[gazebo_track_car-2] [INFO] [1780984762.661575788] [gazebo_track_car]: MOTION pos=(+2.195,-0.171) yaw=-1.634 v=0.276 step_err=0.0223m/0.000rad track_err=0.0166m footprint=road:6.00px route=flat_left_lower_to_mid_reverse cmd_vel=(0.274,+0.039)
[gazebo_track_car-2] [INFO] [1780984764.659331435] [gazebo_track_car]: MOTION pos=(+2.178,-0.719) yaw=-1.568 v=0.279 step_err=0.0271m/0.000rad track_err=0.0015m footprint=road:6.00px route=flat_left_lower_to_mid_reverse cmd_vel=(0.279,+0.005)
[gazebo_track_car-2] [WARN] [1780984766.604062254] [gazebo_track_car]: JITTER events=4 reasons=speed_delta=0.039m/s pos=(+2.181,-1.260) step=0.0050/0.0000m yaw=0.004/0.000rad route=flat_left_lower_to_mid_reverse
[gazebo_track_car-2] [INFO] [1780984766.682522520] [gazebo_track_car]: MOTION pos=(+2.181,-1.280) yaw=-1.586 v=0.257 step_err=0.0174m/0.003rad track_err=0.0098m footprint=road:6.00px route=flat_left_lower_to_mid_reverse cmd_vel=(0.224,-0.386)
[gazebo_track_car-2] [WARN] [1780984767.685682477] [gazebo_track_car]: JITTER events=1 reasons=yaw_step_error=0.102rad pos=(+2.172,-1.480) step=0.0040/0.0190m yaw=0.013/0.114rad route=flat_left_lower_to_mid_reverse
[gazebo_track_car-2] [INFO] [1780984767.873882281] [gazebo_track_car]: route segment=flat_bottom_left_corner_reverse; previous=flat_left_lower_to_mid_reverse; distance=0.020m; decision=route/wheel_nearest: flat_bottom_left_corner_reverse
[gazebo_track_car-2] [INFO] [1780984768.685993420] [gazebo_track_car]: MOTION pos=(+2.031,-1.643) yaw=-2.681 v=0.226 step_err=0.0180m/0.009rad track_err=0.0151m footprint=road:5.39px route=flat_bottom_left_corner_reverse cmd_vel=(0.218,-0.448)
[gazebo_track_car-2] [WARN] [1780984769.383721164] [gazebo_track_car]: JITTER events=3 reasons=yaw_step_error=0.064rad pos=(+1.889,-1.712) step=0.0047/0.0233m yaw=0.006/0.070rad route=flat_bottom_left_corner_reverse
[gazebo_track_car-2] [INFO] [1780984769.583841399] [gazebo_track_car]: route segment=flat_bottom_center_to_bottom_left_reverse; previous=flat_bottom_left_corner_reverse; distance=0.024m; decision=route/wheel_nearest: flat_bottom_center_to_bottom_left_reverse
[gazebo_track_car-2] [INFO] [1780984770.706667218] [gazebo_track_car]: MOTION pos=(+1.550,-1.742) yaw=+3.122 v=0.275 step_err=0.0214m/0.001rad track_err=0.0096m footprint=road:4.00px route=flat_bottom_center_to_bottom_left_reverse cmd_vel=(0.277,-0.019)
[gazebo_track_car-2] [INFO] [1780984772.710244156] [gazebo_track_car]: MOTION pos=(+0.995,-1.734) yaw=+3.141 v=0.279 step_err=0.0234m/0.000rad track_err=0.0050m footprint=road:4.00px route=flat_bottom_center_to_bottom_left_reverse cmd_vel=(0.279,+0.007)
[gazebo_track_car-2] [INFO] [1780984774.713956460] [gazebo_track_car]: MOTION pos=(+0.436,-1.735) yaw=-3.140 v=0.279 step_err=0.0226m/0.000rad track_err=0.0059m footprint=road:4.00px route=flat_bottom_center_to_bottom_left_reverse cmd_vel=(0.279,-0.007)
[gazebo_track_car-2] [INFO] [1780984776.736178949] [gazebo_track_car]: MOTION pos=(-0.127,-1.735) yaw=+3.141 v=0.279 step_err=0.0229m/0.000rad track_err=0.0050m footprint=road:4.00px route=flat_bottom_center_to_bottom_left_reverse cmd_vel=(0.279,-0.005)
[gazebo_track_car-2] [INFO] [1780984778.227814909] [gazebo_track_car]: route segment=flat_bottom_right_to_bottom_center_reverse; previous=flat_bottom_center_to_bottom_left_reverse; distance=0.025m; decision=route/explore_coverage visit=2: flat_bottom_right_to_bottom_center_reverse
[WARNING] [launch]: user interrupted with ctrl-c (SIGINT)
[INFO] [gazebo_track_car-2]: sending signal 'SIGINT' to process[gazebo_track_car-2]
[INFO] [gzserver-1]: sending signal 'SIGINT' to process[gzserver-1]
[INFO] [gazebo_track_car-2]: process has finished cleanly [pid 36111]
[ERROR] [gzserver-1]: process has died [pid 36109, exit code -2, cmd 'gzserver /home/quocbao/my_robot_vision_full_project/my_robot_vision/mirrored_world_lab/generated/autonomous_map_3d_mirror_x_signless_full_map_rotated_pi.world                                                                      -s libgazebo_ros_init.so   -s libgazebo_ros_factory.so   -s libgazebo_ros_force_system.so       '].
