[INFO] [launch]: All log files can be found below /home/quocbao/.ros/log/2026-06-08-23-33-28-703320-ubuntu-40621
[INFO] [launch]: Default logging verbosity is set to INFO
[INFO] [gzserver-1]: process started with pid [40637]
[INFO] [gazebo_track_car-2]: process started with pid [40640]
[gazebo_track_car-2] [INFO] [1780986809.283878012] [gazebo_track_car]: [MAP_TRANSFORM] image=256x256 path=/home/quocbao/my_robot_vision_full_project/my_robot_vision/models/autonomous_map_3d/materials/textures/autonomous_map_visual.png map_size=6.000x6.000m px_per_m_x=42.667 px_per_m_y=42.667 route_offset=(+0.000,+0.300)m map_visual_offset=(+0.000,+0.300)m
[gazebo_track_car-2] [INFO] [1780986809.428009680] [gazebo_track_car]: [FOOTPRINT_CHECK] samples=1588 center_off_road=0 center_outside_safe=1005 failures=0 min_footprint_clearance=3.20px footprint=front:0.165m rear:0.145m half_width:0.115m
[gazebo_track_car-2] [INFO] [1780986809.428296881] [gazebo_track_car]: [FOOTPRINT_CHECK] overlays=/tmp/gazebo_route_mask_debug.png, /tmp/gazebo_route_centerline_debug.png, /tmp/gazebo_route_footprint_debug.png
[gazebo_track_car-2] [INFO] [1780986809.513994239] [gazebo_track_car]: SAFE_ROUTE_VERSION=semantic_parking_spawn_turn_guard_v31; direction=reversed to match map arrows; clearance=12px; drive_wheels=True; route_offset=(+0.000,+0.300)m; start_distance=0.000m; route_explore=True branch_probability=0.35; sign_detection=off roi=0.08-0.82; map_visual_offset=(+0.000,+0.300)m; base_speed=0.28m/s speed_limit=0.14m/s; traffic_light=fixed state=green green=5.0s yellow=1.0s red=8.0s trigger_distance=1.70m stop_distance=0.85m min_stop=2.0s camera=off topic=/track_preview_car/camera/image_raw fill>=0.42 slow_area>=45px stop_area>=160px distance_gate=on; camera_sign_templates=5 sign_score>=0.32 sign_stable=2; wheel_controller lookahead=0.32m parking_lookahead=0.20m heading_gain=3.80 max_wz=2.80rad/s rotate_heading>1.05rad; nearest_route=True nearest_dist<=0.65m; yaw_limits=1.80rad/s/4.00rad/s2; route_rejoin=False outer_only=True cmd_error>0.30m max_route_dist=0.55m; progress_sync=True cmd_error>0.06m route_dist<=0.20m yaw<=1.20rad; initial_pose_reset=False tol=0.12m/0.35rad; segments=18; route_points=36.
[gazebo_track_car-2] [INFO] [1780986809.514400905] [gazebo_track_car]: Motion log uses /model_states and /track_preview_car/cmd_vel: MOTION every 2.00s, JITTER at most every 1.00s, verbose=False; jitter thresholds xy_step_delta=0.0060m, cmd_error=0.050m, z_delta=0.0005m, tilt=0.0030rad, speed_delta=0.030m/s, yaw_step_error=0.025rad, yaw_rate_delta=0.400rad/s.
[gzserver-1] [INFO] [1780986810.841730715] [track_preview_car.front_camera_controller]: Publishing camera info to [/track_preview_car/camera/camera_info]
[gzserver-1] [INFO] [1780986810.852999116] [gazebo_ros_state]: Publishing states of gazebo models at [/model_states]
[gzserver-1] [INFO] [1780986810.853670671] [gazebo_ros_state]: Publishing states of gazebo links at [/link_states]
[gzserver-1] [INFO] [1780986810.867932688] [track_preview_car.track_preview_car_diff_drive]: Wheel pair 1 separation set to [0.176000m]
[gzserver-1] [INFO] [1780986810.867987652] [track_preview_car.track_preview_car_diff_drive]: Wheel pair 1 diameter set to [0.060000m]
[gzserver-1] [INFO] [1780986810.868646874] [track_preview_car.track_preview_car_diff_drive]: Subscribed to [/track_preview_car/cmd_vel]
[gzserver-1] [INFO] [1780986810.869416605] [track_preview_car.track_preview_car_diff_drive]: Advertise odometry on [/track_preview_car/odom]
[gazebo_track_car-2] [INFO] [1780986810.895057761] [gazebo_track_car]: wheel controller synced route progress from initial model pose; segment=flat_left_mid_to_top_reverse@0.000m route_dist=0.000m startup_gate=1.250m
[gazebo_track_car-2] [INFO] [1780986810.945460355] [gazebo_track_car]: traffic light is now GREEN.
[gazebo_track_car-2] [INFO] [1780986812.965518389] [gazebo_track_car]: MOTION pos=(+2.180,+1.558) yaw=-1.571 v=0.280 step_err=0.0227m/0.000rad track_err=0.0050m footprint=road:6.00px route=flat_left_mid_to_top_reverse cmd_vel=(0.280,-0.000)
[gazebo_track_car-2] [INFO] [1780986815.082883459] [gazebo_track_car]: MOTION pos=(+2.180,+0.970) yaw=-1.571 v=0.280 step_err=0.0210m/0.000rad track_err=0.0064m footprint=road:6.39px route=flat_left_mid_to_top_reverse cmd_vel=(0.280,+0.000)
[gazebo_track_car-2] [INFO] [1780986816.577268084] [gazebo_track_car]: route segment=flat_left_lower_to_mid_reverse; previous=flat_left_mid_to_top_reverse; distance=0.026m; decision=route/explore_coverage visit=0: flat_left_lower_to_mid_reverse
[gazebo_track_car-2] [INFO] [1780986817.084109723] [gazebo_track_car]: MOTION pos=(+2.180,+0.410) yaw=-1.571 v=0.280 step_err=0.0224m/0.000rad track_err=0.0056m footprint=road:6.59px route=flat_left_lower_to_mid_reverse cmd_vel=(0.280,-0.000)
[gazebo_track_car-2] [INFO] [1780986819.110521159] [gazebo_track_car]: MOTION pos=(+2.180,-0.156) yaw=-1.571 v=0.280 step_err=0.0244m/0.000rad track_err=0.0053m footprint=road:6.00px route=flat_left_lower_to_mid_reverse cmd_vel=(0.280,-0.000)
[gazebo_track_car-2] [INFO] [1780986821.116823067] [gazebo_track_car]: MOTION pos=(+2.180,-0.715) yaw=-1.571 v=0.280 step_err=0.0221m/0.000rad track_err=0.0053m footprint=road:6.00px route=flat_left_lower_to_mid_reverse cmd_vel=(0.280,+0.000)
[gazebo_track_car-2] [WARN] [1780986822.040794391] [gazebo_track_car]: JITTER events=4 reasons=speed_delta=0.031m/s pos=(+2.180,-0.971) step=0.0049/0.0000m yaw=0.004/0.000rad route=flat_left_lower_to_mid_reverse
[gazebo_track_car-2] [WARN] [1780986823.119870086] [gazebo_track_car]: JITTER events=1 reasons=yaw_step_error=0.189rad pos=(+2.170,-1.187) step=0.0040/0.0187m yaw=0.013/0.202rad route=flat_bottom_left_corner_reverse
[gazebo_track_car-2] [INFO] [1780986823.120185540] [gazebo_track_car]: MOTION pos=(+2.170,-1.187) yaw=-2.217 v=0.195 step_err=0.0147m/0.189rad track_err=0.0107m footprint=road:5.79px route=flat_bottom_left_corner_reverse cmd_vel=(0.197,-0.670)
[gazebo_track_car-2] [INFO] [1780986823.214006572] [gazebo_track_car]: route segment=flat_bottom_left_corner_reverse; previous=flat_left_lower_to_mid_reverse; distance=0.020m; decision=route/wheel_nearest: flat_bottom_left_corner_reverse
[gazebo_track_car-2] [INFO] [1780986824.823850860] [gazebo_track_car]: route segment=flat_bottom_center_to_bottom_left_reverse; previous=flat_bottom_left_corner_reverse; distance=0.000m; decision=route/wheel_nearest: flat_bottom_center_to_bottom_left_reverse
[gazebo_track_car-2] [WARN] [1780986824.843203691] [gazebo_track_car]: JITTER events=2 reasons=yaw_step_error=0.484rad,cmd_xy_error=0.0518m pos=(+1.876,-1.416) step=0.0047/0.0836m yaw=0.006/0.490rad route=flat_bottom_center_to_bottom_left_reverse
[gazebo_track_car-2] [INFO] [1780986825.141839895] [gazebo_track_car]: MOTION pos=(+1.805,-1.430) yaw=-3.060 v=0.249 step_err=0.0047m/0.004rad track_err=0.0042m footprint=road:4.00px route=flat_bottom_center_to_bottom_left_reverse cmd_vel=(0.250,-0.206)
[gazebo_track_car-2] [INFO] [1780986827.148975583] [gazebo_track_car]: MOTION pos=(+1.263,-1.436) yaw=+3.130 v=0.277 step_err=0.0216m/0.000rad track_err=0.0058m footprint=road:4.00px route=flat_bottom_center_to_bottom_left_reverse cmd_vel=(0.277,+0.019)
[gazebo_track_car-2] [INFO] [1780986829.149210385] [gazebo_track_car]: MOTION pos=(+0.705,-1.434) yaw=-3.139 v=0.280 step_err=0.0056m/0.000rad track_err=0.0338m footprint=road:4.00px route=flat_bottom_center_to_bottom_left_reverse cmd_vel=(0.280,-0.002)
[gazebo_track_car-2] [INFO] [1780986831.171322476] [gazebo_track_car]: MOTION pos=(+0.142,-1.435) yaw=-3.142 v=0.279 step_err=0.0229m/0.000rad track_err=0.0045m footprint=road:4.00px route=flat_bottom_center_to_bottom_left_reverse cmd_vel=(0.279,-0.006)
[gazebo_track_car-2] [WARN] [1780986832.497919000] [gazebo_track_car]: JITTER events=2 reasons=speed_delta=0.062m/s,yaw_rate_delta=0.417rad/s pos=(-0.226,-1.435) step=0.0048/0.0000m yaw=0.004/0.000rad route=flat_bottom_center_to_bottom_left_reverse
[gazebo_track_car-2] [INFO] [1780986833.176904685] [gazebo_track_car]: MOTION pos=(-0.347,-1.450) yaw=+2.738 v=0.136 step_err=0.0108m/0.015rad track_err=0.0163m footprint=road:9.39px route=flat_bottom_center_to_bottom_left_reverse cmd_vel=(0.118,-0.862)
[gazebo_track_car-2] [WARN] [1780986833.873492250] [gazebo_track_car]: JITTER events=3 reasons=yaw_step_error=0.044rad pos=(-0.442,-1.429) step=0.0032/0.0151m yaw=0.016/0.061rad route=flat_bottom_center_to_bottom_left_reverse
[gazebo_track_car-2] [INFO] [1780986834.375488516] [gazebo_track_car]: route segment=flat_mid_center_to_bottom_center_reverse; previous=flat_bottom_center_to_bottom_left_reverse; distance=0.011m; decision=route/explore_coverage visit=0: flat_mid_center_to_bottom_center_reverse
[gazebo_track_car-2] [INFO] [1780986834.376551409] [gazebo_track_car]: ROUTE_PROGRESS_SYNC actual=(-0.502,-1.362) cmd_error=0.064m route_dist=0.014m yaw_error=0.244rad segment=flat_mid_center_to_bottom_center_reverse@0.069m->flat_mid_center_to_bottom_center_reverse@0.073m
[gazebo_track_car-2] [INFO] [1780986835.196942474] [gazebo_track_car]: MOTION pos=(-0.537,-1.174) yaw=+1.540 v=0.258 step_err=0.0242m/0.003rad track_err=0.0222m footprint=road:9.00px route=flat_mid_center_to_bottom_center_reverse cmd_vel=(0.262,-0.118)
[gazebo_track_car-2] [INFO] [1780986837.200862509] [gazebo_track_car]: MOTION pos=(-0.515,-0.628) yaw=+1.565 v=0.276 step_err=0.0221m/0.000rad track_err=0.0052m footprint=road:8.00px route=flat_mid_center_to_bottom_center_reverse cmd_vel=(0.277,+0.022)
[gazebo_track_car-2] [INFO] [1780986839.204068818] [gazebo_track_car]: MOTION pos=(-0.516,-0.070) yaw=+1.573 v=0.278 step_err=0.0223m/0.000rad track_err=0.0002m footprint=road:8.00px route=flat_mid_center_to_bottom_center_reverse cmd_vel=(0.279,-0.009)
[gazebo_track_car-2] [WARN] [1780986840.542145616] [gazebo_track_car]: JITTER events=11 reasons=speed_delta=0.057m/s pos=(-0.517,+0.302) step=0.0047/0.0000m yaw=0.004/0.000rad route=flat_mid_center_to_bottom_center_reverse
[gazebo_track_car-2] [INFO] [1780986841.223842530] [gazebo_track_car]: MOTION pos=(-0.532,+0.418) yaw=+1.134 v=0.135 step_err=0.0110m/0.016rad track_err=0.0168m footprint=road:8.79px route=flat_mid_center_to_bottom_center_reverse cmd_vel=(0.118,-0.866)
[gazebo_track_car-2] [WARN] [1780986841.925139349] [gazebo_track_car]: JITTER events=1 reasons=yaw_step_error=0.134rad pos=(-0.506,+0.513) step=0.0031/0.0148m yaw=0.015/0.149rad route=flat_mid_top_to_mid_center_reverse
[gazebo_track_car-2] [INFO] [1780986842.017045196] [gazebo_track_car]: route segment=flat_mid_top_to_mid_center_reverse; previous=flat_mid_center_to_bottom_center_reverse; distance=0.024m; decision=route/wheel_nearest: flat_mid_top_to_mid_center_reverse
[gazebo_track_car-2] [INFO] [1780986843.228599431] [gazebo_track_car]: MOTION pos=(-0.243,+0.604) yaw=-0.039 v=0.260 step_err=0.0210m/0.003rad track_err=0.0231m footprint=road:6.39px route=flat_mid_top_to_mid_center_reverse cmd_vel=(0.265,-0.101)
[gazebo_track_car-2] [INFO] [1780986845.246034925] [gazebo_track_car]: MOTION pos=(+0.309,+0.581) yaw=-0.004 v=0.276 step_err=0.0210m/0.000rad track_err=0.0056m footprint=road:5.00px route=flat_mid_top_to_mid_center_reverse cmd_vel=(0.277,+0.020)
[gazebo_track_car-2] [INFO] [1780986845.935588395] [gazebo_track_car]: route segment=flat_left_mid_to_mid_top_reverse; previous=flat_mid_top_to_mid_center_reverse; distance=0.006m; decision=route/explore_coverage visit=0: flat_left_mid_to_mid_top_reverse
[gazebo_track_car-2] [INFO] [1780986847.251250670] [gazebo_track_car]: MOTION pos=(+0.867,+0.581) yaw=+0.002 v=0.278 step_err=0.0220m/0.000rad track_err=0.0053m footprint=road:9.80px route=flat_left_mid_to_mid_top_reverse cmd_vel=(0.279,-0.009)
[gazebo_track_car-2] [INFO] [1780986849.253762671] [gazebo_track_car]: MOTION pos=(+1.424,+0.582) yaw=-0.000 v=0.279 step_err=0.0056m/0.000rad track_err=0.0276m footprint=road:4.00px route=flat_left_mid_to_mid_top_reverse cmd_vel=(0.279,-0.005)
[gazebo_track_car-2] [WARN] [1780986850.893936682] [gazebo_track_car]: JITTER events=3 reasons=speed_delta=0.035m/s pos=(+1.882,+0.582) step=0.0051/0.0000m yaw=0.003/0.000rad route=flat_left_mid_to_mid_top_reverse
[gazebo_track_car-2] [INFO] [1780986851.281929407] [gazebo_track_car]: MOTION pos=(+1.968,+0.590) yaw=-0.173 v=0.175 step_err=0.0161m/0.013rad track_err=0.0100m footprint=road:7.59px route=flat_left_mid_to_mid_top_reverse cmd_vel=(0.140,-0.792)
[gazebo_track_car-2] [INFO] [1780986852.370477142] [gazebo_track_car]: route segment=flat_left_lower_to_mid_reverse; previous=flat_left_mid_to_mid_top_reverse; distance=0.019m; decision=route/wheel_nearest: flat_left_lower_to_mid_reverse
[gazebo_track_car-2] [INFO] [1780986852.386581041] [gazebo_track_car]: ROUTE_PROGRESS_SYNC actual=(+2.119,+0.567) cmd_error=0.061m route_dist=0.060m yaw_error=0.526rad segment=flat_left_lower_to_mid_reverse@0.012m->flat_left_lower_to_mid_reverse@0.014m
[gazebo_track_car-2] [WARN] [1780986852.387077707] [gazebo_track_car]: JITTER events=2 reasons=yaw_step_error=1.554rad,cmd_xy_error=0.0605m pos=(+2.119,+0.567) step=0.0034/0.0813m yaw=0.017/1.571rad route=flat_left_lower_to_mid_reverse
[gazebo_track_car-2] [INFO] [1780986853.284484817] [gazebo_track_car]: MOTION pos=(+2.198,+0.396) yaw=-1.543 v=0.240 step_err=0.0186m/0.006rad track_err=0.0184m footprint=road:7.39px route=flat_left_lower_to_mid_reverse cmd_vel=(0.244,-0.249)
[gazebo_track_car-2] [INFO] [1780986855.306559572] [gazebo_track_car]: MOTION pos=(+2.180,-0.149) yaw=-1.584 v=0.274 step_err=0.0269m/0.001rad track_err=0.0052m footprint=road:6.00px route=flat_left_lower_to_mid_reverse cmd_vel=(0.275,+0.033)
[gazebo_track_car-2] [INFO] [1780986857.401021535] [gazebo_track_car]: MOTION pos=(+2.180,-0.727) yaw=-1.568 v=0.278 step_err=0.0223m/0.000rad track_err=0.0053m footprint=road:6.00px route=flat_left_lower_to_mid_reverse cmd_vel=(0.279,-0.009)
[gazebo_track_car-2] [WARN] [1780986858.223622402] [gazebo_track_car]: JITTER events=5 reasons=speed_delta=0.040m/s pos=(+2.180,-0.955) step=0.0050/0.0000m yaw=0.004/0.000rad route=flat_left_lower_to_mid_reverse
[gazebo_track_car-2] [WARN] [1780986859.325353606] [gazebo_track_car]: JITTER events=1 reasons=yaw_step_error=0.052rad pos=(+2.172,-1.180) step=0.0040/0.0192m yaw=0.013/0.065rad route=flat_left_lower_to_mid_reverse
[gazebo_track_car-2] [INFO] [1780986859.406643817] [gazebo_track_car]: MOTION pos=(+2.166,-1.194) yaw=-2.244 v=0.202 step_err=0.0040m/0.013rad track_err=0.0256m footprint=road:5.79px route=flat_left_lower_to_mid_reverse cmd_vel=(0.193,-0.639)
[gazebo_track_car-2] [INFO] [1780986859.407415562] [gazebo_track_car]: route segment=flat_bottom_left_corner_reverse; previous=flat_left_lower_to_mid_reverse; distance=0.000m; decision=route/wheel_nearest: flat_bottom_left_corner_reverse
[gazebo_track_car-2] [WARN] [1780986861.031070139] [gazebo_track_car]: JITTER events=2 reasons=yaw_step_error=0.051rad pos=(+1.890,-1.411) step=0.0046/0.0231m yaw=0.007/0.058rad route=flat_bottom_left_corner_reverse
[gazebo_track_car-2] [INFO] [1780986861.216188546] [gazebo_track_car]: route segment=flat_bottom_center_to_bottom_left_reverse; previous=flat_bottom_left_corner_reverse; distance=0.024m; decision=route/wheel_nearest: flat_bottom_center_to_bottom_left_reverse
[gazebo_track_car-2] [INFO] [1780986861.430133427] [gazebo_track_car]: MOTION pos=(+1.796,-1.432) yaw=-3.065 v=0.248 step_err=0.0021m/0.004rad track_err=0.0058m footprint=road:4.39px route=flat_bottom_center_to_bottom_left_reverse cmd_vel=(0.250,-0.207)
[gazebo_track_car-2] [INFO] [1780986863.432912825] [gazebo_track_car]: MOTION pos=(+1.254,-1.436) yaw=+3.130 v=0.277 step_err=0.0210m/0.000rad track_err=0.0066m footprint=road:4.00px route=flat_bottom_center_to_bottom_left_reverse cmd_vel=(0.277,+0.020)
[gazebo_track_car-2] [INFO] [1780986865.452513057] [gazebo_track_car]: MOTION pos=(+0.691,-1.434) yaw=-3.139 v=0.279 step_err=0.0274m/0.000rad track_err=0.0056m footprint=road:4.00px route=flat_bottom_center_to_bottom_left_reverse cmd_vel=(0.279,-0.005)
[gazebo_track_car-2] [INFO] [1780986867.454592146] [gazebo_track_car]: MOTION pos=(+0.133,-1.435) yaw=+3.142 v=0.279 step_err=0.0209m/0.000rad track_err=0.0056m footprint=road:4.00px route=flat_bottom_center_to_bottom_left_reverse cmd_vel=(0.279,-0.006)
[gazebo_track_car-2] [INFO] [1780986869.456738954] [gazebo_track_car]: MOTION pos=(-0.426,-1.435) yaw=+3.140 v=0.280 step_err=0.0227m/0.000rad track_err=0.0050m footprint=road:9.20px route=flat_bottom_center_to_bottom_left_reverse cmd_vel=(0.280,+0.001)
[gazebo_track_car-2] [INFO] [1780986869.855768147] [gazebo_track_car]: route segment=flat_bottom_right_to_bottom_center_reverse; previous=flat_bottom_center_to_bottom_left_reverse; distance=0.016m; decision=route/explore_coverage visit=0: flat_bottom_right_to_bottom_center_reverse
[gazebo_track_car-2] [INFO] [1780986871.482598538] [gazebo_track_car]: MOTION pos=(-0.990,-1.434) yaw=-3.142 v=0.280 step_err=0.0210m/0.000rad track_err=0.0061m footprint=road:4.00px route=flat_bottom_right_to_bottom_center_reverse cmd_vel=(0.280,+0.001)
[gazebo_track_car-2] [WARN] [1780986873.405478094] [gazebo_track_car]: JITTER events=3 reasons=speed_delta=0.056m/s pos=(-1.526,-1.435) step=0.0048/0.0000m yaw=0.003/0.000rad route=flat_bottom_right_to_bottom_center_reverse
[gazebo_track_car-2] [INFO] [1780986873.484667106] [gazebo_track_car]: MOTION pos=(-1.547,-1.436) yaw=+3.126 v=0.261 step_err=0.0216m/0.003rad track_err=0.0046m footprint=road:4.00px route=flat_bottom_right_to_bottom_center_reverse cmd_vel=(0.249,-0.208)
[gazebo_track_car-2] [WARN] [1780986874.386358538] [gazebo_track_car]: JITTER events=3 reasons=yaw_step_error=0.134rad pos=(-1.761,-1.427) step=0.0048/0.0241m yaw=0.006/0.140rad route=flat_bottom_right_to_bottom_center_reverse
[gazebo_track_car-2] [INFO] [1780986874.582058906] [gazebo_track_car]: route segment=flat_bottom_right_corner_reverse; previous=flat_bottom_right_to_bottom_center_reverse; distance=0.025m; decision=route/wheel_nearest: flat_bottom_right_corner_reverse
[gazebo_track_car-2] [INFO] [1780986875.486912086] [gazebo_track_car]: MOTION pos=(-2.007,-1.349) yaw=+2.498 v=0.195 step_err=0.0187m/0.014rad track_err=0.0145m footprint=road:5.00px route=flat_bottom_right_corner_reverse cmd_vel=(0.186,-0.700)
[gazebo_track_car-2] [WARN] [1780986876.206649655] [gazebo_track_car]: JITTER events=4 reasons=yaw_step_error=0.165rad pos=(-2.122,-1.270) step=0.0040/0.0192m yaw=0.013/0.177rad route=flat_right_mid_to_lower_reverse
[gazebo_track_car-2] [INFO] [1780986876.288370519] [gazebo_track_car]: route segment=flat_right_mid_to_lower_reverse; previous=flat_bottom_right_corner_reverse; distance=0.020m; decision=route/wheel_nearest: flat_right_mid_to_lower_reverse
[gazebo_track_car-2] [INFO] [1780986877.509479685] [gazebo_track_car]: MOTION pos=(-2.195,-0.980) yaw=+1.548 v=0.265 step_err=0.0205m/0.002rad track_err=0.0162m footprint=road:6.00px route=flat_right_mid_to_lower_reverse cmd_vel=(0.268,-0.078)
