[INFO] [launch]: All log files can be found below /home/quocbao/.ros/log/2026-06-08-23-53-47-214951-ubuntu-42236
[INFO] [launch]: Default logging verbosity is set to INFO
[INFO] [gzserver-1]: process started with pid [42252]
[INFO] [gazebo_track_car-2]: process started with pid [42254]
[gzserver-1] [37;1m2026-06-08 23:53:47.681 [31;1m[[37;1mPARTICIPANT[31;1m Error] [37mType with the same name already exists:rosgraph_msgs::msg::dds_::Clock_[34;1m -> Function [36mregisterType[m
[gazebo_track_car-2] [INFO] [1780988027.818625112] [gazebo_track_car]: [MAP_TRANSFORM] image=256x256 path=/home/quocbao/my_robot_vision_full_project/my_robot_vision/models/autonomous_map_3d/materials/textures/autonomous_map_visual.png map_size=6.000x6.000m px_per_m_x=42.667 px_per_m_y=42.667 route_offset=(+0.000,+0.300)m map_visual_offset=(+0.000,+0.300)m
[gazebo_track_car-2] [INFO] [1780988027.949902808] [gazebo_track_car]: [FOOTPRINT_CHECK] samples=1588 center_off_road=0 center_outside_safe=1005 failures=0 min_footprint_clearance=3.20px footprint=front:0.165m rear:0.145m half_width:0.115m
[gazebo_track_car-2] [INFO] [1780988027.950186720] [gazebo_track_car]: [FOOTPRINT_CHECK] overlays=/tmp/gazebo_route_mask_debug.png, /tmp/gazebo_route_centerline_debug.png, /tmp/gazebo_route_footprint_debug.png
[gazebo_track_car-2] [INFO] [1780988028.026644027] [gazebo_track_car]: SAFE_ROUTE_VERSION=semantic_parking_spawn_turn_guard_v31; direction=reversed to match map arrows; clearance=12px; drive_wheels=True; route_offset=(+0.000,+0.300)m; start_distance=0.000m; route_explore=True branch_probability=0.35; sign_detection=off roi=0.08-0.82; map_visual_offset=(+0.000,+0.300)m; base_speed=0.28m/s speed_limit=0.14m/s; traffic_light=fixed state=green green=5.0s yellow=1.0s red=8.0s trigger_distance=1.70m stop_distance=0.85m min_stop=2.0s camera=off topic=/track_preview_car/camera/image_raw fill>=0.42 slow_area>=45px stop_area>=160px distance_gate=on; camera_sign_templates=5 sign_score>=0.32 sign_stable=2; wheel_controller lookahead=0.32m parking_lookahead=0.20m heading_gain=3.80 max_wz=2.80rad/s rotate_heading>1.05rad; nearest_route=True nearest_dist<=0.65m; yaw_limits=1.80rad/s/4.00rad/s2; route_rejoin=False outer_only=True cmd_error>0.30m max_route_dist=0.55m; progress_sync=True cmd_error>0.06m route_dist<=0.20m yaw<=1.20rad; initial_pose_reset=False tol=0.12m/0.35rad; segments=18; route_points=37.
[gazebo_track_car-2] [INFO] [1780988028.026928910] [gazebo_track_car]: Motion log uses /model_states and /track_preview_car/cmd_vel: MOTION every 2.00s, JITTER at most every 1.00s, verbose=False; jitter thresholds xy_step_delta=0.0060m, cmd_error=0.050m, z_delta=0.0005m, tilt=0.0030rad, speed_delta=0.030m/s, yaw_step_error=0.025rad, yaw_rate_delta=0.400rad/s.
[gzserver-1] [INFO] [1780988029.313843236] [track_preview_car.front_camera_controller]: Publishing camera info to [/track_preview_car/camera/camera_info]
[gzserver-1] [INFO] [1780988029.326638371] [gazebo_ros_state]: Publishing states of gazebo models at [/model_states]
[gzserver-1] [INFO] [1780988029.326897245] [gazebo_ros_state]: Publishing states of gazebo links at [/link_states]
[gzserver-1] [INFO] [1780988029.342101978] [track_preview_car.track_preview_car_diff_drive]: Wheel pair 1 separation set to [0.176000m]
[gzserver-1] [INFO] [1780988029.342584087] [track_preview_car.track_preview_car_diff_drive]: Wheel pair 1 diameter set to [0.060000m]
[gzserver-1] [INFO] [1780988029.343413055] [track_preview_car.track_preview_car_diff_drive]: Subscribed to [/track_preview_car/cmd_vel]
[gzserver-1] [INFO] [1780988029.344385170] [track_preview_car.track_preview_car_diff_drive]: Advertise odometry on [/track_preview_car/odom]
[gazebo_track_car-2] [INFO] [1780988029.372408549] [gazebo_track_car]: wheel controller synced route progress from initial model pose; segment=flat_left_mid_to_top_reverse@0.000m route_dist=0.000m startup_gate=1.250m
[gazebo_track_car-2] [INFO] [1780988029.417820281] [gazebo_track_car]: traffic light is now GREEN.
[gazebo_track_car-2] [INFO] [1780988031.438766416] [gazebo_track_car]: MOTION pos=(+2.180,+1.558) yaw=-1.571 v=0.280 step_err=0.0221m/0.000rad track_err=0.0056m footprint=road:6.00px route=flat_left_mid_to_top_reverse cmd_vel=(0.280,-0.000)
[gazebo_track_car-2] [INFO] [1780988033.554675413] [gazebo_track_car]: MOTION pos=(+2.180,+0.970) yaw=-1.571 v=0.280 step_err=0.0213m/0.000rad track_err=0.0062m footprint=road:6.39px route=flat_left_mid_to_top_reverse cmd_vel=(0.280,+0.000)
[gazebo_track_car-2] [INFO] [1780988035.044381520] [gazebo_track_car]: route segment=flat_left_lower_to_mid_reverse; previous=flat_left_mid_to_top_reverse; distance=0.027m; decision=route/explore_coverage visit=0: flat_left_lower_to_mid_reverse
[gazebo_track_car-2] [INFO] [1780988035.552644817] [gazebo_track_car]: MOTION pos=(+2.180,+0.410) yaw=-1.571 v=0.280 step_err=0.0230m/0.000rad track_err=0.0050m footprint=road:6.59px route=flat_left_lower_to_mid_reverse cmd_vel=(0.280,-0.000)
[gazebo_track_car-2] [INFO] [1780988037.558915314] [gazebo_track_car]: MOTION pos=(+2.180,-0.150) yaw=-1.571 v=0.280 step_err=0.0056m/0.000rad track_err=0.0280m footprint=road:6.00px route=flat_left_lower_to_mid_reverse cmd_vel=(0.280,-0.000)
[gazebo_track_car-2] [INFO] [1780988039.581477154] [gazebo_track_car]: MOTION pos=(+2.180,-0.715) yaw=-1.571 v=0.280 step_err=0.0227m/0.000rad track_err=0.0059m footprint=road:6.00px route=flat_left_lower_to_mid_reverse cmd_vel=(0.280,+0.000)
[gazebo_track_car-2] [WARN] [1780988040.504465717] [gazebo_track_car]: JITTER events=4 reasons=speed_delta=0.031m/s pos=(+2.180,-0.971) step=0.0049/0.0000m yaw=0.004/0.000rad route=flat_left_lower_to_mid_reverse
[gazebo_track_car-2] [WARN] [1780988041.582606537] [gazebo_track_car]: JITTER events=1 reasons=yaw_step_error=0.192rad pos=(+2.170,-1.187) step=0.0040/0.0187m yaw=0.013/0.205rad route=flat_bottom_left_corner_reverse
[gazebo_track_car-2] [INFO] [1780988041.582958138] [gazebo_track_car]: MOTION pos=(+2.170,-1.187) yaw=-2.218 v=0.201 step_err=0.0147m/0.192rad track_err=0.0107m footprint=road:5.79px route=flat_bottom_left_corner_reverse cmd_vel=(0.197,-0.668)
[gazebo_track_car-2] [INFO] [1780988041.681301713] [gazebo_track_car]: route segment=flat_bottom_left_corner_reverse; previous=flat_left_lower_to_mid_reverse; distance=0.020m; decision=route/wheel_nearest: flat_bottom_left_corner_reverse
[gazebo_track_car-2] [WARN] [1780988043.306066018] [gazebo_track_car]: JITTER events=2 reasons=yaw_step_error=0.137rad pos=(+1.875,-1.415) step=0.0047/0.0236m yaw=0.006/0.144rad route=flat_bottom_center_to_bottom_left_reverse
[gazebo_track_car-2] [INFO] [1780988043.391305594] [gazebo_track_car]: route segment=flat_bottom_center_to_bottom_left_reverse; previous=flat_bottom_left_corner_reverse; distance=0.025m; decision=route/wheel_nearest: flat_bottom_center_to_bottom_left_reverse
[gazebo_track_car-2] [INFO] [1780988043.606876124] [gazebo_track_car]: MOTION pos=(+1.803,-1.430) yaw=-3.058 v=0.247 step_err=0.0040m/0.004rad track_err=0.0045m footprint=road:4.00px route=flat_bottom_center_to_bottom_left_reverse cmd_vel=(0.249,-0.208)
[gazebo_track_car-2] [INFO] [1780988045.616202676] [gazebo_track_car]: MOTION pos=(+1.261,-1.436) yaw=+3.130 v=0.277 step_err=0.0216m/0.000rad track_err=0.0066m footprint=road:4.00px route=flat_bottom_center_to_bottom_left_reverse cmd_vel=(0.277,+0.019)
[gazebo_track_car-2] [INFO] [1780988047.630810774] [gazebo_track_car]: MOTION pos=(+0.698,-1.434) yaw=-3.140 v=0.280 step_err=0.0229m/0.000rad track_err=0.0050m footprint=road:4.00px route=flat_bottom_center_to_bottom_left_reverse cmd_vel=(0.280,-0.002)
[gazebo_track_car-2] [INFO] [1780988049.635303779] [gazebo_track_car]: MOTION pos=(+0.141,-1.435) yaw=-3.142 v=0.279 step_err=0.0226m/0.000rad track_err=0.0053m footprint=road:4.00px route=flat_bottom_center_to_bottom_left_reverse cmd_vel=(0.279,-0.006)
[gazebo_track_car-2] [WARN] [1780988050.973562233] [gazebo_track_car]: JITTER events=2 reasons=speed_delta=0.064m/s pos=(-0.232,-1.435) step=0.0047/0.0000m yaw=0.003/0.000rad route=flat_bottom_center_to_bottom_left_reverse
[gazebo_track_car-2] [INFO] [1780988051.651888015] [gazebo_track_car]: MOTION pos=(-0.350,-1.451) yaw=+2.719 v=0.135 step_err=0.0103m/0.015rad track_err=0.0167m footprint=road:9.39px route=flat_bottom_center_to_bottom_left_reverse cmd_vel=(0.117,-0.868)
[gazebo_track_car-2] [WARN] [1780988052.355955208] [gazebo_track_car]: JITTER events=2 reasons=yaw_step_error=0.111rad pos=(-0.446,-1.426) step=0.0032/0.0149m yaw=0.015/0.127rad route=flat_bottom_center_to_bottom_left_reverse
[gazebo_track_car-2] [INFO] [1780988052.842640983] [gazebo_track_car]: route segment=flat_mid_center_to_bottom_center_reverse; previous=flat_bottom_center_to_bottom_left_reverse; distance=0.017m; decision=route/explore_coverage visit=0: flat_mid_center_to_bottom_center_reverse
[gazebo_track_car-2] [INFO] [1780988052.856437294] [gazebo_track_car]: ROUTE_PROGRESS_SYNC actual=(-0.505,-1.356) cmd_error=0.063m route_dist=0.010m yaw_error=0.228rad segment=flat_mid_center_to_bottom_center_reverse@0.075m->flat_mid_center_to_bottom_center_reverse@0.078m
[gazebo_track_car-2] [INFO] [1780988053.657121114] [gazebo_track_car]: MOTION pos=(-0.538,-1.171) yaw=+1.535 v=0.260 step_err=0.0205m/0.003rad track_err=0.0225m footprint=road:9.00px route=flat_mid_center_to_bottom_center_reverse cmd_vel=(0.264,-0.107)
[gazebo_track_car-2] [INFO] [1780988055.681282202] [gazebo_track_car]: MOTION pos=(-0.515,-0.619) yaw=+1.566 v=0.277 step_err=0.0218m/0.000rad track_err=0.0058m footprint=road:8.00px route=flat_mid_center_to_bottom_center_reverse cmd_vel=(0.277,+0.020)
[gazebo_track_car-2] [INFO] [1780988057.685298787] [gazebo_track_car]: MOTION pos=(-0.516,-0.062) yaw=+1.573 v=0.278 step_err=0.0234m/0.000rad track_err=0.0050m footprint=road:8.00px route=flat_mid_center_to_bottom_center_reverse cmd_vel=(0.279,-0.009)
[gazebo_track_car-2] [WARN] [1780988058.903039607] [gazebo_track_car]: JITTER events=12 reasons=speed_delta=0.033m/s pos=(-0.517,+0.278) step=0.0050/0.0000m yaw=0.003/0.000rad route=flat_mid_center_to_bottom_center_reverse
[gazebo_track_car-2] [INFO] [1780988059.686340988] [gazebo_track_car]: MOTION pos=(-0.532,+0.420) yaw=+1.126 v=0.135 step_err=0.0107m/0.015rad track_err=0.0167m footprint=road:8.79px route=flat_mid_center_to_bottom_center_reverse cmd_vel=(0.117,-0.867)
[gazebo_track_car-2] [INFO] [1780988060.386697052] [gazebo_track_car]: route segment=flat_mid_top_to_mid_center_reverse; previous=flat_mid_center_to_bottom_center_reverse; distance=0.015m; decision=route/wheel_nearest: flat_mid_top_to_mid_center_reverse
[gazebo_track_car-2] [INFO] [1780988060.387834507] [gazebo_track_car]: ROUTE_PROGRESS_SYNC actual=(-0.505,+0.515) cmd_error=0.066m route_dist=0.066m yaw_error=0.560rad segment=flat_mid_top_to_mid_center_reverse@0.009m->flat_mid_top_to_mid_center_reverse@0.011m
[gazebo_track_car-2] [WARN] [1780988060.388338568] [gazebo_track_car]: JITTER events=3 reasons=yaw_step_error=1.554rad,cmd_xy_error=0.0659m pos=(-0.505,+0.515) step=0.0033/0.0814m yaw=0.016/1.571rad route=flat_mid_top_to_mid_center_reverse
[gazebo_track_car-2] [INFO] [1780988061.706351608] [gazebo_track_car]: MOTION pos=(-0.237,+0.604) yaw=-0.043 v=0.261 step_err=0.0195m/0.003rad track_err=0.0235m footprint=road:6.20px route=flat_mid_top_to_mid_center_reverse cmd_vel=(0.266,-0.093)
[gazebo_track_car-2] [INFO] [1780988063.709898746] [gazebo_track_car]: MOTION pos=(+0.310,+0.581) yaw=-0.004 v=0.276 step_err=0.0226m/0.000rad track_err=0.0053m footprint=road:5.00px route=flat_mid_top_to_mid_center_reverse cmd_vel=(0.277,+0.020)
[gazebo_track_car-2] [INFO] [1780988064.408350611] [gazebo_track_car]: route segment=aaa_flat_parking_stub_stop; previous=flat_mid_top_to_mid_center_reverse; distance=0.007m; decision=route/explore_coverage visit=0: aaa_flat_parking_stub_stop
[gazebo_track_car-2] [WARN] [1780988064.732683393] [gazebo_track_car]: JITTER events=6 reasons=speed_delta=0.043m/s pos=(+0.593,+0.581) step=0.0049/0.0000m yaw=0.003/0.000rad route=aaa_flat_parking_stub_stop
[gazebo_track_car-2] [INFO] [1780988065.717343937] [gazebo_track_car]: MOTION pos=(+0.760,+0.596) yaw=-0.629 v=0.141 step_err=0.0028m/0.017rad track_err=0.0322m footprint=road:10.60px route=aaa_flat_parking_stub_stop cmd_vel=(0.118,-0.868)
[gazebo_track_car-2] [WARN] [1780988066.234794435] [gazebo_track_car]: JITTER events=3 reasons=yaw_step_error=0.287rad pos=(+0.831,+0.565) step=0.0033/0.0342m yaw=0.016/0.303rad route=aaa_flat_parking_stub_stop
[gazebo_track_car-2] [INFO] [1780988067.735607146] [gazebo_track_car]: MOTION pos=(+0.913,+0.245) yaw=-1.639 v=0.257 step_err=0.0198m/0.002rad track_err=0.0228m footprint=road:7.00px route=aaa_flat_parking_stub_stop cmd_vel=(0.231,-0.099)
[gazebo_track_car-2] [WARN] [1780988069.375398562] [gazebo_track_car]: JITTER events=6 reasons=yaw_rate_delta=0.445rad/s pos=(+0.902,+0.030) step=0.0023/0.0000m yaw=0.015/0.000rad route=aaa_flat_parking_stub_stop
[gazebo_track_car-2] [WARN] [1780988069.537978585] [gazebo_track_car]: parking complete; stopped at segment=aaa_flat_parking_stub_stop pose=(+0.891,+0.019) yaw=-1.571
[gazebo_track_car-2] [INFO] [1780988069.756445145] [gazebo_track_car]: MOTION pos=(+0.914,+0.010) yaw=-2.069 v=0.000 step_err=0.0000m/0.000rad track_err=0.0247m footprint=road:2.00px route=aaa_flat_parking_stub_stop cmd_vel=(0.000,+0.000)
[gazebo_track_car-2] [INFO] [1780988071.766232188] [gazebo_track_car]: MOTION pos=(+0.914,+0.010) yaw=-2.069 v=0.000 step_err=0.0000m/0.000rad track_err=0.0247m footprint=road:2.00px route=aaa_flat_parking_stub_stop cmd_vel=(0.000,+0.000)
[gazebo_track_car-2] [INFO] [1780988073.765673642] [gazebo_track_car]: MOTION pos=(+0.914,+0.010) yaw=-2.069 v=0.000 step_err=0.0000m/0.000rad track_err=0.0247m footprint=road:2.00px route=aaa_flat_parking_stub_stop cmd_vel=(0.000,+0.000)
[gazebo_track_car-2] [INFO] [1780988075.770206968] [gazebo_track_car]: MOTION pos=(+0.914,+0.010) yaw=-2.069 v=0.000 step_err=0.0000m/0.000rad track_err=0.0247m footprint=road:2.00px route=aaa_flat_parking_stub_stop cmd_vel=(0.000,+0.000)
[gazebo_track_car-2] [INFO] [1780988077.885411444] [gazebo_track_car]: MOTION pos=(+0.914,+0.010) yaw=-2.069 v=0.000 step_err=0.0000m/0.000rad track_err=0.0247m footprint=road:2.00px route=aaa_flat_parking_stub_stop cmd_vel=(0.000,+0.000)
[gazebo_track_car-2] [INFO] [1780988079.996004429] [gazebo_track_car]: MOTION pos=(+0.914,+0.010) yaw=-2.069 v=0.000 step_err=0.0000m/0.000rad track_err=0.0247m footprint=road:2.00px route=aaa_flat_parking_stub_stop cmd_vel=(0.000,+0.000)
[gazebo_track_car-2] [INFO] [1780988082.017421505] [gazebo_track_car]: MOTION pos=(+0.914,+0.010) yaw=-2.068 v=0.000 step_err=0.0000m/0.000rad track_err=0.0246m footprint=road:2.00px route=aaa_flat_parking_stub_stop cmd_vel=(0.000,+0.000)
[gazebo_track_car-2] [INFO] [1780988084.019723843] [gazebo_track_car]: MOTION pos=(+0.914,+0.010) yaw=-2.068 v=0.000 step_err=0.0000m/0.000rad track_err=0.0246m footprint=road:2.00px route=aaa_flat_parking_stub_stop cmd_vel=(0.000,+0.000)
[gazebo_track_car-2] [INFO] [1780988086.023130238] [gazebo_track_car]: MOTION pos=(+0.914,+0.010) yaw=-2.068 v=0.000 step_err=0.0000m/0.000rad track_err=0.0246m footprint=road:2.00px route=aaa_flat_parking_stub_stop cmd_vel=(0.000,+0.000)
[gazebo_track_car-2] [INFO] [1780988088.044387810] [gazebo_track_car]: MOTION pos=(+0.914,+0.010) yaw=-2.068 v=0.000 step_err=0.0000m/0.000rad track_err=0.0246m footprint=road:2.00px route=aaa_flat_parking_stub_stop cmd_vel=(0.000,+0.000)
[gazebo_track_car-2] [INFO] [1780988090.045597675] [gazebo_track_car]: MOTION pos=(+0.914,+0.010) yaw=-2.068 v=0.000 step_err=0.0000m/0.000rad track_err=0.0246m footprint=road:2.00px route=aaa_flat_parking_stub_stop cmd_vel=(0.000,+0.000)
[gazebo_track_car-2] [INFO] [1780988092.049937852] [gazebo_track_car]: MOTION pos=(+0.913,+0.010) yaw=-2.068 v=0.000 step_err=0.0000m/0.000rad track_err=0.0246m footprint=road:2.00px route=aaa_flat_parking_stub_stop cmd_vel=(0.000,+0.000)
[gazebo_track_car-2] [INFO] [1780988094.069475965] [gazebo_track_car]: MOTION pos=(+0.913,+0.010) yaw=-2.068 v=0.000 step_err=0.0000m/0.000rad track_err=0.0246m footprint=road:2.00px route=aaa_flat_parking_stub_stop cmd_vel=(0.000,+0.000)
[gazebo_track_car-2] [INFO] [1780988096.074948901] [gazebo_track_car]: MOTION pos=(+0.913,+0.010) yaw=-2.068 v=0.000 step_err=0.0000m/0.000rad track_err=0.0246m footprint=road:2.00px route=aaa_flat_parking_stub_stop cmd_vel=(0.000,+0.000)
[gazebo_track_car-2] [INFO] [1780988098.094636888] [gazebo_track_car]: MOTION pos=(+0.913,+0.010) yaw=-2.068 v=0.000 step_err=0.0000m/0.000rad track_err=0.0246m footprint=road:2.00px route=aaa_flat_parking_stub_stop cmd_vel=(0.000,+0.000)
[gazebo_track_car-2] [INFO] [1780988100.100210497] [gazebo_track_car]: MOTION pos=(+0.913,+0.010) yaw=-2.068 v=0.000 step_err=0.0000m/0.000rad track_err=0.0246m footprint=road:2.00px route=aaa_flat_parking_stub_stop cmd_vel=(0.000,+0.000)
[gazebo_track_car-2] [INFO] [1780988102.099096746] [gazebo_track_car]: MOTION pos=(+0.913,+0.010) yaw=-2.068 v=0.000 step_err=0.0000m/0.000rad track_err=0.0246m footprint=road:2.00px route=aaa_flat_parking_stub_stop cmd_vel=(0.000,+0.000)
[gazebo_track_car-2] [INFO] [1780988104.123287852] [gazebo_track_car]: MOTION pos=(+0.913,+0.010) yaw=-2.068 v=0.000 step_err=0.0000m/0.000rad track_err=0.0246m footprint=road:2.00px route=aaa_flat_parking_stub_stop cmd_vel=(0.000,+0.000)
[gazebo_track_car-2] [INFO] [1780988106.127150808] [gazebo_track_car]: MOTION pos=(+0.913,+0.010) yaw=-2.068 v=0.000 step_err=0.0000m/0.000rad track_err=0.0246m footprint=road:2.00px route=aaa_flat_parking_stub_stop cmd_vel=(0.000,+0.000)
[gazebo_track_car-2] [INFO] [1780988108.145525726] [gazebo_track_car]: MOTION pos=(+0.913,+0.010) yaw=-2.068 v=0.000 step_err=0.0000m/0.000rad track_err=0.0245m footprint=road:2.00px route=aaa_flat_parking_stub_stop cmd_vel=(0.000,+0.000)
[gazebo_track_car-2] [INFO] [1780988110.150833077] [gazebo_track_car]: MOTION pos=(+0.913,+0.010) yaw=-2.068 v=0.000 step_err=0.0000m/0.000rad track_err=0.0245m footprint=road:2.00px route=aaa_flat_parking_stub_stop cmd_vel=(0.000,+0.000)
[gazebo_track_car-2] [INFO] [1780988112.152377388] [gazebo_track_car]: MOTION pos=(+0.913,+0.009) yaw=-2.068 v=0.000 step_err=0.0000m/0.000rad track_err=0.0245m footprint=road:2.00px route=aaa_flat_parking_stub_stop cmd_vel=(0.000,+0.000)
[gazebo_track_car-2] [INFO] [1780988114.173755980] [gazebo_track_car]: MOTION pos=(+0.913,+0.009) yaw=-2.068 v=0.000 step_err=0.0000m/0.000rad track_err=0.0245m footprint=road:2.00px route=aaa_flat_parking_stub_stop cmd_vel=(0.000,+0.000)
[gazebo_track_car-2] [INFO] [1780988116.183058762] [gazebo_track_car]: MOTION pos=(+0.913,+0.009) yaw=-2.067 v=0.000 step_err=0.0000m/0.000rad track_err=0.0245m footprint=road:2.00px route=aaa_flat_parking_stub_stop cmd_vel=(0.000,+0.000)
[gazebo_track_car-2] [INFO] [1780988118.188105929] [gazebo_track_car]: MOTION pos=(+0.913,+0.009) yaw=-2.067 v=0.000 step_err=0.0000m/0.000rad track_err=0.0245m footprint=road:2.00px route=aaa_flat_parking_stub_stop cmd_vel=(0.000,+0.000)
[gazebo_track_car-2] [INFO] [1780988120.193377556] [gazebo_track_car]: MOTION pos=(+0.913,+0.009) yaw=-2.067 v=0.000 step_err=0.0000m/0.000rad track_err=0.0245m footprint=road:2.00px route=aaa_flat_parking_stub_stop cmd_vel=(0.000,+0.000)
[gazebo_track_car-2] [INFO] [1780988122.208894925] [gazebo_track_car]: MOTION pos=(+0.913,+0.009) yaw=-2.067 v=0.000 step_err=0.0000m/0.000rad track_err=0.0245m footprint=road:2.00px route=aaa_flat_parking_stub_stop cmd_vel=(0.000,+0.000)
[gazebo_track_car-2] [INFO] [1780988124.225753751] [gazebo_track_car]: MOTION pos=(+0.913,+0.009) yaw=-2.067 v=0.000 step_err=0.0000m/0.000rad track_err=0.0245m footprint=road:2.00px route=aaa_flat_parking_stub_stop cmd_vel=(0.000,+0.000)
[gazebo_track_car-2] [INFO] [1780988126.242500516] [gazebo_track_car]: MOTION pos=(+0.913,+0.009) yaw=-2.067 v=0.000 step_err=0.0000m/0.000rad track_err=0.0245m footprint=road:2.00px route=aaa_flat_parking_stub_stop cmd_vel=(0.000,+0.000)
[gazebo_track_car-2] [INFO] [1780988128.245523000] [gazebo_track_car]: MOTION pos=(+0.913,+0.009) yaw=-2.067 v=0.000 step_err=0.0000m/0.000rad track_err=0.0245m footprint=road:2.00px route=aaa_flat_parking_stub_stop cmd_vel=(0.000,+0.000)
[gazebo_track_car-2] [INFO] [1780988130.359480922] [gazebo_track_car]: MOTION pos=(+0.913,+0.009) yaw=-2.067 v=0.000 step_err=0.0000m/0.000rad track_err=0.0245m footprint=road:2.00px route=aaa_flat_parking_stub_stop cmd_vel=(0.000,+0.000)
[gazebo_track_car-2] [INFO] [1780988132.361000844] [gazebo_track_car]: MOTION pos=(+0.913,+0.009) yaw=-2.067 v=0.000 step_err=0.0000m/0.000rad track_err=0.0245m footprint=road:2.00px route=aaa_flat_parking_stub_stop cmd_vel=(0.000,+0.000)
[gazebo_track_car-2] [INFO] [1780988134.366918796] [gazebo_track_car]: MOTION pos=(+0.913,+0.009) yaw=-2.067 v=0.000 step_err=0.0000m/0.000rad track_err=0.0245m footprint=road:2.00px route=aaa_flat_parking_stub_stop cmd_vel=(0.000,+0.000)
[gazebo_track_car-2] [INFO] [1780988136.389122156] [gazebo_track_car]: MOTION pos=(+0.913,+0.009) yaw=-2.067 v=0.000 step_err=0.0000m/0.000rad track_err=0.0244m footprint=road:2.00px route=aaa_flat_parking_stub_stop cmd_vel=(0.000,+0.000)
