[INFO] [launch]: All log files can be found below /home/quocbao/.ros/log/2026-06-10-12-32-20-860782-ubuntu-22046
[INFO] [launch]: Default logging verbosity is set to INFO
[INFO] [gzserver-1]: process started with pid [22048]
[INFO] [gazebo_track_car-2]: process started with pid [22050]
[gazebo_track_car-2] [INFO] [1781119941.440041990] [gazebo_track_car]: [MAP_TRANSFORM] image=256x256 path=/home/quocbao/my_robot_vision_full_project/my_robot_vision/models/autonomous_map_3d/materials/textures/autonomous_map_visual.png map_size=6.000x6.000m px_per_m_x=42.667 px_per_m_y=42.667 route_offset=(+0.000,+0.300)m map_visual_offset=(+0.000,+0.300)m
[gazebo_track_car-2] [INFO] [1781119941.566693198] [gazebo_track_car]: [FOOTPRINT_CHECK] samples=1588 center_off_road=0 center_outside_safe=1005 failures=0 min_footprint_clearance=3.20px footprint=front:0.165m rear:0.145m half_width:0.115m
[gazebo_track_car-2] [INFO] [1781119941.566950213] [gazebo_track_car]: [FOOTPRINT_CHECK] overlays=/tmp/gazebo_route_mask_debug.png, /tmp/gazebo_route_centerline_debug.png, /tmp/gazebo_route_footprint_debug.png
[gazebo_track_car-2] [INFO] [1781119941.639049274] [gazebo_track_car]: SAFE_ROUTE_VERSION=semantic_parking_spawn_turn_guard_v31; direction=reversed to match map arrows; clearance=12px; drive_wheels=True; route_offset=(+0.000,+0.300)m; start_distance=0.000m; route_explore=False branch_probability=0.00; sign_detection=camera action_dist<=0.95m parking_action_dist<=1.35m roi=0.08-0.82; map_visual_offset=(+0.000,+0.300)m; base_speed=0.28m/s speed_limit=0.14m/s; traffic_light=cycle state=green green=5.0s yellow=1.0s red=8.0s trigger_distance=1.70m stop_distance=0.85m min_stop=2.0s camera=on topic=/track_preview_car/camera/image_raw fill>=0.42 slow_area>=45px stop_area>=160px distance_gate=on; camera_sign_templates=5 sign_score>=0.32 sign_stable=2; parking_auto_route=False; wheel_controller lookahead=0.32m parking_lookahead=0.20m heading_gain=3.80 max_wz=2.80rad/s rotate_heading>1.05rad; nearest_route=True nearest_dist<=0.65m; yaw_limits=1.80rad/s/4.00rad/s2; route_rejoin=False outer_only=True cmd_error>0.30m max_route_dist=0.55m; progress_sync=True cmd_error>0.06m route_dist<=0.20m yaw<=1.20rad; initial_pose_reset=False override=False tol=0.12m/0.35rad; segments=19; route_points=39.
[gazebo_track_car-2] [INFO] [1781119941.639300289] [gazebo_track_car]: Motion log uses /model_states and /track_preview_car/cmd_vel: MOTION every 2.00s, JITTER at most every 1.00s, verbose=False; jitter thresholds xy_step_delta=0.0060m, cmd_error=0.050m, z_delta=0.0005m, tilt=0.0030rad, speed_delta=0.030m/s, yaw_step_error=0.025rad, yaw_rate_delta=0.400rad/s.
[gzserver-1] [INFO] [1781119943.083369090] [track_preview_car.front_camera_controller]: Publishing camera info to [/track_preview_car/camera/camera_info]
[gzserver-1] [INFO] [1781119943.095091643] [gazebo_ros_state]: Publishing states of gazebo models at [/model_states]
[gzserver-1] [INFO] [1781119943.095364829] [gazebo_ros_state]: Publishing states of gazebo links at [/link_states]
[gzserver-1] [INFO] [1781119943.108858421] [track_preview_car.track_preview_car_diff_drive]: Wheel pair 1 separation set to [0.176000m]
[gzserver-1] [INFO] [1781119943.109159961] [track_preview_car.track_preview_car_diff_drive]: Wheel pair 1 diameter set to [0.060000m]
[gzserver-1] [INFO] [1781119943.109823996] [track_preview_car.track_preview_car_diff_drive]: Subscribed to [/track_preview_car/cmd_vel]
[gzserver-1] [INFO] [1781119943.110543186] [track_preview_car.track_preview_car_diff_drive]: Advertise odometry on [/track_preview_car/odom]
[gazebo_track_car-2] [INFO] [1781119943.142223761] [gazebo_track_car]: wheel controller synced route progress from initial model pose; segment=flat_top_left_to_top_center_reverse@0.272m route_dist=0.001m startup_gate=1.250m
[gazebo_track_car-2] [INFO] [1781119943.186843941] [gazebo_track_car]: traffic light is now RED.
[gazebo_track_car-2] [WARN] [1781119943.193658264] [gazebo_track_car]: JITTER events=2 reasons=speed_delta=0.042m/s pos=(+0.767,+2.481) step=0.0002/0.0000m yaw=0.002/0.000rad route=flat_top_left_to_top_center_reverse
[gazebo_track_car-2] [INFO] [1781119943.193919918] [gazebo_track_car]: MOTION pos=(+0.767,+2.481) yaw=-0.006 v=0.000 step_err=0.0000m/0.000rad track_err=0.0023m footprint=road:8.39px route=flat_top_left_to_top_center_reverse cmd_vel=(0.280,+0.003)
[gazebo_track_car-2] [INFO] [1781119943.426796576] [gazebo_track_car]: camera_sign=camera_sign_turn_right source=camera kind=turn_right_sign maneuver=right score=0.46 area=15974px bbox=163x98px center=(777,212)
[gazebo_track_car-2] [INFO] [1781119943.485998403] [gazebo_track_car]: camera sign seen but action is waiting until closer; detected=turn_right_sign sign=camera_sign_turn_right scene_sign=palette_turn_right_03_yaw_270 sign_dist=1.484m action_dist<=0.95m
[gazebo_track_car-2] [INFO] [1781119943.632859739] [gazebo_track_car]: camera turn sign ignored as left/right ambiguous; segment=flat_top_left_to_top_center_reverse best=camera_sign_turn_left:0.48 opposite=turn_right_sign:0.46
[gazebo_track_car-2] [INFO] [1781119944.561352462] [gazebo_track_car]: camera turn sign ignored as left/right ambiguous; segment=flat_top_left_to_top_center_reverse best=camera_sign_turn_right:0.47 opposite=turn_left_sign:0.46
[gazebo_track_car-2] [INFO] [1781119944.590351056] [gazebo_track_car]: camera turn sign ignored as left/right ambiguous; segment=flat_top_left_to_top_center_reverse best=camera_sign_turn_left:0.47 opposite=turn_right_sign:0.47
[gazebo_track_car-2] [INFO] [1781119945.308041595] [gazebo_track_car]: MOTION pos=(+1.341,+2.480) yaw=+0.001 v=0.280 step_err=0.0232m/0.000rad track_err=0.0059m footprint=road:8.00px route=flat_top_left_to_top_center_reverse cmd_vel=(0.280,-0.000)
[gazebo_track_car-2] [INFO] [1781119946.879855232] [gazebo_track_car]: camera traffic light is YELLOW score=334.1 area=839px bbox=45x32px fill=0.58 center=(913,309)
[gazebo_track_car-2] [INFO] [1781119946.880142264] [gazebo_track_car]: camera traffic light ignored outside distance gate; state=yellow segment=flat_top_left_to_top_center_reverse gate<=1.70m nearby_target=- area=839px bbox=45x32px center=(913,309)
[gazebo_track_car-2] [INFO] [1781119946.975962432] [gazebo_track_car]: camera traffic light is GREEN score=835.1 area=2696px bbox=87x42px fill=0.74 center=(918,310)
[gazebo_track_car-2] [WARN] [1781119947.027609076] [gazebo_track_car]: JITTER events=4 reasons=yaw_step_error=0.026rad pos=(+1.760,+2.474) step=0.0043/0.0213m yaw=0.010/0.037rad route=flat_top_left_to_top_center_reverse
[gazebo_track_car-2] [INFO] [1781119947.128181518] [gazebo_track_car]: camera turn sign ignored as left/right ambiguous; segment=flat_top_left_corner_reverse best=camera_sign_turn_left:0.47 opposite=turn_right_sign:0.47
[gazebo_track_car-2] [INFO] [1781119947.197824355] [gazebo_track_car]: camera turn sign ignored as left/right ambiguous; segment=flat_top_left_corner_reverse best=camera_sign_turn_right:0.47 opposite=turn_left_sign:0.47
[gazebo_track_car-2] [INFO] [1781119947.208111845] [gazebo_track_car]: route segment=flat_top_left_corner_reverse; previous=flat_top_left_to_top_center_reverse; distance=0.022m; decision=route/wheel_nearest: flat_top_left_corner_reverse
[gazebo_track_car-2] [INFO] [1781119947.280452823] [gazebo_track_car]: camera turn sign ignored as left/right ambiguous; segment=flat_top_left_corner_reverse best=camera_sign_turn_left:0.46 opposite=turn_right_sign:0.45
[gazebo_track_car-2] [INFO] [1781119947.313113391] [gazebo_track_car]: MOTION pos=(+1.817,+2.453) yaw=-0.589 v=0.220 step_err=0.0045m/0.009rad track_err=0.0278m footprint=road:7.19px route=flat_top_left_corner_reverse cmd_vel=(0.220,-0.444)
[gazebo_track_car-2] [INFO] [1781119947.912691046] [gazebo_track_car]: traffic light is now GREEN.
[gazebo_track_car-2] [WARN] [1781119948.246579126] [gazebo_track_car]: JITTER events=3 reasons=speed_delta=0.052m/s,yaw_rate_delta=0.449rad/s pos=(+1.998,+2.316) step=0.0043/0.0000m yaw=0.008/0.000rad route=flat_top_left_corner_reverse
[gazebo_track_car-2] [INFO] [1781119948.352093842] [gazebo_track_car]: camera sign ignored as parking/turn confusion; segment=flat_top_left_corner_reverse best=camera_sign_turn_left:0.47 parking=camera_sign_parking:0.32
[gazebo_track_car-2] [INFO] [1781119948.590323110] [gazebo_track_car]: camera_sign=camera_sign_turn_right source=camera kind=turn_right_sign maneuver=right score=0.47 area=43358px bbox=266x163px center=(844,194)
[gazebo_track_car-2] [INFO] [1781119948.667313047] [gazebo_track_car]: camera sign seen but action is waiting until closer; detected=turn_right_sign sign=camera_sign_turn_right scene_sign=palette_turn_right_03_yaw_270 sign_dist=1.059m action_dist<=0.95m
[gazebo_track_car-2] [WARN] [1781119949.226470483] [gazebo_track_car]: JITTER events=2 reasons=yaw_step_error=0.101rad pos=(+2.135,+2.150) step=0.0044/0.0214m yaw=0.009/0.111rad route=flat_top_left_corner_reverse
[gazebo_track_car-2] [INFO] [1781119949.241097306] [gazebo_track_car]: camera traffic light is YELLOW score=41.6 area=108px bbox=25x7px fill=0.62 center=(885,302)
[gazebo_track_car-2] [INFO] [1781119949.241383557] [gazebo_track_car]: camera traffic light ignored outside distance gate; state=yellow segment=flat_top_left_corner_reverse gate<=1.70m nearby_target=- area=108px bbox=25x7px center=(885,302)
[gazebo_track_car-2] [INFO] [1781119949.328776814] [gazebo_track_car]: MOTION pos=(+2.144,+2.130) yaw=-1.316 v=0.222 step_err=0.0170m/0.198rad track_err=0.0093m footprint=road:5.79px route=flat_left_mid_to_top_reverse cmd_vel=(0.225,-0.410)
[gazebo_track_car-2] [INFO] [1781119949.341509085] [gazebo_track_car]: camera traffic light is GREEN score=266.6 area=853px bbox=54x20px fill=0.79 center=(579,273)
[gazebo_track_car-2] [INFO] [1781119949.422939698] [gazebo_track_car]: route segment=flat_left_mid_to_top_reverse; previous=flat_top_left_corner_reverse; distance=0.023m; decision=route/wheel_nearest: flat_left_mid_to_top_reverse
[gazebo_track_car-2] [INFO] [1781119949.570712789] [gazebo_track_car]: queued scene maneuver 'right' from camera sign camera_sign_turn_right; scene_sign=palette_turn_right_03_yaw_270 sign_dist=0.947m next_branch=1.51m
[gazebo_track_car-2] [INFO] [1781119949.624303748] [gazebo_track_car]: camera traffic light lost for 0.2s.
[gazebo_track_car-2] [INFO] [1781119949.954201691] [gazebo_track_car]: camera traffic light is GREEN score=124.9 area=169px bbox=17x14px fill=0.71 center=(914,232)
[gazebo_track_car-2] [INFO] [1781119950.968404190] [gazebo_track_car]: camera traffic light is YELLOW score=793.5 area=1590px bbox=112x33px fill=0.43 center=(631,365)
[gazebo_track_car-2] [INFO] [1781119950.968722432] [gazebo_track_car]: camera traffic light ignored outside distance gate; state=yellow segment=flat_left_mid_to_top_reverse gate<=1.70m nearby_target=- area=1590px bbox=112x33px center=(631,365)
[gazebo_track_car-2] [INFO] [1781119951.052756738] [gazebo_track_car]: camera traffic light is GREEN score=376.8 area=1213px bbox=60x26px fill=0.78 center=(535,276)
[gazebo_track_car-2] [INFO] [1781119951.202019875] [gazebo_track_car]: camera_sign=camera_sign_turn_left source=camera kind=turn_left_sign maneuver=left score=0.44 area=1188px bbox=22x54px center=(767,171)
[gazebo_track_car-2] [INFO] [1781119951.236109135] [gazebo_track_car]: camera_sign=camera_sign_turn_right source=camera kind=turn_right_sign maneuver=right score=0.48 area=61020px bbox=226x270px center=(869,148)
[gazebo_track_car-2] [INFO] [1781119951.350000458] [gazebo_track_car]: MOTION pos=(+2.185,+1.610) yaw=-1.594 v=0.277 step_err=0.0227m/0.000rad track_err=0.0074m footprint=road:6.00px route=flat_left_mid_to_top_reverse cmd_vel=(0.277,+0.022)
[gazebo_track_car-2] [INFO] [1781119951.434987054] [gazebo_track_car]: camera sign ignored as parking/turn confusion; segment=flat_left_mid_to_top_reverse best=camera_sign_turn_left:0.44 parking=camera_sign_parking:0.31
[gazebo_track_car-2] [INFO] [1781119951.501925087] [gazebo_track_car]: camera turn sign ignored as left/right ambiguous; segment=flat_left_mid_to_top_reverse best=camera_sign_turn_left:0.42 opposite=turn_right_sign:0.39
[gazebo_track_car-2] [INFO] [1781119952.943286612] [gazebo_track_car]: traffic light is now YELLOW.
[gazebo_track_car-2] [INFO] [1781119953.352573663] [gazebo_track_car]: MOTION pos=(+2.179,+1.055) yaw=-1.569 v=0.280 step_err=0.0173m/0.000rad track_err=0.0106m footprint=road:6.00px route=flat_left_mid_to_top_reverse cmd_vel=(0.280,+0.001)
[gazebo_track_car-2] [WARN] [1781119953.574948265] [gazebo_track_car]: JITTER events=3 reasons=speed_delta=0.084m/s,yaw_rate_delta=0.402rad/s pos=(+2.179,+0.994) step=0.0045/0.0000m yaw=0.003/0.000rad route=flat_left_mid_to_top_reverse
[gazebo_track_car-2] [INFO] [1781119953.952784214] [gazebo_track_car]: traffic light is now RED.
[gazebo_track_car-2] [WARN] [1781119954.557631922] [gazebo_track_car]: JITTER events=4 reasons=yaw_step_error=0.039rad pos=(+2.184,+0.839) step=0.0021/0.0107m yaw=0.006/0.045rad route=flat_left_mid_to_top_reverse
[gazebo_track_car-2] [INFO] [1781119955.356086925] [gazebo_track_car]: MOTION pos=(+2.195,+0.774) yaw=-1.967 v=0.065 step_err=0.0056m/0.033rad track_err=0.0160m footprint=road:8.00px route=flat_left_mid_to_top_reverse cmd_vel=(0.052,-0.427)
[gazebo_track_car-2] [WARN] [1781119955.555623981] [gazebo_track_car]: JITTER events=10 reasons=yaw_step_error=0.031rad pos=(+2.197,+0.761) step=0.0012/0.0063m yaw=0.008/0.040rad route=flat_left_mid_to_top_reverse
[gazebo_track_car-2] [INFO] [1781119957.377496983] [gazebo_track_car]: MOTION pos=(+2.186,+0.689) yaw=-2.569 v=0.033 step_err=0.0022m/0.014rad track_err=0.0061m footprint=road:8.00px route=flat_left_mid_to_top_reverse cmd_vel=(0.028,-0.181)
[gazebo_track_car-2] [INFO] [1781119959.387779735] [gazebo_track_car]: MOTION pos=(+2.143,+0.649) yaw=-2.796 v=0.029 step_err=0.0021m/0.011rad track_err=0.0398m footprint=road:10.00px route=flat_left_mid_to_top_reverse cmd_vel=(0.028,-0.069)
[gazebo_track_car-2] [WARN] [1781119959.785377165] [gazebo_track_car]: JITTER events=7 reasons=cmd_xy_error=0.0512m pos=(+2.133,+0.643) step=0.0006/0.0027m yaw=0.001/0.012rad route=flat_left_mid_to_top_reverse
[gazebo_track_car-2] [INFO] [1781119960.529449322] [gazebo_track_car]: camera_sign=camera_sign_turn_right source=camera kind=turn_right_sign maneuver=right score=0.51 area=624px bbox=24x26px center=(42,232)
[gazebo_track_car-2] [INFO] [1781119960.628738970] [gazebo_track_car]: camera sign action blocked; no matching facing 3D sign is close enough; detected=turn_right_sign sign=camera_sign_turn_right detection_dist<=3.40m action_dist<=0.95m
[gazebo_track_car-2] [WARN] [1781119960.784672548] [gazebo_track_car]: JITTER events=50 reasons=cmd_xy_error=0.0815m pos=(+2.107,+0.631) step=0.0006/0.0027m yaw=0.001/0.010rad route=flat_left_mid_to_top_reverse
[gazebo_track_car-2] [INFO] [1781119961.128178794] [gazebo_track_car]: camera turn sign ignored as left/right ambiguous; segment=flat_left_mid_to_top_reverse best=camera_sign_turn_right:0.52 opposite=turn_left_sign:0.50
[gazebo_track_car-2] [INFO] [1781119961.219349692] [gazebo_track_car]: camera turn sign ignored as left/right ambiguous; segment=flat_left_mid_to_top_reverse best=camera_sign_turn_left:0.52 opposite=turn_right_sign:0.51
[gazebo_track_car-2] [INFO] [1781119961.289639512] [gazebo_track_car]: route segment=flat_left_mid_to_mid_top_right_entry; previous=flat_left_mid_to_top_reverse; distance=0.001m; decision=route/right from palette_turn_right_03_yaw_270: flat_left_mid_to_mid_top_right_entry delta=-90.0deg
[gazebo_track_car-2] [INFO] [1781119961.308986399] [gazebo_track_car]: ROUTE_PROGRESS_SYNC actual=(+2.093,+0.626) cmd_error=0.096m route_dist=0.045m yaw_error=0.254rad segment=flat_left_mid_to_mid_top_right_entry@0.086m->flat_left_mid_to_mid_top_right_entry@0.086m
[gazebo_track_car-2] [INFO] [1781119961.387584487] [gazebo_track_car]: MOTION pos=(+2.079,+0.621) yaw=-2.899 v=0.235 step_err=0.0189m/0.006rad track_err=0.0404m footprint=road:8.59px route=flat_left_mid_to_mid_top_right_entry cmd_vel=(0.232,-0.337)
[gazebo_track_car-2] [INFO] [1781119961.564898779] [gazebo_track_car]: camera turn sign ignored as left/right ambiguous; segment=flat_left_mid_to_mid_top_right_entry best=camera_sign_turn_right:0.50 opposite=turn_left_sign:0.49
[gazebo_track_car-2] [INFO] [1781119961.773914044] [gazebo_track_car]: camera_sign=camera_sign_parking source=camera kind=parking_sign maneuver=parking score=0.33 area=870px bbox=29x30px center=(9,230)
[gazebo_track_car-2] [INFO] [1781119961.888906410] [gazebo_track_car]: traffic light is now GREEN.
[gazebo_track_car-2] [37;1m2026-06-10 12:32:41.892 [31;1m[[37;1mSUBSCRIBER[31;1m Error] [37mDeserialization of data failed[34;1m -> Function [36mdeserialize_change[m
[gazebo_track_car-2] [37;1m2026-06-10 12:32:41.892 [31;1m[[37;1mSUBSCRIBER[31;1m Error] [37mDeserialization of data failed[34;1m -> Function [36mdeserialize_change[m
[gazebo_track_car-2] [37;1m2026-06-10 12:32:41.892 [31;1m[[37;1mSUBSCRIBER[31;1m Error] [37mDeserialization of data failed[34;1m -> Function [36mdeserialize_change[m
[gazebo_track_car-2] [37;1m2026-06-10 12:32:41.892 [31;1m[[37;1mSUBSCRIBER[31;1m Error] [37mDeserialization of data failed[34;1m -> Function [36mdeserialize_change[m
[gazebo_track_car-2] [37;1m2026-06-10 12:32:41.892 [31;1m[[37;1mSUBSCRIBER[31;1m Error] [37mDeserialization of data failed[34;1m -> Function [36mdeserialize_change[m
[gazebo_track_car-2] [37;1m2026-06-10 12:32:41.892 [31;1m[[37;1mSUBSCRIBER[31;1m Error] [37mDeserialization of data failed[34;1m -> Function [36mdeserialize_change[m
[gazebo_track_car-2] [37;1m2026-06-10 12:32:41.892 [31;1m[[37;1mSUBSCRIBER[31;1m Error] [37mDeserialization of data failed[34;1m -> Function [36mdeserialize_change[m
[gazebo_track_car-2] [37;1m2026-06-10 12:32:41.892 [31;1m[[37;1mSUBSCRIBER[31;1m Error] [37mDeserialization of data failed[34;1m -> Function [36mdeserialize_change[m
[gazebo_track_car-2] [37;1m2026-06-10 12:32:41.892 [31;1m[[37;1mSUBSCRIBER[31;1m Error] [37mDeserialization of data failed[34;1m -> Function [36mdeserialize_change[m
[gazebo_track_car-2] [37;1m2026-06-10 12:32:41.892 [31;1m[[37;1mSUBSCRIBER[31;1m Error] [37mDeserialization of data failed[34;1m -> Function [36mdeserialize_change[m
[gazebo_track_car-2] [INFO] [1781119962.028759126] [gazebo_track_car]: parking stub armed from camera sign camera_sign_parking; next_branch=1.45m
[gazebo_track_car-2] [INFO] [1781119962.086000166] [gazebo_track_car]: camera turn sign ignored as left/right ambiguous; segment=flat_left_mid_to_mid_top_right_entry best=camera_sign_turn_left:0.46 opposite=turn_right_sign:0.46
[gazebo_track_car-2] [INFO] [1781119962.130035910] [gazebo_track_car]: camera turn sign ignored as left/right ambiguous; segment=flat_left_mid_to_mid_top_right_entry best=camera_sign_turn_right:0.51 opposite=turn_left_sign:0.48
[gazebo_track_car-2] [INFO] [1781119962.290206760] [gazebo_track_car]: camera_sign=camera_sign_turn_right source=camera kind=turn_right_sign maneuver=right score=0.53 area=676px bbox=26x26px center=(68,231)
[gazebo_track_car-2] [INFO] [1781119962.395637328] [gazebo_track_car]: camera sign action blocked; no matching facing 3D sign is close enough; detected=turn_right_sign sign=camera_sign_turn_right detection_dist<=3.40m action_dist<=0.95m
[gazebo_track_car-2] [INFO] [1781119963.028832290] [gazebo_track_car]: camera_sign=camera_sign_parking source=camera kind=parking_sign maneuver=parking score=0.33 area=783px bbox=27x29px center=(10,232)
[gazebo_track_car-2] [INFO] [1781119963.085484126] [gazebo_track_car]: camera sign action blocked; no matching facing 3D sign is close enough; detected=parking_sign sign=camera_sign_parking detection_dist<=3.40m action_dist<=1.35m
[gazebo_track_car-2] [INFO] [1781119963.152269050] [gazebo_track_car]: camera_sign=camera_sign_turn_right source=camera kind=turn_right_sign maneuver=right score=0.49 area=1144px bbox=44x26px center=(49,232)
[gazebo_track_car-2] [INFO] [1781119963.262916121] [gazebo_track_car]: camera sign action blocked; no matching facing 3D sign is close enough; detected=turn_right_sign sign=camera_sign_turn_right detection_dist<=3.40m action_dist<=0.95m
[gazebo_track_car-2] [INFO] [1781119963.406715749] [gazebo_track_car]: MOTION pos=(+1.557,+0.576) yaw=+3.122 v=0.279 step_err=0.0223m/0.000rad track_err=0.0073m footprint=road:4.00px route=flat_left_mid_to_mid_top_right_entry cmd_vel=(0.278,+0.013)
[gazebo_track_car-2] [INFO] [1781119963.784155298] [gazebo_track_car]: camera_sign=camera_sign_parking source=camera kind=parking_sign maneuver=parking score=0.33 area=1080px bbox=36x30px center=(13,231)
[gazebo_track_car-2] [INFO] [1781119963.821316285] [gazebo_track_car]: camera sign action blocked; no matching facing 3D sign is close enough; detected=parking_sign sign=camera_sign_parking detection_dist<=3.40m action_dist<=1.35m
[gazebo_track_car-2] [INFO] [1781119964.155660338] [gazebo_track_car]: camera turn sign ignored as left/right ambiguous; segment=flat_left_mid_to_mid_top_right_entry best=camera_sign_turn_left:0.49 opposite=turn_right_sign:0.49
[gazebo_track_car-2] [INFO] [1781119964.315694720] [gazebo_track_car]: camera_sign=camera_sign_turn_right source=camera kind=turn_right_sign maneuver=right score=0.50 area=1170px bbox=45x26px center=(45,232)
[gazebo_track_car-2] [INFO] [1781119964.497732151] [gazebo_track_car]: camera sign action blocked; no matching facing 3D sign is close enough; detected=turn_right_sign sign=camera_sign_turn_right detection_dist<=3.40m action_dist<=0.95m
[gazebo_track_car-2] [INFO] [1781119964.519170803] [gazebo_track_car]: camera_sign=camera_sign_parking source=camera kind=parking_sign maneuver=parking score=0.33 area=676px bbox=26x26px center=(37,232)
[gazebo_track_car-2] [INFO] [1781119964.565579804] [gazebo_track_car]: camera sign action blocked; no matching facing 3D sign is close enough; detected=parking_sign sign=camera_sign_parking detection_dist<=3.40m action_dist<=1.35m
[gazebo_track_car-2] [INFO] [1781119964.728110646] [gazebo_track_car]: camera_sign=camera_sign_turn_right source=camera kind=turn_right_sign maneuver=right score=0.52 area=1218px bbox=42x29px center=(19,232)
[gazebo_track_car-2] [INFO] [1781119964.756456126] [gazebo_track_car]: camera_sign=camera_sign_parking source=camera kind=parking_sign maneuver=parking score=0.34 area=841px bbox=29x29px center=(21,232)
[gazebo_track_car-2] [INFO] [1781119964.965026681] [gazebo_track_car]: camera_sign=camera_sign_turn_right source=camera kind=turn_right_sign maneuver=right score=0.58 area=720px bbox=24x30px center=(8,231)
[gazebo_track_car-2] [INFO] [1781119964.996621485] [gazebo_track_car]: camera turn sign ignored as left/right ambiguous; segment=flat_left_mid_to_mid_top_right_entry best=camera_sign_turn_right:0.55 opposite=turn_left_sign:0.54
[gazebo_track_car-2] [INFO] [1781119965.022337333] [gazebo_track_car]: camera turn sign ignored as left/right ambiguous; segment=flat_left_mid_to_mid_top_right_entry best=camera_sign_turn_left:0.53 opposite=turn_right_sign:0.52
[gazebo_track_car-2] [INFO] [1781119965.414598986] [gazebo_track_car]: MOTION pos=(+1.001,+0.582) yaw=-3.141 v=0.279 step_err=0.0218m/0.000rad track_err=0.0064m footprint=road:6.59px route=flat_left_mid_to_mid_top_right_entry cmd_vel=(0.280,+0.002)
[gazebo_track_car-2] [INFO] [1781119966.021779575] [gazebo_track_car]: camera_sign=camera_sign_speed_limit source=camera kind=speed_limit_sign maneuver=- score=0.56 area=650px bbox=25x26px center=(319,222)
[gazebo_track_car-2] [INFO] [1781119966.107371736] [gazebo_track_car]: camera sign seen but action is waiting until closer; detected=speed_limit_sign sign=camera_sign_speed_limit scene_sign=palette_speed_limit_03_yaw_270 sign_dist=2.628m action_dist<=0.95m
[gazebo_track_car-2] [WARN] [1781119966.753490433] [gazebo_track_car]: JITTER events=28 reasons=speed_delta=0.078m/s pos=(+0.627,+0.581) step=0.0045/0.0000m yaw=0.002/0.000rad route=flat_left_mid_to_mid_top_right_entry
[gazebo_track_car-2] [INFO] [1781119966.916776658] [gazebo_track_car]: traffic light is now YELLOW.
[gazebo_track_car-2] [INFO] [1781119967.114749191] [gazebo_track_car]: ROUTE_PROGRESS_SYNC actual=(+0.593,+0.523) cmd_error=0.063m route_dist=0.059m yaw_error=0.833rad segment=flat_left_mid_to_mid_top_right_entry@1.573m->flat_left_mid_to_mid_top_right_entry@1.587m
[gazebo_track_car-2] [WARN] [1781119967.253935036] [gazebo_track_car]: GAZEBO_FOOTPRINT_OFFROAD actual pose=(+0.5686,+0.5078) yaw=+1.9529 origin_pixel=(152.3,119.1) min_clearance=0.00px cmd_error=0.0774m/1.189rad
[gazebo_track_car-2] [INFO] [1781119967.434069950] [gazebo_track_car]: MOTION pos=(+0.533,+0.502) yaw=+1.499 v=0.202 step_err=0.0040m/0.050rad track_err=0.0990m footprint=road:1.00px route=flat_left_mid_to_mid_top_right_entry cmd_vel=(0.000,-2.800)
[gazebo_track_car-2] [WARN] [1781119967.733663624] [gazebo_track_car]: JITTER events=49 reasons=yaw_step_error=0.026rad,cmd_xy_error=0.1022m pos=(+0.497,+0.526) step=0.0023/0.0049m yaw=0.026/0.000rad route=flat_left_mid_to_mid_top_right_entry
[gazebo_track_car-2] [INFO] [1781119967.897755637] [gazebo_track_car]: camera_sign=camera_sign_turn_right source=camera kind=turn_right_sign maneuver=right score=0.50 area=950px bbox=19x50px center=(954,175)
[gazebo_track_car-2] [INFO] [1781119967.923541488] [gazebo_track_car]: traffic light is now RED.
[gazebo_track_car-2] [INFO] [1781119967.926003844] [gazebo_track_car]: route segment=aaa_flat_parking_stub_stop; previous=flat_left_mid_to_mid_top_right_entry; distance=0.000m; decision=route/parking from camera_sign_parking: aaa_flat_parking_stub_stop
[gazebo_track_car-2] [INFO] [1781119967.993376288] [gazebo_track_car]: camera_sign=camera_sign_turn_left source=camera kind=turn_left_sign maneuver=left score=0.48 area=15369px bbox=141x109px center=(892,168)
[gazebo_track_car-2] [INFO] [1781119968.000264561] [gazebo_track_car]: camera_sign=camera_sign_turn_right source=camera kind=turn_right_sign maneuver=right score=0.41 area=21948px bbox=186x118px center=(868,170)
[gazebo_track_car-2] [INFO] [1781119968.026761927] [gazebo_track_car]: camera_sign=camera_sign_turn_left source=camera kind=turn_left_sign maneuver=left score=0.45 area=27798px bbox=226x123px center=(880,171)
[gazebo_track_car-2] [INFO] [1781119968.103395051] [gazebo_track_car]: camera_sign=camera_sign_turn_right source=camera kind=turn_right_sign maneuver=right score=0.45 area=29146px bbox=247x118px center=(842,180)
[gazebo_track_car-2] [INFO] [1781119968.209901833] [gazebo_track_car]: camera sign seen but action is waiting until closer; detected=turn_right_sign sign=camera_sign_turn_right scene_sign=palette_turn_right_03_yaw_270 sign_dist=1.362m action_dist<=0.95m
[gazebo_track_car-2] [WARN] [1781119968.736447003] [gazebo_track_car]: JITTER events=17 reasons=cmd_xy_error=0.0564m pos=(+0.590,+0.632) step=0.0042/0.0201m yaw=0.011/0.000rad route=aaa_flat_parking_stub_stop
[gazebo_track_car-2] [INFO] [1781119968.833388311] [gazebo_track_car]: ROUTE_PROGRESS_SYNC actual=(+0.610,+0.636) cmd_error=0.061m route_dist=0.055m yaw_error=0.045rad segment=aaa_flat_parking_stub_stop@0.143m->aaa_flat_parking_stub_stop@0.118m
[gazebo_track_car-2] [INFO] [1781119969.349879824] [gazebo_track_car]: camera turn sign ignored as left/right ambiguous; segment=aaa_flat_parking_stub_stop best=camera_sign_turn_right:0.50 opposite=turn_left_sign:0.48
[gazebo_track_car-2] [INFO] [1781119969.350247900] [gazebo_track_car]: camera sign action blocked; no matching facing 3D sign is close enough; detected=turn_right_sign sign=camera_sign_turn_right detection_dist<=3.40m action_dist<=0.95m
[gazebo_track_car-2] [INFO] [1781119969.384782361] [gazebo_track_car]: camera sign ignored as parking/turn confusion; segment=aaa_flat_parking_stub_stop best=camera_sign_turn_right:0.49 parking=camera_sign_parking:0.33
[gazebo_track_car-2] [INFO] [1781119969.439218378] [gazebo_track_car]: MOTION pos=(+0.713,+0.648) yaw=-0.505 v=0.162 step_err=0.0154m/0.017rad track_err=0.0664m footprint=road:10.98px route=aaa_flat_parking_stub_stop cmd_vel=(0.140,-0.850)
[gazebo_track_car-2] [INFO] [1781119969.538732740] [gazebo_track_car]: camera sign ignored as parking/turn confusion; segment=aaa_flat_parking_stub_stop best=camera_sign_turn_left:0.49 parking=camera_sign_parking:0.33
[gazebo_track_car-2] [INFO] [1781119969.616643799] [gazebo_track_car]: camera turn sign ignored as left/right ambiguous; segment=aaa_flat_parking_stub_stop best=camera_sign_turn_left:0.51 opposite=turn_right_sign:0.49
[gazebo_track_car-2] [INFO] [1781119969.633944138] [gazebo_track_car]: camera sign ignored as parking/turn confusion; segment=aaa_flat_parking_stub_stop best=camera_sign_turn_right:0.52 parking=camera_sign_parking:0.37
[gazebo_track_car-2] [INFO] [1781119969.685478088] [gazebo_track_car]: camera turn sign ignored as left/right ambiguous; segment=aaa_flat_parking_stub_stop best=camera_sign_turn_right:0.48 opposite=turn_left_sign:0.46
[gazebo_track_car-2] [INFO] [1781119969.686648631] [gazebo_track_car]: camera turn sign ignored as left/right ambiguous; segment=aaa_flat_parking_stub_stop best=camera_sign_turn_left:0.46 opposite=turn_right_sign:0.44
[gazebo_track_car-2] [INFO] [1781119969.687661656] [gazebo_track_car]: camera sign ignored as parking/turn confusion; segment=aaa_flat_parking_stub_stop best=camera_sign_turn_left:0.45 parking=camera_sign_parking:0.30
[gazebo_track_car-2] [INFO] [1781119969.694247177] [gazebo_track_car]: camera sign ignored as parking/turn confusion; segment=aaa_flat_parking_stub_stop best=camera_sign_turn_right:0.52 parking=camera_sign_parking:0.36
[gazebo_track_car-2] [INFO] [1781119969.695440493] [gazebo_track_car]: camera turn sign ignored as left/right ambiguous; segment=aaa_flat_parking_stub_stop best=camera_sign_turn_right:0.49 opposite=turn_left_sign:0.49
[gazebo_track_car-2] [INFO] [1781119969.736929933] [gazebo_track_car]: camera turn sign ignored as left/right ambiguous; segment=aaa_flat_parking_stub_stop best=camera_sign_turn_left:0.49 opposite=turn_right_sign:0.49
[gazebo_track_car-2] [WARN] [1781119969.738682687] [gazebo_track_car]: JITTER events=49 reasons=cmd_xy_error=0.0566m pos=(+0.760,+0.638) step=0.0033/0.0000m yaw=0.016/0.000rad route=aaa_flat_parking_stub_stop
[gazebo_track_car-2] [INFO] [1781119969.879543239] [gazebo_track_car]: camera_sign=camera_sign_speed_limit source=camera kind=speed_limit_sign maneuver=- score=0.58 area=4599px bbox=63x73px center=(940,163)
[gazebo_track_car-2] [INFO] [1781119969.904392579] [gazebo_track_car]: camera sign action blocked; no matching facing 3D sign is close enough; detected=speed_limit_sign sign=camera_sign_speed_limit detection_dist<=3.40m action_dist<=0.95m
[gazebo_track_car-2] [INFO] [1781119969.935168595] [gazebo_track_car]: camera traffic light is RED score=2092.5 area=2288px bbox=78x43px fill=0.68 center=(901,166)
[gazebo_track_car-2] [INFO] [1781119969.935458002] [gazebo_track_car]: camera traffic light ignored outside distance gate; state=red segment=aaa_flat_parking_stub_stop gate<=1.70m nearby_target=- area=2288px bbox=78x43px center=(901,166)
[gazebo_track_car-2] [INFO] [1781119969.940036668] [gazebo_track_car]: camera turn sign ignored as left/right ambiguous; segment=aaa_flat_parking_stub_stop best=camera_sign_turn_right:0.53 opposite=turn_left_sign:0.52
[gazebo_track_car-2] [INFO] [1781119969.972476599] [gazebo_track_car]: camera turn sign ignored as left/right ambiguous; segment=aaa_flat_parking_stub_stop best=camera_sign_turn_left:0.56 opposite=turn_right_sign:0.56
[gazebo_track_car-2] [INFO] [1781119970.009567303] [gazebo_track_car]: camera sign ignored as parking/turn confusion; segment=aaa_flat_parking_stub_stop best=camera_sign_turn_left:0.46 parking=camera_sign_parking:0.36
[gazebo_track_car-2] [INFO] [1781119970.040802477] [gazebo_track_car]: camera sign ignored as parking/turn confusion; segment=aaa_flat_parking_stub_stop best=camera_sign_turn_right:0.49 parking=camera_sign_parking:0.34
[gazebo_track_car-2] [INFO] [1781119970.140726404] [gazebo_track_car]: camera_sign=camera_sign_turn_right source=camera kind=turn_right_sign maneuver=right score=0.53 area=780px bbox=30x26px center=(370,195)
[gazebo_track_car-2] [INFO] [1781119970.172951328] [gazebo_track_car]: camera_sign=camera_sign_speed_limit source=camera kind=speed_limit_sign maneuver=- score=0.39 area=3996px bbox=74x54px center=(764,184)
[gazebo_track_car-2] [INFO] [1781119970.335257946] [gazebo_track_car]: camera turn sign ignored as left/right ambiguous; segment=aaa_flat_parking_stub_stop best=camera_sign_turn_right:0.48 opposite=turn_left_sign:0.44
[gazebo_track_car-2] [INFO] [1781119970.455849628] [gazebo_track_car]: camera_sign=camera_sign_turn_right source=camera kind=turn_right_sign maneuver=right score=0.48 area=24124px bbox=163x148px center=(300,195)
[gazebo_track_car-2] [INFO] [1781119970.528203520] [gazebo_track_car]: camera_sign=camera_sign_speed_limit source=camera kind=speed_limit_sign maneuver=- score=0.38 area=2050px bbox=50x41px center=(687,193)
[gazebo_track_car-2] [INFO] [1781119970.531915769] [gazebo_track_car]: camera traffic light is GREEN score=509.2 area=1731px bbox=58x49px fill=0.61 center=(290,365)
[gazebo_track_car-2] [INFO] [1781119970.565657762] [gazebo_track_car]: camera_sign=camera_sign_turn_right source=camera kind=turn_right_sign maneuver=right score=0.47 area=33066px bbox=198x167px center=(269,190)
[gazebo_track_car-2] [INFO] [1781119970.686443260] [gazebo_track_car]: camera sign action blocked; no matching facing 3D sign is close enough; detected=turn_right_sign sign=camera_sign_turn_right detection_dist<=3.40m action_dist<=0.95m
[gazebo_track_car-2] [INFO] [1781119970.703410395] [gazebo_track_car]: camera traffic light is RED score=400.4 area=448px bbox=26x23px fill=0.75 center=(656,196)
[gazebo_track_car-2] [WARN] [1781119970.753271636] [gazebo_track_car]: JITTER events=16 reasons=yaw_step_error=0.300rad pos=(+0.872,+0.527) step=0.0044/0.0564m yaw=0.009/0.309rad route=aaa_flat_parking_stub_stop
[gazebo_track_car-2] [INFO] [1781119970.948698170] [gazebo_track_car]: camera_sign=camera_sign_speed_limit source=camera kind=speed_limit_sign maneuver=- score=0.39 area=1440px bbox=40x36px center=(633,198)
[gazebo_track_car-2] [INFO] [1781119970.961285248] [gazebo_track_car]: camera sign action blocked; no matching facing 3D sign is close enough; detected=speed_limit_sign sign=camera_sign_speed_limit detection_dist<=3.40m action_dist<=0.95m
[gazebo_track_car-2] [INFO] [1781119971.025565857] [gazebo_track_car]: camera_sign=camera_sign_turn_right source=camera kind=turn_right_sign maneuver=right score=0.44 area=71036px bbox=301x236px center=(146,161)
[gazebo_track_car-2] [INFO] [1781119971.059470207] [gazebo_track_car]: camera turn sign ignored as left/right ambiguous; segment=aaa_flat_parking_stub_stop best=camera_sign_turn_left:0.50 opposite=turn_right_sign:0.48
[gazebo_track_car-2] [INFO] [1781119971.108706984] [gazebo_track_car]: camera turn sign ignored as left/right ambiguous; segment=aaa_flat_parking_stub_stop best=camera_sign_turn_right:0.56 opposite=turn_left_sign:0.55
[gazebo_track_car-2] [INFO] [1781119971.109912884] [gazebo_track_car]: camera sign action blocked; no matching facing 3D sign is close enough; detected=turn_right_sign sign=camera_sign_turn_right detection_dist<=3.40m action_dist<=0.95m
[gazebo_track_car-2] [INFO] [1781119971.129592450] [gazebo_track_car]: camera turn sign ignored as left/right ambiguous; segment=aaa_flat_parking_stub_stop best=camera_sign_turn_left:0.61 opposite=turn_right_sign:0.60
[gazebo_track_car-2] [INFO] [1781119971.199499437] [gazebo_track_car]: camera turn sign ignored as left/right ambiguous; segment=aaa_flat_parking_stub_stop best=camera_sign_turn_right:0.60 opposite=turn_left_sign:0.59
[gazebo_track_car-2] [INFO] [1781119971.278014638] [gazebo_track_car]: camera_sign=camera_sign_speed_limit source=camera kind=speed_limit_sign maneuver=- score=0.40 area=1296px bbox=36x36px center=(615,199)
[gazebo_track_car-2] [INFO] [1781119971.301169215] [gazebo_track_car]: camera sign action blocked; no matching facing 3D sign is close enough; detected=speed_limit_sign sign=camera_sign_speed_limit detection_dist<=3.40m action_dist<=0.95m
[gazebo_track_car-2] [INFO] [1781119971.447050189] [gazebo_track_car]: MOTION pos=(+0.894,+0.446) yaw=-1.510 v=0.124 step_err=0.0098m/0.003rad track_err=0.0041m footprint=road:8.00px route=aaa_flat_parking_stub_stop cmd_vel=(0.124,-0.155)
[gazebo_track_car-2] [INFO] [1781119971.539181873] [gazebo_track_car]: camera turn sign ignored as left/right ambiguous; segment=aaa_flat_parking_stub_stop best=camera_sign_turn_left:0.48 opposite=turn_right_sign:0.48
[gazebo_track_car-2] [INFO] [1781119971.963699710] [gazebo_track_car]: camera sign seen but action is waiting until closer; detected=speed_limit_sign sign=camera_sign_speed_limit scene_sign=palette_speed_limit_03_yaw_270 sign_dist=2.581m action_dist<=0.95m
[gazebo_track_car-2] [INFO] [1781119972.768489381] [gazebo_track_car]: camera sign action blocked; no matching facing 3D sign is close enough; detected=speed_limit_sign sign=camera_sign_speed_limit detection_dist<=3.40m action_dist<=0.95m
[gazebo_track_car-2] [INFO] [1781119973.473909894] [gazebo_track_car]: MOTION pos=(+0.900,+0.195) yaw=-1.617 v=0.093 step_err=0.0069m/0.000rad track_err=0.0092m footprint=road:7.00px route=aaa_flat_parking_stub_stop cmd_vel=(0.089,-0.012)
[gazebo_track_car-2] [INFO] [1781119974.990301595] [gazebo_track_car]: camera traffic light is GREEN score=1549.4 area=4911px bbox=212x53px fill=0.44 center=(877,317)
[gazebo_track_car-2] [WARN] [1781119975.094232948] [gazebo_track_car]: JITTER events=2 reasons=speed_delta=0.094m/s pos=(+0.895,+0.092) step=0.0021/0.0000m yaw=0.000/0.000rad route=aaa_flat_parking_stub_stop
[gazebo_track_car-2] [INFO] [1781119975.600177137] [gazebo_track_car]: MOTION pos=(+0.893,+0.043) yaw=-1.641 v=0.098 step_err=0.0196m/0.000rad track_err=0.0029m footprint=road:5.00px route=aaa_flat_parking_stub_stop cmd_vel=(0.098,-0.055)
[gazebo_track_car-2] [INFO] [1781119975.628759057] [gazebo_track_car]: camera traffic light is RED score=678.1 area=757px bbox=33x30px fill=0.76 center=(625,184)
[gazebo_track_car-2] [INFO] [1781119975.734887635] [gazebo_track_car]: camera traffic light is GREEN score=1533.5 area=4864px bbox=210x53px fill=0.44 center=(879,318)
[gazebo_track_car-2] [INFO] [1781119975.943496593] [gazebo_track_car]: camera traffic light is RED score=647.3 area=722px bbox=32x30px fill=0.75 center=(614,184)
[gazebo_track_car-2] [INFO] [1781119975.968372163] [gazebo_track_car]: traffic light is now GREEN.
[gazebo_track_car-2] [WARN] [1781119975.970737084] [gazebo_track_car]: parking complete; stopped at segment=aaa_flat_parking_stub_stop pose=(+0.891,+0.019) yaw=-1.571
[gazebo_track_car-2] [INFO] [1781119975.989221170] [gazebo_track_car]: camera traffic light ignored outside distance gate; state=red segment=aaa_flat_parking_stub_stop gate<=1.70m nearby_target=- area=686px bbox=30x30px center=(607,185)
[gazebo_track_car-2] [INFO] [1781119975.992780910] [gazebo_track_car]: camera sign seen but action is waiting until closer; detected=speed_limit_sign sign=camera_sign_speed_limit scene_sign=palette_speed_limit_03_yaw_270 sign_dist=2.387m action_dist<=0.95m
[gazebo_track_car-2] [INFO] [1781119976.032720721] [gazebo_track_car]: camera traffic light is GREEN score=534.0 area=599px bbox=29x26px fill=0.79 center=(595,227)
[gazebo_track_car-2] [INFO] [1781119977.583660069] [gazebo_track_car]: MOTION pos=(+0.898,+0.008) yaw=-1.750 v=0.000 step_err=0.0000m/0.000rad track_err=0.0130m footprint=road:3.00px route=aaa_flat_parking_stub_stop cmd_vel=(0.000,+0.000)
[gazebo_track_car-2] [INFO] [1781119979.588861788] [gazebo_track_car]: MOTION pos=(+0.898,+0.008) yaw=-1.750 v=0.000 step_err=0.0000m/0.000rad track_err=0.0130m footprint=road:3.00px route=aaa_flat_parking_stub_stop cmd_vel=(0.000,+0.000)
[gazebo_track_car-2] [INFO] [1781119980.992543340] [gazebo_track_car]: traffic light is now YELLOW.
[gazebo_track_car-2] [INFO] [1781119981.017818475] [gazebo_track_car]: camera traffic light is YELLOW score=541.6 area=597px bbox=28x27px fill=0.79 center=(596,207)
[gazebo_track_car-2] [INFO] [1781119981.018091942] [gazebo_track_car]: camera traffic light ignored outside distance gate; state=yellow segment=aaa_flat_parking_stub_stop gate<=1.70m nearby_target=- area=597px bbox=28x27px center=(596,207)
[gazebo_track_car-2] [INFO] [1781119981.613610825] [gazebo_track_car]: MOTION pos=(+0.898,+0.008) yaw=-1.750 v=0.000 step_err=0.0000m/0.000rad track_err=0.0131m footprint=road:3.00px route=aaa_flat_parking_stub_stop cmd_vel=(0.000,+0.000)
[gazebo_track_car-2] [INFO] [1781119981.997683146] [gazebo_track_car]: traffic light is now RED.
[gazebo_track_car-2] [INFO] [1781119982.055784973] [gazebo_track_car]: camera traffic light is RED score=581.9 area=649px bbox=29x29px fill=0.77 center=(598,186)
[gazebo_track_car-2] [INFO] [1781119982.056126068] [gazebo_track_car]: camera traffic light ignored outside distance gate; state=red segment=aaa_flat_parking_stub_stop gate<=1.70m nearby_target=- area=649px bbox=29x29px center=(598,186)
[gazebo_track_car-2] [INFO] [1781119982.059898841] [gazebo_track_car]: camera_sign=camera_sign_speed_limit source=camera kind=speed_limit_sign maneuver=- score=0.39 area=2450px bbox=50x49px center=(598,186)
[gazebo_track_car-2] [INFO] [1781119982.101629608] [gazebo_track_car]: camera sign seen but action is waiting until closer; detected=speed_limit_sign sign=camera_sign_speed_limit scene_sign=palette_speed_limit_03_yaw_270 sign_dist=2.388m action_dist<=0.95m
