[INFO] [launch]: All log files can be found below /home/quocbao/.ros/log/2026-06-10-12-04-12-290213-ubuntu-15221
[INFO] [launch]: Default logging verbosity is set to INFO
[INFO] [gzserver-1]: process started with pid [15223]
[INFO] [gazebo_track_car-2]: process started with pid [15225]
[gazebo_track_car-2] [INFO] [1781118252.867860543] [gazebo_track_car]: [MAP_TRANSFORM] image=256x256 path=/home/quocbao/my_robot_vision_full_project/my_robot_vision/models/autonomous_map_3d/materials/textures/autonomous_map_visual.png map_size=6.000x6.000m px_per_m_x=42.667 px_per_m_y=42.667 route_offset=(+0.000,+0.300)m map_visual_offset=(+0.000,+0.300)m
[gazebo_track_car-2] [INFO] [1781118252.997019561] [gazebo_track_car]: [FOOTPRINT_CHECK] samples=1588 center_off_road=0 center_outside_safe=1005 failures=0 min_footprint_clearance=3.20px footprint=front:0.165m rear:0.145m half_width:0.115m
[gazebo_track_car-2] [INFO] [1781118252.997308868] [gazebo_track_car]: [FOOTPRINT_CHECK] overlays=/tmp/gazebo_route_mask_debug.png, /tmp/gazebo_route_centerline_debug.png, /tmp/gazebo_route_footprint_debug.png
[gazebo_track_car-2] [INFO] [1781118253.072305271] [gazebo_track_car]: SAFE_ROUTE_VERSION=semantic_parking_spawn_turn_guard_v31; direction=reversed to match map arrows; clearance=12px; drive_wheels=True; route_offset=(+0.000,+0.300)m; start_distance=0.000m; route_explore=False branch_probability=0.00; sign_detection=camera action_dist<=0.95m parking_action_dist<=1.35m roi=0.08-0.82; map_visual_offset=(+0.000,+0.300)m; base_speed=0.28m/s speed_limit=0.14m/s; traffic_light=cycle state=green green=5.0s yellow=1.0s red=8.0s trigger_distance=1.70m stop_distance=0.85m min_stop=2.0s camera=on topic=/track_preview_car/camera/image_raw fill>=0.42 slow_area>=45px stop_area>=160px distance_gate=on; camera_sign_templates=5 sign_score>=0.32 sign_stable=2; parking_auto_route=False; wheel_controller lookahead=0.32m parking_lookahead=0.20m heading_gain=3.80 max_wz=2.80rad/s rotate_heading>1.05rad; nearest_route=True nearest_dist<=0.65m; yaw_limits=1.80rad/s/4.00rad/s2; route_rejoin=False outer_only=True cmd_error>0.30m max_route_dist=0.55m; progress_sync=True cmd_error>0.06m route_dist<=0.20m yaw<=1.20rad; initial_pose_reset=False override=False tol=0.12m/0.35rad; segments=19; route_points=39.
[gazebo_track_car-2] [INFO] [1781118253.072622821] [gazebo_track_car]: Motion log uses /model_states and /track_preview_car/cmd_vel: MOTION every 2.00s, JITTER at most every 1.00s, verbose=False; jitter thresholds xy_step_delta=0.0060m, cmd_error=0.050m, z_delta=0.0005m, tilt=0.0030rad, speed_delta=0.030m/s, yaw_step_error=0.025rad, yaw_rate_delta=0.400rad/s.
[gzserver-1] [INFO] [1781118254.575113539] [track_preview_car.front_camera_controller]: Publishing camera info to [/track_preview_car/camera/camera_info]
[gzserver-1] [INFO] [1781118254.589016511] [gazebo_ros_state]: Publishing states of gazebo models at [/model_states]
[gzserver-1] [INFO] [1781118254.589351734] [gazebo_ros_state]: Publishing states of gazebo links at [/link_states]
[gzserver-1] [INFO] [1781118254.604693545] [track_preview_car.track_preview_car_diff_drive]: Wheel pair 1 separation set to [0.176000m]
[gzserver-1] [INFO] [1781118254.604758237] [track_preview_car.track_preview_car_diff_drive]: Wheel pair 1 diameter set to [0.060000m]
[gzserver-1] [INFO] [1781118254.605503134] [track_preview_car.track_preview_car_diff_drive]: Subscribed to [/track_preview_car/cmd_vel]
[gzserver-1] [INFO] [1781118254.606226831] [track_preview_car.track_preview_car_diff_drive]: Advertise odometry on [/track_preview_car/odom]
[gazebo_track_car-2] [INFO] [1781118254.639709480] [gazebo_track_car]: wheel controller synced route progress from initial model pose; segment=flat_right_mid_to_lower_reverse@0.114m route_dist=0.105m startup_gate=1.250m
[gazebo_track_car-2] [INFO] [1781118254.680083051] [gazebo_track_car]: traffic light is now YELLOW.
[gazebo_track_car-2] [INFO] [1781118254.689382360] [gazebo_track_car]: ROUTE_PROGRESS_SYNC actual=(-2.075,-1.133) cmd_error=0.105m route_dist=0.105m yaw_error=0.139rad segment=flat_right_mid_to_lower_reverse@0.114m->flat_right_mid_to_lower_reverse@0.114m
[gazebo_track_car-2] [WARN] [1781118254.689915217] [gazebo_track_car]: JITTER events=1 reasons=cmd_xy_error=0.1050m pos=(-2.075,-1.133) step=0.0000/0.0000m yaw=0.000/0.000rad route=flat_right_mid_to_lower_reverse
[gazebo_track_car-2] [INFO] [1781118254.690226465] [gazebo_track_car]: MOTION pos=(-2.075,-1.133) yaw=+1.710 v=0.000 step_err=0.0000m/0.000rad track_err=0.1050m footprint=road:1.00px route=flat_right_mid_to_lower_reverse cmd_vel=(0.218,+0.465)
[gazebo_track_car-2] [INFO] [1781118254.919331760] [gazebo_track_car]: camera traffic light is YELLOW score=67.1 area=75px bbox=10x9px fill=0.83 center=(649,227)
[gazebo_track_car-2] [INFO] [1781118254.919644682] [gazebo_track_car]: camera traffic light ignored outside distance gate; state=yellow segment=flat_right_mid_to_lower_reverse gate<=1.70m nearby_target=- area=75px bbox=10x9px center=(649,227)
[gazebo_track_car-2] [INFO] [1781118254.922771818] [gazebo_track_car]: camera_sign=camera_sign_turn_right source=camera kind=turn_right_sign maneuver=right score=0.50 area=6240px bbox=80x78px center=(603,218)
[gazebo_track_car-2] [WARN] [1781118254.935377781] [gazebo_track_car]: GAZEBO_FOOTPRINT_OFFROAD actual pose=(-2.0768,-1.0885) yaw=+1.7883 origin_pixel=(39.4,187.2) min_clearance=0.00px cmd_error=0.1041m/0.217rad
[gazebo_track_car-2] [INFO] [1781118254.994336043] [gazebo_track_car]: camera sign seen but action is waiting until closer; detected=turn_right_sign sign=camera_sign_turn_right scene_sign=palette_turn_right_03_yaw_270 sign_dist=1.231m action_dist<=0.95m
[gazebo_track_car-2] [INFO] [1781118255.589783122] [gazebo_track_car]: traffic light is now RED.
[gazebo_track_car-2] [INFO] [1781118255.685437973] [gazebo_track_car]: camera traffic light lost for 0.2s.
[gazebo_track_car-2] [INFO] [1781118256.431868721] [gazebo_track_car]: switched to sign-local maneuver 'right' from camera sign camera_sign_turn_right; scene_sign=palette_turn_right_03_yaw_270 sign_dist=0.949m segment=flat_mid_center_to_right_mid_reverse@0.527m route_dist=0.505m search_radius=0.85m delta=-95.5deg sync_suppressed=4.0s
[gazebo_track_car-2] [INFO] [1781118256.479111021] [gazebo_track_car]: switched to sign-local maneuver 'right' from camera sign camera_sign_turn_right; scene_sign=palette_turn_right_03_yaw_270 sign_dist=0.941m segment=flat_mid_center_to_right_mid_reverse@0.527m route_dist=0.505m search_radius=0.85m delta=-95.2deg sync_suppressed=4.0s
[gazebo_track_car-2] [WARN] [1781118256.498995663] [gazebo_track_car]: JITTER events=54 reasons=yaw_step_error=1.567rad,cmd_xy_error=1.3918m pos=(-2.170,-0.701) step=0.0051/1.4230m yaw=0.003/1.571rad route=flat_mid_center_to_right_mid_reverse
[gazebo_track_car-2] [INFO] [1781118256.800753791] [gazebo_track_car]: MOTION pos=(-2.181,-0.632) yaw=+1.515 v=0.239 step_err=0.0190m/0.008rad track_err=1.3632m footprint=road:5.00px route=flat_mid_center_to_right_mid_reverse cmd_vel=(0.242,-0.360)
[gazebo_track_car-2] [INFO] [1781118256.885126730] [gazebo_track_car]: camera traffic light is GREEN score=107.0 area=342px bbox=47x12px fill=0.61 center=(637,276)
[gazebo_track_car-2] [INFO] [1781118257.414566037] [gazebo_track_car]: camera traffic light is RED score=51.5 area=61px bbox=8x9px fill=0.85 center=(574,221)
[gazebo_track_car-2] [INFO] [1781118257.452410585] [gazebo_track_car]: camera_sign=camera_sign_parking source=camera kind=parking_sign maneuver=parking score=0.32 area=16241px bbox=109x149px center=(623,198)
[gazebo_track_car-2] [INFO] [1781118257.501810901] [gazebo_track_car]: camera traffic light is GREEN score=764.1 area=2435px bbox=152x38px fill=0.42 center=(894,320)
[gazebo_track_car-2] [INFO] [1781118257.505152373] [gazebo_track_car]: camera_sign=camera_sign_turn_right source=camera kind=turn_right_sign maneuver=right score=0.44 area=17176px bbox=113x152px center=(624,198)
[gazebo_track_car-2] [WARN] [1781118257.507302956] [gazebo_track_car]: JITTER events=50 reasons=cmd_xy_error=1.2999m pos=(-2.167,-0.454) step=0.0053/0.0264m yaw=0.003/0.000rad route=flat_mid_center_to_right_mid_reverse
[gazebo_track_car-2] [INFO] [1781118257.524384293] [gazebo_track_car]: camera traffic light is RED score=56.1 area=66px bbox=9x9px fill=0.81 center=(571,221)
[gazebo_track_car-2] [INFO] [1781118257.567561043] [gazebo_track_car]: camera traffic light is YELLOW score=130.2 area=353px bbox=53x15px fill=0.44 center=(808,304)
[gazebo_track_car-2] [INFO] [1781118257.567909361] [gazebo_track_car]: camera traffic light ignored outside distance gate; state=yellow segment=flat_mid_center_to_right_mid_reverse gate<=1.70m nearby_target=palette_traffic_light_03_yaw_270 dist=3.12m forward=2.80m lateral=1.38m area=353px bbox=53x15px center=(808,304)
[gazebo_track_car-2] [INFO] [1781118257.580447395] [gazebo_track_car]: camera traffic light is GREEN score=482.0 area=1618px bbox=58x45px fill=0.62 center=(571,366)
[gazebo_track_car-2] [WARN] [1781118258.305051006] [gazebo_track_car]: GAZEBO_FOOTPRINT_OFFROAD actual pose=(-2.1168,-0.2451) yaw=+1.2541 origin_pixel=(37.7,151.3) min_clearance=0.00px cmd_error=1.2604m/1.254rad
[gazebo_track_car-2] [INFO] [1781118258.396250201] [gazebo_track_car]: camera_sign=camera_sign_parking source=camera kind=parking_sign maneuver=parking score=0.32 area=35742px bbox=138x259px center=(704,160)
[gazebo_track_car-2] [INFO] [1781118258.428452000] [gazebo_track_car]: camera sign action blocked; no matching facing 3D sign is close enough; detected=parking_sign sign=camera_sign_parking detection_dist<=3.40m action_dist<=1.35m
[gazebo_track_car-2] [WARN] [1781118258.521866670] [gazebo_track_car]: JITTER events=51 reasons=cmd_xy_error=1.2537m pos=(-2.099,-0.188) step=0.0054/0.0278m yaw=0.002/0.000rad route=flat_mid_center_to_right_mid_reverse
[gazebo_track_car-2] [INFO] [1781118258.770728248] [gazebo_track_car]: camera_sign=camera_sign_turn_right source=camera kind=turn_right_sign maneuver=right score=0.48 area=40677px bbox=149x273px center=(789,137)
[gazebo_track_car-2] [INFO] [1781118258.788960088] [gazebo_track_car]: camera_sign=camera_sign_parking source=camera kind=parking_sign maneuver=parking score=0.36 area=22428px bbox=89x252px center=(777,133)
[gazebo_track_car-2] [INFO] [1781118258.821438369] [gazebo_track_car]: MOTION pos=(-2.074,-0.112) yaw=+1.198 v=0.269 step_err=0.0216m/0.002rad track_err=1.2541m footprint=OFFROAD:0.00px route=flat_mid_center_to_right_mid_reverse cmd_vel=(0.269,-0.120)
[gazebo_track_car-2] [INFO] [1781118258.851328160] [gazebo_track_car]: camera_sign=camera_sign_turn_right source=camera kind=turn_right_sign maneuver=right score=0.42 area=40996px bbox=148x277px center=(844,136)
[gazebo_track_car-2] [WARN] [1781118259.326322323] [gazebo_track_car]: GAZEBO_FOOTPRINT_OFFROAD actual pose=(-2.0262,+0.0131) yaw=+1.1311 origin_pixel=(41.6,140.2) min_clearance=0.00px cmd_error=1.2657m/1.131rad
[gazebo_track_car-2] [INFO] [1781118259.351072215] [gazebo_track_car]: camera traffic light is RED score=67.0 area=77px bbox=9x10px fill=0.86 center=(540,220)
[gazebo_track_car-2] [INFO] [1781118259.371636892] [gazebo_track_car]: camera traffic light is YELLOW score=158.1 area=368px bbox=35x22px fill=0.48 center=(787,308)
[gazebo_track_car-2] [INFO] [1781118259.488033855] [gazebo_track_car]: camera traffic light is RED score=67.0 area=78px bbox=9x10px fill=0.87 center=(536,219)
[gazebo_track_car-2] [WARN] [1781118259.525058665] [gazebo_track_car]: JITTER events=50 reasons=cmd_xy_error=1.2750m pos=(-2.005,+0.062) step=0.0053/0.0271m yaw=0.003/0.000rad route=flat_mid_center_to_right_mid_reverse
[gazebo_track_car-2] [INFO] [1781118259.668469408] [gazebo_track_car]: camera traffic light is GREEN score=1627.5 area=5175px bbox=196x49px fill=0.54 center=(487,289)
[gazebo_track_car-2] [WARN] [1781118260.329040456] [gazebo_track_car]: GAZEBO_FOOTPRINT_OFFROAD actual pose=(-1.9103,+0.2430) yaw=+0.9289 origin_pixel=(46.5,130.4) min_clearance=0.00px cmd_error=1.3180m/0.929rad
[gazebo_track_car-2] [WARN] [1781118260.626440054] [gazebo_track_car]: JITTER events=55 reasons=cmd_xy_error=1.3353m pos=(-1.869,+0.304) step=0.0049/0.0245m yaw=0.006/0.000rad route=flat_mid_center_to_right_mid_reverse
[gazebo_track_car-2] [INFO] [1781118260.827104310] [gazebo_track_car]: MOTION pos=(-1.840,+0.343) yaw=+0.780 v=0.242 step_err=1.2897m/0.007rad track_err=0.2388m footprint=OFFROAD:0.00px route=flat_mid_center_to_right_mid_reverse cmd_vel=(0.236,-0.345)
[gazebo_track_car-2] [INFO] [1781118261.049129435] [gazebo_track_car]: ROUTE_PROGRESS_SYNC actual=(-1.806,+0.382) cmd_error=0.199m route_dist=0.199m yaw_error=0.703rad segment=flat_mid_center_to_right_mid_reverse@0.367m->flat_mid_center_to_right_mid_reverse@0.374m
[gazebo_track_car-2] [WARN] [1781118261.327932055] [gazebo_track_car]: GAZEBO_FOOTPRINT_OFFROAD actual pose=(-1.7596,+0.4279) yaw=+0.5985 origin_pixel=(52.9,122.5) min_clearance=0.00px cmd_error=0.1533m/0.598rad
[gazebo_track_car-2] [INFO] [1781118261.632563015] [gazebo_track_car]: camera traffic light is RED score=109.1 area=125px bbox=12x13px fill=0.80 center=(419,214)
[gazebo_track_car-2] [INFO] [1781118261.633029216] [gazebo_track_car]: camera traffic light ignored outside distance gate; state=red segment=flat_mid_center_to_right_mid_reverse gate<=1.70m nearby_target=palette_traffic_light_03_yaw_270 dist=2.14m forward=2.06m lateral=0.61m area=125px bbox=12x13px center=(419,214)
[gazebo_track_car-2] [WARN] [1781118261.639086487] [gazebo_track_car]: JITTER events=50 reasons=cmd_xy_error=0.1101m pos=(-1.706,+0.471) step=0.0046/0.0174m yaw=0.008/0.000rad route=flat_mid_center_to_right_mid_reverse
[gazebo_track_car-2] [INFO] [1781118262.071526478] [gazebo_track_car]: camera_sign=camera_sign_speed_limit source=camera kind=speed_limit_sign maneuver=- score=0.41 area=650px bbox=25x26px center=(377,211)
[gazebo_track_car-2] [INFO] [1781118262.136887086] [gazebo_track_car]: camera sign action blocked; no matching facing 3D sign is close enough; detected=speed_limit_sign sign=camera_sign_speed_limit detection_dist<=3.40m action_dist<=0.95m
[gazebo_track_car-2] [INFO] [1781118262.170176169] [gazebo_track_car]: camera_sign=camera_sign_parking source=camera kind=parking_sign maneuver=parking score=0.35 area=960px bbox=32x30px center=(947,232)
[gazebo_track_car-2] [INFO] [1781118262.212417703] [gazebo_track_car]: camera turn sign ignored as left/right ambiguous; segment=flat_mid_center_to_right_mid_reverse best=camera_sign_turn_left:0.52 opposite=turn_right_sign:0.51
[gazebo_track_car-2] [INFO] [1781118262.213503194] [gazebo_track_car]: camera_sign=camera_sign_speed_limit source=camera kind=speed_limit_sign maneuver=- score=0.42 area=841px bbox=29x29px center=(363,209)
[gazebo_track_car-2] [INFO] [1781118262.227225465] [gazebo_track_car]: camera turn sign ignored as left/right ambiguous; segment=flat_mid_center_to_right_mid_reverse best=camera_sign_turn_right:0.48 opposite=turn_left_sign:0.46
[gazebo_track_car-2] [INFO] [1781118262.601108062] [gazebo_track_car]: camera turn sign ignored as left/right ambiguous; segment=flat_mid_center_to_right_mid_reverse best=camera_sign_turn_left:0.51 opposite=turn_right_sign:0.51
[gazebo_track_car-2] [INFO] [1781118262.841150104] [gazebo_track_car]: MOTION pos=(-1.444,+0.573) yaw=+0.092 v=0.247 step_err=0.0213m/0.004rad track_err=0.0088m footprint=road:4.00px route=flat_mid_center_to_right_mid_reverse cmd_vel=(0.250,-0.201)
[gazebo_track_car-2] [INFO] [1781118262.937877332] [gazebo_track_car]: camera turn sign ignored as left/right ambiguous; segment=flat_mid_center_to_right_mid_reverse best=camera_sign_turn_right:0.49 opposite=turn_left_sign:0.48
[gazebo_track_car-2] [INFO] [1781118262.992651400] [gazebo_track_car]: camera_sign=camera_sign_parking source=camera kind=parking_sign maneuver=parking score=0.33 area=990px bbox=33x30px center=(948,231)
[gazebo_track_car-2] [INFO] [1781118263.025400033] [gazebo_track_car]: camera sign seen but action is waiting until closer; detected=parking_sign sign=camera_sign_parking scene_sign=palette_parking_03_yaw_270 sign_dist=2.877m action_dist<=1.35m
[gazebo_track_car-2] [INFO] [1781118263.070811435] [gazebo_track_car]: camera sign ignored as parking/turn confusion; segment=flat_mid_center_to_right_mid_reverse best=camera_sign_turn_right:0.47 parking=camera_sign_parking:0.32
[gazebo_track_car-2] [INFO] [1781118263.071881497] [gazebo_track_car]: camera_sign=camera_sign_speed_limit source=camera kind=speed_limit_sign maneuver=- score=0.42 area=1908px bbox=53x36px center=(258,197)
[gazebo_track_car-2] [INFO] [1781118263.113698209] [gazebo_track_car]: camera sign action blocked; no matching facing 3D sign is close enough; detected=speed_limit_sign sign=camera_sign_speed_limit detection_dist<=3.40m action_dist<=0.95m
[gazebo_track_car-2] [INFO] [1781118263.136785702] [gazebo_track_car]: camera_sign=camera_sign_parking source=camera kind=parking_sign maneuver=parking score=0.32 area=1682px bbox=58x29px center=(938,233)
[gazebo_track_car-2] [INFO] [1781118263.161086236] [gazebo_track_car]: camera sign seen but action is waiting until closer; detected=parking_sign sign=camera_sign_parking scene_sign=palette_parking_03_yaw_270 sign_dist=2.842m action_dist<=1.35m
[gazebo_track_car-2] [INFO] [1781118263.627575900] [gazebo_track_car]: traffic light is now GREEN.
[gazebo_track_car-2] [INFO] [1781118263.680296570] [gazebo_track_car]: camera traffic light is GREEN score=302.2 area=944px bbox=43x28px fill=0.78 center=(191,227)
[gazebo_track_car-2] [INFO] [1781118264.205979822] [gazebo_track_car]: camera turn sign ignored as left/right ambiguous; segment=flat_mid_center_to_right_mid_reverse best=camera_sign_turn_left:0.56 opposite=turn_right_sign:0.53
[gazebo_track_car-2] [INFO] [1781118264.576521300] [gazebo_track_car]: camera turn sign ignored as left/right ambiguous; segment=flat_mid_center_to_right_mid_reverse best=camera_sign_turn_right:0.51 opposite=turn_left_sign:0.49
[gazebo_track_car-2] [INFO] [1781118264.853711226] [gazebo_track_car]: MOTION pos=(-0.897,+0.583) yaw=-0.011 v=0.277 step_err=0.0208m/0.000rad track_err=0.0064m footprint=road:5.00px route=flat_mid_center_to_right_mid_reverse cmd_vel=(0.277,+0.017)
[gazebo_track_car-2] [INFO] [1781118265.675676601] [gazebo_track_car]: camera_sign=camera_sign_parking source=camera kind=parking_sign maneuver=parking score=0.34 area=806px bbox=31x26px center=(819,233)
[gazebo_track_car-2] [INFO] [1781118265.741242908] [gazebo_track_car]: camera sign seen but action is waiting until closer; detected=parking_sign sign=camera_sign_parking scene_sign=palette_parking_03_yaw_270 sign_dist=2.146m action_dist<=1.35m
[gazebo_track_car-2] [INFO] [1781118265.904082555] [gazebo_track_car]: camera turn sign ignored as left/right ambiguous; segment=flat_mid_center_to_right_mid_reverse best=camera_sign_turn_left:0.49 opposite=turn_right_sign:0.48
[gazebo_track_car-2] [INFO] [1781118266.243731168] [gazebo_track_car]: route segment=flat_mid_top_to_mid_center_reverse; previous=flat_mid_center_to_right_mid_reverse; distance=0.003m; decision=route/default: flat_mid_top_to_mid_center_reverse
[gazebo_track_car-2] [INFO] [1781118266.319419965] [gazebo_track_car]: camera turn sign ignored as left/right ambiguous; segment=flat_mid_top_to_mid_center_reverse best=camera_sign_turn_left:0.49 opposite=turn_right_sign:0.49
[gazebo_track_car-2] [INFO] [1781118266.864919244] [gazebo_track_car]: MOTION pos=(-0.340,+0.581) yaw=+0.001 v=0.280 step_err=0.0227m/0.000rad track_err=0.0053m footprint=road:6.59px route=flat_mid_top_to_mid_center_reverse cmd_vel=(0.280,-0.001)
[gazebo_track_car-2] [INFO] [1781118267.195664339] [gazebo_track_car]: camera_sign=camera_sign_turn_left source=camera kind=turn_left_sign maneuver=left score=0.52 area=465px bbox=15x31px center=(519,226)
[gazebo_track_car-2] [INFO] [1781118267.243702875] [gazebo_track_car]: camera_sign=camera_sign_parking source=camera kind=parking_sign maneuver=parking score=0.35 area=910px bbox=26x35px center=(910,231)
[gazebo_track_car-2] [INFO] [1781118267.361921383] [gazebo_track_car]: camera traffic light is YELLOW score=36.9 area=101px bbox=14x16px fill=0.45 center=(515,283)
[gazebo_track_car-2] [INFO] [1781118267.362209547] [gazebo_track_car]: camera traffic light ignored outside distance gate; state=yellow segment=flat_mid_top_to_mid_center_reverse gate<=1.70m nearby_target=- area=101px bbox=14x16px center=(515,283)
[gazebo_track_car-2] [INFO] [1781118267.477077976] [gazebo_track_car]: camera_sign=camera_sign_turn_left source=camera kind=turn_left_sign maneuver=left score=0.50 area=510px bbox=15x34px center=(521,225)
[gazebo_track_car-2] [INFO] [1781118267.563353713] [gazebo_track_car]: camera_sign=camera_sign_parking source=camera kind=parking_sign maneuver=parking score=0.35 area=1044px bbox=29x36px center=(931,231)
[gazebo_track_car-2] [INFO] [1781118267.851145339] [gazebo_track_car]: camera traffic light lost for 0.2s.
[gazebo_track_car-2] [INFO] [1781118267.875602840] [gazebo_track_car]: camera turn sign ignored as left/right ambiguous; segment=flat_mid_top_to_mid_center_reverse best=camera_sign_turn_right:0.49 opposite=turn_left_sign:0.46
[gazebo_track_car-2] [INFO] [1781118268.656068600] [gazebo_track_car]: traffic light is now YELLOW.
[gazebo_track_car-2] [INFO] [1781118268.689021880] [gazebo_track_car]: parking stub armed from camera sign camera_sign_parking; next_branch=0.34m
[gazebo_track_car-2] [INFO] [1781118268.860625644] [gazebo_track_car]: MOTION pos=(+0.218,+0.582) yaw=+0.000 v=0.279 step_err=0.0218m/0.000rad track_err=0.0061m footprint=road:5.00px route=flat_mid_top_to_mid_center_reverse cmd_vel=(0.279,-0.006)
[gazebo_track_car-2] [INFO] [1781118269.054596571] [gazebo_track_car]: camera traffic light is GREEN score=36.1 area=125px bbox=14x11px fill=0.81 center=(535,293)
[gazebo_track_car-2] [INFO] [1781118269.659705450] [gazebo_track_car]: traffic light is now RED.
[gazebo_track_car-2] [INFO] [1781118269.760568282] [gazebo_track_car]: route segment=aaa_flat_parking_stub_stop; previous=flat_mid_top_to_mid_center_reverse; distance=0.000m; decision=route/parking from camera_sign_parking: aaa_flat_parking_stub_stop
[gazebo_track_car-2] [INFO] [1781118269.771282512] [gazebo_track_car]: camera_sign=camera_sign_turn_right source=camera kind=turn_right_sign maneuver=right score=0.54 area=3840px bbox=64x60px center=(566,217)
[gazebo_track_car-2] [INFO] [1781118269.778281603] [gazebo_track_car]: camera sign ignored as parking/turn confusion; segment=aaa_flat_parking_stub_stop best=camera_sign_turn_right:0.54 parking=camera_sign_parking:0.38
[gazebo_track_car-2] [INFO] [1781118270.024462867] [gazebo_track_car]: camera sign ignored because scene sign context disagrees; detected=turn_right_sign scene_ahead=go_straight_sign
[gazebo_track_car-2] [WARN] [1781118270.201168149] [gazebo_track_car]: JITTER events=31 reasons=speed_delta=0.034m/s,yaw_rate_delta=0.401rad/s pos=(+0.592,+0.582) step=0.0051/0.0000m yaw=0.005/0.000rad route=aaa_flat_parking_stub_stop
[gazebo_track_car-2] [INFO] [1781118270.608820438] [gazebo_track_car]: camera turn sign ignored as left/right ambiguous; segment=aaa_flat_parking_stub_stop best=camera_sign_turn_right:0.51 opposite=turn_left_sign:0.49
[gazebo_track_car-2] [INFO] [1781118270.677018567] [gazebo_track_car]: camera turn sign ignored as left/right ambiguous; segment=aaa_flat_parking_stub_stop best=camera_sign_turn_left:0.51 opposite=turn_right_sign:0.48
[gazebo_track_car-2] [INFO] [1781118270.867829575] [gazebo_track_car]: MOTION pos=(+0.715,+0.596) yaw=-0.364 v=0.138 step_err=0.0028m/0.015rad track_err=0.0163m footprint=road:8.59px route=aaa_flat_parking_stub_stop cmd_vel=(0.124,-0.841)
[gazebo_track_car-2] [INFO] [1781118270.917081834] [gazebo_track_car]: camera sign action blocked; no matching facing 3D sign is close enough; detected=turn_right_sign sign=camera_sign_turn_right detection_dist<=3.40m action_dist<=0.95m
[gazebo_track_car-2] [INFO] [1781118270.951457771] [gazebo_track_car]: camera turn sign ignored as left/right ambiguous; segment=aaa_flat_parking_stub_stop best=camera_sign_turn_right:0.51 opposite=turn_left_sign:0.49
[gazebo_track_car-2] [INFO] [1781118271.007306271] [gazebo_track_car]: camera turn sign ignored as left/right ambiguous; segment=aaa_flat_parking_stub_stop best=camera_sign_turn_left:0.54 opposite=turn_right_sign:0.53
[gazebo_track_car-2] [INFO] [1781118271.094962808] [gazebo_track_car]: camera turn sign ignored as left/right ambiguous; segment=aaa_flat_parking_stub_stop best=camera_sign_turn_right:0.50 opposite=turn_left_sign:0.49
[gazebo_track_car-2] [INFO] [1781118271.150676693] [gazebo_track_car]: camera sign ignored as parking/turn confusion; segment=aaa_flat_parking_stub_stop best=camera_sign_turn_left:0.49 parking=camera_sign_parking:0.33
[gazebo_track_car-2] [INFO] [1781118271.183382656] [gazebo_track_car]: camera sign ignored as parking/turn confusion; segment=aaa_flat_parking_stub_stop best=camera_sign_turn_right:0.52 parking=camera_sign_parking:0.37
[gazebo_track_car-2] [INFO] [1781118271.184524002] [gazebo_track_car]: camera sign ignored as parking/turn confusion; segment=aaa_flat_parking_stub_stop best=camera_sign_turn_left:0.49 parking=camera_sign_parking:0.33
[gazebo_track_car-2] [INFO] [1781118271.214258852] [gazebo_track_car]: camera sign ignored as parking/turn confusion; segment=aaa_flat_parking_stub_stop best=camera_sign_turn_right:0.52 parking=camera_sign_parking:0.36
[gazebo_track_car-2] [INFO] [1781118271.250532795] [gazebo_track_car]: camera sign ignored as parking/turn confusion; segment=aaa_flat_parking_stub_stop best=camera_sign_turn_left:0.48 parking=camera_sign_parking:0.32
[gazebo_track_car-2] [INFO] [1781118271.272820377] [gazebo_track_car]: camera sign ignored as parking/turn confusion; segment=aaa_flat_parking_stub_stop best=camera_sign_turn_right:0.52 parking=camera_sign_parking:0.36
[gazebo_track_car-2] [INFO] [1781118271.274887332] [gazebo_track_car]: camera turn sign ignored as left/right ambiguous; segment=aaa_flat_parking_stub_stop best=camera_sign_turn_left:0.46 opposite=turn_right_sign:0.45
[gazebo_track_car-2] [INFO] [1781118271.319415597] [gazebo_track_car]: camera turn sign ignored as left/right ambiguous; segment=aaa_flat_parking_stub_stop best=camera_sign_turn_right:0.50 opposite=turn_left_sign:0.49
[gazebo_track_car-2] [INFO] [1781118271.352312630] [gazebo_track_car]: camera turn sign ignored as left/right ambiguous; segment=aaa_flat_parking_stub_stop best=camera_sign_turn_left:0.49 opposite=turn_right_sign:0.49
[gazebo_track_car-2] [INFO] [1781118271.522300324] [gazebo_track_car]: camera_sign=camera_sign_speed_limit source=camera kind=speed_limit_sign maneuver=- score=0.59 area=2160px bbox=36x60px center=(948,161)
[gazebo_track_car-2] [INFO] [1781118271.530694992] [gazebo_track_car]: camera sign action blocked; no matching facing 3D sign is close enough; detected=speed_limit_sign sign=camera_sign_speed_limit detection_dist<=3.40m action_dist<=0.95m
[gazebo_track_car-2] [WARN] [1781118271.570115909] [gazebo_track_car]: JITTER events=2 reasons=yaw_step_error=0.114rad pos=(+0.811,+0.580) step=0.0031/0.0137m yaw=0.017/0.131rad route=aaa_flat_parking_stub_stop
[gazebo_track_car-2] [INFO] [1781118271.574908242] [gazebo_track_car]: camera traffic light is RED score=2407.5 area=2645px bbox=87x46px fill=0.66 center=(917,162)
[gazebo_track_car-2] [INFO] [1781118271.575171469] [gazebo_track_car]: camera traffic light ignored outside distance gate; state=red segment=aaa_flat_parking_stub_stop gate<=1.70m nearby_target=- area=2645px bbox=87x46px center=(917,162)
[gazebo_track_car-2] [INFO] [1781118271.623009928] [gazebo_track_car]: camera sign ignored as parking/turn confusion; segment=aaa_flat_parking_stub_stop best=camera_sign_turn_left:0.46 parking=camera_sign_parking:0.32
[gazebo_track_car-2] [INFO] [1781118271.623370178] [gazebo_track_car]: camera_sign=camera_sign_turn_right source=camera kind=turn_right_sign maneuver=right score=0.52 area=754px bbox=29x26px center=(386,195)
[gazebo_track_car-2] [INFO] [1781118271.656546931] [gazebo_track_car]: camera sign ignored as parking/turn confusion; segment=aaa_flat_parking_stub_stop best=camera_sign_turn_right:0.49 parking=camera_sign_parking:0.34
[gazebo_track_car-2] [INFO] [1781118271.657677997] [gazebo_track_car]: camera_sign=camera_sign_speed_limit source=camera kind=speed_limit_sign maneuver=- score=0.42 area=6760px bbox=104x65px center=(835,173)
[gazebo_track_car-2] [INFO] [1781118271.756214877] [gazebo_track_car]: camera_sign=camera_sign_turn_right source=camera kind=turn_right_sign maneuver=right score=0.51 area=1050px bbox=35x30px center=(353,191)
[gazebo_track_car-2] [INFO] [1781118271.773091978] [gazebo_track_car]: camera turn sign ignored as left/right ambiguous; segment=aaa_flat_parking_stub_stop best=camera_sign_turn_right:0.48 opposite=turn_left_sign:0.44
[gazebo_track_car-2] [INFO] [1781118271.775111864] [gazebo_track_car]: camera_sign=camera_sign_speed_limit source=camera kind=speed_limit_sign maneuver=- score=0.39 area=4050px bbox=75x54px center=(765,183)
[gazebo_track_car-2] [INFO] [1781118271.889276635] [gazebo_track_car]: camera_sign=camera_sign_turn_right source=camera kind=turn_right_sign maneuver=right score=0.48 area=23532px bbox=159x148px center=(310,195)
[gazebo_track_car-2] [INFO] [1781118271.965148921] [gazebo_track_car]: camera_sign=camera_sign_speed_limit source=camera kind=speed_limit_sign maneuver=- score=0.39 area=2832px bbox=59x48px center=(715,189)
[gazebo_track_car-2] [INFO] [1781118271.987269568] [gazebo_track_car]: camera_sign=camera_sign_turn_right source=camera kind=turn_right_sign maneuver=right score=0.47 area=30644px bbox=188x163px center=(283,191)
[gazebo_track_car-2] [INFO] [1781118272.096113498] [gazebo_track_car]: camera sign action blocked; no matching facing 3D sign is close enough; detected=turn_right_sign sign=camera_sign_turn_right detection_dist<=3.40m action_dist<=0.95m
[gazebo_track_car-2] [INFO] [1781118272.518839034] [gazebo_track_car]: camera_sign=camera_sign_speed_limit source=camera kind=speed_limit_sign maneuver=- score=0.38 area=1404px bbox=39x36px center=(632,198)
[gazebo_track_car-2] [INFO] [1781118272.554788574] [gazebo_track_car]: camera turn sign ignored as left/right ambiguous; segment=aaa_flat_parking_stub_stop best=camera_sign_turn_left:0.50 opposite=turn_right_sign:0.47
[gazebo_track_car-2] [INFO] [1781118272.555877441] [gazebo_track_car]: camera_sign=camera_sign_turn_right source=camera kind=turn_right_sign maneuver=right score=0.45 area=69325px bbox=295x235px center=(140,161)
[gazebo_track_car-2] [INFO] [1781118272.618738839] [gazebo_track_car]: camera turn sign ignored as left/right ambiguous; segment=aaa_flat_parking_stub_stop best=camera_sign_turn_right:0.57 opposite=turn_left_sign:0.56
[gazebo_track_car-2] [INFO] [1781118272.655883626] [gazebo_track_car]: camera turn sign ignored as left/right ambiguous; segment=aaa_flat_parking_stub_stop best=camera_sign_turn_left:0.61 opposite=turn_right_sign:0.60
[gazebo_track_car-2] [INFO] [1781118272.715161565] [gazebo_track_car]: camera turn sign ignored as left/right ambiguous; segment=aaa_flat_parking_stub_stop best=camera_sign_turn_right:0.60 opposite=turn_left_sign:0.58
[gazebo_track_car-2] [INFO] [1781118272.757592909] [gazebo_track_car]: camera_sign=camera_sign_speed_limit source=camera kind=speed_limit_sign maneuver=- score=0.39 area=1296px bbox=36x36px center=(617,199)
[gazebo_track_car-2] [INFO] [1781118272.816748487] [gazebo_track_car]: camera sign action blocked; no matching facing 3D sign is close enough; detected=speed_limit_sign sign=camera_sign_speed_limit detection_dist<=3.40m action_dist<=0.95m
[gazebo_track_car-2] [INFO] [1781118272.889945940] [gazebo_track_car]: MOTION pos=(+0.896,+0.453) yaw=-1.504 v=0.123 step_err=0.0098m/0.004rad track_err=0.0059m footprint=road:7.00px route=aaa_flat_parking_stub_stop cmd_vel=(0.122,-0.182)
[gazebo_track_car-2] [INFO] [1781118272.902495373] [gazebo_track_car]: camera_sign=camera_sign_turn_right source=camera kind=turn_right_sign maneuver=right score=0.50 area=31559px bbox=151x209px center=(53,144)
[gazebo_track_car-2] [INFO] [1781118272.935147417] [gazebo_track_car]: camera_sign=camera_sign_speed_limit source=camera kind=speed_limit_sign maneuver=- score=0.40 area=1260px bbox=35x36px center=(609,199)
[gazebo_track_car-2] [INFO] [1781118273.054130050] [gazebo_track_car]: camera turn sign ignored as left/right ambiguous; segment=aaa_flat_parking_stub_stop best=camera_sign_turn_left:0.48 opposite=turn_right_sign:0.48
[gazebo_track_car-2] [INFO] [1781118273.338450904] [gazebo_track_car]: camera sign seen but action is waiting until closer; detected=speed_limit_sign sign=camera_sign_speed_limit scene_sign=palette_speed_limit_03_yaw_270 sign_dist=2.591m action_dist<=0.95m
[gazebo_track_car-2] [INFO] [1781118274.796685785] [gazebo_track_car]: camera sign action blocked; no matching facing 3D sign is close enough; detected=speed_limit_sign sign=camera_sign_speed_limit detection_dist<=3.40m action_dist<=0.95m
[gazebo_track_car-2] [INFO] [1781118274.893610521] [gazebo_track_car]: MOTION pos=(+0.901,+0.202) yaw=-1.624 v=0.097 step_err=0.0083m/0.000rad track_err=0.0108m footprint=road:7.00px route=aaa_flat_parking_stub_stop cmd_vel=(0.093,-0.011)
[gazebo_track_car-2] [INFO] [1781118276.159565752] [gazebo_track_car]: camera traffic light is GREEN score=1607.4 area=5096px bbox=220x55px fill=0.42 center=(874,317)
[gazebo_track_car-2] [INFO] [1781118276.220003843] [gazebo_track_car]: camera traffic light is RED score=549.3 area=610px bbox=29x27px fill=0.78 center=(615,188)
[gazebo_track_car-2] [WARN] [1781118276.225811664] [gazebo_track_car]: JITTER events=9 reasons=speed_delta=0.066m/s pos=(+0.897,+0.110) step=0.0018/0.0000m yaw=0.002/0.000rad route=aaa_flat_parking_stub_stop
[gazebo_track_car-2] [INFO] [1781118276.313075800] [gazebo_track_car]: camera traffic light is GREEN score=1604.2 area=5085px bbox=218x55px fill=0.42 center=(875,317)
[gazebo_track_car-2] [INFO] [1781118276.445419154] [gazebo_track_car]: camera traffic light is RED score=575.4 area=644px bbox=30x29px fill=0.74 center=(617,187)
[gazebo_track_car-2] [INFO] [1781118276.725783697] [gazebo_track_car]: camera traffic light is GREEN score=1580.0 area=5010px bbox=214x54px fill=0.43 center=(876,317)
[gazebo_track_car-2] [INFO] [1781118276.906793514] [gazebo_track_car]: MOTION pos=(+0.894,+0.064) yaw=-1.645 v=0.098 step_err=0.0080m/0.000rad track_err=0.0036m footprint=road:6.00px route=aaa_flat_parking_stub_stop cmd_vel=(0.098,-0.019)
[gazebo_track_car-2] [INFO] [1781118277.032972794] [gazebo_track_car]: camera traffic light is RED score=639.5 area=709px bbox=31x29px fill=0.79 center=(621,185)
[WARNING] [launch]: user interrupted with ctrl-c (SIGINT)
[WARNING] [launch]: user interrupted with ctrl-c (SIGINT) again, ignoring...
[INFO] [gazebo_track_car-2]: sending signal 'SIGINT' to process[gazebo_track_car-2]
[INFO] [gzserver-1]: sending signal 'SIGINT' to process[gzserver-1]
[INFO] [gazebo_track_car-2]: process has finished cleanly [pid 15225]
[ERROR] [gzserver-1]: process has died [pid 15223, exit code -2, cmd 'gzserver /home/quocbao/my_robot_vision_full_project/my_robot_vision/mirrored_world_lab/generated/map_2.world                                                                      -s libgazebo_ros_init.so   -s libgazebo_ros_factory.so   -s libgazebo_ros_force_system.so       '].
