[INFO] [launch]: All log files can be found below /home/quocbao/.ros/log/2026-06-10-12-19-00-041167-ubuntu-21079
[INFO] [launch]: Default logging verbosity is set to INFO
[INFO] [gzserver-1]: process started with pid [21081]
[INFO] [gazebo_track_car-2]: process started with pid [21083]
[gazebo_track_car-2] [INFO] [1781119140.624676653] [gazebo_track_car]: [MAP_TRANSFORM] image=256x256 path=/home/quocbao/my_robot_vision_full_project/my_robot_vision/models/autonomous_map_3d/materials/textures/autonomous_map_visual.png map_size=6.000x6.000m px_per_m_x=42.667 px_per_m_y=42.667 route_offset=(+0.000,+0.300)m map_visual_offset=(+0.000,+0.300)m
[gazebo_track_car-2] [INFO] [1781119140.750980694] [gazebo_track_car]: [FOOTPRINT_CHECK] samples=1588 center_off_road=0 center_outside_safe=1005 failures=0 min_footprint_clearance=3.20px footprint=front:0.165m rear:0.145m half_width:0.115m
[gazebo_track_car-2] [INFO] [1781119140.751245124] [gazebo_track_car]: [FOOTPRINT_CHECK] overlays=/tmp/gazebo_route_mask_debug.png, /tmp/gazebo_route_centerline_debug.png, /tmp/gazebo_route_footprint_debug.png
[gazebo_track_car-2] [INFO] [1781119140.825494853] [gazebo_track_car]: SAFE_ROUTE_VERSION=semantic_parking_spawn_turn_guard_v31; direction=reversed to match map arrows; clearance=12px; drive_wheels=True; route_offset=(+0.000,+0.300)m; start_distance=0.000m; route_explore=False branch_probability=0.00; sign_detection=camera action_dist<=0.95m parking_action_dist<=1.35m roi=0.08-0.82; map_visual_offset=(+0.000,+0.300)m; base_speed=0.28m/s speed_limit=0.14m/s; traffic_light=cycle state=green green=5.0s yellow=1.0s red=8.0s trigger_distance=1.70m stop_distance=0.85m min_stop=2.0s camera=on topic=/track_preview_car/camera/image_raw fill>=0.42 slow_area>=45px stop_area>=160px distance_gate=on; camera_sign_templates=5 sign_score>=0.32 sign_stable=2; parking_auto_route=False; wheel_controller lookahead=0.32m parking_lookahead=0.20m heading_gain=3.80 max_wz=2.80rad/s rotate_heading>1.05rad; nearest_route=True nearest_dist<=0.65m; yaw_limits=1.80rad/s/4.00rad/s2; route_rejoin=False outer_only=True cmd_error>0.30m max_route_dist=0.55m; progress_sync=True cmd_error>0.06m route_dist<=0.20m yaw<=1.20rad; initial_pose_reset=False override=False tol=0.12m/0.35rad; segments=18; route_points=37.
[gazebo_track_car-2] [INFO] [1781119140.825725248] [gazebo_track_car]: Motion log uses /model_states and /track_preview_car/cmd_vel: MOTION every 2.00s, JITTER at most every 1.00s, verbose=False; jitter thresholds xy_step_delta=0.0060m, cmd_error=0.050m, z_delta=0.0005m, tilt=0.0030rad, speed_delta=0.030m/s, yaw_step_error=0.025rad, yaw_rate_delta=0.400rad/s.
[gzserver-1] [INFO] [1781119142.306675320] [track_preview_car.front_camera_controller]: Publishing camera info to [/track_preview_car/camera/camera_info]
[gzserver-1] [INFO] [1781119142.318392469] [gazebo_ros_state]: Publishing states of gazebo models at [/model_states]
[gzserver-1] [INFO] [1781119142.318699019] [gazebo_ros_state]: Publishing states of gazebo links at [/link_states]
[gzserver-1] [INFO] [1781119142.331271015] [track_preview_car.track_preview_car_diff_drive]: Wheel pair 1 separation set to [0.176000m]
[gzserver-1] [INFO] [1781119142.331295461] [track_preview_car.track_preview_car_diff_drive]: Wheel pair 1 diameter set to [0.060000m]
[gzserver-1] [INFO] [1781119142.331788353] [track_preview_car.track_preview_car_diff_drive]: Subscribed to [/track_preview_car/cmd_vel]
[gzserver-1] [INFO] [1781119142.332572144] [track_preview_car.track_preview_car_diff_drive]: Advertise odometry on [/track_preview_car/odom]
[gazebo_track_car-2] [INFO] [1781119142.363212907] [gazebo_track_car]: wheel controller synced route progress from initial model pose; segment=flat_top_left_to_top_center_reverse@0.272m route_dist=0.001m startup_gate=1.250m
[gazebo_track_car-2] [INFO] [1781119142.410896216] [gazebo_track_car]: traffic light is now RED.
[gazebo_track_car-2] [WARN] [1781119142.414814983] [gazebo_track_car]: JITTER events=2 reasons=speed_delta=0.042m/s pos=(+0.767,+2.481) step=0.0002/0.0000m yaw=0.002/0.000rad route=flat_top_left_to_top_center_reverse
[gazebo_track_car-2] [INFO] [1781119142.415086346] [gazebo_track_car]: MOTION pos=(+0.767,+2.481) yaw=-0.006 v=0.000 step_err=0.0000m/0.000rad track_err=0.0023m footprint=road:8.39px route=flat_top_left_to_top_center_reverse cmd_vel=(0.280,+0.003)
[gazebo_track_car-2] [INFO] [1781119142.641222026] [gazebo_track_car]: camera traffic light is GREEN score=1872.5 area=3381px bbox=98x61px fill=0.57 center=(774,212)
[gazebo_track_car-2] [INFO] [1781119142.644099776] [gazebo_track_car]: camera_sign=camera_sign_go_straight source=camera kind=go_straight_sign maneuver=straight score=0.42 area=12525px bbox=167x75px center=(774,203)
[gazebo_track_car-2] [INFO] [1781119142.697948981] [gazebo_track_car]: camera sign seen but action is waiting until closer; detected=go_straight_sign sign=camera_sign_go_straight scene_sign=palette_go_straight_03_yaw_270 sign_dist=1.491m action_dist<=0.95m
[gazebo_track_car-2] [INFO] [1781119142.869152028] [gazebo_track_car]: camera turn sign ignored as left/right ambiguous; segment=flat_top_left_to_top_center_reverse best=camera_sign_turn_left:0.45 opposite=turn_right_sign:0.42
[gazebo_track_car-2] [INFO] [1781119143.080976194] [gazebo_track_car]: camera_sign=camera_sign_turn_left source=camera kind=turn_left_sign maneuver=left score=0.45 area=20400px bbox=240x85px center=(846,189)
[gazebo_track_car-2] [INFO] [1781119143.192678363] [gazebo_track_car]: camera sign action blocked; no matching facing 3D sign is close enough; detected=turn_left_sign sign=camera_sign_turn_left detection_dist<=3.40m action_dist<=0.95m
[gazebo_track_car-2] [INFO] [1781119143.704423600] [gazebo_track_car]: camera turn sign ignored as left/right ambiguous; segment=flat_top_left_to_top_center_reverse best=camera_sign_turn_right:0.50 opposite=turn_left_sign:0.46
[gazebo_track_car-2] [INFO] [1781119143.747272460] [gazebo_track_car]: camera turn sign ignored as left/right ambiguous; segment=flat_top_left_to_top_center_reverse best=camera_sign_turn_left:0.48 opposite=turn_right_sign:0.48
[gazebo_track_car-2] [INFO] [1781119143.748417465] [gazebo_track_car]: camera turn sign ignored as left/right ambiguous; segment=flat_top_left_to_top_center_reverse best=camera_sign_turn_right:0.50 opposite=turn_left_sign:0.47
[gazebo_track_car-2] [INFO] [1781119143.778819767] [gazebo_track_car]: camera turn sign ignored as left/right ambiguous; segment=flat_top_left_to_top_center_reverse best=camera_sign_turn_left:0.48 opposite=turn_right_sign:0.48
[gazebo_track_car-2] [INFO] [1781119143.779905599] [gazebo_track_car]: camera turn sign ignored as left/right ambiguous; segment=flat_top_left_to_top_center_reverse best=camera_sign_turn_right:0.49 opposite=turn_left_sign:0.45
[gazebo_track_car-2] [INFO] [1781119143.801325140] [gazebo_track_car]: camera turn sign ignored as left/right ambiguous; segment=flat_top_left_to_top_center_reverse best=camera_sign_turn_left:0.48 opposite=turn_right_sign:0.48
[gazebo_track_car-2] [INFO] [1781119143.802472248] [gazebo_track_car]: camera turn sign ignored as left/right ambiguous; segment=flat_top_left_to_top_center_reverse best=camera_sign_turn_right:0.49 opposite=turn_left_sign:0.46
[gazebo_track_car-2] [INFO] [1781119143.843680838] [gazebo_track_car]: camera turn sign ignored as left/right ambiguous; segment=flat_top_left_to_top_center_reverse best=camera_sign_turn_left:0.48 opposite=turn_right_sign:0.48
[gazebo_track_car-2] [INFO] [1781119143.844802087] [gazebo_track_car]: camera turn sign ignored as left/right ambiguous; segment=flat_top_left_to_top_center_reverse best=camera_sign_turn_right:0.48 opposite=turn_left_sign:0.45
[gazebo_track_car-2] [INFO] [1781119143.888607696] [gazebo_track_car]: camera turn sign ignored as left/right ambiguous; segment=flat_top_left_to_top_center_reverse best=camera_sign_turn_left:0.48 opposite=turn_right_sign:0.48
[gazebo_track_car-2] [INFO] [1781119143.889807113] [gazebo_track_car]: camera turn sign ignored as left/right ambiguous; segment=flat_top_left_to_top_center_reverse best=camera_sign_turn_right:0.48 opposite=turn_left_sign:0.46
[gazebo_track_car-2] [INFO] [1781119143.921055224] [gazebo_track_car]: camera traffic light lost for 0.2s.
[gazebo_track_car-2] [INFO] [1781119143.934174675] [gazebo_track_car]: camera turn sign ignored as left/right ambiguous; segment=flat_top_left_to_top_center_reverse best=camera_sign_turn_left:0.49 opposite=turn_right_sign:0.49
[gazebo_track_car-2] [INFO] [1781119144.524901497] [gazebo_track_car]: MOTION pos=(+1.335,+2.479) yaw=+0.001 v=0.280 step_err=0.0235m/0.000rad track_err=0.0050m footprint=road:8.00px route=flat_top_left_to_top_center_reverse cmd_vel=(0.280,-0.001)
[gazebo_track_car-2] [INFO] [1781119146.114901604] [gazebo_track_car]: camera traffic light is YELLOW score=348.5 area=866px bbox=46x32px fill=0.59 center=(921,310)
[gazebo_track_car-2] [INFO] [1781119146.115197303] [gazebo_track_car]: camera traffic light ignored outside distance gate; state=yellow segment=flat_top_left_to_top_center_reverse gate<=1.70m nearby_target=- area=866px bbox=46x32px center=(921,310)
[gazebo_track_car-2] [INFO] [1781119146.235370047] [gazebo_track_car]: camera traffic light is GREEN score=919.7 area=2954px bbox=95x43px fill=0.72 center=(914,310)
[gazebo_track_car-2] [INFO] [1781119146.238092463] [gazebo_track_car]: camera_sign=camera_sign_turn_left source=camera kind=turn_left_sign maneuver=left score=0.48 area=494px bbox=19x26px center=(927,231)
[gazebo_track_car-2] [WARN] [1781119146.348962168] [gazebo_track_car]: JITTER events=4 reasons=yaw_step_error=0.193rad pos=(+1.775,+2.471) step=0.0043/0.0205m yaw=0.010/0.203rad route=flat_top_left_to_top_center_reverse
[gazebo_track_car-2] [INFO] [1781119146.361859279] [gazebo_track_car]: camera turn sign ignored as left/right ambiguous; segment=flat_top_left_to_top_center_reverse best=camera_sign_turn_right:0.47 opposite=turn_left_sign:0.47
[gazebo_track_car-2] [INFO] [1781119146.463962011] [gazebo_track_car]: camera turn sign ignored as left/right ambiguous; segment=flat_top_left_corner_reverse best=camera_sign_turn_right:0.47 opposite=turn_left_sign:0.47
[gazebo_track_car-2] [INFO] [1781119146.509785474] [gazebo_track_car]: camera turn sign ignored as left/right ambiguous; segment=flat_top_left_corner_reverse best=camera_sign_turn_left:0.48 opposite=turn_right_sign:0.48
[gazebo_track_car-2] [INFO] [1781119146.510916072] [gazebo_track_car]: camera turn sign ignored as left/right ambiguous; segment=flat_top_left_corner_reverse best=camera_sign_turn_right:0.49 opposite=turn_left_sign:0.46
[gazebo_track_car-2] [INFO] [1781119146.533941117] [gazebo_track_car]: route segment=flat_top_left_corner_reverse; previous=flat_top_left_to_top_center_reverse; distance=0.022m; decision=route/wheel_nearest: flat_top_left_corner_reverse
[gazebo_track_car-2] [INFO] [1781119146.540730111] [gazebo_track_car]: camera turn sign ignored as left/right ambiguous; segment=flat_top_left_corner_reverse best=camera_sign_turn_left:0.48 opposite=turn_right_sign:0.47
[gazebo_track_car-2] [INFO] [1781119146.548671734] [gazebo_track_car]: MOTION pos=(+1.815,+2.456) yaw=-0.586 v=0.224 step_err=0.0502m/0.367rad track_err=0.0291m footprint=road:7.19px route=flat_top_left_corner_reverse cmd_vel=(0.222,-0.419)
[gazebo_track_car-2] [INFO] [1781119146.786619503] [gazebo_track_car]: camera turn sign ignored as left/right ambiguous; segment=flat_top_left_corner_reverse best=camera_sign_turn_right:0.49 opposite=turn_left_sign:0.46
[gazebo_track_car-2] [INFO] [1781119146.786998821] [gazebo_track_car]: camera_sign=camera_sign_turn_left source=camera kind=turn_left_sign maneuver=left score=0.45 area=27348px bbox=212x129px center=(873,174)
[gazebo_track_car-2] [INFO] [1781119146.894791078] [gazebo_track_car]: camera sign action blocked; no matching facing 3D sign is close enough; detected=turn_left_sign sign=camera_sign_turn_left detection_dist<=3.40m action_dist<=0.95m
[gazebo_track_car-2] [INFO] [1781119147.135888812] [gazebo_track_car]: traffic light is now GREEN.
[gazebo_track_car-2] [WARN] [1781119147.469383821] [gazebo_track_car]: JITTER events=3 reasons=speed_delta=0.054m/s,yaw_rate_delta=0.416rad/s pos=(+1.992,+2.322) step=0.0045/0.0000m yaw=0.006/0.000rad route=flat_top_left_corner_reverse
[gazebo_track_car-2] [INFO] [1781119147.814913271] [gazebo_track_car]: camera_sign=camera_sign_go_straight source=camera kind=go_straight_sign maneuver=straight score=0.47 area=37401px bbox=273x137px center=(849,178)
[gazebo_track_car-2] [INFO] [1781119147.931446702] [gazebo_track_car]: camera sign seen but action is waiting until closer; detected=go_straight_sign sign=camera_sign_go_straight scene_sign=palette_go_straight_03_yaw_270 sign_dist=1.059m action_dist<=0.95m
[gazebo_track_car-2] [INFO] [1781119147.940971809] [gazebo_track_car]: camera turn sign ignored as left/right ambiguous; segment=flat_top_left_corner_reverse best=camera_sign_turn_left:0.47 opposite=turn_right_sign:0.45
[gazebo_track_car-2] [WARN] [1781119148.458636928] [gazebo_track_car]: JITTER events=2 reasons=yaw_step_error=0.038rad pos=(+2.132,+2.157) step=0.0044/0.0219m yaw=0.009/0.047rad route=flat_top_left_corner_reverse
[gazebo_track_car-2] [INFO] [1781119148.556530433] [gazebo_track_car]: MOTION pos=(+2.142,+2.137) yaw=-1.305 v=0.224 step_err=0.0176m/0.199rad track_err=0.0068m footprint=road:5.20px route=flat_left_mid_to_top_reverse cmd_vel=(0.225,-0.419)
[gazebo_track_car-2] [INFO] [1781119148.644856269] [gazebo_track_car]: route segment=flat_left_mid_to_top_reverse; previous=flat_top_left_corner_reverse; distance=0.023m; decision=route/wheel_nearest: flat_left_mid_to_top_reverse
[gazebo_track_car-2] [INFO] [1781119148.817112951] [gazebo_track_car]: camera maneuver 'straight' from camera sign camera_sign_go_straight matches current route after no inner branch was available; continuing segment=flat_left_mid_to_top_reverse delta=+0.0deg
[gazebo_track_car-2] [INFO] [1781119150.314286888] [gazebo_track_car]: camera turn sign ignored as left/right ambiguous; segment=flat_left_mid_to_top_reverse best=camera_sign_turn_left:0.47 opposite=turn_right_sign:0.45
[gazebo_track_car-2] [INFO] [1781119150.352524051] [gazebo_track_car]: camera_sign=camera_sign_turn_left source=camera kind=turn_left_sign maneuver=left score=0.58 area=741px bbox=19x39px center=(736,162)
[gazebo_track_car-2] [INFO] [1781119150.482413210] [gazebo_track_car]: camera turn sign ignored as left/right ambiguous; segment=flat_left_mid_to_top_reverse best=camera_sign_turn_right:0.55 opposite=turn_left_sign:0.55
[gazebo_track_car-2] [INFO] [1781119150.485272465] [gazebo_track_car]: camera sign ignored because scene sign context disagrees; detected=turn_left_sign scene_ahead=go_straight_sign
[gazebo_track_car-2] [INFO] [1781119150.516553027] [gazebo_track_car]: camera turn sign ignored as left/right ambiguous; segment=flat_left_mid_to_top_reverse best=camera_sign_turn_left:0.56 opposite=turn_right_sign:0.55
[gazebo_track_car-2] [INFO] [1781119150.575401743] [gazebo_track_car]: MOTION pos=(+2.185,+1.619) yaw=-1.595 v=0.277 step_err=0.0175m/0.000rad track_err=0.0119m footprint=road:6.00px route=flat_left_mid_to_top_reverse cmd_vel=(0.277,+0.020)
[gazebo_track_car-2] [INFO] [1781119150.605317004] [gazebo_track_car]: camera turn sign ignored as left/right ambiguous; segment=flat_left_mid_to_top_reverse best=camera_sign_turn_right:0.55 opposite=turn_left_sign:0.52
[gazebo_track_car-2] [INFO] [1781119150.637900278] [gazebo_track_car]: camera turn sign ignored as left/right ambiguous; segment=flat_left_mid_to_top_reverse best=camera_sign_turn_left:0.58 opposite=turn_right_sign:0.57
[gazebo_track_car-2] [INFO] [1781119150.640680664] [gazebo_track_car]: camera turn sign ignored as left/right ambiguous; segment=flat_left_mid_to_top_reverse best=camera_sign_turn_right:0.51 opposite=turn_left_sign:0.47
[gazebo_track_car-2] [INFO] [1781119150.640984619] [gazebo_track_car]: camera_sign=camera_sign_go_straight source=camera kind=go_straight_sign maneuver=straight score=0.48 area=10140px bbox=60x169px center=(840,147)
[gazebo_track_car-2] [INFO] [1781119150.647212412] [gazebo_track_car]: camera turn sign ignored as left/right ambiguous; segment=flat_left_mid_to_top_reverse best=camera_sign_turn_left:0.45 opposite=turn_right_sign:0.44
[gazebo_track_car-2] [INFO] [1781119150.649922325] [gazebo_track_car]: camera turn sign ignored as left/right ambiguous; segment=flat_left_mid_to_top_reverse best=camera_sign_turn_right:0.53 opposite=turn_left_sign:0.49
[gazebo_track_car-2] [INFO] [1781119150.680122865] [gazebo_track_car]: camera turn sign ignored as left/right ambiguous; segment=flat_left_mid_to_top_reverse best=camera_sign_turn_left:0.50 opposite=turn_right_sign:0.48
[gazebo_track_car-2] [INFO] [1781119150.682129258] [gazebo_track_car]: camera turn sign ignored as left/right ambiguous; segment=flat_left_mid_to_top_reverse best=camera_sign_turn_right:0.53 opposite=turn_left_sign:0.49
[gazebo_track_car-2] [INFO] [1781119150.683308647] [gazebo_track_car]: camera_sign=camera_sign_turn_left source=camera kind=turn_left_sign maneuver=left score=0.48 area=551px bbox=19x29px center=(844,241)
[gazebo_track_car-2] [INFO] [1781119150.722587749] [gazebo_track_car]: camera sign ignored as parking/turn confusion; segment=flat_left_mid_to_top_reverse best=camera_sign_turn_left:0.47 parking=camera_sign_parking:0.34
[gazebo_track_car-2] [INFO] [1781119150.723736300] [gazebo_track_car]: camera turn sign ignored as left/right ambiguous; segment=flat_left_mid_to_top_reverse best=camera_sign_turn_left:0.61 opposite=turn_right_sign:0.60
[gazebo_track_car-2] [INFO] [1781119150.724737453] [gazebo_track_car]: camera turn sign ignored as left/right ambiguous; segment=flat_left_mid_to_top_reverse best=camera_sign_turn_right:0.50 opposite=turn_left_sign:0.48
[gazebo_track_car-2] [INFO] [1781119150.761394839] [gazebo_track_car]: camera turn sign ignored as left/right ambiguous; segment=flat_left_mid_to_top_reverse best=camera_sign_turn_left:0.45 opposite=turn_right_sign:0.42
[gazebo_track_car-2] [INFO] [1781119150.763430006] [gazebo_track_car]: camera turn sign ignored as left/right ambiguous; segment=flat_left_mid_to_top_reverse best=camera_sign_turn_right:0.50 opposite=turn_left_sign:0.49
[gazebo_track_car-2] [INFO] [1781119150.777932672] [gazebo_track_car]: camera turn sign ignored as left/right ambiguous; segment=flat_left_mid_to_top_reverse best=camera_sign_turn_left:0.45 opposite=turn_right_sign:0.41
[gazebo_track_car-2] [INFO] [1781119152.162956665] [gazebo_track_car]: traffic light is now YELLOW.
[gazebo_track_car-2] [INFO] [1781119152.573167788] [gazebo_track_car]: MOTION pos=(+2.179,+1.063) yaw=-1.569 v=0.279 step_err=0.0224m/0.000rad track_err=0.0053m footprint=road:6.00px route=flat_left_mid_to_top_reverse cmd_vel=(0.280,+0.002)
[gazebo_track_car-2] [INFO] [1781119153.170656416] [gazebo_track_car]: traffic light is now RED.
[gazebo_track_car-2] [INFO] [1781119153.954816002] [gazebo_track_car]: camera_sign=camera_sign_speed_limit source=camera kind=speed_limit_sign maneuver=- score=0.49 area=725px bbox=25x29px center=(728,207)
[gazebo_track_car-2] [INFO] [1781119153.989573056] [gazebo_track_car]: camera sign action blocked; no matching facing 3D sign is close enough; detected=speed_limit_sign sign=camera_sign_speed_limit detection_dist<=3.40m action_dist<=0.95m
[gazebo_track_car-2] [INFO] [1781119154.373259097] [gazebo_track_car]: route segment=flat_left_lower_to_mid_reverse; previous=flat_left_mid_to_top_reverse; distance=0.015m; decision=route/default: flat_left_lower_to_mid_reverse
[gazebo_track_car-2] [INFO] [1781119154.416707461] [gazebo_track_car]: camera traffic light is RED score=410.6 area=457px bbox=32x19px fill=0.75 center=(759,204)
[gazebo_track_car-2] [INFO] [1781119154.417083171] [gazebo_track_car]: camera traffic light ignored outside distance gate; state=red segment=flat_left_lower_to_mid_reverse gate<=1.70m nearby_target=palette_traffic_light_02_yaw_180 dist=2.54m forward=1.46m lateral=2.07m area=457px bbox=32x19px center=(759,204)
[gazebo_track_car-2] [INFO] [1781119154.576377497] [gazebo_track_car]: MOTION pos=(+2.180,+0.505) yaw=-1.571 v=0.279 step_err=0.0229m/0.000rad track_err=0.0050m footprint=road:8.59px route=flat_left_lower_to_mid_reverse cmd_vel=(0.279,-0.006)
[gazebo_track_car-2] [INFO] [1781119156.078941048] [gazebo_track_car]: camera traffic light is GREEN score=43.7 area=71px bbox=11x8px fill=0.81 center=(553,234)
[gazebo_track_car-2] [INFO] [1781119156.148061512] [gazebo_track_car]: camera_sign=camera_sign_speed_limit source=camera kind=speed_limit_sign maneuver=- score=0.58 area=4312px bbox=88x49px center=(928,180)
[gazebo_track_car-2] [INFO] [1781119156.248916045] [gazebo_track_car]: camera sign action blocked; no matching facing 3D sign is close enough; detected=speed_limit_sign sign=camera_sign_speed_limit detection_dist<=3.40m action_dist<=0.95m
[gazebo_track_car-2] [INFO] [1781119156.599807652] [gazebo_track_car]: MOTION pos=(+2.180,-0.058) yaw=-1.572 v=0.279 step_err=0.0232m/0.000rad track_err=0.0050m footprint=road:6.00px route=flat_left_lower_to_mid_reverse cmd_vel=(0.279,-0.003)
[gazebo_track_car-2] [INFO] [1781119158.603391121] [gazebo_track_car]: MOTION pos=(+2.180,-0.618) yaw=-1.571 v=0.280 step_err=0.0215m/0.000rad track_err=0.0056m footprint=road:6.00px route=flat_left_lower_to_mid_reverse cmd_vel=(0.280,+0.002)
[gazebo_track_car-2] [INFO] [1781119159.753001430] [gazebo_track_car]: camera turn sign ignored as left/right ambiguous; segment=flat_left_lower_to_mid_reverse best=camera_sign_turn_right:0.50 opposite=turn_left_sign:0.49
[gazebo_track_car-2] [WARN] [1781119159.843454210] [gazebo_track_car]: JITTER events=3 reasons=speed_delta=0.067m/s pos=(+2.180,-0.964) step=0.0047/0.0000m yaw=0.002/0.000rad route=flat_left_lower_to_mid_reverse
[gazebo_track_car-2] [INFO] [1781119160.434555686] [gazebo_track_car]: camera_sign=camera_sign_go_straight source=camera kind=go_straight_sign maneuver=straight score=0.41 area=546px bbox=21x26px center=(473,232)
[gazebo_track_car-2] [INFO] [1781119160.610549812] [gazebo_track_car]: camera traffic light is YELLOW score=1144.0 area=2370px bbox=57x61px fill=0.68 center=(912,358)
[gazebo_track_car-2] [INFO] [1781119160.610940711] [gazebo_track_car]: camera traffic light ignored outside distance gate; state=yellow segment=flat_left_lower_to_mid_reverse gate<=1.70m nearby_target=- area=2370px bbox=57x61px center=(912,358)
[gazebo_track_car-2] [INFO] [1781119160.613696250] [gazebo_track_car]: camera sign seen but action is waiting until closer; detected=go_straight_sign sign=camera_sign_go_straight scene_sign=palette_go_straight_02_yaw_180 sign_dist=3.349m action_dist<=0.95m
[gazebo_track_car-2] [INFO] [1781119160.626232718] [gazebo_track_car]: MOTION pos=(+2.186,-1.126) yaw=-2.006 v=0.191 step_err=0.0188m/0.013rad track_err=0.0077m footprint=road:6.20px route=flat_left_lower_to_mid_reverse cmd_vel=(0.185,-0.706)
[gazebo_track_car-2] [INFO] [1781119160.694313316] [gazebo_track_car]: camera traffic light is GREEN score=1426.5 area=4761px bbox=96x66px fill=0.75 center=(915,356)
[gazebo_track_car-2] [INFO] [1781119160.837708858] [gazebo_track_car]: camera_sign=camera_sign_speed_limit source=camera kind=speed_limit_sign maneuver=- score=0.36 area=936px bbox=24x39px center=(952,176)
[gazebo_track_car-2] [INFO] [1781119160.845294247] [gazebo_track_car]: camera sign action blocked; no matching facing 3D sign is close enough; detected=speed_limit_sign sign=camera_sign_speed_limit detection_dist<=3.40m action_dist<=0.95m
[gazebo_track_car-2] [WARN] [1781119160.926378797] [gazebo_track_car]: JITTER events=2 reasons=yaw_step_error=0.138rad pos=(+2.170,-1.183) step=0.0040/0.0199m yaw=0.012/0.150rad route=flat_left_lower_to_mid_reverse
[gazebo_track_car-2] [INFO] [1781119161.016934763] [gazebo_track_car]: camera turn sign ignored as left/right ambiguous; segment=flat_bottom_left_corner_reverse best=camera_sign_turn_right:0.48 opposite=turn_left_sign:0.44
[gazebo_track_car-2] [INFO] [1781119161.092219670] [gazebo_track_car]: camera_sign=camera_sign_turn_left source=camera kind=turn_left_sign maneuver=left score=0.45 area=527px bbox=17x31px center=(382,230)
[gazebo_track_car-2] [INFO] [1781119161.109915582] [gazebo_track_car]: traffic light is now GREEN.
[gazebo_track_car-2] [INFO] [1781119161.111998590] [gazebo_track_car]: route segment=flat_bottom_left_corner_reverse; previous=flat_left_lower_to_mid_reverse; distance=0.020m; decision=route/wheel_nearest: flat_bottom_left_corner_reverse
[gazebo_track_car-2] [INFO] [1781119161.149742480] [gazebo_track_car]: camera_sign=camera_sign_turn_right source=camera kind=turn_right_sign maneuver=right score=0.48 area=527px bbox=17x31px center=(376,230)
[gazebo_track_car-2] [INFO] [1781119161.156691676] [gazebo_track_car]: camera_sign=camera_sign_turn_left source=camera kind=turn_left_sign maneuver=left score=0.44 area=558px bbox=18x31px center=(371,230)
[gazebo_track_car-2] [INFO] [1781119161.233677038] [gazebo_track_car]: camera_sign=camera_sign_turn_right source=camera kind=turn_right_sign maneuver=right score=0.48 area=578px bbox=17x34px center=(361,229)
[gazebo_track_car-2] [INFO] [1781119161.320434042] [gazebo_track_car]: camera_sign=camera_sign_speed_limit source=camera kind=speed_limit_sign maneuver=- score=0.53 area=676px bbox=26x26px center=(671,226)
[gazebo_track_car-2] [INFO] [1781119161.356429957] [gazebo_track_car]: camera_sign=camera_sign_turn_right source=camera kind=turn_right_sign maneuver=right score=0.49 area=648px bbox=18x36px center=(340,229)
[gazebo_track_car-2] [INFO] [1781119161.465598437] [gazebo_track_car]: camera sign ignored because scene sign context disagrees; detected=turn_right_sign scene_ahead=go_straight_sign,turn_left_sign
[gazebo_track_car-2] [INFO] [1781119161.960737859] [gazebo_track_car]: camera sign ignored because scene sign context disagrees; detected=turn_right_sign scene_ahead=go_straight_sign
[gazebo_track_car-2] [INFO] [1781119162.393126828] [gazebo_track_car]: camera turn sign ignored as left/right ambiguous; segment=flat_bottom_left_corner_reverse best=camera_sign_turn_left:0.51 opposite=turn_right_sign:0.48
[gazebo_track_car-2] [INFO] [1781119162.394147658] [gazebo_track_car]: camera turn sign ignored as left/right ambiguous; segment=flat_bottom_left_corner_reverse best=camera_sign_turn_right:0.50 opposite=turn_left_sign:0.47
[gazebo_track_car-2] [INFO] [1781119162.434987140] [gazebo_track_car]: camera turn sign ignored as left/right ambiguous; segment=flat_bottom_left_corner_reverse best=camera_sign_turn_left:0.51 opposite=turn_right_sign:0.49
[gazebo_track_car-2] [INFO] [1781119162.436123458] [gazebo_track_car]: camera turn sign ignored as left/right ambiguous; segment=flat_bottom_left_corner_reverse best=camera_sign_turn_right:0.50 opposite=turn_left_sign:0.47
[gazebo_track_car-2] [INFO] [1781119162.472166333] [gazebo_track_car]: camera turn sign ignored as left/right ambiguous; segment=flat_bottom_left_corner_reverse best=camera_sign_turn_left:0.52 opposite=turn_right_sign:0.49
[gazebo_track_car-2] [INFO] [1781119162.473261614] [gazebo_track_car]: camera turn sign ignored as left/right ambiguous; segment=flat_bottom_left_corner_reverse best=camera_sign_turn_right:0.51 opposite=turn_left_sign:0.48
[gazebo_track_car-2] [WARN] [1781119162.628293573] [gazebo_track_car]: JITTER events=3 reasons=yaw_step_error=0.082rad pos=(+1.885,-1.413) step=0.0047/0.0230m yaw=0.006/0.089rad route=flat_bottom_left_corner_reverse
[gazebo_track_car-2] [INFO] [1781119162.628563042] [gazebo_track_car]: MOTION pos=(+1.885,-1.413) yaw=-2.965 v=0.234 step_err=0.0183m/0.082rad track_err=0.0089m footprint=road:4.00px route=flat_bottom_left_corner_reverse cmd_vel=(0.236,-0.308)
[gazebo_track_car-2] [INFO] [1781119162.735997915] [gazebo_track_car]: camera turn sign ignored as left/right ambiguous; segment=flat_bottom_center_to_bottom_left_reverse best=camera_sign_turn_right:0.48 opposite=turn_left_sign:0.47
[gazebo_track_car-2] [INFO] [1781119162.819157629] [gazebo_track_car]: route segment=flat_bottom_center_to_bottom_left_reverse; previous=flat_bottom_left_corner_reverse; distance=0.024m; decision=route/wheel_nearest: flat_bottom_center_to_bottom_left_reverse
[gazebo_track_car-2] [INFO] [1781119162.851635775] [gazebo_track_car]: camera sign action blocked; no matching facing 3D sign is close enough; detected=turn_right_sign sign=camera_sign_turn_right detection_dist<=3.40m action_dist<=0.95m
[gazebo_track_car-2] [INFO] [1781119163.328245288] [gazebo_track_car]: camera turn sign ignored as left/right ambiguous; segment=flat_bottom_center_to_bottom_left_reverse best=camera_sign_turn_left:0.51 opposite=turn_right_sign:0.51
[gazebo_track_car-2] [INFO] [1781119163.405628312] [gazebo_track_car]: camera turn sign ignored as left/right ambiguous; segment=flat_bottom_center_to_bottom_left_reverse best=camera_sign_turn_right:0.48 opposite=turn_left_sign:0.46
[gazebo_track_car-2] [INFO] [1781119163.543979759] [gazebo_track_car]: camera turn sign ignored as left/right ambiguous; segment=flat_bottom_center_to_bottom_left_reverse best=camera_sign_turn_left:0.51 opposite=turn_right_sign:0.50
[gazebo_track_car-2] [INFO] [1781119163.562280574] [gazebo_track_car]: camera turn sign ignored as left/right ambiguous; segment=flat_bottom_center_to_bottom_left_reverse best=camera_sign_turn_right:0.48 opposite=turn_left_sign:0.46
[gazebo_track_car-2] [INFO] [1781119163.564411583] [gazebo_track_car]: camera turn sign ignored as left/right ambiguous; segment=flat_bottom_center_to_bottom_left_reverse best=camera_sign_turn_left:0.49 opposite=turn_right_sign:0.47
[gazebo_track_car-2] [INFO] [1781119163.641674168] [gazebo_track_car]: camera turn sign ignored as left/right ambiguous; segment=flat_bottom_center_to_bottom_left_reverse best=camera_sign_turn_right:0.49 opposite=turn_left_sign:0.47
[gazebo_track_car-2] [INFO] [1781119163.731117239] [gazebo_track_car]: camera turn sign ignored as left/right ambiguous; segment=flat_bottom_center_to_bottom_left_reverse best=camera_sign_turn_left:0.53 opposite=turn_right_sign:0.53
[gazebo_track_car-2] [INFO] [1781119163.773744792] [gazebo_track_car]: camera turn sign ignored as left/right ambiguous; segment=flat_bottom_center_to_bottom_left_reverse best=camera_sign_turn_right:0.49 opposite=turn_left_sign:0.46
[gazebo_track_car-2] [INFO] [1781119164.075203945] [gazebo_track_car]: camera turn sign ignored as left/right ambiguous; segment=flat_bottom_center_to_bottom_left_reverse best=camera_sign_turn_left:0.50 opposite=turn_right_sign:0.49
[gazebo_track_car-2] [INFO] [1781119164.105055545] [gazebo_track_car]: camera turn sign ignored as left/right ambiguous; segment=flat_bottom_center_to_bottom_left_reverse best=camera_sign_turn_right:0.50 opposite=turn_left_sign:0.47
[gazebo_track_car-2] [INFO] [1781119164.107131009] [gazebo_track_car]: camera turn sign ignored as left/right ambiguous; segment=flat_bottom_center_to_bottom_left_reverse best=camera_sign_turn_left:0.48 opposite=turn_right_sign:0.47
[gazebo_track_car-2] [INFO] [1781119164.123808325] [gazebo_track_car]: camera turn sign ignored as left/right ambiguous; segment=flat_bottom_center_to_bottom_left_reverse best=camera_sign_turn_right:0.50 opposite=turn_left_sign:0.47
[gazebo_track_car-2] [INFO] [1781119164.375601991] [gazebo_track_car]: camera turn sign ignored as left/right ambiguous; segment=flat_bottom_center_to_bottom_left_reverse best=camera_sign_turn_left:0.52 opposite=turn_right_sign:0.52
[gazebo_track_car-2] [INFO] [1781119164.395814738] [gazebo_track_car]: camera turn sign ignored as left/right ambiguous; segment=flat_bottom_center_to_bottom_left_reverse best=camera_sign_turn_right:0.50 opposite=turn_left_sign:0.47
[gazebo_track_car-2] [INFO] [1781119164.398039316] [gazebo_track_car]: camera turn sign ignored as left/right ambiguous; segment=flat_bottom_center_to_bottom_left_reverse best=camera_sign_turn_left:0.51 opposite=turn_right_sign:0.51
[gazebo_track_car-2] [INFO] [1781119164.440674423] [gazebo_track_car]: camera turn sign ignored as left/right ambiguous; segment=flat_bottom_center_to_bottom_left_reverse best=camera_sign_turn_right:0.50 opposite=turn_left_sign:0.47
[gazebo_track_car-2] [INFO] [1781119164.442494253] [gazebo_track_car]: camera turn sign ignored as left/right ambiguous; segment=flat_bottom_center_to_bottom_left_reverse best=camera_sign_turn_left:0.50 opposite=turn_right_sign:0.49
[gazebo_track_car-2] [INFO] [1781119164.484224189] [gazebo_track_car]: camera turn sign ignored as left/right ambiguous; segment=flat_bottom_center_to_bottom_left_reverse best=camera_sign_turn_right:0.50 opposite=turn_left_sign:0.47
[gazebo_track_car-2] [INFO] [1781119164.486149718] [gazebo_track_car]: camera turn sign ignored as left/right ambiguous; segment=flat_bottom_center_to_bottom_left_reverse best=camera_sign_turn_left:0.51 opposite=turn_right_sign:0.49
[gazebo_track_car-2] [INFO] [1781119164.493856007] [gazebo_track_car]: camera turn sign ignored as left/right ambiguous; segment=flat_bottom_center_to_bottom_left_reverse best=camera_sign_turn_right:0.49 opposite=turn_left_sign:0.46
[gazebo_track_car-2] [INFO] [1781119164.631268989] [gazebo_track_car]: MOTION pos=(+1.357,-1.438) yaw=+3.123 v=0.277 step_err=0.0272m/0.000rad track_err=0.0039m footprint=road:4.00px route=flat_bottom_center_to_bottom_left_reverse cmd_vel=(0.277,+0.020)
[gazebo_track_car-2] [INFO] [1781119165.827527444] [gazebo_track_car]: camera turn sign ignored as left/right ambiguous; segment=flat_bottom_center_to_bottom_left_reverse best=camera_sign_turn_left:0.51 opposite=turn_right_sign:0.51
[gazebo_track_car-2] [INFO] [1781119165.920114750] [gazebo_track_car]: camera turn sign ignored as left/right ambiguous; segment=flat_bottom_center_to_bottom_left_reverse best=camera_sign_turn_right:0.55 opposite=turn_left_sign:0.54
[gazebo_track_car-2] [INFO] [1781119165.930565957] [gazebo_track_car]: camera_sign=camera_sign_turn_right source=camera kind=turn_right_sign maneuver=right score=0.51 area=624px bbox=24x26px center=(329,232)
[gazebo_track_car-2] [INFO] [1781119165.962145564] [gazebo_track_car]: camera turn sign ignored as left/right ambiguous; segment=flat_bottom_center_to_bottom_left_reverse best=camera_sign_turn_left:0.57 opposite=turn_right_sign:0.57
[gazebo_track_car-2] [INFO] [1781119165.995779846] [gazebo_track_car]: camera turn sign ignored as left/right ambiguous; segment=flat_bottom_center_to_bottom_left_reverse best=camera_sign_turn_right:0.57 opposite=turn_left_sign:0.57
[gazebo_track_car-2] [INFO] [1781119166.053231051] [gazebo_track_car]: camera turn sign ignored as left/right ambiguous; segment=flat_bottom_center_to_bottom_left_reverse best=camera_sign_turn_left:0.57 opposite=turn_right_sign:0.57
[gazebo_track_car-2] [INFO] [1781119166.054396363] [gazebo_track_car]: camera sign action blocked; no matching facing 3D sign is close enough; detected=turn_right_sign sign=camera_sign_turn_right detection_dist<=3.40m action_dist<=0.95m
[gazebo_track_car-2] [INFO] [1781119166.138982163] [gazebo_track_car]: traffic light is now YELLOW.
[gazebo_track_car-2] [INFO] [1781119166.161411533] [gazebo_track_car]: camera traffic light is YELLOW score=1242.6 area=1360px bbox=45x38px fill=0.80 center=(632,194)
[gazebo_track_car-2] [WARN] [1781119166.273722604] [gazebo_track_car]: JITTER events=3 reasons=speed_delta=0.129m/s pos=(+0.903,-1.434) step=0.0042/0.0000m yaw=0.001/0.000rad route=flat_bottom_center_to_bottom_left_reverse
[gazebo_track_car-2] [INFO] [1781119166.652894645] [gazebo_track_car]: MOTION pos=(+0.850,-1.434) yaw=-3.141 v=0.140 step_err=0.0113m/0.000rad track_err=0.0027m footprint=road:4.00px route=flat_bottom_center_to_bottom_left_reverse cmd_vel=(0.140,+0.002)
[gazebo_track_car-2] [INFO] [1781119166.864233656] [gazebo_track_car]: camera turn sign ignored as left/right ambiguous; segment=flat_bottom_center_to_bottom_left_reverse best=camera_sign_turn_right:0.52 opposite=turn_left_sign:0.49
[gazebo_track_car-2] [INFO] [1781119167.140063230] [gazebo_track_car]: camera turn sign ignored as left/right ambiguous; segment=flat_bottom_center_to_bottom_left_reverse best=camera_sign_turn_left:0.55 opposite=turn_right_sign:0.55
[gazebo_track_car-2] [INFO] [1781119167.144558154] [gazebo_track_car]: traffic light is now RED.
[gazebo_track_car-2] [INFO] [1781119167.180018671] [gazebo_track_car]: camera traffic light is RED score=2851.7 area=3143px bbox=72x60px fill=0.73 center=(694,137)
[gazebo_track_car-2] [WARN] [1781119167.245169170] [gazebo_track_car]: red traffic light stop latched from camera; target=palette_traffic_light_02_yaw_180 dist=0.85m forward=0.66m lateral=0.53m area=3233px bbox=73x62px fill=0.71 center=(696,136) min_stop=2.0s
[gazebo_track_car-2] [INFO] [1781119167.270532897] [gazebo_track_car]: camera turn sign ignored as left/right ambiguous; segment=flat_bottom_center_to_bottom_left_reverse best=camera_sign_turn_right:0.50 opposite=turn_left_sign:0.49
[gazebo_track_car-2] [WARN] [1781119167.273259913] [gazebo_track_car]: JITTER events=1 reasons=speed_delta=0.117m/s pos=(+0.765,-1.434) step=0.0015/0.0000m yaw=0.000/0.000rad route=flat_bottom_center_to_bottom_left_reverse
[gazebo_track_car-2] [INFO] [1781119168.658874345] [gazebo_track_car]: MOTION pos=(+0.765,-1.434) yaw=-3.141 v=0.000 step_err=0.0000m/0.000rad track_err=0.0046m footprint=road:4.00px route=flat_bottom_center_to_bottom_left_reverse cmd_vel=(0.000,+0.000)
[gazebo_track_car-2] [INFO] [1781119170.667296465] [gazebo_track_car]: MOTION pos=(+0.765,-1.434) yaw=-3.141 v=0.000 step_err=0.0000m/0.000rad track_err=0.0046m footprint=road:4.00px route=flat_bottom_center_to_bottom_left_reverse cmd_vel=(0.000,+0.000)
[gazebo_track_car-2] [INFO] [1781119172.689512031] [gazebo_track_car]: MOTION pos=(+0.765,-1.434) yaw=-3.141 v=0.000 step_err=0.0000m/0.000rad track_err=0.0047m footprint=road:4.00px route=flat_bottom_center_to_bottom_left_reverse cmd_vel=(0.000,+0.000)
[gazebo_track_car-2] [INFO] [1781119174.707145097] [gazebo_track_car]: MOTION pos=(+0.765,-1.434) yaw=-3.141 v=0.000 step_err=0.0000m/0.000rad track_err=0.0047m footprint=road:4.00px route=flat_bottom_center_to_bottom_left_reverse cmd_vel=(0.000,+0.000)
[gazebo_track_car-2] [INFO] [1781119175.187474376] [gazebo_track_car]: traffic light is now GREEN.
[gazebo_track_car-2] [INFO] [1781119175.219131700] [gazebo_track_car]: camera traffic light is GREEN score=2293.6 area=2678px bbox=67x51px fill=0.78 center=(684,217)
[gazebo_track_car-2] [INFO] [1781119175.219403604] [gazebo_track_car]: released red traffic light stop latch; reason=camera_green_after_min_stop elapsed=7.9s light=palette_traffic_light_02_yaw_180
[gazebo_track_car-2] [WARN] [1781119175.323734560] [gazebo_track_car]: JITTER events=1 reasons=speed_delta=0.108m/s pos=(+0.764,-1.434) step=0.0011/0.0000m yaw=0.001/0.000rad route=flat_bottom_center_to_bottom_left_reverse
[gazebo_track_car-2] [INFO] [1781119175.376143874] [gazebo_track_car]: camera turn sign ignored as left/right ambiguous; segment=flat_bottom_center_to_bottom_left_reverse best=camera_sign_turn_left:0.51 opposite=turn_right_sign:0.49
[gazebo_track_car-2] [INFO] [1781119175.845455415] [gazebo_track_car]: camera turn sign ignored as left/right ambiguous; segment=flat_bottom_center_to_bottom_left_reverse best=camera_sign_turn_right:0.52 opposite=turn_left_sign:0.49
[gazebo_track_car-2] [INFO] [1781119176.705952157] [gazebo_track_car]: MOTION pos=(+0.381,-1.435) yaw=-3.140 v=0.279 step_err=0.0212m/0.000rad track_err=0.0056m footprint=road:4.00px route=flat_bottom_center_to_bottom_left_reverse cmd_vel=(0.279,-0.007)
[gazebo_track_car-2] [INFO] [1781119177.388406020] [gazebo_track_car]: camera_sign=camera_sign_speed_limit source=camera kind=speed_limit_sign maneuver=- score=0.52 area=3480px bbox=58x60px center=(530,223)
[gazebo_track_car-2] [INFO] [1781119177.422101869] [gazebo_track_car]: camera_sign=camera_sign_turn_right source=camera kind=turn_right_sign maneuver=right score=0.50 area=1404px bbox=54x26px center=(253,225)
[gazebo_track_car-2] [INFO] [1781119177.523419208] [gazebo_track_car]: camera_sign=camera_sign_speed_limit source=camera kind=speed_limit_sign maneuver=- score=0.52 area=3717px bbox=59x63px center=(532,223)
[gazebo_track_car-2] [INFO] [1781119177.554174507] [gazebo_track_car]: camera sign seen but action is waiting until closer; detected=speed_limit_sign sign=camera_sign_speed_limit scene_sign=palette_speed_limit_03_yaw_270 sign_dist=1.423m action_dist<=0.95m
[gazebo_track_car-2] [INFO] [1781119178.708407957] [gazebo_track_car]: MOTION pos=(-0.177,-1.435) yaw=+3.141 v=0.279 step_err=0.0232m/0.000rad track_err=0.0045m footprint=road:4.00px route=flat_bottom_center_to_bottom_left_reverse cmd_vel=(0.279,-0.005)
[gazebo_track_car-2] [INFO] [1781119179.385560579] [gazebo_track_car]: camera speed limit sign camera_sign_speed_limit applied; speed set to 0.14m/s until flat_bottom_center_to_bottom_left_reverse@2.312m score=0.52 area=10800px
[gazebo_track_car-2] [WARN] [1781119179.432713777] [gazebo_track_car]: JITTER events=3 reasons=speed_delta=0.125m/s pos=(-0.377,-1.435) step=0.0042/0.0000m yaw=0.001/0.000rad route=flat_bottom_center_to_bottom_left_reverse
[gazebo_track_car-2] [INFO] [1781119180.210100340] [gazebo_track_car]: traffic light is now YELLOW.
[gazebo_track_car-2] [INFO] [1781119180.251121366] [gazebo_track_car]: camera traffic light is YELLOW score=678.9 area=740px bbox=41x23px fill=0.78 center=(740,211)
[gazebo_track_car-2] [INFO] [1781119180.251421774] [gazebo_track_car]: camera traffic light ignored outside distance gate; state=yellow segment=flat_bottom_center_to_bottom_left_reverse gate<=1.70m nearby_target=palette_traffic_light_03_yaw_270 dist=1.89m forward=1.16m lateral=1.49m area=740px bbox=41x23px center=(740,211)
[gazebo_track_car-2] [INFO] [1781119180.314531115] [gazebo_track_car]: camera speed limit sign camera_sign_speed_limit cleared; speed restored to 0.28m/s segment=flat_bottom_center_to_bottom_left_reverse distance=2.326m
[gazebo_track_car-2] [INFO] [1781119180.411842672] [gazebo_track_car]: route segment=flat_bottom_right_to_bottom_center_reverse; previous=flat_bottom_center_to_bottom_left_reverse; distance=0.010m; decision=route/default: flat_bottom_right_to_bottom_center_reverse
[gazebo_track_car-2] [INFO] [1781119180.418881218] [gazebo_track_car]: camera traffic light ignored outside distance gate; state=yellow segment=flat_bottom_right_to_bottom_center_reverse gate<=1.70m nearby_target=palette_traffic_light_03_yaw_270 dist=1.87m forward=1.13m lateral=1.49m area=816px bbox=44x24px center=(749,210)
[gazebo_track_car-2] [INFO] [1781119180.423164735] [gazebo_track_car]: camera speed limit sign camera_sign_speed_limit applied; speed set to 0.14m/s until flat_bottom_right_to_bottom_center_reverse@0.147m score=0.51 area=18876px
[gazebo_track_car-2] [WARN] [1781119180.535809889] [gazebo_track_car]: JITTER events=2 reasons=speed_delta=0.128m/s pos=(-0.555,-1.435) step=0.0042/0.0000m yaw=0.000/0.000rad route=flat_bottom_right_to_bottom_center_reverse
[gazebo_track_car-2] [INFO] [1781119180.822414393] [gazebo_track_car]: MOTION pos=(-0.594,-1.435) yaw=+3.139 v=0.139 step_err=0.0112m/0.000rad track_err=0.0026m footprint=road:10.60px route=flat_bottom_right_to_bottom_center_reverse cmd_vel=(0.140,+0.004)
[gazebo_track_car-2] [INFO] [1781119180.993057124] [gazebo_track_car]: camera turn sign ignored as left/right ambiguous; segment=flat_bottom_right_to_bottom_center_reverse best=camera_sign_turn_right:0.52 opposite=turn_left_sign:0.49
[gazebo_track_car-2] [INFO] [1781119181.220732320] [gazebo_track_car]: traffic light is now RED.
[gazebo_track_car-2] [INFO] [1781119181.266174213] [gazebo_track_car]: camera traffic light is RED score=1224.5 area=1343px bbox=59x31px fill=0.73 center=(801,183)
[gazebo_track_car-2] [INFO] [1781119181.266561324] [gazebo_track_car]: camera traffic light ignored outside distance gate; state=red segment=flat_bottom_right_to_bottom_center_reverse gate<=1.70m nearby_target=- area=1343px bbox=59x31px center=(801,183)
[gazebo_track_car-2] [INFO] [1781119181.315851162] [gazebo_track_car]: camera speed limit sign camera_sign_speed_limit cleared; speed restored to 0.28m/s segment=flat_bottom_right_to_bottom_center_reverse distance=0.149m
[gazebo_track_car-2] [INFO] [1781119181.432344460] [gazebo_track_car]: camera turn sign ignored as left/right ambiguous; segment=flat_bottom_right_to_bottom_center_reverse best=camera_sign_turn_left:0.51 opposite=turn_right_sign:0.51
[gazebo_track_car-2] [INFO] [1781119181.608260520] [gazebo_track_car]: camera turn sign ignored as left/right ambiguous; segment=flat_bottom_right_to_bottom_center_reverse best=camera_sign_turn_right:0.48 opposite=turn_left_sign:0.48
[gazebo_track_car-2] [INFO] [1781119181.622055598] [gazebo_track_car]: camera turn sign ignored as left/right ambiguous; segment=flat_bottom_right_to_bottom_center_reverse best=camera_sign_turn_left:0.50 opposite=turn_right_sign:0.49
[gazebo_track_car-2] [INFO] [1781119181.918925568] [gazebo_track_car]: camera traffic light is GREEN score=4395.2 area=13754px bbox=273x69px fill=0.73 center=(807,360)
[gazebo_track_car-2] [INFO] [1781119182.305295238] [gazebo_track_car]: camera traffic light is RED score=2047.3 area=3058px bbox=125x36px fill=0.68 center=(901,244)
[gazebo_track_car-2] [INFO] [1781119182.623905426] [gazebo_track_car]: camera traffic light lost for 0.2s.
[gazebo_track_car-2] [INFO] [1781119182.838839165] [gazebo_track_car]: MOTION pos=(-1.085,-1.434) yaw=-3.141 v=0.280 step_err=0.0232m/0.000rad track_err=0.0053m footprint=road:4.00px route=flat_bottom_right_to_bottom_center_reverse cmd_vel=(0.280,+0.000)
[gazebo_track_car-2] [INFO] [1781119184.842146962] [gazebo_track_car]: MOTION pos=(-1.629,-1.438) yaw=+3.040 v=0.235 step_err=0.0191m/0.006rad track_err=0.0063m footprint=road:4.00px route=flat_bottom_right_to_bottom_center_reverse cmd_vel=(0.232,-0.334)
