[INFO] [launch]: All log files can be found below /home/quocbao/.ros/log/2026-06-08-21-54-30-845642-ubuntu-29643
[INFO] [launch]: Default logging verbosity is set to INFO
[INFO] [gzserver-1]: process started with pid [29659]
[INFO] [gazebo_track_car-2]: process started with pid [29661]
[gazebo_track_car-2] [INFO] [1780980871.418247118] [gazebo_track_car]: [MAP_TRANSFORM] image=256x256 path=/home/quocbao/my_robot_vision_full_project/my_robot_vision/models/autonomous_map_3d_mirror_x/materials/textures/autonomous_map_visual.png map_size=6.000x6.000m px_per_m_x=42.667 px_per_m_y=42.667 route_offset=(+0.000,+0.000)m map_visual_offset=(+0.000,+0.300)m
[gazebo_track_car-2] [INFO] [1780980871.546098891] [gazebo_track_car]: [FOOTPRINT_CHECK] samples=1588 center_off_road=0 center_outside_safe=1005 failures=0 min_footprint_clearance=3.60px footprint=front:0.165m rear:0.145m half_width:0.115m
[gazebo_track_car-2] [INFO] [1780980871.546457378] [gazebo_track_car]: [FOOTPRINT_CHECK] overlays=/tmp/gazebo_route_mask_debug.png, /tmp/gazebo_route_centerline_debug.png, /tmp/gazebo_route_footprint_debug.png
[gazebo_track_car-2] [INFO] [1780980871.618662857] [gazebo_track_car]: SAFE_ROUTE_VERSION=semantic_parking_spawn_turn_guard_v31; direction=reversed to match map arrows; clearance=12px; drive_wheels=True; route_offset=(+0.000,+0.000)m; start_distance=0.000m; route_explore=True branch_probability=0.35; sign_detection=off roi=0.08-0.82; map_visual_offset=(+0.000,+0.300)m; base_speed=0.28m/s speed_limit=0.14m/s; traffic_light=fixed state=green green=5.0s yellow=1.0s red=8.0s trigger_distance=1.70m stop_distance=0.85m min_stop=2.0s camera=off topic=/track_preview_car/camera/image_raw fill>=0.42 slow_area>=45px stop_area>=160px distance_gate=on; camera_sign_templates=5 sign_score>=0.32 sign_stable=2; wheel_controller lookahead=0.32m parking_lookahead=0.20m heading_gain=3.80 max_wz=2.80rad/s rotate_heading>1.05rad; yaw_limits=1.80rad/s/4.00rad/s2; route_rejoin=False outer_only=True cmd_error>0.30m max_route_dist=0.55m; progress_sync=True cmd_error>0.06m route_dist<=0.20m yaw<=1.20rad; initial_pose_reset=True tol=0.12m/0.35rad; segments=18; route_points=36.
[gazebo_track_car-2] [INFO] [1780980871.618931555] [gazebo_track_car]: Motion log uses /model_states and /track_preview_car/cmd_vel: MOTION every 2.00s, JITTER at most every 1.00s, verbose=False; jitter thresholds xy_step_delta=0.0060m, cmd_error=0.050m, z_delta=0.0005m, tilt=0.0030rad, speed_delta=0.030m/s, yaw_step_error=0.025rad, yaw_rate_delta=0.400rad/s.
[gzserver-1] [INFO] [1780980872.935630476] [track_preview_car.front_camera_controller]: Publishing camera info to [/track_preview_car/camera/camera_info]
[gzserver-1] [INFO] [1780980872.949783846] [gazebo_ros_state]: Publishing states of gazebo models at [/model_states]
[gzserver-1] [INFO] [1780980872.949985587] [gazebo_ros_state]: Publishing states of gazebo links at [/link_states]
[gzserver-1] [INFO] [1780980872.964873099] [track_preview_car.track_preview_car_diff_drive]: Wheel pair 1 separation set to [0.176000m]
[gzserver-1] [INFO] [1780980872.964904519] [track_preview_car.track_preview_car_diff_drive]: Wheel pair 1 diameter set to [0.060000m]
[gzserver-1] [INFO] [1780980872.965673581] [track_preview_car.track_preview_car_diff_drive]: Subscribed to [/track_preview_car/cmd_vel]
[gzserver-1] [INFO] [1780980872.967259482] [track_preview_car.track_preview_car_diff_drive]: Advertise odometry on [/track_preview_car/odom]
[gazebo_track_car-2] [INFO] [1780980872.996249673] [gazebo_track_car]: initial pose reset to configured route start; actual=(+1.828,+2.180) yaw=+0.000 target=(-2.180,+1.805) yaw=-1.571 error=4.025m/1.571rad segment=flat_left_mid_to_top_reverse
[gazebo_track_car-2] [INFO] [1780980873.039330496] [gazebo_track_car]: traffic light is now GREEN.
[gazebo_track_car-2] [WARN] [1780980873.039910141] [gazebo_track_car]: Waiting for /model_states pose before publishing wheel commands.
[gazebo_track_car-2] [INFO] [1780980873.352959400] [gazebo_track_car]: wheel controller synced route progress from initial model pose; segment=flat_left_mid_to_top_reverse@0.000m route_dist=0.001m startup_gate=1.250m
[gazebo_track_car-2] [WARN] [1780980874.579075509] [gazebo_track_car]: JITTER events=18 reasons=speed_delta=0.037m/s pos=(-2.161,+1.611) step=0.0047/0.0000m yaw=0.008/0.000rad route=flat_left_mid_to_top_reverse
[gazebo_track_car-2] [WARN] [1780980874.619311849] [gazebo_track_car]: GAZEBO_FOOTPRINT_OFFROAD actual pose=(-2.1548,+1.6038) yaw=-0.7745 origin_pixel=(36.1,59.6) min_clearance=0.00px cmd_error=0.0338m/0.796rad
[gazebo_track_car-2] [INFO] [1780980874.737366116] [gazebo_track_car]: ROUTE_PROGRESS_SYNC actual=(-2.134,+1.581) cmd_error=0.061m route_dist=0.046m yaw_error=0.819rad segment=flat_left_mid_to_top_reverse@0.183m->flat_left_mid_to_top_reverse@0.223m
[gazebo_track_car-2] [INFO] [1780980875.058009339] [gazebo_track_car]: MOTION pos=(-2.086,+1.548) yaw=-0.879 v=0.205 step_err=0.0009m/0.012rad track_err=0.0937m footprint=OFFROAD:0.00px route=flat_left_mid_to_top_reverse cmd_vel=(0.050,-1.523)
[gazebo_track_car-2] [WARN] [1780980875.558980918] [gazebo_track_car]: GAZEBO_FOOTPRINT_OFFROAD actual pose=(-2.0516,+1.5217) yaw=-0.9711 origin_pixel=(40.5,63.1) min_clearance=0.00px cmd_error=0.1281m/0.600rad
[gazebo_track_car-2] [WARN] [1780980875.559351167] [gazebo_track_car]: JITTER events=42 reasons=yaw_step_error=0.032rad,cmd_xy_error=0.1281m pos=(-2.052,+1.522) step=0.0029/0.0132m yaw=0.032/0.000rad route=flat_left_mid_to_top_reverse
[gazebo_track_car-2] [INFO] [1780980875.856869372] [gazebo_track_car]: ROUTE_PROGRESS_SYNC actual=(-2.015,+1.480) cmd_error=0.166m route_dist=0.164m yaw_error=0.492rad segment=flat_left_mid_to_top_reverse@0.298m->flat_left_mid_to_top_reverse@0.325m
[gazebo_track_car-2] [WARN] [1780980876.577785313] [gazebo_track_car]: GAZEBO_FOOTPRINT_OFFROAD actual pose=(-2.0430,+1.4223) yaw=-0.3310 origin_pixel=(40.8,67.3) min_clearance=0.00px cmd_error=0.1383m/1.240rad
[gazebo_track_car-2] [WARN] [1780980876.578108804] [gazebo_track_car]: JITTER events=51 reasons=yaw_step_error=0.051rad,cmd_xy_error=0.1383m pos=(-2.043,+1.422) step=0.0041/0.0000m yaw=0.051/0.000rad route=flat_left_mid_to_top_reverse
[gazebo_track_car-2] [INFO] [1780980877.064646757] [gazebo_track_car]: MOTION pos=(-1.982,+1.411) yaw=-0.286 v=0.099 step_err=0.0021m/0.021rad track_err=0.2001m footprint=OFFROAD:0.00px route=flat_left_mid_to_top_reverse cmd_vel=(0.000,-2.800)
[gazebo_track_car-2] [WARN] [1780980877.665036414] [gazebo_track_car]: GAZEBO_FOOTPRINT_OFFROAD actual pose=(-1.9093,+1.4030) yaw=-0.8268 origin_pixel=(46.5,68.1) min_clearance=0.00px cmd_error=0.2734m/0.744rad
[gazebo_track_car-2] [WARN] [1780980877.665352752] [gazebo_track_car]: JITTER events=54 reasons=cmd_xy_error=0.2734m pos=(-1.909,+1.403) step=0.0037/0.0000m yaw=0.015/0.000rad route=flat_left_mid_to_top_reverse
[gazebo_track_car-2] [WARN] [1780980878.681972370] [gazebo_track_car]: GAZEBO_FOOTPRINT_OFFROAD actual pose=(-1.8381,+1.3095) yaw=-1.1787 origin_pixel=(49.6,72.1) min_clearance=0.00px cmd_error=0.3670m/0.392rad
[gazebo_track_car-2] [WARN] [1780980878.682302464] [gazebo_track_car]: JITTER events=51 reasons=cmd_xy_error=0.3670m pos=(-1.838,+1.310) step=0.0020/0.0000m yaw=0.022/0.000rad route=flat_left_mid_to_top_reverse
[gazebo_track_car-2] [INFO] [1780980879.083670872] [gazebo_track_car]: MOTION pos=(-1.856,+1.280) yaw=-0.721 v=0.205 step_err=0.0041m/0.051rad track_err=0.3623m footprint=OFFROAD:0.00px route=flat_left_mid_to_top_reverse cmd_vel=(0.000,-2.800)
[gazebo_track_car-2] [WARN] [1780980879.683491426] [gazebo_track_car]: GAZEBO_FOOTPRINT_OFFROAD actual pose=(-1.8056,+1.2844) yaw=-1.3123 origin_pixel=(51.0,73.2) min_clearance=0.00px cmd_error=0.4027m/0.259rad
[gazebo_track_car-2] [WARN] [1780980879.683815819] [gazebo_track_car]: JITTER events=50 reasons=yaw_step_error=0.050rad,cmd_xy_error=0.4027m pos=(-1.806,+1.284) step=0.0040/0.0051m yaw=0.050/0.000rad route=flat_left_mid_to_top_reverse
[gazebo_track_car-2] [WARN] [1780980880.684808423] [gazebo_track_car]: GAZEBO_FOOTPRINT_OFFROAD actual pose=(-1.7717,+1.1750) yaw=-1.1046 origin_pixel=(52.4,77.9) min_clearance=0.00px cmd_error=0.4829m/0.466rad
[gazebo_track_car-2] [WARN] [1780980880.685224378] [gazebo_track_car]: JITTER events=50 reasons=cmd_xy_error=0.4829m pos=(-1.772,+1.175) step=0.0049/0.0000m yaw=0.004/0.000rad route=flat_left_mid_to_top_reverse
[gazebo_track_car-2] [INFO] [1780980881.085152905] [gazebo_track_car]: MOTION pos=(-1.749,+1.095) yaw=-0.855 v=0.202 step_err=0.0042m/0.053rad track_err=0.5479m footprint=OFFROAD:0.00px route=flat_left_mid_to_top_reverse cmd_vel=(0.000,-2.800)
[gazebo_track_car-2] [WARN] [1780980881.684886997] [gazebo_track_car]: GAZEBO_FOOTPRINT_OFFROAD actual pose=(-1.6991,+1.0309) yaw=-0.8503 origin_pixel=(55.5,84.0) min_clearance=0.00px cmd_error=0.6270m/0.720rad
[gazebo_track_car-2] [WARN] [1780980881.685215928] [gazebo_track_car]: JITTER events=50 reasons=yaw_step_error=0.055rad,cmd_xy_error=0.6270m pos=(-1.699,+1.031) step=0.0043/0.0000m yaw=0.055/0.000rad route=flat_left_mid_to_top_reverse
[gazebo_track_car-2] [WARN] [1780980882.689881172] [gazebo_track_car]: GAZEBO_FOOTPRINT_OFFROAD actual pose=(-1.6867,+1.0149) yaw=-1.0752 origin_pixel=(56.0,84.7) min_clearance=0.00px cmd_error=0.6467m/0.496rad
[gazebo_track_car-2] [WARN] [1780980882.690210383] [gazebo_track_car]: JITTER events=50 reasons=cmd_xy_error=0.6467m pos=(-1.687,+1.015) step=0.0044/0.0000m yaw=0.012/0.000rad route=flat_left_mid_to_top_reverse
[gazebo_track_car-2] [INFO] [1780980883.106191815] [gazebo_track_car]: MOTION pos=(-1.639,+0.926) yaw=-1.074 v=0.245 step_err=0.0049m/0.006rad track_err=0.7415m footprint=OFFROAD:0.00px route=flat_left_mid_to_top_reverse cmd_vel=(0.000,-2.800)
[gazebo_track_car-2] [WARN] [1780980883.710916118] [gazebo_track_car]: GAZEBO_FOOTPRINT_OFFROAD actual pose=(-1.5850,+0.8418) yaw=-1.0355 origin_pixel=(60.4,92.1) min_clearance=0.00px cmd_error=0.8389m/0.535rad
[gazebo_track_car-2] [WARN] [1780980883.711241292] [gazebo_track_car]: JITTER events=51 reasons=yaw_step_error=0.038rad,yaw_rate_delta=0.519rad/s,cmd_xy_error=0.8389m pos=(-1.585,+0.842) step=0.0036/0.0000m yaw=0.038/0.000rad route=flat_left_mid_to_top_reverse
[gazebo_track_car-2] [WARN] [1780980884.710010303] [gazebo_track_car]: GAZEBO_FOOTPRINT_OFFROAD actual pose=(-1.4956,+0.7963) yaw=-1.8631 origin_pixel=(64.2,94.0) min_clearance=0.00px cmd_error=0.9348m/0.292rad
[gazebo_track_car-2] [WARN] [1780980884.710358341] [gazebo_track_car]: JITTER events=50 reasons=yaw_step_error=0.050rad,cmd_xy_error=0.9348m pos=(-1.496,+0.796) step=0.0040/0.0000m yaw=0.050/0.000rad route=flat_left_mid_to_top_reverse
[gazebo_track_car-2] [INFO] [1780980885.105726070] [gazebo_track_car]: MOTION pos=(-1.516,+0.785) yaw=-1.580 v=0.202 step_err=0.0011m/0.050rad track_err=0.9137m footprint=OFFROAD:0.00px route=flat_left_mid_to_top_reverse cmd_vel=(0.000,-2.800)
[gazebo_track_car-2] [WARN] [1780980885.711799496] [gazebo_track_car]: GAZEBO_FOOTPRINT_OFFROAD actual pose=(-1.5142,+0.7022) yaw=-1.5885 origin_pixel=(63.4,98.0) min_clearance=0.00px cmd_error=0.9737m/0.018rad
[gazebo_track_car-2] [WARN] [1780980885.712236972] [gazebo_track_car]: JITTER events=50 reasons=speed_delta=0.032m/s,yaw_rate_delta=0.446rad/s,cmd_xy_error=0.9737m pos=(-1.514,+0.702) step=0.0036/0.0000m yaw=0.015/0.000rad route=flat_left_mid_to_top_reverse
[gazebo_track_car-2] [WARN] [1780980886.711662183] [gazebo_track_car]: GAZEBO_FOOTPRINT_OFFROAD actual pose=(-1.5172,+0.6320) yaw=-1.5565 origin_pixel=(63.3,101.0) min_clearance=0.00px cmd_error=1.0166m/0.014rad
[gazebo_track_car-2] [WARN] [1780980886.712018887] [gazebo_track_car]: JITTER events=50 reasons=yaw_step_error=0.056rad,cmd_xy_error=1.0166m pos=(-1.517,+0.632) step=0.0045/0.0049m yaw=0.056/0.000rad route=flat_left_mid_to_top_reverse
[gazebo_track_car-2] [INFO] [1780980887.113854493] [gazebo_track_car]: MOTION pos=(-1.546,+0.599) yaw=-1.103 v=0.102 step_err=0.0017m/0.033rad track_err=1.0240m footprint=OFFROAD:0.00px route=flat_left_mid_to_top_reverse cmd_vel=(0.000,-2.800)
[gazebo_track_car-2] [WARN] [1780980887.734612960] [gazebo_track_car]: GAZEBO_FOOTPRINT_OFFROAD actual pose=(-1.5092,+0.5685) yaw=-1.5069 origin_pixel=(63.6,103.7) min_clearance=0.00px cmd_error=1.0627m/0.064rad
[gazebo_track_car-2] [WARN] [1780980887.734935359] [gazebo_track_car]: JITTER events=51 reasons=yaw_step_error=0.050rad,cmd_xy_error=1.0627m pos=(-1.509,+0.568) step=0.0040/0.0051m yaw=0.050/0.000rad route=flat_left_mid_to_top_reverse
[gazebo_track_car-2] [WARN] [1780980888.736580215] [gazebo_track_car]: JITTER events=50 reasons=cmd_xy_error=1.0983m pos=(-1.498,+0.498) step=0.0020/0.0051m yaw=0.022/0.000rad route=flat_left_mid_to_top_reverse
[gazebo_track_car-2] [INFO] [1780980889.135172564] [gazebo_track_car]: MOTION pos=(-1.527,+0.487) yaw=-1.474 v=0.085 step_err=0.0013m/0.018rad track_err=1.0768m footprint=road:2.00px route=flat_left_mid_to_top_reverse cmd_vel=(0.000,-2.800)
[gazebo_track_car-2] [WARN] [1780980889.734333805] [gazebo_track_car]: JITTER events=50 reasons=speed_delta=0.058m/s,yaw_rate_delta=0.703rad/s,cmd_xy_error=1.0895m pos=(-1.533,+0.442) step=0.0046/0.0050m yaw=0.009/0.000rad route=flat_left_mid_to_top_reverse
[gazebo_track_car-2] [WARN] [1780980890.736412329] [gazebo_track_car]: JITTER events=50 reasons=yaw_step_error=0.029rad,cmd_xy_error=1.2007m pos=(-1.552,+0.295) step=0.0012/0.0000m yaw=0.029/0.000rad route=flat_left_mid_to_top_reverse
[gazebo_track_car-2] [WARN] [1780980891.079010617] [gazebo_track_car]: GAZEBO_FOOTPRINT_OFFROAD actual pose=(-1.5071,+0.2567) yaw=-1.4796 origin_pixel=(63.7,117.0) min_clearance=0.00px cmd_error=1.2566m/0.091rad
[gazebo_track_car-2] [INFO] [1780980891.135958306] [gazebo_track_car]: MOTION pos=(-1.503,+0.245) yaw=-1.514 v=0.209 step_err=0.0042m/0.011rad track_err=1.2687m footprint=OFFROAD:0.00px route=flat_left_mid_to_top_reverse cmd_vel=(0.000,-2.800)
[gazebo_track_car-2] [WARN] [1780980891.737453236] [gazebo_track_car]: JITTER events=50 reasons=cmd_xy_error=1.3116m pos=(-1.505,+0.193) step=0.0036/0.0000m yaw=0.009/0.000rad route=flat_left_mid_to_top_reverse
[gazebo_track_car-2] [WARN] [1780980892.038293221] [gazebo_track_car]: GAZEBO_FOOTPRINT_OFFROAD actual pose=(-1.4973,+0.1697) yaw=-1.6186 origin_pixel=(64.1,120.8) min_clearance=0.00px cmd_error=1.3360m/0.048rad
[gazebo_track_car-2] [WARN] [1780980892.739301154] [gazebo_track_car]: JITTER events=50 reasons=yaw_step_error=0.027rad,speed_delta=0.057m/s,yaw_rate_delta=0.650rad/s,cmd_xy_error=1.3863m pos=(-1.505,+0.107) step=0.0020/0.0000m yaw=0.027/0.000rad route=flat_left_mid_to_top_reverse
[gazebo_track_car-2] [WARN] [1780980893.040821848] [gazebo_track_car]: GAZEBO_FOOTPRINT_OFFROAD actual pose=(-1.5377,+0.0674) yaw=-0.9151 origin_pixel=(62.4,125.1) min_clearance=0.00px cmd_error=1.4060m/0.656rad
[gazebo_track_car-2] [INFO] [1780980893.140797587] [gazebo_track_car]: MOTION pos=(-1.552,+0.053) yaw=-0.662 v=0.202 step_err=0.0040m/0.051rad track_err=1.4120m footprint=OFFROAD:0.00px route=flat_left_mid_to_top_reverse cmd_vel=(0.000,-2.800)
[gazebo_track_car-2] [WARN] [1780980893.759799411] [gazebo_track_car]: JITTER events=51 reasons=cmd_xy_error=1.4340m pos=(-1.511,+0.050) step=0.0019/0.0000m yaw=0.021/0.000rad route=flat_left_mid_to_top_reverse
[gazebo_track_car-2] [WARN] [1780980894.060027498] [gazebo_track_car]: GAZEBO_FOOTPRINT_OFFROAD actual pose=(-1.5050,+0.0432) yaw=-1.0703 origin_pixel=(63.8,126.2) min_clearance=0.00px cmd_error=1.4425m/0.500rad
[gazebo_track_car-2] [WARN] [1780980894.761999213] [gazebo_track_car]: JITTER events=50 reasons=yaw_step_error=0.050rad,cmd_xy_error=1.5617m pos=(-1.436,-0.055) step=0.0040/0.0000m yaw=0.050/0.000rad route=flat_left_mid_to_top_reverse
[gazebo_track_car-2] [WARN] [1780980895.061893152] [gazebo_track_car]: GAZEBO_FOOTPRINT_OFFROAD actual pose=(-1.4592,-0.0923) yaw=-1.7322 origin_pixel=(65.7,131.9) min_clearance=0.00px cmd_error=1.5839m/0.161rad
[gazebo_track_car-2] [INFO] [1780980895.160958002] [gazebo_track_car]: MOTION pos=(-1.479,-0.091) yaw=-1.480 v=0.202 step_err=0.0040m/0.051rad track_err=1.5741m footprint=OFFROAD:0.00px route=flat_left_mid_to_top_reverse cmd_vel=(0.000,-2.800)
[gazebo_track_car-2] [WARN] [1780980895.762834996] [gazebo_track_car]: JITTER events=50 reasons=yaw_step_error=0.054rad,cmd_xy_error=1.6239m pos=(-1.477,-0.146) step=0.0043/0.0000m yaw=0.054/0.000rad route=flat_left_mid_to_top_reverse
[gazebo_track_car-2] [WARN] [1780980896.058961119] [gazebo_track_car]: GAZEBO_FOOTPRINT_OFFROAD actual pose=(-1.4931,-0.1580) yaw=-1.3370 origin_pixel=(64.3,134.7) min_clearance=0.00px cmd_error=1.6281m/0.234rad
[gazebo_track_car-2] [WARN] [1780980896.764705063] [gazebo_track_car]: JITTER events=50 reasons=cmd_xy_error=1.6829m pos=(-1.470,-0.208) step=0.0035/0.0000m yaw=0.020/0.000rad route=flat_left_mid_to_top_reverse
[gazebo_track_car-2] [WARN] [1780980897.062055533] [gazebo_track_car]: GAZEBO_FOOTPRINT_OFFROAD actual pose=(-1.4876,-0.2218) yaw=-1.4091 origin_pixel=(64.5,137.5) min_clearance=0.00px cmd_error=1.6884m/0.162rad
[gazebo_track_car-2] [INFO] [1780980897.163521545] [gazebo_track_car]: MOTION pos=(-1.489,-0.224) yaw=-1.398 v=0.107 step_err=0.0021m/0.022rad track_err=1.6903m footprint=OFFROAD:0.00px route=flat_left_mid_to_top_reverse cmd_vel=(0.000,-2.800)
[gazebo_track_car-2] [WARN] [1780980897.764731584] [gazebo_track_car]: JITTER events=50 reasons=yaw_step_error=0.053rad,cmd_xy_error=1.7366m pos=(-1.431,-0.249) step=0.0043/0.0000m yaw=0.053/0.000rad route=flat_left_mid_to_top_reverse
[gazebo_track_car-2] [WARN] [1780980898.082156156] [gazebo_track_car]: GAZEBO_FOOTPRINT_OFFROAD actual pose=(-1.4176,-0.2793) yaw=-2.5881 origin_pixel=(67.5,139.9) min_clearance=0.00px cmd_error=1.7606m/1.017rad
[gazebo_track_car-2] [WARN] [1780980898.789713736] [gazebo_track_car]: JITTER events=51 reasons=cmd_xy_error=1.7238m pos=(-1.468,-0.358) step=0.0051/0.0251m yaw=0.007/0.000rad route=flat_left_mid_to_top_reverse
[gazebo_track_car-2] [WARN] [1780980899.188010705] [gazebo_track_car]: GAZEBO_FOOTPRINT_OFFROAD actual pose=(-1.5510,-0.3364) yaw=+2.4609 origin_pixel=(61.8,142.4) min_clearance=0.00px cmd_error=1.5758m/2.251rad
[gazebo_track_car-2] [INFO] [1780980899.188304039] [gazebo_track_car]: MOTION pos=(-1.551,-0.336) yaw=+2.461 v=0.260 step_err=0.0209m/0.002rad track_err=1.5758m footprint=OFFROAD:0.00px route=flat_left_mid_to_top_reverse cmd_vel=(0.237,+0.477)
[gazebo_track_car-2] [WARN] [1780980899.787357484] [gazebo_track_car]: JITTER events=50 reasons=cmd_xy_error=1.3942m pos=(-1.607,-0.292) step=0.0052/0.0266m yaw=0.004/0.000rad route=flat_left_mid_to_top_reverse
[gazebo_track_car-2] [WARN] [1780980900.188661261] [gazebo_track_car]: GAZEBO_FOOTPRINT_OFFROAD actual pose=(-1.6417,-0.2473) yaw=-2.9646 origin_pixel=(58.0,138.6) min_clearance=0.00px cmd_error=1.2803m/1.394rad
[gazebo_track_car-2] [WARN] [1780980900.782560027] [gazebo_track_car]: JITTER events=50 reasons=yaw_step_error=0.037rad,speed_delta=0.033m/s,cmd_xy_error=1.2068m pos=(-1.692,-0.277) step=0.0027/0.0139m yaw=0.037/0.000rad route=flat_left_mid_to_top_reverse
[gazebo_track_car-2] [WARN] [1780980901.182160751] [gazebo_track_car]: GAZEBO_FOOTPRINT_OFFROAD actual pose=(-1.6949,-0.2571) yaw=-3.0560 origin_pixel=(55.7,139.0) min_clearance=0.00px cmd_error=1.1356m/1.485rad
[gazebo_track_car-2] [INFO] [1780980901.182471158] [gazebo_track_car]: MOTION pos=(-1.695,-0.257) yaw=-3.056 v=0.141 step_err=0.0096m/0.004rad track_err=1.1356m footprint=OFFROAD:0.00px route=flat_left_mid_to_top_reverse cmd_vel=(0.188,-1.008)
[gazebo_track_car-2] [WARN] [1780980901.784397950] [gazebo_track_car]: JITTER events=50 reasons=yaw_step_error=0.051rad,cmd_xy_error=1.0897m pos=(-1.749,-0.312) step=0.0041/0.0000m yaw=0.051/0.000rad route=flat_left_mid_to_top_reverse
[gazebo_track_car-2] [WARN] [1780980902.201694527] [gazebo_track_car]: GAZEBO_FOOTPRINT_OFFROAD actual pose=(-1.7713,-0.3005) yaw=+2.2610 origin_pixel=(52.4,140.8) min_clearance=0.00px cmd_error=0.9819m/2.451rad
[gazebo_track_car-2] [WARN] [1780980902.801908478] [gazebo_track_car]: JITTER events=51 reasons=yaw_step_error=0.052rad,cmd_xy_error=0.8978m pos=(-1.775,-0.291) step=0.0041/0.0183m yaw=0.052/0.000rad route=flat_left_mid_to_top_reverse
[gazebo_track_car-2] [WARN] [1780980903.204454516] [gazebo_track_car]: GAZEBO_FOOTPRINT_OFFROAD actual pose=(-1.7771,-0.2790) yaw=+2.3066 origin_pixel=(52.2,139.9) min_clearance=0.00px cmd_error=0.8193m/2.406rad
[gazebo_track_car-2] [INFO] [1780980903.204820998] [gazebo_track_car]: MOTION pos=(-1.777,-0.279) yaw=+2.307 v=0.235 step_err=0.0158m/0.003rad track_err=0.8193m footprint=OFFROAD:0.00px route=flat_left_mid_to_top_reverse cmd_vel=(0.209,+0.654)
[gazebo_track_car-2] [WARN] [1780980903.801852156] [gazebo_track_car]: JITTER events=50 reasons=yaw_step_error=0.037rad,speed_delta=0.057m/s,cmd_xy_error=0.7124m pos=(-1.799,-0.252) step=0.0019/0.0080m yaw=0.037/0.000rad route=flat_left_mid_to_top_reverse
[gazebo_track_car-2] [INFO] [1780980904.195063946] [gazebo_track_car]: route segment=flat_left_lower_to_mid_reverse; previous=flat_left_mid_to_top_reverse; distance=0.018m; decision=route/default: flat_left_lower_to_mid_reverse
[gazebo_track_car-2] [WARN] [1780980904.206810444] [gazebo_track_car]: GAZEBO_FOOTPRINT_OFFROAD actual pose=(-1.8551,-0.2655) yaw=+2.0504 origin_pixel=(48.8,139.3) min_clearance=0.00px cmd_error=0.6205m/2.662rad
[gazebo_track_car-2] [WARN] [1780980904.800282304] [gazebo_track_car]: JITTER events=50 reasons=yaw_step_error=0.051rad,cmd_xy_error=0.6207m pos=(-1.856,-0.266) step=0.0041/0.0000m yaw=0.051/0.000rad route=flat_left_lower_to_mid_reverse
[gazebo_track_car-2] [WARN] [1780980905.204520496] [gazebo_track_car]: GAZEBO_FOOTPRINT_OFFROAD actual pose=(-1.8762,-0.2604) yaw=+1.7258 origin_pixel=(47.9,139.1) min_clearance=0.00px cmd_error=0.6052m/2.987rad
[gazebo_track_car-2] [INFO] [1780980905.204812617] [gazebo_track_car]: MOTION pos=(-1.876,-0.260) yaw=+1.726 v=0.116 step_err=0.0018m/0.025rad track_err=0.6052m footprint=OFFROAD:0.00px route=flat_left_lower_to_mid_reverse cmd_vel=(0.000,+2.800)
[gazebo_track_car-2] [WARN] [1780980905.909617937] [gazebo_track_car]: JITTER events=55 reasons=yaw_step_error=0.051rad,cmd_xy_error=0.6088m pos=(-1.847,-0.247) step=0.0040/0.0000m yaw=0.051/0.000rad route=flat_left_lower_to_mid_reverse
[gazebo_track_car-2] [WARN] [1780980906.311996515] [gazebo_track_car]: GAZEBO_FOOTPRINT_OFFROAD actual pose=(-1.8385,-0.2450) yaw=+2.2463 origin_pixel=(49.6,138.5) min_clearance=0.00px cmd_error=0.6122m/2.466rad
[gazebo_track_car-2] [WARN] [1780980906.912175964] [gazebo_track_car]: JITTER events=50 reasons=yaw_step_error=0.052rad,cmd_xy_error=0.5055m pos=(-1.822,-0.134) step=0.0042/0.0205m yaw=0.052/0.000rad route=flat_left_lower_to_mid_reverse
[gazebo_track_car-2] [INFO] [1780980907.212093994] [gazebo_track_car]: MOTION pos=(-1.872,-0.159) yaw=-2.241 v=0.169 step_err=0.0031m/0.040rad track_err=0.4526m footprint=OFFROAD:0.00px route=flat_left_lower_to_mid_reverse cmd_vel=(0.270,-0.076)
[gazebo_track_car-2] [WARN] [1780980907.313772345] [gazebo_track_car]: GAZEBO_FOOTPRINT_OFFROAD actual pose=(-1.8869,-0.1565) yaw=-2.0650 origin_pixel=(47.5,134.7) min_clearance=0.00px cmd_error=0.4146m/0.494rad
[gazebo_track_car-2] [WARN] [1780980907.933804900] [gazebo_track_car]: JITTER events=51 reasons=cmd_xy_error=0.3935m pos=(-1.918,-0.233) step=0.0030/0.0123m yaw=0.023/0.000rad route=flat_left_lower_to_mid_reverse
[gazebo_track_car-2] [WARN] [1780980908.318070103] [gazebo_track_car]: GAZEBO_FOOTPRINT_OFFROAD actual pose=(-1.9086,-0.2785) yaw=-1.7987 origin_pixel=(46.6,139.9) min_clearance=0.00px cmd_error=0.4011m/0.228rad
[gazebo_track_car-2] [WARN] [1780980909.038156754] [gazebo_track_car]: JITTER events=55 reasons=cmd_xy_error=0.3906m pos=(-1.941,-0.427) step=0.0044/0.0218m yaw=0.011/0.000rad route=flat_left_lower_to_mid_reverse
[gazebo_track_car-2] [INFO] [1780980909.237168369] [gazebo_track_car]: MOTION pos=(-1.969,-0.449) yaw=-1.849 v=0.217 step_err=0.0161m/0.053rad track_err=0.3563m footprint=OFFROAD:0.00px route=flat_left_lower_to_mid_reverse cmd_vel=(0.206,-0.619)
[gazebo_track_car-2] [INFO] [1780980909.296740632] [gazebo_track_car]: ROUTE_PROGRESS_SYNC actual=(-1.980,-0.446) cmd_error=0.347m route_dist=0.199m yaw_error=0.127rad segment=flat_left_lower_to_mid_reverse@0.443m->flat_left_lower_to_mid_reverse@0.727m
[gazebo_track_car-2] [WARN] [1780980909.337647593] [gazebo_track_car]: GAZEBO_FOOTPRINT_OFFROAD actual pose=(-1.9885,-0.4454) yaw=-1.5965 origin_pixel=(43.2,147.0) min_clearance=0.00px cmd_error=0.1923m/0.026rad
[gazebo_track_car-2] [WARN] [1780980910.138430980] [gazebo_track_car]: JITTER events=55 reasons=yaw_step_error=0.050rad,cmd_xy_error=0.1897m pos=(-1.991,-0.508) step=0.0040/0.0208m yaw=0.050/0.000rad route=flat_left_lower_to_mid_reverse
[gazebo_track_car-2] [INFO] [1780980910.338545929] [gazebo_track_car]: ROUTE_PROGRESS_SYNC actual=(-2.014,-0.520) cmd_error=0.169m route_dist=0.166m yaw_error=0.314rad segment=flat_left_lower_to_mid_reverse@0.836m->flat_left_lower_to_mid_reverse@0.802m
[gazebo_track_car-2] [WARN] [1780980910.339016477] [gazebo_track_car]: GAZEBO_FOOTPRINT_OFFROAD actual pose=(-2.0140,-0.5204) yaw=-1.2565 origin_pixel=(42.1,150.2) min_clearance=0.00px cmd_error=0.1657m/0.314rad
[gazebo_track_car-2] [WARN] [1780980911.140601669] [gazebo_track_car]: JITTER events=50 reasons=cmd_xy_error=0.1822m pos=(-1.998,-0.557) step=0.0022/0.0050m yaw=0.024/0.000rad route=flat_left_lower_to_mid_reverse
[gazebo_track_car-2] [INFO] [1780980911.241501133] [gazebo_track_car]: MOTION pos=(-2.001,-0.560) yaw=-1.188 v=0.191 step_err=0.0006m/0.045rad track_err=0.1785m footprint=OFFROAD:0.00px route=flat_left_lower_to_mid_reverse cmd_vel=(0.050,-1.343)
[gazebo_track_car-2] [WARN] [1780980911.441242105] [gazebo_track_car]: GAZEBO_FOOTPRINT_OFFROAD actual pose=(-2.0336,-0.5833) yaw=-0.6819 origin_pixel=(41.2,152.9) min_clearance=0.00px cmd_error=0.1473m/0.889rad
[gazebo_track_car-2] [INFO] [1780980911.540444018] [gazebo_track_car]: ROUTE_PROGRESS_SYNC actual=(-2.038,-0.595) cmd_error=0.145m route_dist=0.142m yaw_error=1.030rad segment=flat_left_lower_to_mid_reverse@0.846m->flat_left_lower_to_mid_reverse@0.876m
[gazebo_track_car-2] [WARN] [1780980912.142909785] [gazebo_track_car]: JITTER events=50 reasons=yaw_step_error=0.050rad,cmd_xy_error=0.1411m pos=(-2.043,-0.625) step=0.0040/0.0000m yaw=0.050/0.000rad route=flat_left_lower_to_mid_reverse
[gazebo_track_car-2] [WARN] [1780980912.438959966] [gazebo_track_car]: GAZEBO_FOOTPRINT_OFFROAD actual pose=(-2.0353,-0.5945) yaw=-0.5511 origin_pixel=(41.2,153.4) min_clearance=0.00px cmd_error=0.1447m/1.020rad
[gazebo_track_car-2] [INFO] [1780980912.640615662] [gazebo_track_car]: ROUTE_PROGRESS_SYNC actual=(-2.028,-0.597) cmd_error=0.152m route_dist=0.152m yaw_error=1.130rad segment=flat_left_lower_to_mid_reverse@0.887m->flat_left_lower_to_mid_reverse@0.879m
[gazebo_track_car-2] [WARN] [1780980913.141952155] [gazebo_track_car]: JITTER events=50 reasons=yaw_step_error=0.038rad,speed_delta=0.037m/s,yaw_rate_delta=0.461rad/s,cmd_xy_error=0.1930m pos=(-1.994,-0.649) step=0.0031/0.0000m yaw=0.038/0.000rad route=flat_left_lower_to_mid_reverse
[gazebo_track_car-2] [INFO] [1780980913.242111877] [gazebo_track_car]: MOTION pos=(-1.991,-0.648) yaw=+0.064 v=0.099 step_err=0.0018m/0.020rad track_err=0.1955m footprint=OFFROAD:0.00px route=flat_left_lower_to_mid_reverse cmd_vel=(0.000,-2.800)
[gazebo_track_car-2] [WARN] [1780980913.444026331] [gazebo_track_car]: GAZEBO_FOOTPRINT_OFFROAD actual pose=(-1.9804,-0.6230) yaw=-0.2544 origin_pixel=(43.5,154.6) min_clearance=0.00px cmd_error=0.2009m/1.316rad
[gazebo_track_car-2] [WARN] [1780980914.145914233] [gazebo_track_car]: JITTER events=50 reasons=yaw_step_error=0.051rad,cmd_xy_error=0.2303m pos=(-1.950,-0.578) step=0.0041/0.0000m yaw=0.051/0.000rad route=flat_left_lower_to_mid_reverse
[gazebo_track_car-2] [WARN] [1780980914.445444535] [gazebo_track_car]: GAZEBO_FOOTPRINT_OFFROAD actual pose=(-1.9326,-0.5667) yaw=-1.1216 origin_pixel=(45.5,152.2) min_clearance=0.00px cmd_error=0.2490m/0.449rad
[gazebo_track_car-2] [WARN] [1780980915.165351970] [gazebo_track_car]: JITTER events=51 reasons=yaw_step_error=0.030rad,cmd_xy_error=0.2164m pos=(-1.964,-0.600) step=0.0002/0.0000m yaw=0.030/0.000rad route=flat_left_lower_to_mid_reverse
[gazebo_track_car-2] [INFO] [1780980915.265357254] [gazebo_track_car]: MOTION pos=(-1.962,-0.602) yaw=-0.727 v=0.103 step_err=0.0021m/0.024rad track_err=0.2180m footprint=OFFROAD:0.00px route=flat_left_lower_to_mid_reverse cmd_vel=(0.000,-2.800)
[gazebo_track_car-2] [WARN] [1780980915.466304802] [gazebo_track_car]: GAZEBO_FOOTPRINT_OFFROAD actual pose=(-1.9429,-0.5911) yaw=-1.0869 origin_pixel=(45.1,153.2) min_clearance=0.00px cmd_error=0.2383m/0.484rad
[gazebo_track_car-2] [WARN] [1780980916.161505682] [gazebo_track_car]: JITTER events=50 reasons=yaw_step_error=0.051rad,cmd_xy_error=0.2564m pos=(-1.927,-0.582) step=0.0041/0.0051m yaw=0.051/0.000rad route=flat_left_lower_to_mid_reverse
[gazebo_track_car-2] [WARN] [1780980916.466705368] [gazebo_track_car]: GAZEBO_FOOTPRINT_OFFROAD actual pose=(-1.9077,-0.5817) yaw=-1.4402 origin_pixel=(46.6,152.8) min_clearance=0.00px cmd_error=0.2777m/0.131rad
[gazebo_track_car-2] [WARN] [1780980917.160742638] [gazebo_track_car]: JITTER events=50 reasons=yaw_step_error=0.029rad,yaw_rate_delta=0.401rad/s,cmd_xy_error=0.2365m pos=(-1.951,-0.605) step=0.0009/0.0000m yaw=0.029/0.000rad route=flat_left_lower_to_mid_reverse
[gazebo_track_car-2] [INFO] [1780980917.265085804] [gazebo_track_car]: MOTION pos=(-1.950,-0.604) yaw=-0.915 v=0.120 step_err=0.0018m/0.038rad track_err=0.2370m footprint=OFFROAD:0.00px route=flat_left_lower_to_mid_reverse cmd_vel=(0.000,-2.800)
[gazebo_track_car-2] [WARN] [1780980917.466834197] [gazebo_track_car]: GAZEBO_FOOTPRINT_OFFROAD actual pose=(-1.9340,-0.5978) yaw=-1.2118 origin_pixel=(45.5,153.5) min_clearance=0.00px cmd_error=0.2544m/0.359rad
[gazebo_track_car-2] [WARN] [1780980918.184120591] [gazebo_track_car]: JITTER events=51 reasons=yaw_step_error=0.028rad,cmd_xy_error=0.2723m pos=(-1.920,-0.611) step=0.0026/0.0051m yaw=0.028/0.000rad route=flat_left_lower_to_mid_reverse
[gazebo_track_car-2] [WARN] [1780980918.466888574] [gazebo_track_car]: GAZEBO_FOOTPRINT_OFFROAD actual pose=(-1.8977,-0.6133) yaw=-1.5559 origin_pixel=(47.0,154.2) min_clearance=0.00px cmd_error=0.2956m/0.015rad
[gazebo_track_car-2] [WARN] [1780980919.273039164] [gazebo_track_car]: JITTER events=54 reasons=yaw_step_error=0.051rad,cmd_xy_error=0.2764m pos=(-1.928,-0.657) step=0.0041/0.0000m yaw=0.051/0.000rad route=flat_left_lower_to_mid_reverse
[gazebo_track_car-2] [INFO] [1780980919.273332368] [gazebo_track_car]: MOTION pos=(-1.928,-0.657) yaw=-1.276 v=0.205 step_err=0.0041m/0.051rad track_err=0.2764m footprint=OFFROAD:0.00px route=flat_left_lower_to_mid_reverse cmd_vel=(0.050,-1.546)
[gazebo_track_car-2] [WARN] [1780980919.590382220] [gazebo_track_car]: GAZEBO_FOOTPRINT_OFFROAD actual pose=(-1.9155,-0.6496) yaw=-1.4204 origin_pixel=(46.3,155.7) min_clearance=0.00px cmd_error=0.3017m/0.150rad
[gazebo_track_car-2] [WARN] [1780980920.290526297] [gazebo_track_car]: JITTER events=51 reasons=yaw_step_error=0.028rad,cmd_xy_error=0.3408m pos=(-1.887,-0.688) step=0.0024/0.0130m yaw=0.028/0.000rad route=flat_left_lower_to_mid_reverse
[gazebo_track_car-2] [WARN] [1780980920.590160539] [gazebo_track_car]: GAZEBO_FOOTPRINT_OFFROAD actual pose=(-1.8850,-0.7078) yaw=-1.8309 origin_pixel=(47.6,158.2) min_clearance=0.00px cmd_error=0.3538m/0.260rad
[gazebo_track_car-2] [WARN] [1780980921.292774688] [gazebo_track_car]: JITTER events=50 reasons=yaw_step_error=0.051rad,cmd_xy_error=0.4018m pos=(-1.852,-0.794) step=0.0041/0.0225m yaw=0.051/0.000rad route=flat_left_lower_to_mid_reverse
[gazebo_track_car-2] [INFO] [1780980921.293049628] [gazebo_track_car]: MOTION pos=(-1.852,-0.794) yaw=-2.634 v=0.205 step_err=0.0185m/0.051rad track_err=0.4018m footprint=OFFROAD:0.00px route=flat_left_lower_to_mid_reverse cmd_vel=(0.222,+0.503)
[gazebo_track_car-2] [WARN] [1780980921.593901293] [gazebo_track_car]: GAZEBO_FOOTPRINT_OFFROAD actual pose=(-1.8583,-0.7790) yaw=-2.3599 origin_pixel=(48.7,161.2) min_clearance=0.00px cmd_error=0.4307m/0.789rad
[gazebo_track_car-2] [WARN] [1780980922.292223019] [gazebo_track_car]: JITTER events=50 reasons=yaw_step_error=0.037rad,speed_delta=0.038m/s,yaw_rate_delta=0.435rad/s,cmd_xy_error=0.4894m pos=(-1.890,-0.783) step=0.0023/0.0111m yaw=0.037/0.000rad route=flat_left_lower_to_mid_reverse
[gazebo_track_car-2] [WARN] [1780980922.589661017] [gazebo_track_car]: GAZEBO_FOOTPRINT_OFFROAD actual pose=(-1.9408,-0.7804) yaw=-1.3390 origin_pixel=(45.2,161.3) min_clearance=0.00px cmd_error=0.4993m/0.232rad
[gazebo_track_car-2] [WARN] [1780980923.293529537] [gazebo_track_car]: JITTER events=50 reasons=speed_delta=0.043m/s,yaw_rate_delta=0.495rad/s,cmd_xy_error=0.4909m pos=(-1.973,-0.794) step=0.0016/0.0000m yaw=0.019/0.000rad route=flat_left_lower_to_mid_reverse
[gazebo_track_car-2] [INFO] [1780980923.293816238] [gazebo_track_car]: MOTION pos=(-1.973,-0.794) yaw=-0.993 v=0.061 step_err=0.0016m/0.019rad track_err=0.4909m footprint=OFFROAD:0.00px route=flat_left_lower_to_mid_reverse cmd_vel=(0.000,-2.800)
[gazebo_track_car-2] [INFO] [1780980923.434611325] [gazebo_track_car]: ROUTE_PROGRESS_SYNC actual=(-1.980,-0.798) cmd_error=0.484m route_dist=0.199m yaw_error=0.747rad segment=flat_left_lower_to_mid_reverse@1.520m->flat_left_lower_to_mid_reverse@1.080m
[gazebo_track_car-2] [WARN] [1780980923.594674229] [gazebo_track_car]: GAZEBO_FOOTPRINT_OFFROAD actual pose=(-1.9960,-0.8140) yaw=-0.6647 origin_pixel=(42.8,162.7) min_clearance=0.00px cmd_error=0.1843m/0.906rad
[gazebo_track_car-2] [WARN] [1780980924.296314644] [gazebo_track_car]: JITTER events=50 reasons=yaw_step_error=0.050rad,cmd_xy_error=0.2493m pos=(-1.932,-0.785) step=0.0040/0.0000m yaw=0.050/0.000rad route=flat_left_lower_to_mid_reverse
[gazebo_track_car-2] [WARN] [1780980924.619920002] [gazebo_track_car]: GAZEBO_FOOTPRINT_OFFROAD actual pose=(-1.8945,-0.8123) yaw=-2.0344 origin_pixel=(47.2,162.7) min_clearance=0.00px cmd_error=0.2876m/0.464rad
[gazebo_track_car-2] [WARN] [1780980925.318005779] [gazebo_track_car]: JITTER events=51 reasons=yaw_step_error=0.053rad,cmd_xy_error=0.3040m pos=(-1.895,-0.878) step=0.0042/0.0176m yaw=0.053/0.000rad route=flat_left_lower_to_mid_reverse
[gazebo_track_car-2] [INFO] [1780980925.318370921] [gazebo_track_car]: MOTION pos=(-1.895,-0.878) yaw=-2.469 v=0.211 step_err=0.0134m/0.053rad track_err=0.3040m footprint=OFFROAD:0.00px route=flat_left_lower_to_mid_reverse cmd_vel=(0.219,+0.516)
[WARNING] [launch]: user interrupted with ctrl-c (SIGINT)
[WARNING] [launch]: user interrupted with ctrl-c (SIGINT) again, ignoring...
[INFO] [gazebo_track_car-2]: sending signal 'SIGINT' to process[gazebo_track_car-2]
[INFO] [gzserver-1]: sending signal 'SIGINT' to process[gzserver-1]
[INFO] [gazebo_track_car-2]: process has finished cleanly [pid 29661]
[ERROR] [gzserver-1]: process has died [pid 29659, exit code -2, cmd 'gzserver /home/quocbao/my_robot_vision_full_project/my_robot_vision/mirrored_world_lab/generated/autonomous_map_3d_mirror_x_signless_full.world                                                                      -s libgazebo_ros_init.so   -s libgazebo_ros_factory.so   -s libgazebo_ros_force_system.so       '].
