[INFO] [launch]: All log files can be found below /home/quocbao/.ros/log/2026-06-08-23-14-11-075891-ubuntu-39027
[INFO] [launch]: Default logging verbosity is set to INFO
[INFO] [gzserver-1]: process started with pid [39043]
[INFO] [gazebo_track_car-2]: process started with pid [39045]
[gazebo_track_car-2] [INFO] [1780985651.643778446] [gazebo_track_car]: [MAP_TRANSFORM] image=256x256 path=/home/quocbao/my_robot_vision_full_project/my_robot_vision/models/autonomous_map_3d/materials/textures/autonomous_map_visual.png map_size=6.000x6.000m px_per_m_x=42.667 px_per_m_y=42.667 route_offset=(+0.000,+0.000)m map_visual_offset=(+0.000,+0.300)m
[gazebo_track_car-2] [INFO] [1780985651.768307059] [gazebo_track_car]: [FOOTPRINT_CHECK] samples=1588 center_off_road=0 center_outside_safe=1005 failures=0 min_footprint_clearance=3.20px footprint=front:0.165m rear:0.145m half_width:0.115m
[gazebo_track_car-2] [INFO] [1780985651.768638203] [gazebo_track_car]: [FOOTPRINT_CHECK] overlays=/tmp/gazebo_route_mask_debug.png, /tmp/gazebo_route_centerline_debug.png, /tmp/gazebo_route_footprint_debug.png
[gazebo_track_car-2] [INFO] [1780985651.852846629] [gazebo_track_car]: SAFE_ROUTE_VERSION=semantic_parking_spawn_turn_guard_v31; direction=reversed to match map arrows; clearance=12px; drive_wheels=True; route_offset=(+0.000,+0.000)m; start_distance=0.000m; route_explore=True branch_probability=0.35; sign_detection=off roi=0.08-0.82; map_visual_offset=(+0.000,+0.300)m; base_speed=0.28m/s speed_limit=0.14m/s; traffic_light=fixed state=green green=5.0s yellow=1.0s red=8.0s trigger_distance=1.70m stop_distance=0.85m min_stop=2.0s camera=off topic=/track_preview_car/camera/image_raw fill>=0.42 slow_area>=45px stop_area>=160px distance_gate=on; camera_sign_templates=5 sign_score>=0.32 sign_stable=2; wheel_controller lookahead=0.32m parking_lookahead=0.20m heading_gain=3.80 max_wz=2.80rad/s rotate_heading>1.05rad; nearest_route=True nearest_dist<=0.65m; yaw_limits=1.80rad/s/4.00rad/s2; route_rejoin=False outer_only=True cmd_error>0.30m max_route_dist=0.55m; progress_sync=True cmd_error>0.06m route_dist<=0.20m yaw<=1.20rad; initial_pose_reset=True tol=0.12m/0.35rad; segments=18; route_points=36.
[gazebo_track_car-2] [INFO] [1780985651.853119594] [gazebo_track_car]: Motion log uses /model_states and /track_preview_car/cmd_vel: MOTION every 2.00s, JITTER at most every 1.00s, verbose=False; jitter thresholds xy_step_delta=0.0060m, cmd_error=0.050m, z_delta=0.0005m, tilt=0.0030rad, speed_delta=0.030m/s, yaw_step_error=0.025rad, yaw_rate_delta=0.400rad/s.
[gzserver-1] [INFO] [1780985653.164765675] [track_preview_car.front_camera_controller]: Publishing camera info to [/track_preview_car/camera/camera_info]
[gzserver-1] [INFO] [1780985653.175897319] [gazebo_ros_state]: Publishing states of gazebo models at [/model_states]
[gzserver-1] [INFO] [1780985653.176590536] [gazebo_ros_state]: Publishing states of gazebo links at [/link_states]
[gzserver-1] [INFO] [1780985653.191658429] [track_preview_car.track_preview_car_diff_drive]: Wheel pair 1 separation set to [0.176000m]
[gzserver-1] [INFO] [1780985653.191712721] [track_preview_car.track_preview_car_diff_drive]: Wheel pair 1 diameter set to [0.060000m]
[gzserver-1] [INFO] [1780985653.192296692] [track_preview_car.track_preview_car_diff_drive]: Subscribed to [/track_preview_car/cmd_vel]
[gzserver-1] [INFO] [1780985653.192979138] [track_preview_car.track_preview_car_diff_drive]: Advertise odometry on [/track_preview_car/odom]
[gazebo_track_car-2] [INFO] [1780985653.222296874] [gazebo_track_car]: initial pose reset to configured route start; actual=(+1.828,+2.180) yaw=+0.000 target=(+2.180,+1.805) yaw=-1.571 error=0.514m/1.571rad segment=flat_left_mid_to_top_reverse
[gazebo_track_car-2] [INFO] [1780985653.269039381] [gazebo_track_car]: traffic light is now GREEN.
[gazebo_track_car-2] [WARN] [1780985653.269675349] [gazebo_track_car]: Waiting for /model_states pose before publishing wheel commands.
[gazebo_track_car-2] [INFO] [1780985653.581072762] [gazebo_track_car]: wheel controller synced route progress from initial model pose; segment=flat_left_mid_to_top_reverse@0.000m route_dist=0.000m startup_gate=1.250m
[gazebo_track_car-2] [INFO] [1780985655.286818575] [gazebo_track_car]: MOTION pos=(+2.180,+1.364) yaw=-1.571 v=0.280 step_err=0.0227m/0.000rad track_err=0.0053m footprint=road:6.00px route=flat_left_mid_to_top_reverse cmd_vel=(0.280,-0.000)
[gazebo_track_car-2] [INFO] [1780985657.309529285] [gazebo_track_car]: MOTION pos=(+2.180,+0.798) yaw=-1.571 v=0.280 step_err=0.0227m/0.000rad track_err=0.0053m footprint=road:6.00px route=flat_left_mid_to_top_reverse cmd_vel=(0.280,+0.000)
[gazebo_track_car-2] [INFO] [1780985659.201522153] [gazebo_track_car]: route segment=flat_left_lower_to_mid_reverse; previous=flat_left_mid_to_top_reverse; distance=0.009m; decision=route/explore_coverage visit=0: flat_left_lower_to_mid_reverse
[gazebo_track_car-2] [INFO] [1780985659.313645499] [gazebo_track_car]: MOTION pos=(+2.180,+0.238) yaw=-1.571 v=0.280 step_err=0.0232m/0.000rad track_err=0.0053m footprint=road:9.20px route=flat_left_lower_to_mid_reverse cmd_vel=(0.280,-0.000)
[gazebo_track_car-2] [INFO] [1780985661.333070647] [gazebo_track_car]: MOTION pos=(+2.180,-0.327) yaw=-1.571 v=0.280 step_err=0.0221m/0.000rad track_err=0.0056m footprint=road:6.00px route=flat_left_lower_to_mid_reverse cmd_vel=(0.280,-0.000)
[gazebo_track_car-2] [INFO] [1780985663.335366962] [gazebo_track_car]: MOTION pos=(+2.180,-0.887) yaw=-1.571 v=0.280 step_err=0.0216m/0.000rad track_err=0.0062m footprint=road:6.00px route=flat_left_lower_to_mid_reverse cmd_vel=(0.280,+0.000)
[gazebo_track_car-2] [INFO] [1780985665.339230736] [gazebo_track_car]: MOTION pos=(+2.188,-1.399) yaw=-1.899 v=0.190 step_err=0.0158m/0.013rad track_err=0.0095m footprint=road:6.20px route=flat_left_lower_to_mid_reverse cmd_vel=(0.182,-0.737)
[gazebo_track_car-2] [WARN] [1780985665.760049943] [gazebo_track_car]: JITTER events=4 reasons=yaw_step_error=0.079rad pos=(+2.173,-1.479) step=0.0040/0.0189m yaw=0.013/0.093rad route=flat_left_lower_to_mid_reverse
[gazebo_track_car-2] [INFO] [1780985665.940465161] [gazebo_track_car]: route segment=flat_bottom_left_corner_reverse; previous=flat_left_lower_to_mid_reverse; distance=0.020m; decision=route/wheel_nearest: flat_bottom_left_corner_reverse
[gazebo_track_car-2] [INFO] [1780985667.357824944] [gazebo_track_car]: MOTION pos=(+1.915,-1.704) yaw=-2.926 v=0.231 step_err=0.0196m/0.007rad track_err=0.0143m footprint=road:4.00px route=flat_bottom_left_corner_reverse cmd_vel=(0.232,-0.338)
[gazebo_track_car-2] [WARN] [1780985667.459411628] [gazebo_track_car]: JITTER events=3 reasons=yaw_step_error=0.040rad pos=(+1.892,-1.711) step=0.0047/0.0223m yaw=0.007/0.047rad route=flat_bottom_left_corner_reverse
[gazebo_track_car-2] [INFO] [1780985667.646771527] [gazebo_track_car]: route segment=flat_bottom_center_to_bottom_left_reverse; previous=flat_bottom_left_corner_reverse; distance=0.023m; decision=route/wheel_nearest: flat_bottom_center_to_bottom_left_reverse
[gazebo_track_car-2] [INFO] [1780985669.362302958] [gazebo_track_car]: MOTION pos=(+1.393,-1.739) yaw=+3.121 v=0.278 step_err=0.0219m/0.000rad track_err=0.0075m footprint=road:4.00px route=flat_bottom_center_to_bottom_left_reverse cmd_vel=(0.277,+0.019)
[gazebo_track_car-2] [INFO] [1780985671.367502807] [gazebo_track_car]: MOTION pos=(+0.837,-1.734) yaw=-3.140 v=0.280 step_err=0.0221m/0.000rad track_err=0.0006m footprint=road:4.00px route=flat_bottom_center_to_bottom_left_reverse cmd_vel=(0.280,+0.001)
[gazebo_track_car-2] [INFO] [1780985673.384955830] [gazebo_track_car]: MOTION pos=(+0.274,-1.735) yaw=-3.141 v=0.279 step_err=0.0220m/0.000rad track_err=0.0056m footprint=road:4.00px route=flat_bottom_center_to_bottom_left_reverse cmd_vel=(0.279,-0.006)
[gazebo_track_car-2] [WARN] [1780985675.207624707] [gazebo_track_car]: JITTER events=3 reasons=speed_delta=0.065m/s pos=(-0.233,-1.735) step=0.0047/0.0000m yaw=0.003/0.000rad route=flat_bottom_center_to_bottom_left_reverse
[gazebo_track_car-2] [INFO] [1780985675.388654471] [gazebo_track_car]: MOTION pos=(-0.274,-1.739) yaw=+3.075 v=0.210 step_err=0.0166m/0.009rad track_err=0.0077m footprint=road:6.39px route=flat_bottom_center_to_bottom_left_reverse cmd_vel=(0.184,-0.688)
[gazebo_track_car-2] [WARN] [1780985676.610008074] [gazebo_track_car]: JITTER events=1 reasons=yaw_step_error=0.194rad pos=(-0.451,-1.723) step=0.0032/0.0150m yaw=0.015/0.209rad route=flat_bottom_center_to_bottom_left_reverse
[gazebo_track_car-2] [INFO] [1780985676.994456706] [gazebo_track_car]: route segment=flat_mid_center_to_bottom_center_reverse; previous=flat_bottom_center_to_bottom_left_reverse; distance=0.004m; decision=route/explore_coverage visit=0: flat_mid_center_to_bottom_center_reverse
[gazebo_track_car-2] [INFO] [1780985677.010402544] [gazebo_track_car]: ROUTE_PROGRESS_SYNC actual=(-0.499,-1.668) cmd_error=0.065m route_dist=0.017m yaw_error=0.275rad segment=flat_mid_center_to_bottom_center_reverse@0.063m->flat_mid_center_to_bottom_center_reverse@0.067m
[gazebo_track_car-2] [INFO] [1780985677.410622886] [gazebo_track_car]: MOTION pos=(-0.528,-1.586) yaw=+1.647 v=0.231 step_err=0.0175m/0.008rad track_err=0.0129m footprint=road:9.20px route=flat_mid_center_to_bottom_center_reverse cmd_vel=(0.233,-0.334)
[gazebo_track_car-2] [INFO] [1780985679.414478053] [gazebo_track_car]: MOTION pos=(-0.517,-1.053) yaw=+1.553 v=0.273 step_err=0.0213m/0.001rad track_err=0.0057m footprint=road:8.00px route=flat_mid_center_to_bottom_center_reverse cmd_vel=(0.274,+0.039)
[gazebo_track_car-2] [INFO] [1780985681.427152359] [gazebo_track_car]: MOTION pos=(-0.515,-0.492) yaw=+1.575 v=0.279 step_err=0.0226m/0.000rad track_err=0.0047m footprint=road:8.00px route=flat_mid_center_to_bottom_center_reverse cmd_vel=(0.279,-0.009)
[gazebo_track_car-2] [WARN] [1780985683.150572956] [gazebo_track_car]: JITTER events=9 reasons=speed_delta=0.038m/s pos=(-0.517,-0.013) step=0.0050/0.0000m yaw=0.004/0.000rad route=flat_mid_center_to_bottom_center_reverse
[gazebo_track_car-2] [INFO] [1780985683.427293862] [gazebo_track_car]: MOTION pos=(-0.522,+0.050) yaw=+1.465 v=0.200 step_err=0.0156m/0.011rad track_err=0.0081m footprint=road:9.00px route=flat_mid_center_to_bottom_center_reverse cmd_vel=(0.171,-0.728)
[gazebo_track_car-2] [INFO] [1780985684.630035927] [gazebo_track_car]: route segment=flat_mid_top_to_mid_center_reverse; previous=flat_mid_center_to_bottom_center_reverse; distance=0.019m; decision=route/wheel_nearest: flat_mid_top_to_mid_center_reverse
[gazebo_track_car-2] [WARN] [1780985684.651033325] [gazebo_track_car]: JITTER events=2 reasons=yaw_step_error=1.528rad,cmd_xy_error=0.0583m pos=(-0.500,+0.223) step=0.0035/0.0792m yaw=0.017/1.545rad route=flat_mid_top_to_mid_center_reverse
[gazebo_track_car-2] [INFO] [1780985685.436266678] [gazebo_track_car]: MOTION pos=(-0.355,+0.295) yaw=+0.061 v=0.235 step_err=0.0169m/0.007rad track_err=0.0139m footprint=road:7.99px route=flat_mid_top_to_mid_center_reverse cmd_vel=(0.237,-0.303)
[gazebo_track_car-2] [INFO] [1780985687.461719515] [gazebo_track_car]: MOTION pos=(+0.184,+0.283) yaw=-0.016 v=0.273 step_err=0.0216m/0.001rad track_err=0.0056m footprint=road:5.00px route=flat_mid_top_to_mid_center_reverse cmd_vel=(0.274,+0.038)
[gazebo_track_car-2] [INFO] [1780985688.649866241] [gazebo_track_car]: route segment=flat_left_mid_to_mid_top_reverse; previous=flat_mid_top_to_mid_center_reverse; distance=0.020m; decision=route/explore_coverage visit=0: flat_left_mid_to_mid_top_reverse
[gazebo_track_car-2] [INFO] [1780985689.473411186] [gazebo_track_car]: MOTION pos=(+0.746,+0.281) yaw=+0.004 v=0.278 step_err=0.0281m/0.000rad track_err=0.0053m footprint=road:7.19px route=flat_left_mid_to_mid_top_reverse cmd_vel=(0.279,-0.009)
[gazebo_track_car-2] [INFO] [1780985691.565695817] [gazebo_track_car]: MOTION pos=(+1.320,+0.282) yaw=-0.000 v=0.279 step_err=0.0237m/0.000rad track_err=0.0050m footprint=road:4.00px route=flat_left_mid_to_mid_top_reverse cmd_vel=(0.279,-0.005)
[gazebo_track_car-2] [INFO] [1780985693.586280228] [gazebo_track_car]: MOTION pos=(+1.884,+0.281) yaw=-0.001 v=0.280 step_err=0.0224m/0.000rad track_err=0.0059m footprint=road:5.00px route=flat_left_mid_to_mid_top_reverse cmd_vel=(0.252,-0.187)
[gazebo_track_car-2] [WARN] [1780985693.606019246] [gazebo_track_car]: JITTER events=4 reasons=speed_delta=0.057m/s pos=(+1.889,+0.282) step=0.0048/0.0000m yaw=0.003/0.000rad route=flat_left_mid_to_mid_top_reverse
[gazebo_track_car-2] [WARN] [1780985694.987737041] [gazebo_track_car]: JITTER events=2 reasons=yaw_step_error=0.070rad pos=(+2.108,+0.274) step=0.0031/0.0147m yaw=0.015/0.086rad route=flat_left_lower_to_mid_reverse
[gazebo_track_car-2] [INFO] [1780985695.082838702] [gazebo_track_car]: route segment=flat_left_lower_to_mid_reverse; previous=flat_left_mid_to_mid_top_reverse; distance=0.022m; decision=route/wheel_nearest: flat_left_lower_to_mid_reverse
[gazebo_track_car-2] [INFO] [1780985695.587933961] [gazebo_track_car]: MOTION pos=(+2.178,+0.180) yaw=-1.398 v=0.214 step_err=0.0152m/0.010rad track_err=0.0027m footprint=road:8.59px route=flat_left_lower_to_mid_reverse cmd_vel=(0.217,-0.463)
[WARNING] [launch]: user interrupted with ctrl-c (SIGINT)
[INFO] [gazebo_track_car-2]: sending signal 'SIGINT' to process[gazebo_track_car-2]
[INFO] [gzserver-1]: sending signal 'SIGINT' to process[gzserver-1]
[INFO] [gazebo_track_car-2]: process has finished cleanly [pid 39045]
[ERROR] [gzserver-1]: process has died [pid 39043, exit code -2, cmd 'gzserver /home/quocbao/my_robot_vision_full_project/my_robot_vision/mirrored_world_lab/generated/autonomous_map_3d_mirror_x_signless_full_map_rotated_pi_with_magenta_route.world                                                                      -s libgazebo_ros_init.so   -s libgazebo_ros_factory.so   -s libgazebo_ros_force_system.so       '].
