[INFO] [launch]: All log files can be found below /home/quocbao/.ros/log/2026-06-08-14-26-50-679805-ubuntu-21294
[INFO] [launch]: Default logging verbosity is set to INFO
[INFO] [gzserver-1]: process started with pid [21310]
[INFO] [gazebo_track_car-2]: process started with pid [21312]
[gazebo_track_car-2] [INFO] [1780954011.291152211] [gazebo_track_car]: [MAP_TRANSFORM] image=256x256 path=/home/quocbao/my_robot_vision_full_project/my_robot_vision/models/autonomous_map_3d_mirror_x/materials/textures/autonomous_map_visual.png map_size=6.000x6.000m px_per_m_x=42.667 px_per_m_y=42.667 route_offset=(+0.000,+0.000)m map_visual_offset=(+0.000,+0.300)m
[gazebo_track_car-2] [INFO] [1780954011.429082009] [gazebo_track_car]: [FOOTPRINT_CHECK] samples=1666 center_off_road=0 center_outside_safe=330 failures=0 min_footprint_clearance=5.00px footprint=front:0.165m rear:0.145m half_width:0.115m
[gazebo_track_car-2] [INFO] [1780954011.429370543] [gazebo_track_car]: [FOOTPRINT_CHECK] overlays=/tmp/gazebo_route_mask_debug.png, /tmp/gazebo_route_centerline_debug.png, /tmp/gazebo_route_footprint_debug.png
[gazebo_track_car-2] [INFO] [1780954011.504270364] [gazebo_track_car]: SAFE_ROUTE_VERSION=semantic_parking_spawn_turn_guard_v31; direction=texture point order; clearance=12px; drive_wheels=True; route_offset=(+0.000,+0.000)m; start_distance=0.000m; route_explore=True branch_probability=0.00; sign_detection=off roi=0.08-0.82; map_visual_offset=(+0.000,+0.300)m; base_speed=0.28m/s speed_limit=0.14m/s; traffic_light=fixed state=green green=5.0s yellow=1.0s red=8.0s trigger_distance=1.70m stop_distance=0.85m min_stop=2.0s camera=off topic=/track_preview_car/camera/image_raw fill>=0.42 slow_area>=45px stop_area>=160px distance_gate=on; camera_sign_templates=5 sign_score>=0.32 sign_stable=2; wheel_controller lookahead=0.32m parking_lookahead=0.20m heading_gain=3.80 max_wz=2.80rad/s rotate_heading>1.05rad; yaw_limits=1.80rad/s/4.00rad/s2; route_rejoin=True outer_only=True cmd_error>0.18m max_route_dist=0.55m; progress_sync=True cmd_error>0.06m route_dist<=0.20m yaw<=1.20rad; initial_pose_reset=True tol=0.12m/0.35rad; segments=22; route_points=116.
[gazebo_track_car-2] [INFO] [1780954011.504612418] [gazebo_track_car]: Motion log uses /model_states and /track_preview_car/cmd_vel: MOTION every 2.00s, JITTER at most every 1.00s, verbose=False; jitter thresholds xy_step_delta=0.0060m, cmd_error=0.050m, z_delta=0.0005m, tilt=0.0030rad, speed_delta=0.030m/s, yaw_step_error=0.025rad, yaw_rate_delta=0.400rad/s.
[gzserver-1] [INFO] [1780954012.767068486] [track_preview_car.front_camera_controller]: Publishing camera info to [/track_preview_car/camera/camera_info]
[gzserver-1] [INFO] [1780954012.778959910] [gazebo_ros_state]: Publishing states of gazebo models at [/model_states]
[gzserver-1] [INFO] [1780954012.779189442] [gazebo_ros_state]: Publishing states of gazebo links at [/link_states]
[gzserver-1] [INFO] [1780954012.792822500] [track_preview_car.track_preview_car_diff_drive]: Wheel pair 1 separation set to [0.176000m]
[gzserver-1] [INFO] [1780954012.792880279] [track_preview_car.track_preview_car_diff_drive]: Wheel pair 1 diameter set to [0.060000m]
[gzserver-1] [INFO] [1780954012.793774499] [track_preview_car.track_preview_car_diff_drive]: Subscribed to [/track_preview_car/cmd_vel]
[gzserver-1] [INFO] [1780954012.794270354] [track_preview_car.track_preview_car_diff_drive]: Advertise odometry on [/track_preview_car/odom]
[gazebo_track_car-2] [INFO] [1780954012.823639147] [gazebo_track_car]: initial pose reset to configured route start; actual=(+1.828,+2.180) yaw=+0.000 target=(-1.828,+2.180) yaw=+0.000 error=3.656m/0.000rad segment=outer_top_left_to_top_mid
[gazebo_track_car-2] [INFO] [1780954012.870732354] [gazebo_track_car]: traffic light is now GREEN.
[gazebo_track_car-2] [WARN] [1780954012.871365858] [gazebo_track_car]: Waiting for /model_states pose before publishing wheel commands.
[gazebo_track_car-2] [INFO] [1780954013.176941012] [gazebo_track_car]: wheel controller synced route progress from initial model pose; segment=outer_top_left_to_top_mid@0.000m route_dist=0.000m startup_gate=1.250m
[gazebo_track_car-2] [INFO] [1780954014.891590749] [gazebo_track_car]: MOTION pos=(-1.387,+2.180) yaw=-0.000 v=0.280 step_err=0.0224m/0.000rad track_err=0.0069m footprint=road:8.00px route=outer_top_left_to_top_mid cmd_vel=(0.280,+0.000)
[gazebo_track_car-2] [INFO] [1780954016.910521755] [gazebo_track_car]: MOTION pos=(-0.822,+2.180) yaw=+0.000 v=0.280 step_err=0.0221m/0.000rad track_err=0.0050m footprint=road:8.39px route=outer_top_left_to_top_mid cmd_vel=(0.280,+0.000)
[gazebo_track_car-2] [INFO] [1780954018.915487750] [gazebo_track_car]: MOTION pos=(-0.262,+2.180) yaw=+0.000 v=0.280 step_err=0.0227m/0.000rad track_err=0.0059m footprint=road:9.00px route=outer_top_left_to_top_mid cmd_vel=(0.280,-0.000)
[gazebo_track_car-2] [INFO] [1780954019.705672107] [gazebo_track_car]: route segment=outer_top_mid_to_gap; previous=outer_top_left_to_top_mid; distance=0.017m; decision=route/default: outer_top_mid_to_gap
[gazebo_track_car-2] [INFO] [1780954020.914650140] [gazebo_track_car]: MOTION pos=(+0.298,+2.180) yaw=-0.000 v=0.280 step_err=0.0226m/0.000rad track_err=0.0093m footprint=road:8.00px route=outer_top_mid_to_gap cmd_vel=(0.279,-0.007)
[gazebo_track_car-2] [WARN] [1780954021.036485611] [gazebo_track_car]: JITTER events=4 reasons=speed_delta=0.065m/s pos=(+0.330,+2.180) step=0.0047/0.0000m yaw=0.003/0.000rad route=outer_top_mid_to_gap
[gazebo_track_car-2] [INFO] [1780954021.377405769] [gazebo_track_car]: ROUTE_PROGRESS_SYNC actual=(+0.362,+2.235) cmd_error=0.062m route_dist=0.056m yaw_error=0.779rad segment=outer_top_mid_to_gap@0.382m->outer_top_mid_to_gap@0.409m
[gazebo_track_car-2] [WARN] [1780954022.017490007] [gazebo_track_car]: JITTER events=49 reasons=cmd_xy_error=0.1057m pos=(+0.462,+2.235) step=0.0022/0.0050m yaw=0.024/0.000rad route=outer_top_mid_to_gap
[gazebo_track_car-2] [INFO] [1780954022.919749765] [gazebo_track_car]: route segment=inner_top_cut; previous=outer_top_mid_to_gap; distance=0.007m; decision=route/explore_branch visit=0: inner_top_cut
[gazebo_track_car-2] [INFO] [1780954022.938514263] [gazebo_track_car]: ROUTE_PROGRESS_SYNC actual=(+0.398,+2.137) cmd_error=0.077m route_dist=0.043m yaw_error=0.058rad segment=inner_top_cut@0.007m->inner_top_cut@0.071m
[gazebo_track_car-2] [INFO] [1780954022.938997795] [gazebo_track_car]: MOTION pos=(+0.398,+2.137) yaw=-3.083 v=0.186 step_err=0.0566m/0.013rad track_err=0.0429m footprint=road:6.00px route=inner_top_cut cmd_vel=(0.190,-0.637)
[gazebo_track_car-2] [WARN] [1780954023.079502170] [gazebo_track_car]: JITTER events=28 reasons=cmd_xy_error=0.0500m pos=(+0.370,+2.130) step=0.0045/0.0000m yaw=0.008/0.000rad route=inner_top_cut
[gazebo_track_car-2] [WARN] [1780954024.837370120] [gazebo_track_car]: JITTER events=24 reasons=yaw_step_error=0.099rad pos=(-0.045,+2.169) step=0.0041/0.0205m yaw=0.011/0.110rad route=inner_top_cut
[gazebo_track_car-2] [INFO] [1780954024.937565239] [gazebo_track_car]: MOTION pos=(-0.065,+2.168) yaw=-2.815 v=0.205 step_err=0.0165m/0.195rad track_err=0.0128m footprint=road:8.00px route=inner_top_cut cmd_vel=(0.207,+0.533)
[gazebo_track_car-2] [WARN] [1780954025.961709340] [gazebo_track_car]: JITTER events=5 reasons=speed_delta=0.041m/s pos=(-0.271,+2.076) step=0.0042/0.0000m yaw=0.009/0.000rad route=inner_top_cut
[gazebo_track_car-2] [INFO] [1780954026.941358257] [gazebo_track_car]: MOTION pos=(-0.417,+1.934) yaw=-1.911 v=0.214 step_err=0.0169m/0.011rad track_err=0.0125m footprint=road:8.79px route=inner_top_cut cmd_vel=(0.214,+0.472)
[gazebo_track_car-2] [WARN] [1780954027.040382858] [gazebo_track_car]: JITTER events=1 reasons=yaw_step_error=0.105rad pos=(-0.428,+1.915) step=0.0043/0.0216m yaw=0.010/0.114rad route=inner_top_cut
[gazebo_track_car-2] [INFO] [1780954028.965658400] [gazebo_track_car]: MOTION pos=(-0.474,+1.431) yaw=-1.545 v=0.277 step_err=0.0225m/0.000rad track_err=0.0244m footprint=road:8.00px route=inner_top_cut cmd_vel=(0.276,-0.023)
[gazebo_track_car-2] [WARN] [1780954030.589163825] [gazebo_track_car]: JITTER events=4 reasons=speed_delta=0.065m/s pos=(-0.468,+0.984) step=0.0048/0.0000m yaw=0.002/0.000rad route=inner_top_cut
[gazebo_track_car-2] [INFO] [1780954030.967420036] [gazebo_track_car]: MOTION pos=(-0.473,+0.894) yaw=-1.457 v=0.217 step_err=0.0174m/0.008rad track_err=0.0218m footprint=road:8.00px route=inner_top_cut cmd_vel=(0.208,+0.507)
[gazebo_track_car-2] [WARN] [1780954031.668921952] [gazebo_track_car]: JITTER events=2 reasons=yaw_step_error=0.098rad pos=(-0.460,+0.751) step=0.0042/0.0210m yaw=0.010/0.108rad route=inner_top_cut
[gazebo_track_car-2] [WARN] [1780954032.747782016] [gazebo_track_car]: JITTER events=15 reasons=cmd_xy_error=0.0505m pos=(-0.326,+0.543) step=0.0049/0.0000m yaw=0.005/0.000rad route=inner_top_cut
[gazebo_track_car-2] [INFO] [1780954032.971726032] [gazebo_track_car]: MOTION pos=(-0.293,+0.506) yaw=-0.661 v=0.218 step_err=0.0044m/0.009rad track_err=0.0543m footprint=road:8.79px route=inner_top_cut cmd_vel=(0.219,+0.419)
[gazebo_track_car-2] [WARN] [1780954033.691514070] [gazebo_track_car]: JITTER events=9 reasons=yaw_step_error=0.139rad pos=(-0.176,+0.413) step=0.0042/0.0210m yaw=0.010/0.149rad route=inner_top_cut
[gazebo_track_car-2] [INFO] [1780954034.273519110] [gazebo_track_car]: ROUTE_PROGRESS_SYNC actual=(-0.051,+0.374) cmd_error=0.061m route_dist=0.001m yaw_error=0.071rad segment=inner_top_cut@2.728m->inner_top_cut@2.789m
[gazebo_track_car-2] [INFO] [1780954034.993546051] [gazebo_track_car]: MOTION pos=(+0.136,+0.365) yaw=+0.019 v=0.273 step_err=0.0221m/0.001rad track_err=0.0240m footprint=road:8.00px route=inner_top_cut cmd_vel=(0.273,-0.044)
[gazebo_track_car-2] [WARN] [1780954035.109789076] [gazebo_track_car]: JITTER events=11 reasons=speed_delta=0.041m/s pos=(+0.169,+0.365) step=0.0048/0.0000m yaw=0.000/0.000rad route=inner_top_cut
[gazebo_track_car-2] [WARN] [1780954036.193767313] [gazebo_track_car]: JITTER events=3 reasons=yaw_step_error=0.286rad pos=(+0.460,+0.361) step=0.0055/0.0199m yaw=0.001/0.287rad route=inner_top_cut
[gazebo_track_car-2] [INFO] [1780954036.995097142] [gazebo_track_car]: MOTION pos=(+0.680,+0.353) yaw=-0.014 v=0.275 step_err=0.0220m/0.001rad track_err=0.0021m footprint=road:9.00px route=inner_top_cut cmd_vel=(0.276,+0.028)
[gazebo_track_car-2] [INFO] [1780954039.021299047] [gazebo_track_car]: MOTION pos=(+1.242,+0.351) yaw=+0.003 v=0.279 step_err=0.0212m/0.000rad track_err=0.0027m footprint=road:8.00px route=inner_top_cut cmd_vel=(0.279,-0.007)
[gazebo_track_car-2] [INFO] [1780954041.015704239] [gazebo_track_car]: MOTION pos=(+1.800,+0.352) yaw=-0.000 v=0.279 step_err=0.0229m/0.000rad track_err=0.0024m footprint=road:8.00px route=inner_top_cut cmd_vel=(0.279,-0.006)
[gazebo_track_car-2] [WARN] [1780954041.357807138] [gazebo_track_car]: JITTER events=2 reasons=speed_delta=0.058m/s pos=(+1.894,+0.352) step=0.0048/0.0000m yaw=0.004/0.000rad route=inner_top_cut
[gazebo_track_car-2] [WARN] [1780954042.728091923] [gazebo_track_car]: JITTER events=1 reasons=yaw_step_error=0.041rad pos=(+2.116,+0.339) step=0.0032/0.0153m yaw=0.015/0.055rad route=inner_top_cut
[gazebo_track_car-2] [INFO] [1780954043.030956948] [gazebo_track_car]: MOTION pos=(+2.155,+0.303) yaw=-1.182 v=0.190 step_err=0.0145m/0.406rad track_err=0.0490m footprint=road:10.00px route=inner_top_cut cmd_vel=(0.187,-0.649)
[gazebo_track_car-2] [INFO] [1780954043.110987141] [gazebo_track_car]: ROUTE_PROGRESS_SYNC actual=(+2.164,+0.290) cmd_error=0.062m route_dist=0.019m yaw_error=0.284rad segment=inner_top_cut@5.018m->inner_top_cut@5.104m
[gazebo_track_car-2] [INFO] [1780954045.147816531] [gazebo_track_car]: MOTION pos=(+2.220,-0.216) yaw=-1.563 v=0.275 step_err=0.0214m/0.001rad track_err=0.0202m footprint=road:8.00px route=inner_top_cut cmd_vel=(0.277,+0.020)
[gazebo_track_car-2] [WARN] [1780954046.039906997] [gazebo_track_car]: JITTER events=8 reasons=yaw_step_error=0.032rad pos=(+2.223,-0.464) step=0.0055/0.0288m yaw=0.001/0.033rad route=inner_top_cut
[gazebo_track_car-2] [INFO] [1780954046.240589136] [gazebo_track_car]: route segment=outer_right_mid_to_lower; previous=inner_top_cut; distance=0.024m; decision=route/default: outer_right_mid_to_lower
[gazebo_track_car-2] [INFO] [1780954047.147704018] [gazebo_track_car]: MOTION pos=(+2.218,-0.768) yaw=-1.606 v=0.279 step_err=0.0223m/0.000rad track_err=0.0206m footprint=road:7.00px route=outer_right_mid_to_lower cmd_vel=(0.279,-0.007)
[gazebo_track_car-2] [INFO] [1780954049.171588247] [gazebo_track_car]: MOTION pos=(+2.197,-1.332) yaw=-1.608 v=0.280 step_err=0.0227m/0.000rad track_err=0.0182m footprint=road:7.00px route=outer_right_mid_to_lower cmd_vel=(0.280,+0.002)
[gazebo_track_car-2] [WARN] [1780954049.690624558] [gazebo_track_car]: JITTER events=2 reasons=speed_delta=0.045m/s pos=(+2.192,-1.477) step=0.0050/0.0000m yaw=0.003/0.000rad route=outer_right_mid_to_lower
[gazebo_track_car-2] [WARN] [1780954050.974002091] [gazebo_track_car]: JITTER events=2 reasons=yaw_step_error=0.207rad pos=(+2.176,-1.729) step=0.0033/0.0154m yaw=0.015/0.222rad route=outer_right_mid_to_lower
[gazebo_track_car-2] [INFO] [1780954051.173593345] [gazebo_track_car]: MOTION pos=(+2.160,-1.760) yaw=-2.499 v=0.170 step_err=0.0126m/0.168rad track_err=0.0237m footprint=road:9.00px route=outer_right_mid_to_lower cmd_vel=(0.168,-0.755)
[gazebo_track_car-2] [INFO] [1780954051.370250690] [gazebo_track_car]: route segment=outer_bottom_right_corner; previous=outer_right_mid_to_lower; distance=0.001m; decision=route/default: outer_bottom_right_corner
[gazebo_track_car-2] [INFO] [1780954051.766375201] [gazebo_track_car]: ROUTE_PROGRESS_SYNC actual=(+2.072,-1.835) cmd_error=0.061m route_dist=0.017m yaw_error=0.231rad segment=outer_bottom_right_corner@0.057m->outer_bottom_right_corner@0.127m
[gazebo_track_car-2] [INFO] [1780954052.878303464] [gazebo_track_car]: route segment=outer_bottom_right_to_bottom_right_mid; previous=outer_bottom_right_corner; distance=0.026m; decision=route/default: outer_bottom_right_to_bottom_right_mid
[gazebo_track_car-2] [INFO] [1780954053.195734436] [gazebo_track_car]: MOTION pos=(+1.718,-1.867) yaw=+3.094 v=0.278 step_err=0.0228m/0.000rad track_err=0.0273m footprint=road:7.00px route=outer_bottom_right_to_bottom_right_mid cmd_vel=(0.279,+0.004)
[gazebo_track_car-2] [INFO] [1780954055.198020972] [gazebo_track_car]: MOTION pos=(+1.166,-1.851) yaw=+3.140 v=0.278 step_err=0.0220m/0.000rad track_err=0.0257m footprint=road:8.00px route=outer_bottom_right_to_bottom_right_mid cmd_vel=(0.279,+0.010)
[gazebo_track_car-2] [INFO] [1780954055.999359731] [gazebo_track_car]: route segment=outer_bottom_right_mid_to_bottom_mid; previous=outer_bottom_right_to_bottom_right_mid; distance=0.021m; decision=route/default: outer_bottom_right_mid_to_bottom_mid
[gazebo_track_car-2] [INFO] [1780954057.220156719] [gazebo_track_car]: MOTION pos=(+0.603,-1.852) yaw=-3.140 v=0.279 step_err=0.0220m/0.000rad track_err=0.0231m footprint=road:8.00px route=outer_bottom_right_mid_to_bottom_mid cmd_vel=(0.279,-0.008)
[gazebo_track_car-2] [WARN] [1780954058.540663767] [gazebo_track_car]: JITTER events=15 reasons=speed_delta=0.058m/s pos=(+0.235,-1.852) step=0.0048/0.0000m yaw=0.002/0.000rad route=outer_bottom_right_mid_to_bottom_mid
[gazebo_track_car-2] [INFO] [1780954059.222389730] [gazebo_track_car]: MOTION pos=(+0.094,-1.854) yaw=+2.861 v=0.253 step_err=0.0203m/0.003rad track_err=0.0224m footprint=road:6.00px route=outer_bottom_right_mid_to_bottom_mid cmd_vel=(0.264,+0.084)
[gazebo_track_car-2] [WARN] [1780954059.619691494] [gazebo_track_car]: JITTER events=5 reasons=yaw_step_error=2.920rad pos=(+0.006,-1.822) step=0.0043/0.0209m yaw=0.009/2.929rad route=outer_bottom_right_mid_to_bottom_mid
[gazebo_track_car-2] [INFO] [1780954059.816795398] [gazebo_track_car]: route segment=inner_lower_cut; previous=outer_bottom_right_mid_to_bottom_mid; distance=0.018m; decision=route/explore_branch visit=0: inner_lower_cut
[gazebo_track_car-2] [INFO] [1780954059.923685425] [gazebo_track_car]: ROUTE_PROGRESS_SYNC actual=(-0.056,-1.806) cmd_error=0.067m route_dist=0.002m yaw_error=0.073rad segment=inner_lower_cut@0.039m->inner_lower_cut@0.183m
[gazebo_track_car-2] [WARN] [1780954060.945806550] [gazebo_track_car]: JITTER events=5 reasons=speed_delta=0.057m/s pos=(-0.316,-1.809) step=0.0038/0.0000m yaw=0.006/0.000rad route=inner_lower_cut
[gazebo_track_car-2] [INFO] [1780954061.225526118] [gazebo_track_car]: MOTION pos=(-0.354,-1.794) yaw=-2.735 v=0.165 step_err=0.0066m/0.035rad track_err=0.0274m footprint=road:5.00px route=inner_lower_cut cmd_vel=(0.050,+2.237)
[gazebo_track_car-2] [INFO] [1780954061.465018529] [gazebo_track_car]: ROUTE_PROGRESS_SYNC actual=(-0.389,-1.765) cmd_error=0.063m route_dist=0.057m yaw_error=0.933rad segment=inner_lower_cut@0.487m->inner_lower_cut@0.514m
[gazebo_track_car-2] [WARN] [1780954061.926697347] [gazebo_track_car]: JITTER events=41 reasons=yaw_step_error=0.031rad,cmd_xy_error=0.0862m pos=(-0.471,-1.771) step=0.0025/0.0000m yaw=0.031/0.000rad route=inner_lower_cut
[gazebo_track_car-2] [INFO] [1780954062.930988044] [gazebo_track_car]: ROUTE_PROGRESS_SYNC actual=(-0.416,-1.876) cmd_error=0.061m route_dist=0.048m yaw_error=0.035rad segment=inner_lower_cut@0.704m->inner_lower_cut@0.742m
[gazebo_track_car-2] [WARN] [1780954062.949679317] [gazebo_track_car]: JITTER events=20 reasons=cmd_xy_error=0.0510m pos=(-0.413,-1.877) step=0.0040/0.0187m yaw=0.013/0.000rad route=inner_lower_cut
[gazebo_track_car-2] [INFO] [1780954063.245570636] [gazebo_track_car]: MOTION pos=(-0.344,-1.883) yaw=+0.091 v=0.239 step_err=0.0191m/0.006rad track_err=0.0577m footprint=road:6.00px route=inner_lower_cut cmd_vel=(0.251,+0.204)
[gazebo_track_car-2] [WARN] [1780954064.952875625] [gazebo_track_car]: JITTER events=32 reasons=yaw_step_error=0.167rad pos=(+0.080,-1.830) step=0.0044/0.0223m yaw=0.008/0.175rad route=inner_lower_cut
[gazebo_track_car-2] [INFO] [1780954065.248304047] [gazebo_track_car]: MOTION pos=(+0.144,-1.808) yaw=+0.525 v=0.226 step_err=0.0170m/0.147rad track_err=0.0293m footprint=road:7.99px route=inner_lower_cut cmd_vel=(0.232,+0.346)
[gazebo_track_car-2] [WARN] [1780954066.085310717] [gazebo_track_car]: JITTER events=5 reasons=speed_delta=0.030m/s pos=(+0.315,-1.701) step=0.0044/0.0000m yaw=0.008/0.000rad route=inner_lower_cut
[gazebo_track_car-2] [WARN] [1780954067.173274664] [gazebo_track_car]: JITTER events=2 reasons=yaw_step_error=0.212rad pos=(+0.471,-1.533) step=0.0044/0.0223m yaw=0.009/0.221rad route=inner_lower_cut
[gazebo_track_car-2] [INFO] [1780954067.273393902] [gazebo_track_car]: MOTION pos=(+0.480,-1.513) yaw=+1.323 v=0.225 step_err=0.0177m/0.220rad track_err=0.0183m footprint=road:7.99px route=inner_lower_cut cmd_vel=(0.226,+0.381)
[gazebo_track_car-2] [INFO] [1780954069.276324198] [gazebo_track_car]: MOTION pos=(+0.521,-0.999) yaw=+1.593 v=0.277 step_err=0.0222m/0.000rad track_err=0.0074m footprint=road:9.00px route=inner_lower_cut cmd_vel=(0.277,-0.020)
[gazebo_track_car-2] [INFO] [1780954071.278336309] [gazebo_track_car]: MOTION pos=(+0.515,-0.444) yaw=+1.570 v=0.279 step_err=0.0215m/0.000rad track_err=0.0038m footprint=road:9.00px route=inner_lower_cut cmd_vel=(0.279,-0.006)
[gazebo_track_car-2] [WARN] [1780954071.915767747] [gazebo_track_car]: JITTER events=3 reasons=speed_delta=0.063m/s pos=(+0.515,-0.266) step=0.0047/0.0000m yaw=0.003/0.000rad route=inner_lower_cut
[gazebo_track_car-2] [WARN] [1780954072.997971078] [gazebo_track_car]: JITTER events=2 reasons=yaw_step_error=0.178rad pos=(+0.505,-0.031) step=0.0042/0.0217m yaw=0.010/0.187rad route=inner_lower_cut
[gazebo_track_car-2] [INFO] [1780954073.300691029] [gazebo_track_car]: MOTION pos=(+0.481,+0.029) yaw=+2.168 v=0.223 step_err=0.0166m/0.142rad track_err=0.0304m footprint=road:7.80px route=inner_lower_cut cmd_vel=(0.229,+0.350)
[gazebo_track_car-2] [WARN] [1780954074.016908561] [gazebo_track_car]: JITTER events=4 reasons=speed_delta=0.044m/s pos=(+0.381,+0.170) step=0.0042/0.0000m yaw=0.009/0.000rad route=inner_lower_cut
[gazebo_track_car-2] [WARN] [1780954074.999627587] [gazebo_track_car]: JITTER events=1 reasons=yaw_step_error=0.111rad pos=(+0.222,+0.310) step=0.0045/0.0225m yaw=0.008/0.119rad route=inner_lower_cut
[gazebo_track_car-2] [INFO] [1780954075.298587438] [gazebo_track_car]: MOTION pos=(+0.161,+0.339) yaw=+2.903 v=0.228 step_err=0.0045m/0.007rad track_err=0.0423m footprint=road:8.00px route=inner_lower_cut cmd_vel=(0.227,+0.359)
[gazebo_track_car-2] [WARN] [1780954076.002485013] [gazebo_track_car]: JITTER events=8 reasons=yaw_step_error=0.241rad pos=(-0.003,+0.376) step=0.0050/0.0252m yaw=0.004/0.245rad route=inner_lower_cut
[gazebo_track_car-2] [WARN] [1780954077.103446053] [gazebo_track_car]: JITTER events=21 reasons=cmd_xy_error=0.0536m pos=(-0.291,+0.383) step=0.0051/0.0000m yaw=0.003/0.000rad route=inner_lower_cut
[gazebo_track_car-2] [INFO] [1780954077.320037617] [gazebo_track_car]: MOTION pos=(-0.349,+0.379) yaw=-3.046 v=0.270 step_err=0.0216m/0.001rad track_err=0.0315m footprint=road:9.00px route=inner_lower_cut cmd_vel=(0.278,+0.015)
[gazebo_track_car-2] [WARN] [1780954078.021111174] [gazebo_track_car]: JITTER events=12 reasons=yaw_step_error=0.152rad pos=(-0.538,+0.360) step=0.0053/0.0250m yaw=0.002/0.154rad route=inner_lower_cut
[gazebo_track_car-2] [INFO] [1780954078.201877306] [gazebo_track_car]: ROUTE_PROGRESS_SYNC actual=(-0.585,+0.357) cmd_error=0.061m route_dist=0.005m yaw_error=0.044rad segment=inner_lower_cut@4.529m->inner_lower_cut@4.590m
[gazebo_track_car-2] [INFO] [1780954079.325460854] [gazebo_track_car]: MOTION pos=(-0.891,+0.349) yaw=+3.138 v=0.277 step_err=0.0225m/0.000rad track_err=0.0217m footprint=road:9.00px route=inner_lower_cut cmd_vel=(0.278,-0.013)
[gazebo_track_car-2] [INFO] [1780954081.335329332] [gazebo_track_car]: MOTION pos=(-1.455,+0.352) yaw=+3.140 v=0.280 step_err=0.0235m/0.000rad track_err=0.0215m footprint=road:7.00px route=inner_lower_cut cmd_vel=(0.279,+0.005)
[gazebo_track_car-2] [WARN] [1780954082.945169673] [gazebo_track_car]: JITTER events=6 reasons=yaw_step_error=0.031rad pos=(-1.848,+0.347) step=0.0043/0.0216m yaw=0.010/0.041rad route=inner_lower_cut
[gazebo_track_car-2] [INFO] [1780954083.340889321] [gazebo_track_car]: MOTION pos=(-1.932,+0.318) yaw=-2.580 v=0.226 step_err=0.0167m/0.063rad track_err=0.0332m footprint=road:8.59px route=inner_lower_cut cmd_vel=(0.232,+0.344)
[gazebo_track_car-2] [WARN] [1780954084.067659168] [gazebo_track_car]: JITTER events=5 reasons=speed_delta=0.039m/s pos=(-2.068,+0.233) step=0.0054/0.0000m yaw=0.002/0.000rad route=inner_lower_cut
[gazebo_track_car-2] [WARN] [1780954085.052015759] [gazebo_track_car]: JITTER events=27 reasons=cmd_xy_error=0.0573m pos=(-2.132,+0.095) step=0.0025/0.0051m yaw=0.028/0.005rad route=inner_lower_cut
[gazebo_track_car-2] [INFO] [1780954085.351840701] [gazebo_track_car]: MOTION pos=(-2.170,+0.073) yaw=+2.435 v=0.162 step_err=0.0065m/0.064rad track_err=0.0599m footprint=road:5.79px route=inner_lower_cut cmd_vel=(0.098,-1.661)
[gazebo_track_car-2] [WARN] [1780954086.053604813] [gazebo_track_car]: JITTER events=40 reasons=cmd_xy_error=0.0561m pos=(-2.256,+0.109) step=0.0024/0.0000m yaw=0.016/0.000rad route=inner_lower_cut
[gazebo_track_car-2] [INFO] [1780954086.455134948] [gazebo_track_car]: route segment=inner_middle_cross; previous=inner_lower_cut; distance=0.003m; decision=route/explore_branch visit=0: inner_middle_cross
[gazebo_track_car-2] [INFO] [1780954086.473646549] [gazebo_track_car]: ROUTE_PROGRESS_SYNC actual=(-2.269,+0.173) cmd_error=0.161m route_dist=0.103m yaw_error=0.529rad segment=inner_middle_cross@0.003m->inner_middle_cross@0.080m
[gazebo_track_car-2] [WARN] [1780954087.071970380] [gazebo_track_car]: JITTER events=51 reasons=cmd_xy_error=0.1617m pos=(-2.273,+0.252) step=0.0036/0.0168m yaw=0.019/0.000rad route=inner_middle_cross
[gazebo_track_car-2] [INFO] [1780954087.374294392] [gazebo_track_car]: MOTION pos=(-2.235,+0.297) yaw=+0.419 v=0.200 step_err=0.0184m/0.013rad track_err=0.1663m footprint=road:7.00px route=inner_middle_cross cmd_vel=(0.200,-0.663)
[gazebo_track_car-2] [INFO] [1780954087.679011162] [gazebo_track_car]: ROUTE_PROGRESS_SYNC actual=(-2.181,+0.329) cmd_error=0.151m route_dist=0.151m yaw_error=0.531rad segment=inner_middle_cross@0.252m->inner_middle_cross@0.252m
[gazebo_track_car-2] [WARN] [1780954088.074725776] [gazebo_track_car]: JITTER events=50 reasons=cmd_xy_error=0.1090m pos=(-2.094,+0.357) step=0.0048/0.0241m yaw=0.006/0.000rad route=inner_middle_cross
[gazebo_track_car-2] [INFO] [1780954089.376408981] [gazebo_track_car]: MOTION pos=(-1.757,+0.364) yaw=+0.012 v=0.268 step_err=0.0214m/0.002rad track_err=0.0418m footprint=road:8.00px route=inner_middle_cross cmd_vel=(0.271,+0.062)
[gazebo_track_car-2] [WARN] [1780954089.778297122] [gazebo_track_car]: JITTER events=24 reasons=yaw_step_error=0.305rad pos=(-1.648,+0.365) step=0.0055/0.0275m yaw=0.000/0.306rad route=inner_middle_cross
[gazebo_track_car-2] [WARN] [1780954090.879446906] [gazebo_track_car]: JITTER events=6 reasons=yaw_step_error=0.220rad pos=(-1.362,+0.370) step=0.0046/0.0237m yaw=0.006/0.227rad route=inner_middle_cross
[gazebo_track_car-2] [INFO] [1780954091.381630543] [gazebo_track_car]: MOTION pos=(-1.253,+0.364) yaw=-0.333 v=0.213 step_err=0.0157m/0.010rad track_err=0.0134m footprint=road:7.00px route=inner_middle_cross cmd_vel=(0.211,-0.501)
[gazebo_track_car-2] [WARN] [1780954091.884463261] [gazebo_track_car]: JITTER events=6 reasons=yaw_step_error=0.217rad pos=(-1.148,+0.333) step=0.0045/0.0224m yaw=0.008/0.225rad route=inner_middle_cross
[gazebo_track_car-2] [WARN] [1780954093.202628146] [gazebo_track_car]: JITTER events=2 reasons=yaw_step_error=0.085rad pos=(-0.934,+0.157) step=0.0047/0.0242m yaw=0.006/0.091rad route=inner_middle_cross
[gazebo_track_car-2] [INFO] [1780954093.402182276] [gazebo_track_car]: MOTION pos=(-0.915,+0.110) yaw=-1.245 v=0.263 step_err=0.0216m/0.273rad track_err=0.0236m footprint=road:8.00px route=inner_middle_cross cmd_vel=(0.242,+0.194)
[gazebo_track_car-2] [INFO] [1780954093.880556111] [gazebo_track_car]: ROUTE_PROGRESS_SYNC actual=(-0.927,+0.033) cmd_error=0.060m route_dist=0.036m yaw_error=0.885rad segment=inner_middle_cross@1.656m->inner_middle_cross@1.704m
[gazebo_track_car-2] [WARN] [1780954094.204273736] [gazebo_track_car]: JITTER events=30 reasons=yaw_step_error=0.051rad,cmd_xy_error=0.0780m pos=(-0.945,-0.028) step=0.0040/0.0000m yaw=0.051/0.000rad route=inner_middle_cross
[gazebo_track_car-2] [WARN] [1780954095.228219101] [gazebo_track_car]: JITTER events=26 reasons=cmd_xy_error=0.0507m pos=(-0.831,-0.007) step=0.0046/0.0000m yaw=0.008/0.000rad route=inner_middle_cross
[gazebo_track_car-2] [INFO] [1780954095.287300724] [gazebo_track_car]: ROUTE_PROGRESS_SYNC actual=(-0.826,+0.006) cmd_error=0.064m route_dist=0.042m yaw_error=0.319rad segment=inner_middle_cross@1.891m->inner_middle_cross@1.940m
[gazebo_track_car-2] [INFO] [1780954095.405456884] [gazebo_track_car]: MOTION pos=(-0.816,+0.035) yaw=+1.252 v=0.261 step_err=0.0214m/0.002rad track_err=0.0551m footprint=road:5.79px route=inner_middle_cross cmd_vel=(0.244,-0.241)
[gazebo_track_car-2] [WARN] [1780954096.931743272] [gazebo_track_car]: JITTER events=32 reasons=yaw_step_error=0.040rad pos=(-0.683,+0.317) step=0.0041/0.0196m yaw=0.012/0.052rad route=inner_middle_cross
[gazebo_track_car-2] [INFO] [1780954097.429393371] [gazebo_track_car]: MOTION pos=(-0.586,+0.365) yaw=+0.158 v=0.224 step_err=0.0175m/0.007rad track_err=0.0170m footprint=road:9.00px route=inner_middle_cross cmd_vel=(0.229,-0.356)
[gazebo_track_car-2] [WARN] [1780954098.851613724] [gazebo_track_car]: JITTER events=5 reasons=speed_delta=0.064m/s,yaw_rate_delta=0.433rad/s pos=(-0.223,+0.386) step=0.0046/0.0000m yaw=0.005/0.000rad route=inner_middle_cross
[gazebo_track_car-2] [INFO] [1780954099.432286948] [gazebo_track_car]: MOTION pos=(-0.070,+0.377) yaw=-0.109 v=0.265 step_err=0.0212m/0.002rad track_err=0.0100m footprint=road:8.00px route=inner_middle_cross cmd_vel=(0.243,-0.244)
[gazebo_track_car-2] [WARN] [1780954099.834568207] [gazebo_track_car]: JITTER events=3 reasons=yaw_step_error=0.103rad pos=(+0.021,+0.373) step=0.0043/0.0216m yaw=0.008/0.111rad route=inner_middle_cross
