[INFO] [launch]: All log files can be found below /home/quocbao/.ros/log/2026-06-08-14-30-33-070147-ubuntu-21602
[INFO] [launch]: Default logging verbosity is set to INFO
[INFO] [gzserver-1]: process started with pid [21618]
[INFO] [gazebo_track_car-2]: process started with pid [21620]
[gazebo_track_car-2] [INFO] [1780954233.690794104] [gazebo_track_car]: [MAP_TRANSFORM] image=256x256 path=/home/quocbao/my_robot_vision_full_project/my_robot_vision/models/autonomous_map_3d_mirror_x/materials/textures/autonomous_map_visual.png map_size=6.000x6.000m px_per_m_x=42.667 px_per_m_y=42.667 route_offset=(+0.000,+0.000)m map_visual_offset=(+0.000,+0.300)m
[gazebo_track_car-2] [INFO] [1780954233.836856486] [gazebo_track_car]: [FOOTPRINT_CHECK] samples=1691 center_off_road=0 center_outside_safe=330 failures=0 min_footprint_clearance=5.00px footprint=front:0.165m rear:0.145m half_width:0.115m
[gazebo_track_car-2] [INFO] [1780954233.837129641] [gazebo_track_car]: [FOOTPRINT_CHECK] overlays=/tmp/gazebo_route_mask_debug.png, /tmp/gazebo_route_centerline_debug.png, /tmp/gazebo_route_footprint_debug.png
[gazebo_track_car-2] [INFO] [1780954233.914183171] [gazebo_track_car]: SAFE_ROUTE_VERSION=semantic_parking_spawn_turn_guard_v31; direction=texture point order; clearance=12px; drive_wheels=True; route_offset=(+0.000,+0.000)m; start_distance=0.000m; route_explore=True branch_probability=0.00; sign_detection=off roi=0.08-0.82; map_visual_offset=(+0.000,+0.300)m; base_speed=0.28m/s speed_limit=0.14m/s; traffic_light=fixed state=green green=5.0s yellow=1.0s red=8.0s trigger_distance=1.70m stop_distance=0.85m min_stop=2.0s camera=off topic=/track_preview_car/camera/image_raw fill>=0.42 slow_area>=45px stop_area>=160px distance_gate=on; camera_sign_templates=5 sign_score>=0.32 sign_stable=2; wheel_controller lookahead=0.32m parking_lookahead=0.20m heading_gain=3.80 max_wz=2.80rad/s rotate_heading>1.05rad; yaw_limits=1.80rad/s/4.00rad/s2; route_rejoin=True outer_only=True cmd_error>0.18m max_route_dist=0.55m; progress_sync=True cmd_error>0.06m route_dist<=0.20m yaw<=1.20rad; initial_pose_reset=True tol=0.12m/0.35rad; segments=20; route_points=84.
[gazebo_track_car-2] [INFO] [1780954233.914456736] [gazebo_track_car]: Motion log uses /model_states and /track_preview_car/cmd_vel: MOTION every 2.00s, JITTER at most every 1.00s, verbose=False; jitter thresholds xy_step_delta=0.0060m, cmd_error=0.050m, z_delta=0.0005m, tilt=0.0030rad, speed_delta=0.030m/s, yaw_step_error=0.025rad, yaw_rate_delta=0.400rad/s.
[gzserver-1] [INFO] [1780954235.184536441] [track_preview_car.front_camera_controller]: Publishing camera info to [/track_preview_car/camera/camera_info]
[gzserver-1] [INFO] [1780954235.195705877] [gazebo_ros_state]: Publishing states of gazebo models at [/model_states]
[gzserver-1] [INFO] [1780954235.196056557] [gazebo_ros_state]: Publishing states of gazebo links at [/link_states]
[gzserver-1] [INFO] [1780954235.208681152] [track_preview_car.track_preview_car_diff_drive]: Wheel pair 1 separation set to [0.176000m]
[gzserver-1] [INFO] [1780954235.208733220] [track_preview_car.track_preview_car_diff_drive]: Wheel pair 1 diameter set to [0.060000m]
[gzserver-1] [INFO] [1780954235.209365581] [track_preview_car.track_preview_car_diff_drive]: Subscribed to [/track_preview_car/cmd_vel]
[gzserver-1] [INFO] [1780954235.210441206] [track_preview_car.track_preview_car_diff_drive]: Advertise odometry on [/track_preview_car/odom]
[gazebo_track_car-2] [INFO] [1780954235.239133912] [gazebo_track_car]: initial pose reset to configured route start; actual=(+1.828,+2.180) yaw=+0.000 target=(-1.828,+2.180) yaw=+0.000 error=3.656m/0.000rad segment=outer_top_left_to_top_mid
[gazebo_track_car-2] [INFO] [1780954235.288664991] [gazebo_track_car]: traffic light is now GREEN.
[gazebo_track_car-2] [WARN] [1780954235.289248600] [gazebo_track_car]: Waiting for /model_states pose before publishing wheel commands.
[gazebo_track_car-2] [INFO] [1780954235.594010250] [gazebo_track_car]: wheel controller synced route progress from initial model pose; segment=outer_top_left_to_top_mid@0.000m route_dist=0.000m startup_gate=1.250m
[gazebo_track_car-2] [INFO] [1780954237.305335300] [gazebo_track_car]: MOTION pos=(-1.387,+2.180) yaw=-0.000 v=0.280 step_err=0.0224m/0.000rad track_err=0.0069m footprint=road:8.00px route=outer_top_left_to_top_mid cmd_vel=(0.280,+0.000)
[gazebo_track_car-2] [INFO] [1780954239.325501379] [gazebo_track_car]: MOTION pos=(-0.822,+2.180) yaw=+0.000 v=0.280 step_err=0.0224m/0.000rad track_err=0.0052m footprint=road:8.39px route=outer_top_left_to_top_mid cmd_vel=(0.280,+0.000)
[gazebo_track_car-2] [INFO] [1780954241.329026424] [gazebo_track_car]: MOTION pos=(-0.262,+2.180) yaw=+0.000 v=0.280 step_err=0.0230m/0.000rad track_err=0.0067m footprint=road:9.00px route=outer_top_left_to_top_mid cmd_vel=(0.280,-0.000)
[gazebo_track_car-2] [INFO] [1780954242.121807154] [gazebo_track_car]: route segment=outer_top_mid_to_gap; previous=outer_top_left_to_top_mid; distance=0.016m; decision=route/default: outer_top_mid_to_gap
[gazebo_track_car-2] [INFO] [1780954243.330226947] [gazebo_track_car]: MOTION pos=(+0.298,+2.180) yaw=-0.000 v=0.280 step_err=0.0056m/0.000rad track_err=0.0190m footprint=road:8.00px route=outer_top_mid_to_gap cmd_vel=(0.280,+0.000)
[gazebo_track_car-2] [INFO] [1780954243.933191267] [gazebo_track_car]: route segment=outer_top_gap_to_top_right_mid; previous=outer_top_mid_to_gap; distance=0.008m; decision=route/default: outer_top_gap_to_top_right_mid
[gazebo_track_car-2] [INFO] [1780954245.353632542] [gazebo_track_car]: MOTION pos=(+0.863,+2.180) yaw=-0.000 v=0.280 step_err=0.0216m/0.000rad track_err=0.0066m footprint=road:8.00px route=outer_top_gap_to_top_right_mid cmd_vel=(0.280,+0.000)
[gazebo_track_car-2] [INFO] [1780954245.642785640] [gazebo_track_car]: route segment=outer_top_right_mid_to_top_right; previous=outer_top_gap_to_top_right_mid; distance=0.016m; decision=route/default: outer_top_right_mid_to_top_right
[gazebo_track_car-2] [INFO] [1780954247.354007433] [gazebo_track_car]: MOTION pos=(+1.423,+2.180) yaw=+0.000 v=0.280 step_err=0.0227m/0.000rad track_err=0.0097m footprint=road:8.00px route=outer_top_right_mid_to_top_right cmd_vel=(0.280,-0.001)
[gazebo_track_car-2] [WARN] [1780954248.497681272] [gazebo_track_car]: JITTER events=4 reasons=speed_delta=0.036m/s pos=(+1.732,+2.180) step=0.0048/0.0000m yaw=0.005/0.000rad route=outer_top_right_mid_to_top_right
[gazebo_track_car-2] [INFO] [1780954248.761623689] [gazebo_track_car]: route segment=outer_top_right_corner; previous=outer_top_right_mid_to_top_right; distance=0.001m; decision=route/default: outer_top_right_corner
[gazebo_track_car-2] [INFO] [1780954249.378261176] [gazebo_track_car]: MOTION pos=(+1.933,+2.166) yaw=-0.389 v=0.220 step_err=0.0160m/0.144rad track_err=0.0115m footprint=road:8.00px route=outer_top_right_corner cmd_vel=(0.208,-0.515)
[gazebo_track_car-2] [WARN] [1780954249.476942999] [gazebo_track_car]: JITTER events=5 reasons=yaw_step_error=0.107rad pos=(+1.954,+2.161) step=0.0043/0.0213m yaw=0.010/0.117rad route=outer_top_right_corner
[gazebo_track_car-2] [WARN] [1780954250.679108804] [gazebo_track_car]: JITTER events=6 reasons=yaw_step_error=0.176rad pos=(+2.155,+2.039) step=0.0041/0.0197m yaw=0.012/0.188rad route=outer_top_right_corner
[gazebo_track_car-2] [INFO] [1780954251.379307222] [gazebo_track_car]: MOTION pos=(+2.210,+1.896) yaw=-1.492 v=0.236 step_err=0.0184m/0.006rad track_err=0.0347m footprint=road:8.20px route=outer_top_right_corner cmd_vel=(0.241,-0.262)
[gazebo_track_car-2] [WARN] [1780954251.739504185] [gazebo_track_car]: JITTER events=11 reasons=cmd_xy_error=0.0511m pos=(+2.219,+1.807) step=0.0052/0.0000m yaw=0.002/0.000rad route=outer_top_right_corner
[gazebo_track_car-2] [INFO] [1780954251.779011684] [gazebo_track_car]: ROUTE_PROGRESS_SYNC actual=(+2.219,+1.797) cmd_error=0.061m route_dist=0.018m yaw_error=0.001rad segment=outer_top_right_corner@0.613m->outer_top_right_corner@0.664m
[gazebo_track_car-2] [INFO] [1780954251.779730979] [gazebo_track_car]: route segment=outer_right_top_to_upper; previous=outer_top_right_corner; distance=0.026m; decision=route/default: outer_right_top_to_upper
[gazebo_track_car-2] [INFO] [1780954253.400975304] [gazebo_track_car]: MOTION pos=(+2.216,+1.350) yaw=-1.557 v=0.276 step_err=0.0218m/0.000rad track_err=0.0140m footprint=road:8.00px route=outer_right_top_to_upper cmd_vel=(0.276,+0.024)
[gazebo_track_car-2] [INFO] [1780954255.094851640] [gazebo_track_car]: route segment=outer_right_upper_to_mid; previous=outer_right_top_to_upper; distance=0.028m; decision=route/default: outer_right_upper_to_mid
[gazebo_track_car-2] [INFO] [1780954255.403520542] [gazebo_track_car]: MOTION pos=(+2.227,+0.796) yaw=-1.566 v=0.277 step_err=0.0219m/0.000rad track_err=0.0163m footprint=road:8.00px route=outer_right_upper_to_mid cmd_vel=(0.278,-0.016)
[gazebo_track_car-2] [INFO] [1780954257.407348186] [gazebo_track_car]: MOTION pos=(+2.227,+0.238) yaw=-1.573 v=0.280 step_err=0.0227m/0.000rad track_err=0.0182m footprint=road:9.00px route=outer_right_upper_to_mid cmd_vel=(0.280,-0.000)
[gazebo_track_car-2] [INFO] [1780954259.430092250] [gazebo_track_car]: MOTION pos=(+2.227,-0.325) yaw=-1.577 v=0.276 step_err=0.0224m/0.000rad track_err=0.0147m footprint=road:8.00px route=outer_right_upper_to_mid cmd_vel=(0.276,-0.029)
[gazebo_track_car-2] [INFO] [1780954260.118557487] [gazebo_track_car]: route segment=outer_right_mid_to_lower; previous=outer_right_upper_to_mid; distance=0.019m; decision=route/default: outer_right_mid_to_lower
[gazebo_track_car-2] [INFO] [1780954261.431784136] [gazebo_track_car]: MOTION pos=(+2.214,-0.880) yaw=-1.609 v=0.280 step_err=0.0215m/0.000rad track_err=0.0175m footprint=road:7.00px route=outer_right_mid_to_lower cmd_vel=(0.280,+0.002)
[gazebo_track_car-2] [INFO] [1780954263.447661994] [gazebo_track_car]: MOTION pos=(+2.193,-1.445) yaw=-1.607 v=0.280 step_err=0.0232m/0.000rad track_err=0.0172m footprint=road:7.00px route=outer_right_mid_to_lower cmd_vel=(0.280,+0.002)
[gazebo_track_car-2] [WARN] [1780954264.849418301] [gazebo_track_car]: JITTER events=2 reasons=yaw_step_error=0.139rad pos=(+2.179,-1.726) step=0.0032/0.0146m yaw=0.015/0.155rad route=outer_right_mid_to_lower
[gazebo_track_car-2] [INFO] [1780954265.349220236] [gazebo_track_car]: route segment=outer_bottom_right_corner; previous=outer_right_mid_to_lower; distance=0.015m; decision=route/default: outer_bottom_right_corner
[gazebo_track_car-2] [INFO] [1780954265.449565989] [gazebo_track_car]: MOTION pos=(+2.113,-1.811) yaw=-2.768 v=0.199 step_err=0.0039m/0.013rad track_err=0.0519m footprint=road:8.00px route=outer_bottom_right_corner cmd_vel=(0.188,-0.661)
[gazebo_track_car-2] [INFO] [1780954265.751131051] [gazebo_track_car]: ROUTE_PROGRESS_SYNC actual=(+2.060,-1.841) cmd_error=0.062m route_dist=0.011m yaw_error=0.200rad segment=outer_bottom_right_corner@0.072m->outer_bottom_right_corner@0.139m
[gazebo_track_car-2] [INFO] [1780954266.754931621] [gazebo_track_car]: route segment=outer_bottom_right_to_bottom_right_mid; previous=outer_bottom_right_corner; distance=0.015m; decision=route/default: outer_bottom_right_to_bottom_right_mid
[gazebo_track_car-2] [INFO] [1780954267.458077133] [gazebo_track_car]: MOTION pos=(+1.622,-1.862) yaw=+3.101 v=0.275 step_err=0.0209m/0.001rad track_err=0.0259m footprint=road:7.00px route=outer_bottom_right_to_bottom_right_mid cmd_vel=(0.275,+0.035)
[gazebo_track_car-2] [INFO] [1780954269.481428574] [gazebo_track_car]: MOTION pos=(+1.063,-1.851) yaw=-3.140 v=0.279 step_err=0.0221m/0.000rad track_err=0.0208m footprint=road:8.00px route=outer_bottom_right_to_bottom_right_mid cmd_vel=(0.279,+0.004)
[gazebo_track_car-2] [INFO] [1780954269.871881515] [gazebo_track_car]: route segment=outer_bottom_right_mid_to_bottom_mid; previous=outer_bottom_right_to_bottom_right_mid; distance=0.007m; decision=route/default: outer_bottom_right_mid_to_bottom_mid
[gazebo_track_car-2] [INFO] [1780954271.481644398] [gazebo_track_car]: MOTION pos=(+0.505,-1.852) yaw=-3.141 v=0.279 step_err=0.0223m/0.000rad track_err=0.0241m footprint=road:8.00px route=outer_bottom_right_mid_to_bottom_mid cmd_vel=(0.279,-0.007)
[gazebo_track_car-2] [INFO] [1780954273.391804707] [gazebo_track_car]: route segment=outer_bottom_mid_to_bottom_left_mid; previous=outer_bottom_right_mid_to_bottom_mid; distance=0.007m; decision=route/default: outer_bottom_mid_to_bottom_left_mid
[gazebo_track_car-2] [INFO] [1780954273.500514084] [gazebo_track_car]: MOTION pos=(-0.059,-1.852) yaw=+3.141 v=0.279 step_err=0.0218m/0.000rad track_err=0.0224m footprint=road:8.00px route=outer_bottom_mid_to_bottom_left_mid cmd_vel=(0.279,-0.005)
[gazebo_track_car-2] [INFO] [1780954275.505148627] [gazebo_track_car]: MOTION pos=(-0.618,-1.852) yaw=+3.140 v=0.280 step_err=0.0056m/0.000rad track_err=0.0032m footprint=road:8.00px route=outer_bottom_mid_to_bottom_left_mid cmd_vel=(0.280,+0.002)
[gazebo_track_car-2] [INFO] [1780954276.914662316] [gazebo_track_car]: route segment=outer_bottom_left_mid_to_bottom_left; previous=outer_bottom_mid_to_bottom_left_mid; distance=0.004m; decision=route/default: outer_bottom_left_mid_to_bottom_left
[gazebo_track_car-2] [INFO] [1780954277.530821589] [gazebo_track_car]: MOTION pos=(-1.183,-1.851) yaw=-3.142 v=0.280 step_err=0.0213m/0.000rad track_err=0.0211m footprint=road:8.00px route=outer_bottom_left_mid_to_bottom_left cmd_vel=(0.280,+0.001)
[gazebo_track_car-2] [INFO] [1780954279.535624013] [gazebo_track_car]: MOTION pos=(-1.742,-1.852) yaw=-3.140 v=0.279 step_err=0.0221m/0.000rad track_err=0.0239m footprint=road:8.00px route=outer_bottom_left_mid_to_bottom_left cmd_vel=(0.279,-0.004)
[gazebo_track_car-2] [WARN] [1780954279.750808483] [gazebo_track_car]: JITTER events=17 reasons=speed_delta=0.047m/s pos=(-1.802,-1.852) step=0.0049/0.0000m yaw=0.004/0.000rad route=outer_bottom_left_mid_to_bottom_left
[gazebo_track_car-2] [INFO] [1780954279.831088339] [gazebo_track_car]: route segment=outer_bottom_left_corner; previous=outer_bottom_left_mid_to_bottom_left; distance=0.021m; decision=route/default: outer_bottom_left_corner
[gazebo_track_car-2] [WARN] [1780954280.856123764] [gazebo_track_car]: JITTER events=1 reasons=yaw_step_error=0.066rad pos=(-2.025,-1.853) step=0.0033/0.0145m yaw=0.016/0.082rad route=outer_bottom_left_corner
[gazebo_track_car-2] [INFO] [1780954281.554279025] [gazebo_track_car]: MOTION pos=(-2.128,-1.794) yaw=+2.023 v=0.190 step_err=0.0145m/0.180rad track_err=0.0299m footprint=road:8.00px route=outer_bottom_left_corner cmd_vel=(0.187,-0.677)
[gazebo_track_car-2] [INFO] [1780954281.843519714] [gazebo_track_car]: route segment=outer_left_lower_to_mid; previous=outer_bottom_left_corner; distance=0.011m; decision=route/default: outer_left_lower_to_mid
[gazebo_track_car-2] [WARN] [1780954281.854167168] [gazebo_track_car]: JITTER events=13 reasons=yaw_step_error=0.116rad,cmd_xy_error=0.0520m pos=(-2.162,-1.744) step=0.0040/0.0146m yaw=0.011/0.127rad route=outer_left_lower_to_mid
[gazebo_track_car-2] [INFO] [1780954281.912547367] [gazebo_track_car]: ROUTE_PROGRESS_SYNC actual=(-2.168,-1.733) cmd_error=0.062m route_dist=0.013m yaw_error=0.217rad segment=outer_left_lower_to_mid@0.011m->outer_left_lower_to_mid@0.072m
[gazebo_track_car-2] [INFO] [1780954283.555317731] [gazebo_track_car]: MOTION pos=(-2.197,-1.315) yaw=+1.538 v=0.275 step_err=0.0229m/0.001rad track_err=0.0196m footprint=road:6.00px route=outer_left_lower_to_mid cmd_vel=(0.275,+0.034)
[gazebo_track_car-2] [INFO] [1780954285.579501842] [gazebo_track_car]: MOTION pos=(-2.192,-0.757) yaw=+1.587 v=0.280 step_err=0.0232m/0.000rad track_err=0.0122m footprint=road:6.00px route=outer_left_lower_to_mid cmd_vel=(0.280,-0.002)
[gazebo_track_car-2] [WARN] [1780954287.301704554] [gazebo_track_car]: JITTER events=3 reasons=speed_delta=0.071m/s pos=(-2.200,-0.279) step=0.0045/0.0000m yaw=0.001/0.000rad route=outer_left_lower_to_mid
[gazebo_track_car-2] [INFO] [1780954287.584102945] [gazebo_track_car]: MOTION pos=(-2.195,-0.217) yaw=+1.684 v=0.203 step_err=0.0159m/0.009rad track_err=0.0146m footprint=road:5.00px route=outer_left_lower_to_mid cmd_vel=(0.185,+0.593)
[gazebo_track_car-2] [WARN] [1780954288.501642438] [gazebo_track_car]: JITTER events=4 reasons=speed_delta=0.098m/s pos=(-2.188,-0.100) step=0.0038/0.0000m yaw=0.008/0.000rad route=outer_left_lower_to_mid
[gazebo_track_car-2] [INFO] [1780954288.984427552] [gazebo_track_car]: ROUTE_PROGRESS_SYNC actual=(-2.252,-0.073) cmd_error=0.061m route_dist=0.050m yaw_error=0.432rad segment=outer_left_lower_to_mid@1.767m->outer_left_lower_to_mid@1.732m
[gazebo_track_car-2] [WARN] [1780954289.487566280] [gazebo_track_car]: JITTER events=35 reasons=yaw_step_error=0.167rad,cmd_xy_error=0.1229m pos=(-2.325,-0.022) step=0.0037/0.0097m yaw=0.038/0.205rad route=outer_left_lower_to_mid
[gazebo_track_car-2] [INFO] [1780954289.583957698] [gazebo_track_car]: MOTION pos=(-2.330,-0.006) yaw=+0.880 v=0.161 step_err=0.0224m/0.902rad track_err=0.1275m footprint=road:3.00px route=outer_left_lower_to_mid cmd_vel=(0.098,-1.471)
[gazebo_track_car-2] [INFO] [1780954289.880236562] [gazebo_track_car]: route segment=outer_left_mid_to_middle_entry; previous=outer_left_lower_to_mid; distance=0.007m; decision=route/default: outer_left_mid_to_middle_entry
[gazebo_track_car-2] [WARN] [1780954290.485506112] [gazebo_track_car]: JITTER events=50 reasons=cmd_xy_error=0.1360m pos=(-2.238,+0.088) step=0.0038/0.0188m yaw=0.009/0.000rad route=outer_left_mid_to_middle_entry
[gazebo_track_car-2] [INFO] [1780954290.887810522] [gazebo_track_car]: ROUTE_REJOIN teleport actual=(-2.193,+0.091) cmd_error=0.188m nearest=(-2.250,+0.091) route_dist=0.057m segment=outer_left_middle_entry_to_upper@0.185m parking_locked=False yaw=+1.571
[gazebo_track_car-2] [INFO] [1780954291.588023970] [gazebo_track_car]: MOTION pos=(-2.250,+0.251) yaw=+1.573 v=0.279 step_err=0.0056m/0.000rad track_err=0.0193m footprint=road:9.00px route=outer_left_middle_entry_to_upper cmd_vel=(0.279,-0.007)
[gazebo_track_car-2] [INFO] [1780954293.609064451] [gazebo_track_car]: MOTION pos=(-2.250,+0.811) yaw=+1.545 v=0.274 step_err=0.0219m/0.003rad track_err=0.0053m footprint=road:8.00px route=outer_left_middle_entry_to_upper cmd_vel=(0.274,-0.040)
[gazebo_track_car-2] [INFO] [1780954293.899007989] [gazebo_track_car]: route segment=outer_left_upper_to_top; previous=outer_left_middle_entry_to_upper; distance=0.009m; decision=route/default: outer_left_upper_to_top
[gazebo_track_car-2] [INFO] [1780954295.607197996] [gazebo_track_car]: MOTION pos=(-2.226,+1.366) yaw=+1.519 v=0.279 step_err=0.0235m/0.000rad track_err=0.0082m footprint=road:7.00px route=outer_left_upper_to_top cmd_vel=(0.279,+0.004)
[gazebo_track_car-2] [INFO] [1780954297.417553389] [gazebo_track_car]: route segment=outer_top_left_corner; previous=outer_left_upper_to_top; distance=0.015m; decision=route/default: outer_top_left_corner
[gazebo_track_car-2] [INFO] [1780954297.633762858] [gazebo_track_car]: MOTION pos=(-2.205,+1.884) yaw=+1.216 v=0.213 step_err=0.0167m/0.010rad track_err=0.0023m footprint=road:8.59px route=outer_top_left_corner cmd_vel=(0.202,-0.569)
[gazebo_track_car-2] [WARN] [1780954297.835405789] [gazebo_track_car]: JITTER events=27 reasons=yaw_step_error=0.100rad pos=(-2.198,+1.925) step=0.0040/0.0190m yaw=0.013/0.113rad route=outer_top_left_corner
[gazebo_track_car-2] [WARN] [1780954298.834792299] [gazebo_track_car]: JITTER events=5 reasons=yaw_step_error=0.089rad pos=(-2.094,+2.095) step=0.0042/0.0205m yaw=0.012/0.100rad route=outer_top_left_corner
[gazebo_track_car-2] [INFO] [1780954299.639716917] [gazebo_track_car]: MOTION pos=(-1.939,+2.173) yaw=+0.129 v=0.230 step_err=0.0177m/0.212rad track_err=0.0351m footprint=road:9.00px route=outer_top_left_corner cmd_vel=(0.233,-0.316)
[gazebo_track_car-2] [WARN] [1780954299.898132783] [gazebo_track_car]: JITTER events=10 reasons=cmd_xy_error=0.0524m pos=(-1.878,+2.184) step=0.0049/0.0000m yaw=0.005/0.000rad route=outer_top_left_corner
[gazebo_track_car-2] [INFO] [1780954300.117772828] [gazebo_track_car]: ROUTE_PROGRESS_SYNC actual=(-1.823,+2.189) cmd_error=0.061m route_dist=0.011m yaw_error=0.076rad segment=outer_top_left_corner@0.562m->outer_top_left_corner@0.617m
[gazebo_track_car-2] [INFO] [1780954300.129763064] [gazebo_track_car]: route segment=outer_top_left_to_top_mid; previous=outer_top_left_corner; distance=0.026m; decision=route/default: outer_top_left_to_top_mid
[gazebo_track_car-2] [INFO] [1780954301.639558136] [gazebo_track_car]: MOTION pos=(-1.406,+2.183) yaw=-0.016 v=0.276 step_err=0.0224m/0.000rad track_err=0.0187m footprint=road:8.00px route=outer_top_left_to_top_mid cmd_vel=(0.277,+0.023)
[gazebo_track_car-2] [INFO] [1780954303.661926259] [gazebo_track_car]: MOTION pos=(-0.844,+2.179) yaw=+0.002 v=0.280 step_err=0.0218m/0.000rad track_err=0.0156m footprint=road:8.20px route=outer_top_left_to_top_mid cmd_vel=(0.280,-0.001)
[gazebo_track_car-2] [INFO] [1780954305.669893395] [gazebo_track_car]: MOTION pos=(-0.280,+2.180) yaw=+0.000 v=0.279 step_err=0.0229m/0.000rad track_err=0.0173m footprint=road:9.00px route=outer_top_left_to_top_mid cmd_vel=(0.279,-0.006)
[gazebo_track_car-2] [INFO] [1780954306.466489684] [gazebo_track_car]: route segment=outer_top_mid_to_gap; previous=outer_top_left_to_top_mid; distance=0.007m; decision=route/default: outer_top_mid_to_gap
[gazebo_track_car-2] [INFO] [1780954307.677477981] [gazebo_track_car]: MOTION pos=(+0.278,+2.180) yaw=-0.001 v=0.279 step_err=0.0232m/0.000rad track_err=0.0186m footprint=road:8.00px route=outer_top_mid_to_gap cmd_vel=(0.279,-0.004)
[gazebo_track_car-2] [INFO] [1780954308.377075808] [gazebo_track_car]: route segment=outer_top_gap_to_top_right_mid; previous=outer_top_mid_to_gap; distance=0.024m; decision=route/default: outer_top_gap_to_top_right_mid
[gazebo_track_car-2] [INFO] [1780954309.701836858] [gazebo_track_car]: MOTION pos=(+0.843,+2.180) yaw=-0.001 v=0.280 step_err=0.0229m/0.000rad track_err=0.0146m footprint=road:8.00px route=outer_top_gap_to_top_right_mid cmd_vel=(0.280,+0.002)
[gazebo_track_car-2] [INFO] [1780954309.985942529] [gazebo_track_car]: route segment=outer_top_right_mid_to_top_right; previous=outer_top_gap_to_top_right_mid; distance=0.004m; decision=route/default: outer_top_right_mid_to_top_right
[gazebo_track_car-2] [INFO] [1780954311.707620489] [gazebo_track_car]: MOTION pos=(+1.402,+2.180) yaw=+0.000 v=0.280 step_err=0.0216m/0.000rad track_err=0.0168m footprint=road:8.00px route=outer_top_right_mid_to_top_right cmd_vel=(0.280,-0.000)
[gazebo_track_car-2] [INFO] [1780954313.203396915] [gazebo_track_car]: route segment=outer_top_right_corner; previous=outer_top_right_mid_to_top_right; distance=0.015m; decision=route/default: outer_top_right_corner
[gazebo_track_car-2] [WARN] [1780954313.311958516] [gazebo_track_car]: JITTER events=9 reasons=yaw_step_error=0.205rad pos=(+1.824,+2.177) step=0.0046/0.0223m yaw=0.007/0.213rad route=outer_top_right_corner
[gazebo_track_car-2] [INFO] [1780954313.710898633] [gazebo_track_car]: MOTION pos=(+1.913,+2.168) yaw=-0.353 v=0.222 step_err=0.0170m/0.196rad track_err=0.0122m footprint=road:8.00px route=outer_top_right_corner cmd_vel=(0.215,-0.468)
[gazebo_track_car-2] [WARN] [1780954314.412139963] [gazebo_track_car]: JITTER events=8 reasons=yaw_step_error=0.106rad pos=(+2.051,+2.123) step=0.0040/0.0177m yaw=0.013/0.119rad route=outer_top_right_corner
[gazebo_track_car-2] [WARN] [1780954315.534050926] [gazebo_track_car]: JITTER events=5 reasons=yaw_step_error=0.186rad pos=(+2.193,+1.949) step=0.0045/0.0213m yaw=0.008/0.194rad route=outer_top_right_corner
[gazebo_track_car-2] [INFO] [1780954315.733257992] [gazebo_track_car]: MOTION pos=(+2.204,+1.904) yaw=-1.471 v=0.234 step_err=0.0185m/0.006rad track_err=0.0321m footprint=road:8.20px route=outer_top_right_corner cmd_vel=(0.240,-0.267)
[gazebo_track_car-2] [INFO] [1780954316.319818344] [gazebo_track_car]: route segment=outer_right_top_to_upper; previous=outer_top_right_corner; distance=0.022m; decision=route/default: outer_right_top_to_upper
[gazebo_track_car-2] [WARN] [1780954316.617614502] [gazebo_track_car]: JITTER events=11 reasons=cmd_xy_error=0.0550m pos=(+2.218,+1.676) step=0.0055/0.0000m yaw=0.000/0.000rad route=outer_right_top_to_upper
[gazebo_track_car-2] [WARN] [1780954317.616565074] [gazebo_track_car]: JITTER events=10 reasons=cmd_xy_error=0.0520m pos=(+2.215,+1.400) step=0.0055/0.0000m yaw=0.001/0.000rad route=outer_right_top_to_upper
[gazebo_track_car-2] [INFO] [1780954317.737708181] [gazebo_track_car]: MOTION pos=(+2.215,+1.367) yaw=-1.557 v=0.275 step_err=0.0223m/0.001rad track_err=0.0295m footprint=road:8.00px route=outer_right_top_to_upper cmd_vel=(0.275,+0.029)
[gazebo_track_car-2] [WARN] [1780954318.819014054] [gazebo_track_car]: JITTER events=9 reasons=cmd_xy_error=0.0502m pos=(+2.222,+1.068) step=0.0055/0.0000m yaw=0.000/0.000rad route=outer_right_top_to_upper
[gazebo_track_car-2] [INFO] [1780954319.638483490] [gazebo_track_car]: route segment=outer_right_upper_to_mid; previous=outer_right_top_to_upper; distance=0.023m; decision=route/default: outer_right_upper_to_mid
[gazebo_track_car-2] [WARN] [1780954319.739335454] [gazebo_track_car]: JITTER events=3 reasons=cmd_xy_error=0.0539m pos=(+2.227,+0.814) step=0.0055/0.0000m yaw=0.000/0.000rad route=outer_right_upper_to_mid
[gazebo_track_car-2] [INFO] [1780954319.739610652] [gazebo_track_car]: MOTION pos=(+2.227,+0.814) yaw=-1.566 v=0.276 step_err=0.0055m/0.000rad track_err=0.0539m footprint=road:8.00px route=outer_right_upper_to_mid cmd_vel=(0.277,-0.021)
[gazebo_track_car-2] [WARN] [1780954320.839074421] [gazebo_track_car]: JITTER events=8 reasons=cmd_xy_error=0.0532m pos=(+2.227,+0.508) step=0.0056/0.0000m yaw=0.000/0.000rad route=outer_right_upper_to_mid
[gazebo_track_car-2] [INFO] [1780954321.763421160] [gazebo_track_car]: MOTION pos=(+2.227,+0.251) yaw=-1.573 v=0.279 step_err=0.0223m/0.000rad track_err=0.0302m footprint=road:9.00px route=outer_right_upper_to_mid cmd_vel=(0.279,+0.004)
[gazebo_track_car-2] [WARN] [1780954321.845665437] [gazebo_track_car]: JITTER events=10 reasons=cmd_xy_error=0.0525m pos=(+2.227,+0.229) step=0.0056/0.0000m yaw=0.000/0.000rad route=outer_right_upper_to_mid
[gazebo_track_car-2] [WARN] [1780954322.844366282] [gazebo_track_car]: JITTER events=10 reasons=cmd_xy_error=0.0505m pos=(+2.226,-0.051) step=0.0056/0.0000m yaw=0.000/0.000rad route=outer_right_upper_to_mid
[gazebo_track_car-2] [WARN] [1780954323.766558526] [gazebo_track_car]: JITTER events=4 reasons=cmd_xy_error=0.0538m pos=(+2.227,-0.307) step=0.0055/0.0000m yaw=0.000/0.000rad route=outer_right_upper_to_mid
[gazebo_track_car-2] [INFO] [1780954323.766840467] [gazebo_track_car]: MOTION pos=(+2.227,-0.307) yaw=-1.572 v=0.277 step_err=0.0055m/0.000rad track_err=0.0538m footprint=road:8.00px route=outer_right_upper_to_mid cmd_vel=(0.277,-0.022)
[gazebo_track_car-2] [INFO] [1780954324.670612765] [gazebo_track_car]: route segment=outer_right_mid_to_lower; previous=outer_right_upper_to_mid; distance=0.015m; decision=route/default: outer_right_mid_to_lower
[gazebo_track_car-2] [WARN] [1780954324.866163368] [gazebo_track_car]: JITTER events=10 reasons=cmd_xy_error=0.0526m pos=(+2.224,-0.610) step=0.0055/0.0000m yaw=0.000/0.000rad route=outer_right_mid_to_lower
[gazebo_track_car-2] [INFO] [1780954325.788499734] [gazebo_track_car]: MOTION pos=(+2.214,-0.867) yaw=-1.610 v=0.279 step_err=0.0224m/0.000rad track_err=0.0294m footprint=road:7.00px route=outer_right_mid_to_lower cmd_vel=(0.279,+0.004)
[gazebo_track_car-2] [WARN] [1780954325.867618103] [gazebo_track_car]: JITTER events=10 reasons=cmd_xy_error=0.0518m pos=(+2.213,-0.889) step=0.0056/0.0000m yaw=0.000/0.000rad route=outer_right_mid_to_lower
[gazebo_track_car-2] [WARN] [1780954327.687139908] [gazebo_track_car]: JITTER events=9 reasons=cmd_xy_error=0.0544m pos=(+2.194,-1.397) step=0.0056/0.0000m yaw=0.000/0.000rad route=outer_right_mid_to_lower
[gazebo_track_car-2] [INFO] [1780954327.807352417] [gazebo_track_car]: MOTION pos=(+2.193,-1.431) yaw=-1.607 v=0.280 step_err=0.0229m/0.000rad track_err=0.0309m footprint=road:7.00px route=outer_right_mid_to_lower cmd_vel=(0.280,+0.002)
[gazebo_track_car-2] [WARN] [1780954329.291595175] [gazebo_track_car]: JITTER events=7 reasons=cmd_xy_error=0.0513m pos=(+2.189,-1.734) step=0.0029/0.0000m yaw=0.016/0.000rad route=outer_right_mid_to_lower
[gazebo_track_car-2] [INFO] [1780954329.812253011] [gazebo_track_car]: MOTION pos=(+2.152,-1.803) yaw=-2.672 v=0.165 step_err=0.0116m/0.159rad track_err=0.0486m footprint=road:7.00px route=outer_right_mid_to_lower cmd_vel=(0.163,-0.726)
[gazebo_track_car-2] [INFO] [1780954329.891950930] [gazebo_track_car]: ROUTE_PROGRESS_SYNC actual=(+2.142,-1.813) cmd_error=0.062m route_dist=0.039m yaw_error=1.123rad segment=outer_right_mid_to_lower@1.250m->outer_right_mid_to_lower@1.290m
[gazebo_track_car-2] [INFO] [1780954329.899553424] [gazebo_track_car]: route segment=outer_bottom_right_corner; previous=outer_right_mid_to_lower; distance=0.016m; decision=route/default: outer_bottom_right_corner
[gazebo_track_car-2] [WARN] [1780954330.213560392] [gazebo_track_car]: JITTER events=22 reasons=yaw_step_error=0.189rad pos=(+2.089,-1.847) step=0.0041/0.0199m yaw=0.012/0.201rad route=outer_bottom_right_corner
[gazebo_track_car-2] [WARN] [1780954331.269746713] [gazebo_track_car]: JITTER events=18 reasons=cmd_xy_error=0.0521m pos=(+1.834,-1.871) step=0.0055/0.0000m yaw=0.000/0.000rad route=outer_bottom_right_corner
[gazebo_track_car-2] [INFO] [1780954331.506602924] [gazebo_track_car]: route segment=outer_bottom_right_to_bottom_right_mid; previous=outer_bottom_right_corner; distance=0.005m; decision=route/default: outer_bottom_right_to_bottom_right_mid
[gazebo_track_car-2] [INFO] [1780954331.817025023] [gazebo_track_car]: MOTION pos=(+1.686,-1.860) yaw=+3.092 v=0.270 step_err=0.0211m/0.001rad track_err=0.0339m footprint=road:7.00px route=outer_bottom_right_to_bottom_right_mid cmd_vel=(0.270,+0.062)
[gazebo_track_car-2] [WARN] [1780954332.296188389] [gazebo_track_car]: JITTER events=14 reasons=cmd_xy_error=0.0525m pos=(+1.556,-1.854) step=0.0054/0.0000m yaw=0.001/0.000rad route=outer_bottom_right_to_bottom_right_mid
[gazebo_track_car-2] [WARN] [1780954333.297221624] [gazebo_track_car]: JITTER events=19 reasons=cmd_xy_error=0.0521m pos=(+1.281,-1.850) step=0.0056/0.0000m yaw=0.000/0.000rad route=outer_bottom_right_to_bottom_right_mid
[gazebo_track_car-2] [INFO] [1780954333.834382820] [gazebo_track_car]: MOTION pos=(+1.130,-1.851) yaw=-3.136 v=0.279 step_err=0.0229m/0.000rad track_err=0.0341m footprint=road:8.00px route=outer_bottom_right_to_bottom_right_mid cmd_vel=(0.279,-0.008)
[gazebo_track_car-2] [WARN] [1780954334.295869051] [gazebo_track_car]: JITTER events=20 reasons=cmd_xy_error=0.0502m pos=(+1.002,-1.851) step=0.0056/0.0000m yaw=0.000/0.000rad route=outer_bottom_right_to_bottom_right_mid
[gazebo_track_car-2] [INFO] [1780954334.723309904] [gazebo_track_car]: route segment=outer_bottom_right_mid_to_bottom_mid; previous=outer_bottom_right_to_bottom_right_mid; distance=0.024m; decision=route/default: outer_bottom_right_mid_to_bottom_mid
[gazebo_track_car-2] [WARN] [1780954335.314646862] [gazebo_track_car]: JITTER events=16 reasons=cmd_xy_error=0.0549m pos=(+0.718,-1.852) step=0.0056/0.0000m yaw=0.000/0.000rad route=outer_bottom_right_mid_to_bottom_mid
[gazebo_track_car-2] [INFO] [1780954335.835783384] [gazebo_track_car]: MOTION pos=(+0.573,-1.852) yaw=+3.141 v=0.279 step_err=0.0223m/0.000rad track_err=0.0319m footprint=road:8.00px route=outer_bottom_right_mid_to_bottom_mid cmd_vel=(0.279,-0.005)
[gazebo_track_car-2] [WARN] [1780954336.314762114] [gazebo_track_car]: JITTER events=10 reasons=cmd_xy_error=0.0534m pos=(+0.439,-1.852) step=0.0056/0.0000m yaw=0.000/0.000rad route=outer_bottom_right_mid_to_bottom_mid
[gazebo_track_car-2] [WARN] [1780954337.235609250] [gazebo_track_car]: JITTER events=10 reasons=cmd_xy_error=0.0578m pos=(+0.182,-1.852) step=0.0056/0.0000m yaw=0.000/0.000rad route=outer_bottom_right_mid_to_bottom_mid
[gazebo_track_car-2] [INFO] [1780954337.840205407] [gazebo_track_car]: MOTION pos=(+0.014,-1.852) yaw=+3.141 v=0.280 step_err=0.0221m/0.000rad track_err=0.0298m footprint=road:8.00px route=outer_bottom_right_mid_to_bottom_mid cmd_vel=(0.280,+0.003)
[gazebo_track_car-2] [WARN] [1780954338.240792495] [gazebo_track_car]: JITTER events=15 reasons=cmd_xy_error=0.0574m pos=(-0.098,-1.852) step=0.0056/0.0000m yaw=0.000/0.000rad route=outer_bottom_right_mid_to_bottom_mid
[gazebo_track_car-2] [INFO] [1780954338.241259555] [gazebo_track_car]: route segment=outer_bottom_mid_to_bottom_left_mid; previous=outer_bottom_right_mid_to_bottom_mid; distance=0.021m; decision=route/default: outer_bottom_mid_to_bottom_left_mid
[gazebo_track_car-2] [WARN] [1780954339.324036887] [gazebo_track_car]: JITTER events=21 reasons=cmd_xy_error=0.0506m pos=(-0.400,-1.851) step=0.0056/0.0000m yaw=0.000/0.000rad route=outer_bottom_mid_to_bottom_left_mid
[gazebo_track_car-2] [INFO] [1780954339.862097081] [gazebo_track_car]: MOTION pos=(-0.551,-1.851) yaw=-3.141 v=0.280 step_err=0.0227m/0.000rad track_err=0.0323m footprint=road:8.00px route=outer_bottom_mid_to_bottom_left_mid cmd_vel=(0.280,-0.001)
[gazebo_track_car-2] [WARN] [1780954340.342834211] [gazebo_track_car]: JITTER events=14 reasons=cmd_xy_error=0.0549m pos=(-0.685,-1.852) step=0.0056/0.0000m yaw=0.000/0.000rad route=outer_bottom_mid_to_bottom_left_mid
[gazebo_track_car-2] [WARN] [1780954341.344158483] [gazebo_track_car]: JITTER events=10 reasons=cmd_xy_error=0.0530m pos=(-0.964,-1.852) step=0.0056/0.0000m yaw=0.000/0.000rad route=outer_bottom_mid_to_bottom_left_mid
[gazebo_track_car-2] [INFO] [1780954341.758384422] [gazebo_track_car]: route segment=outer_bottom_left_mid_to_bottom_left; previous=outer_bottom_mid_to_bottom_left_mid; distance=0.019m; decision=route/default: outer_bottom_left_mid_to_bottom_left
[gazebo_track_car-2] [INFO] [1780954341.864713925] [gazebo_track_car]: MOTION pos=(-1.109,-1.852) yaw=-3.141 v=0.279 step_err=0.0223m/0.000rad track_err=0.0307m footprint=road:8.00px route=outer_bottom_left_mid_to_bottom_left cmd_vel=(0.279,-0.006)
[gazebo_track_car-2] [WARN] [1780954342.443402209] [gazebo_track_car]: JITTER events=11 reasons=cmd_xy_error=0.0526m pos=(-1.270,-1.852) step=0.0056/0.0000m yaw=0.000/0.000rad route=outer_bottom_left_mid_to_bottom_left
[gazebo_track_car-2] [WARN] [1780954343.448444862] [gazebo_track_car]: JITTER events=12 reasons=cmd_xy_error=0.0517m pos=(-1.550,-1.852) step=0.0056/0.0000m yaw=0.000/0.000rad route=outer_bottom_left_mid_to_bottom_left
[gazebo_track_car-2] [INFO] [1780954343.888029659] [gazebo_track_car]: MOTION pos=(-1.672,-1.852) yaw=+3.141 v=0.279 step_err=0.0229m/0.000rad track_err=0.0335m footprint=road:8.00px route=outer_bottom_left_mid_to_bottom_left cmd_vel=(0.279,-0.004)
[gazebo_track_car-2] [WARN] [1780954344.465897422] [gazebo_track_car]: JITTER events=18 reasons=cmd_xy_error=0.0549m pos=(-1.834,-1.852) step=0.0056/0.0000m yaw=0.000/0.000rad route=outer_bottom_left_mid_to_bottom_left
[gazebo_track_car-2] [INFO] [1780954344.573036393] [gazebo_track_car]: route segment=outer_bottom_left_corner; previous=outer_bottom_left_mid_to_bottom_left; distance=0.007m; decision=route/default: outer_bottom_left_corner
[gazebo_track_car-2] [WARN] [1780954345.662607818] [gazebo_track_car]: JITTER events=3 reasons=cmd_xy_error=0.0508m pos=(-2.058,-1.859) step=0.0029/0.0000m yaw=0.016/0.000rad route=outer_bottom_left_corner
[gazebo_track_car-2] [INFO] [1780954345.884970479] [gazebo_track_car]: MOTION pos=(-2.088,-1.850) yaw=+2.305 v=0.149 step_err=0.0104m/0.108rad track_err=0.0436m footprint=road:5.00px route=outer_bottom_left_corner cmd_vel=(0.133,-0.796)
[gazebo_track_car-2] [INFO] [1780954346.263955858] [gazebo_track_car]: ROUTE_PROGRESS_SYNC actual=(-2.138,-1.817) cmd_error=0.061m route_dist=0.005m yaw_error=0.747rad segment=outer_bottom_left_corner@0.259m->outer_bottom_left_corner@0.326m
[gazebo_track_car-2] [INFO] [1780954346.481565745] [gazebo_track_car]: route segment=outer_left_lower_to_mid; previous=outer_bottom_left_corner; distance=0.008m; decision=route/default: outer_left_lower_to_mid
[gazebo_track_car-2] [INFO] [1780954347.903228409] [gazebo_track_car]: MOTION pos=(-2.202,-1.440) yaw=+1.516 v=0.278 step_err=0.0230m/0.000rad track_err=0.0209m footprint=road:6.00px route=outer_left_lower_to_mid cmd_vel=(0.275,+0.032)
[gazebo_track_car-2] [INFO] [1780954349.911754894] [gazebo_track_car]: MOTION pos=(-2.190,-0.892) yaw=+1.588 v=0.279 step_err=0.0226m/0.000rad track_err=0.0099m footprint=road:5.00px route=outer_left_lower_to_mid cmd_vel=(0.280,+0.001)
[gazebo_track_car-2] [INFO] [1780954351.934144986] [gazebo_track_car]: MOTION pos=(-2.199,-0.329) yaw=+1.584 v=0.279 step_err=0.0226m/0.000rad track_err=0.0127m footprint=road:6.00px route=outer_left_lower_to_mid cmd_vel=(0.279,-0.006)
[gazebo_track_car-2] [WARN] [1780954352.154452089] [gazebo_track_car]: JITTER events=24 reasons=speed_delta=0.035m/s pos=(-2.200,-0.268) step=0.0050/0.0000m yaw=0.001/0.000rad route=outer_left_lower_to_mid
