[INFO] [launch]: All log files can be found below /home/quocbao/.ros/log/2026-06-08-14-35-07-065460-ubuntu-21903
[INFO] [launch]: Default logging verbosity is set to INFO
[INFO] [gzserver-1]: process started with pid [21919]
[INFO] [gazebo_track_car-2]: process started with pid [21921]
[gazebo_track_car-2] [INFO] [1780954507.673358423] [gazebo_track_car]: [MAP_TRANSFORM] image=256x256 path=/home/quocbao/my_robot_vision_full_project/my_robot_vision/models/autonomous_map_3d_mirror_x/materials/textures/autonomous_map_visual.png map_size=6.000x6.000m px_per_m_x=42.667 px_per_m_y=42.667 route_offset=(+0.000,+0.000)m map_visual_offset=(+0.000,+0.300)m
[gazebo_track_car-2] [INFO] [1780954507.822400547] [gazebo_track_car]: [FOOTPRINT_CHECK] samples=1691 center_off_road=0 center_outside_safe=330 failures=0 min_footprint_clearance=5.00px footprint=front:0.165m rear:0.145m half_width:0.115m
[gazebo_track_car-2] [INFO] [1780954507.822724547] [gazebo_track_car]: [FOOTPRINT_CHECK] overlays=/tmp/gazebo_route_mask_debug.png, /tmp/gazebo_route_centerline_debug.png, /tmp/gazebo_route_footprint_debug.png
[gazebo_track_car-2] [INFO] [1780954507.895660771] [gazebo_track_car]: SAFE_ROUTE_VERSION=semantic_parking_spawn_turn_guard_v31; direction=texture point order; clearance=12px; drive_wheels=True; route_offset=(+0.000,+0.000)m; start_distance=0.000m; route_explore=True branch_probability=0.00; sign_detection=off roi=0.08-0.82; map_visual_offset=(+0.000,+0.300)m; base_speed=0.28m/s speed_limit=0.14m/s; traffic_light=fixed state=green green=5.0s yellow=1.0s red=8.0s trigger_distance=1.70m stop_distance=0.85m min_stop=2.0s camera=off topic=/track_preview_car/camera/image_raw fill>=0.42 slow_area>=45px stop_area>=160px distance_gate=on; camera_sign_templates=5 sign_score>=0.32 sign_stable=2; wheel_controller lookahead=0.32m parking_lookahead=0.20m heading_gain=3.80 max_wz=2.80rad/s rotate_heading>1.05rad; yaw_limits=1.80rad/s/4.00rad/s2; route_rejoin=True outer_only=True cmd_error>0.30m max_route_dist=0.55m; progress_sync=True cmd_error>0.06m route_dist<=0.20m yaw<=1.20rad; initial_pose_reset=True tol=0.12m/0.35rad; segments=20; route_points=84.
[gazebo_track_car-2] [INFO] [1780954507.895873972] [gazebo_track_car]: Motion log uses /model_states and /track_preview_car/cmd_vel: MOTION every 2.00s, JITTER at most every 1.00s, verbose=False; jitter thresholds xy_step_delta=0.0060m, cmd_error=0.050m, z_delta=0.0005m, tilt=0.0030rad, speed_delta=0.030m/s, yaw_step_error=0.025rad, yaw_rate_delta=0.400rad/s.
[gzserver-1] [INFO] [1780954509.189492012] [track_preview_car.front_camera_controller]: Publishing camera info to [/track_preview_car/camera/camera_info]
[gzserver-1] [INFO] [1780954509.199643396] [gazebo_ros_state]: Publishing states of gazebo models at [/model_states]
[gzserver-1] [INFO] [1780954509.199905149] [gazebo_ros_state]: Publishing states of gazebo links at [/link_states]
[gzserver-1] [INFO] [1780954509.212592626] [track_preview_car.track_preview_car_diff_drive]: Wheel pair 1 separation set to [0.176000m]
[gzserver-1] [INFO] [1780954509.212620679] [track_preview_car.track_preview_car_diff_drive]: Wheel pair 1 diameter set to [0.060000m]
[gzserver-1] [INFO] [1780954509.213200410] [track_preview_car.track_preview_car_diff_drive]: Subscribed to [/track_preview_car/cmd_vel]
[gzserver-1] [INFO] [1780954509.213890769] [track_preview_car.track_preview_car_diff_drive]: Advertise odometry on [/track_preview_car/odom]
[gazebo_track_car-2] [INFO] [1780954509.242515245] [gazebo_track_car]: initial pose reset to configured route start; actual=(+1.828,+2.180) yaw=+0.000 target=(-1.828,+2.180) yaw=+0.000 error=3.656m/0.000rad segment=outer_top_left_to_top_mid
[gazebo_track_car-2] [INFO] [1780954509.292693263] [gazebo_track_car]: traffic light is now GREEN.
[gazebo_track_car-2] [WARN] [1780954509.293313821] [gazebo_track_car]: Waiting for /model_states pose before publishing wheel commands.
[gazebo_track_car-2] [INFO] [1780954509.601560742] [gazebo_track_car]: wheel controller synced route progress from initial model pose; segment=outer_top_left_to_top_mid@0.000m route_dist=0.000m startup_gate=1.250m
[gazebo_track_car-2] [INFO] [1780954511.307484976] [gazebo_track_car]: MOTION pos=(-1.387,+2.180) yaw=-0.000 v=0.280 step_err=0.0216m/0.000rad track_err=0.0080m footprint=road:8.00px route=outer_top_left_to_top_mid cmd_vel=(0.280,+0.000)
[gazebo_track_car-2] [INFO] [1780954513.312526797] [gazebo_track_car]: MOTION pos=(-0.827,+2.180) yaw=-0.000 v=0.280 step_err=0.0227m/0.000rad track_err=0.0097m footprint=road:8.39px route=outer_top_left_to_top_mid cmd_vel=(0.280,+0.000)
[gazebo_track_car-2] [INFO] [1780954515.331906076] [gazebo_track_car]: MOTION pos=(-0.262,+2.180) yaw=+0.000 v=0.280 step_err=0.0224m/0.000rad track_err=0.0070m footprint=road:9.00px route=outer_top_left_to_top_mid cmd_vel=(0.280,-0.000)
[gazebo_track_car-2] [INFO] [1780954516.125894858] [gazebo_track_car]: route segment=outer_top_mid_to_gap; previous=outer_top_left_to_top_mid; distance=0.017m; decision=route/default: outer_top_mid_to_gap
[gazebo_track_car-2] [INFO] [1780954517.334587626] [gazebo_track_car]: MOTION pos=(+0.298,+2.180) yaw=-0.000 v=0.280 step_err=0.0230m/0.000rad track_err=0.0093m footprint=road:8.00px route=outer_top_mid_to_gap cmd_vel=(0.280,-0.000)
[gazebo_track_car-2] [INFO] [1780954517.934847422] [gazebo_track_car]: route segment=outer_top_gap_to_top_right_mid; previous=outer_top_mid_to_gap; distance=0.006m; decision=route/default: outer_top_gap_to_top_right_mid
[gazebo_track_car-2] [INFO] [1780954519.361200450] [gazebo_track_car]: MOTION pos=(+0.863,+2.180) yaw=-0.000 v=0.280 step_err=0.0218m/0.000rad track_err=0.0050m footprint=road:8.00px route=outer_top_gap_to_top_right_mid cmd_vel=(0.280,+0.000)
[gazebo_track_car-2] [INFO] [1780954519.643726014] [gazebo_track_car]: route segment=outer_top_right_mid_to_top_right; previous=outer_top_gap_to_top_right_mid; distance=0.017m; decision=route/default: outer_top_right_mid_to_top_right
[gazebo_track_car-2] [INFO] [1780954521.356701198] [gazebo_track_car]: MOTION pos=(+1.423,+2.180) yaw=+0.000 v=0.280 step_err=0.0232m/0.000rad track_err=0.0093m footprint=road:8.00px route=outer_top_right_mid_to_top_right cmd_vel=(0.280,+0.000)
[gazebo_track_car-2] [WARN] [1780954522.499757492] [gazebo_track_car]: JITTER events=4 reasons=speed_delta=0.036m/s pos=(+1.732,+2.180) step=0.0048/0.0000m yaw=0.004/0.000rad route=outer_top_right_mid_to_top_right
[gazebo_track_car-2] [INFO] [1780954522.762824383] [gazebo_track_car]: route segment=outer_top_right_corner; previous=outer_top_right_mid_to_top_right; distance=0.001m; decision=route/default: outer_top_right_corner
[gazebo_track_car-2] [INFO] [1780954523.382274888] [gazebo_track_car]: MOTION pos=(+1.934,+2.165) yaw=-0.390 v=0.214 step_err=0.0159m/0.137rad track_err=0.0109m footprint=road:8.00px route=outer_top_right_corner cmd_vel=(0.208,-0.516)
[gazebo_track_car-2] [WARN] [1780954523.482320916] [gazebo_track_car]: JITTER events=5 reasons=yaw_step_error=0.111rad pos=(+1.955,+2.160) step=0.0043/0.0210m yaw=0.010/0.121rad route=outer_top_right_corner
[gazebo_track_car-2] [WARN] [1780954524.670783342] [gazebo_track_car]: JITTER events=6 reasons=yaw_step_error=0.175rad pos=(+2.153,+2.042) step=0.0041/0.0197m yaw=0.012/0.187rad route=outer_top_right_corner
[gazebo_track_car-2] [INFO] [1780954525.387932734] [gazebo_track_car]: MOTION pos=(+2.209,+1.894) yaw=-1.498 v=0.240 step_err=0.0194m/0.006rad track_err=0.0370m footprint=road:8.00px route=outer_top_right_corner cmd_vel=(0.243,-0.242)
[gazebo_track_car-2] [WARN] [1780954525.754056336] [gazebo_track_car]: JITTER events=15 reasons=cmd_xy_error=0.0541m pos=(+2.218,+1.804) step=0.0052/0.0000m yaw=0.002/0.000rad route=outer_top_right_corner
[gazebo_track_car-2] [INFO] [1780954525.873523592] [gazebo_track_car]: ROUTE_PROGRESS_SYNC actual=(+2.219,+1.772) cmd_error=0.061m route_dist=0.036m yaw_error=0.006rad segment=outer_top_right_corner@0.637m->outer_top_right_corner@0.664m
[gazebo_track_car-2] [INFO] [1780954525.876161912] [gazebo_track_car]: route segment=outer_right_top_to_upper; previous=outer_top_right_corner; distance=0.027m; decision=route/default: outer_right_top_to_upper
[gazebo_track_car-2] [INFO] [1780954527.393554298] [gazebo_track_car]: MOTION pos=(+2.215,+1.354) yaw=-1.554 v=0.276 step_err=0.0223m/0.001rad track_err=0.0076m footprint=road:8.00px route=outer_right_top_to_upper cmd_vel=(0.276,+0.024)
[gazebo_track_car-2] [INFO] [1780954529.095879346] [gazebo_track_car]: route segment=outer_right_upper_to_mid; previous=outer_right_top_to_upper; distance=0.002m; decision=route/default: outer_right_upper_to_mid
[gazebo_track_car-2] [INFO] [1780954529.414777469] [gazebo_track_car]: MOTION pos=(+2.227,+0.795) yaw=-1.567 v=0.277 step_err=0.0224m/0.000rad track_err=0.0102m footprint=road:8.00px route=outer_right_upper_to_mid cmd_vel=(0.277,-0.017)
[gazebo_track_car-2] [INFO] [1780954531.417781651] [gazebo_track_car]: MOTION pos=(+2.227,+0.237) yaw=-1.573 v=0.280 step_err=0.0229m/0.000rad track_err=0.0078m footprint=road:9.00px route=outer_right_upper_to_mid cmd_vel=(0.279,+0.004)
[gazebo_track_car-2] [INFO] [1780954533.419022440] [gazebo_track_car]: MOTION pos=(+2.227,-0.321) yaw=-1.575 v=0.276 step_err=0.0212m/0.000rad track_err=0.0060m footprint=road:8.00px route=outer_right_upper_to_mid cmd_vel=(0.275,-0.031)
[gazebo_track_car-2] [INFO] [1780954534.220015224] [gazebo_track_car]: route segment=outer_right_mid_to_lower; previous=outer_right_upper_to_mid; distance=0.020m; decision=route/default: outer_right_mid_to_lower
[gazebo_track_car-2] [INFO] [1780954535.444664025] [gazebo_track_car]: MOTION pos=(+2.214,-0.881) yaw=-1.610 v=0.280 step_err=0.0229m/0.000rad track_err=0.0096m footprint=road:7.00px route=outer_right_mid_to_lower cmd_vel=(0.279,+0.003)
[gazebo_track_car-2] [INFO] [1780954537.440599624] [gazebo_track_car]: MOTION pos=(+2.193,-1.439) yaw=-1.607 v=0.280 step_err=0.0213m/0.000rad track_err=0.0055m footprint=road:7.00px route=outer_right_mid_to_lower cmd_vel=(0.280,+0.002)
[gazebo_track_car-2] [WARN] [1780954537.759371121] [gazebo_track_car]: JITTER events=4 reasons=speed_delta=0.034m/s pos=(+2.190,-1.527) step=0.0049/0.0000m yaw=0.004/0.000rad route=outer_right_mid_to_lower
[gazebo_track_car-2] [WARN] [1780954539.061625601] [gazebo_track_car]: JITTER events=1 reasons=yaw_step_error=0.171rad pos=(+2.174,-1.757) step=0.0031/0.0148m yaw=0.015/0.187rad route=outer_right_mid_to_lower
[gazebo_track_car-2] [INFO] [1780954539.457392600] [gazebo_track_car]: MOTION pos=(+2.130,-1.811) yaw=-2.738 v=0.187 step_err=0.0147m/0.152rad track_err=0.0498m footprint=road:7.00px route=outer_right_mid_to_lower cmd_vel=(0.185,-0.679)
[gazebo_track_car-2] [INFO] [1780954539.519448050] [gazebo_track_car]: ROUTE_PROGRESS_SYNC actual=(+2.121,-1.818) cmd_error=0.060m route_dist=0.060m yaw_error=1.171rad segment=outer_right_mid_to_lower@1.289m->outer_right_mid_to_lower@1.290m
[gazebo_track_car-2] [INFO] [1780954539.550362417] [gazebo_track_car]: route segment=outer_bottom_right_corner; previous=outer_right_mid_to_lower; distance=0.018m; decision=route/default: outer_bottom_right_corner
[gazebo_track_car-2] [INFO] [1780954540.856710668] [gazebo_track_car]: route segment=outer_bottom_right_to_bottom_right_mid; previous=outer_bottom_right_corner; distance=0.005m; decision=route/default: outer_bottom_right_to_bottom_right_mid
[gazebo_track_car-2] [INFO] [1780954541.567652454] [gazebo_track_car]: MOTION pos=(+1.618,-1.860) yaw=+3.100 v=0.273 step_err=0.0224m/0.001rad track_err=0.0134m footprint=road:7.00px route=outer_bottom_right_to_bottom_right_mid cmd_vel=(0.273,+0.044)
[gazebo_track_car-2] [INFO] [1780954543.571879565] [gazebo_track_car]: MOTION pos=(+1.066,-1.851) yaw=-3.139 v=0.280 step_err=0.0056m/0.000rad track_err=0.0151m footprint=road:8.00px route=outer_bottom_right_to_bottom_right_mid cmd_vel=(0.280,+0.003)
[gazebo_track_car-2] [INFO] [1780954544.074762082] [gazebo_track_car]: route segment=outer_bottom_right_mid_to_bottom_mid; previous=outer_bottom_right_to_bottom_right_mid; distance=0.024m; decision=route/default: outer_bottom_right_mid_to_bottom_mid
[gazebo_track_car-2] [INFO] [1780954545.599395149] [gazebo_track_car]: MOTION pos=(+0.502,-1.852) yaw=-3.141 v=0.279 step_err=0.0206m/0.000rad track_err=0.0084m footprint=road:8.00px route=outer_bottom_right_mid_to_bottom_mid cmd_vel=(0.279,-0.006)
[gazebo_track_car-2] [INFO] [1780954547.593047532] [gazebo_track_car]: route segment=outer_bottom_mid_to_bottom_left_mid; previous=outer_bottom_right_mid_to_bottom_mid; distance=0.018m; decision=route/default: outer_bottom_mid_to_bottom_left_mid
[gazebo_track_car-2] [INFO] [1780954547.605990401] [gazebo_track_car]: MOTION pos=(-0.056,-1.852) yaw=+3.141 v=0.279 step_err=0.0226m/0.000rad track_err=0.0092m footprint=road:8.00px route=outer_bottom_mid_to_bottom_left_mid cmd_vel=(0.279,-0.004)
[gazebo_track_car-2] [INFO] [1780954549.610144302] [gazebo_track_car]: MOTION pos=(-0.615,-1.852) yaw=+3.141 v=0.280 step_err=0.0215m/0.000rad track_err=0.0119m footprint=road:8.00px route=outer_bottom_mid_to_bottom_left_mid cmd_vel=(0.280,+0.002)
[gazebo_track_car-2] [INFO] [1780954551.112870817] [gazebo_track_car]: route segment=outer_bottom_left_mid_to_bottom_left; previous=outer_bottom_mid_to_bottom_left_mid; distance=0.018m; decision=route/default: outer_bottom_left_mid_to_bottom_left
[gazebo_track_car-2] [INFO] [1780954551.631263201] [gazebo_track_car]: MOTION pos=(-1.180,-1.851) yaw=-3.141 v=0.280 step_err=0.0224m/0.000rad track_err=0.0090m footprint=road:8.00px route=outer_bottom_left_mid_to_bottom_left cmd_vel=(0.280,-0.000)
[gazebo_track_car-2] [INFO] [1780954553.630556512] [gazebo_track_car]: MOTION pos=(-1.738,-1.852) yaw=-3.141 v=0.279 step_err=0.0226m/0.000rad track_err=0.0129m footprint=road:8.00px route=outer_bottom_left_mid_to_bottom_left cmd_vel=(0.279,-0.006)
[gazebo_track_car-2] [WARN] [1780954553.851631534] [gazebo_track_car]: JITTER events=23 reasons=speed_delta=0.044m/s pos=(-1.799,-1.852) step=0.0049/0.0000m yaw=0.004/0.000rad route=outer_bottom_left_mid_to_bottom_left
[gazebo_track_car-2] [INFO] [1780954553.928550141] [gazebo_track_car]: route segment=outer_bottom_left_corner; previous=outer_bottom_left_mid_to_bottom_left; distance=0.005m; decision=route/default: outer_bottom_left_corner
[gazebo_track_car-2] [WARN] [1780954555.053804476] [gazebo_track_car]: JITTER events=1 reasons=yaw_step_error=0.057rad pos=(-2.036,-1.855) step=0.0031/0.0139m yaw=0.016/0.072rad route=outer_bottom_left_corner
[gazebo_track_car-2] [INFO] [1780954555.653395568] [gazebo_track_car]: MOTION pos=(-2.123,-1.808) yaw=+2.052 v=0.187 step_err=0.0138m/0.011rad track_err=0.0287m footprint=road:7.00px route=outer_bottom_left_corner cmd_vel=(0.183,-0.699)
[gazebo_track_car-2] [INFO] [1780954556.041372758] [gazebo_track_car]: route segment=outer_left_lower_to_mid; previous=outer_bottom_left_corner; distance=0.007m; decision=route/default: outer_left_lower_to_mid
[gazebo_track_car-2] [WARN] [1780954556.056765203] [gazebo_track_car]: JITTER events=11 reasons=yaw_step_error=0.177rad,cmd_xy_error=0.0558m pos=(-2.169,-1.743) step=0.0042/0.0148m yaw=0.012/0.189rad route=outer_left_lower_to_mid
[gazebo_track_car-2] [INFO] [1780954556.095291392] [gazebo_track_car]: ROUTE_PROGRESS_SYNC actual=(-2.172,-1.735) cmd_error=0.063m route_dist=0.008m yaw_error=0.192rad segment=outer_left_lower_to_mid@0.007m->outer_left_lower_to_mid@0.069m
[gazebo_track_car-2] [INFO] [1780954557.657439652] [gazebo_track_car]: MOTION pos=(-2.197,-1.336) yaw=+1.538 v=0.276 step_err=0.0212m/0.001rad track_err=0.0159m footprint=road:6.00px route=outer_left_lower_to_mid cmd_vel=(0.275,+0.033)
[gazebo_track_car-2] [INFO] [1780954559.661194821] [gazebo_track_car]: MOTION pos=(-2.192,-0.784) yaw=+1.587 v=0.280 step_err=0.0218m/0.000rad track_err=0.0141m footprint=road:6.00px route=outer_left_lower_to_mid cmd_vel=(0.280,-0.001)
[gazebo_track_car-2] [WARN] [1780954561.503986407] [gazebo_track_car]: JITTER events=2 reasons=speed_delta=0.074m/s pos=(-2.200,-0.272) step=0.0044/0.0000m yaw=0.001/0.000rad route=outer_left_lower_to_mid
[gazebo_track_car-2] [INFO] [1780954561.682987550] [gazebo_track_car]: MOTION pos=(-2.197,-0.232) yaw=+1.646 v=0.213 step_err=0.0168m/0.009rad track_err=0.0118m footprint=road:5.00px route=outer_left_lower_to_mid cmd_vel=(0.197,+0.536)
[gazebo_track_car-2] [WARN] [1780954562.703974993] [gazebo_track_car]: JITTER events=3 reasons=speed_delta=0.091m/s pos=(-2.187,-0.095) step=0.0036/0.0000m yaw=0.011/0.000rad route=outer_left_lower_to_mid
[gazebo_track_car-2] [INFO] [1780954563.185912207] [gazebo_track_car]: ROUTE_PROGRESS_SYNC actual=(-2.255,-0.073) cmd_error=0.064m route_dist=0.053m yaw_error=0.433rad segment=outer_left_lower_to_mid@1.768m->outer_left_lower_to_mid@1.733m
[gazebo_track_car-2] [WARN] [1780954563.681035103] [gazebo_track_car]: JITTER events=37 reasons=yaw_step_error=0.037rad,cmd_xy_error=0.1278m pos=(-2.329,-0.020) step=0.0035/0.0000m yaw=0.037/0.000rad route=outer_left_lower_to_mid
[gazebo_track_car-2] [INFO] [1780954563.681316562] [gazebo_track_car]: MOTION pos=(-2.329,-0.020) yaw=+1.021 v=0.178 step_err=0.0035m/0.037rad track_err=0.1278m footprint=road:3.00px route=outer_left_lower_to_mid cmd_vel=(0.098,-2.023)
[gazebo_track_car-2] [INFO] [1780954564.082757187] [gazebo_track_car]: route segment=outer_left_mid_to_middle_entry; previous=outer_left_lower_to_mid; distance=0.016m; decision=route/default: outer_left_mid_to_middle_entry
[gazebo_track_car-2] [WARN] [1780954564.702021187] [gazebo_track_car]: JITTER events=51 reasons=yaw_step_error=3.131rad,cmd_xy_error=0.1592m pos=(-2.226,+0.091) step=0.0033/0.0160m yaw=0.011/3.142rad route=outer_left_mid_to_middle_entry
[gazebo_track_car-2] [INFO] [1780954564.986882744] [gazebo_track_car]: route segment=inner_middle_cross; previous=outer_left_mid_to_middle_entry; distance=0.007m; decision=route/explore_branch visit=0: inner_middle_cross
[gazebo_track_car-2] [INFO] [1780954565.001287351] [gazebo_track_car]: ROUTE_PROGRESS_SYNC actual=(-2.191,+0.097) cmd_error=0.194m route_dist=0.006m yaw_error=0.127rad segment=inner_middle_cross@0.007m->inner_middle_cross@0.218m
[gazebo_track_car-2] [INFO] [1780954565.703763456] [gazebo_track_car]: MOTION pos=(-2.075,+0.202) yaw=+0.700 v=0.223 step_err=0.0186m/0.008rad track_err=0.0147m footprint=road:7.59px route=inner_middle_cross cmd_vel=(0.214,-0.471)
[gazebo_track_car-2] [WARN] [1780954566.307799777] [gazebo_track_car]: JITTER events=18 reasons=yaw_step_error=0.076rad pos=(-1.980,+0.288) step=0.0043/0.0213m yaw=0.010/0.086rad route=inner_middle_cross
[gazebo_track_car-2] [INFO] [1780954567.708929919] [gazebo_track_car]: MOTION pos=(-1.648,+0.366) yaw=+0.059 v=0.268 step_err=0.0216m/0.002rad track_err=0.0276m footprint=road:8.00px route=inner_middle_cross cmd_vel=(0.267,-0.081)
[gazebo_track_car-2] [WARN] [1780954567.906687223] [gazebo_track_car]: JITTER events=6 reasons=yaw_step_error=0.121rad pos=(-1.595,+0.370) step=0.0053/0.0275m yaw=0.002/0.123rad route=inner_middle_cross
[gazebo_track_car-2] [INFO] [1780954568.367726968] [gazebo_track_car]: ROUTE_PROGRESS_SYNC actual=(-1.479,+0.378) cmd_error=0.061m route_dist=0.003m yaw_error=0.036rad segment=inner_middle_cross@1.001m->inner_middle_cross@1.062m
[gazebo_track_car-2] [WARN] [1780954568.912585131] [gazebo_track_car]: JITTER events=8 reasons=yaw_step_error=0.182rad pos=(-1.345,+0.377) step=0.0046/0.0226m yaw=0.008/0.189rad route=inner_middle_cross
[gazebo_track_car-2] [INFO] [1780954569.708783039] [gazebo_track_car]: MOTION pos=(-1.173,+0.346) yaw=-0.522 v=0.226 step_err=0.0180m/0.219rad track_err=0.0077m footprint=road:7.00px route=inner_middle_cross cmd_vel=(0.224,-0.397)
[gazebo_track_car-2] [WARN] [1780954569.910638425] [gazebo_track_car]: JITTER events=6 reasons=yaw_step_error=0.180rad pos=(-1.132,+0.327) step=0.0046/0.0216m yaw=0.007/0.188rad route=inner_middle_cross
[gazebo_track_car-2] [WARN] [1780954571.131313677] [gazebo_track_car]: JITTER events=1 reasons=yaw_step_error=0.027rad pos=(-0.936,+0.161) step=0.0046/0.0238m yaw=0.006/0.033rad route=inner_middle_cross
[gazebo_track_car-2] [INFO] [1780954571.730321185] [gazebo_track_car]: MOTION pos=(-0.918,+0.047) yaw=-0.908 v=0.181 step_err=0.0064m/0.041rad track_err=0.0453m footprint=road:6.39px route=inner_middle_cross cmd_vel=(0.050,+2.374)
[gazebo_track_car-2] [INFO] [1780954571.850462462] [gazebo_track_car]: ROUTE_PROGRESS_SYNC actual=(-0.929,+0.028) cmd_error=0.063m route_dist=0.038m yaw_error=0.932rad segment=inner_middle_cross@1.796m->inner_middle_cross@1.846m
[gazebo_track_car-2] [WARN] [1780954572.133087485] [gazebo_track_car]: JITTER events=30 reasons=yaw_step_error=0.051rad,cmd_xy_error=0.0703m pos=(-0.941,-0.026) step=0.0040/0.0000m yaw=0.051/0.000rad route=inner_middle_cross
[gazebo_track_car-2] [WARN] [1780954573.174469553] [gazebo_track_car]: JITTER events=26 reasons=cmd_xy_error=0.0525m pos=(-0.832,-0.018) step=0.0044/0.0000m yaw=0.008/0.000rad route=inner_middle_cross
[gazebo_track_car-2] [INFO] [1780954573.213357300] [gazebo_track_car]: ROUTE_PROGRESS_SYNC actual=(-0.828,-0.010) cmd_error=0.061m route_dist=0.039m yaw_error=0.313rad segment=inner_middle_cross@2.014m->inner_middle_cross@2.061m
[gazebo_track_car-2] [INFO] [1780954573.733238329] [gazebo_track_car]: MOTION pos=(-0.793,+0.112) yaw=+1.161 v=0.228 step_err=0.0531m/0.286rad track_err=0.0722m footprint=road:6.20px route=inner_middle_cross cmd_vel=(0.227,-0.363)
[gazebo_track_car-2] [WARN] [1780954574.934421858] [gazebo_track_car]: JITTER events=34 reasons=yaw_step_error=0.125rad pos=(-0.675,+0.318) step=0.0041/0.0199m yaw=0.011/0.136rad route=inner_middle_cross
[gazebo_track_car-2] [INFO] [1780954575.757041651] [gazebo_track_car]: MOTION pos=(-0.502,+0.379) yaw=+0.058 v=0.243 step_err=0.0191m/0.005rad track_err=0.0174m footprint=road:9.00px route=inner_middle_cross cmd_vel=(0.247,-0.219)
[gazebo_track_car-2] [WARN] [1780954576.781485264] [gazebo_track_car]: JITTER events=4 reasons=speed_delta=0.065m/s,yaw_rate_delta=0.400rad/s pos=(-0.232,+0.385) step=0.0047/0.0000m yaw=0.004/0.000rad route=inner_middle_cross
[gazebo_track_car-2] [WARN] [1780954577.748990179] [gazebo_track_car]: JITTER events=3 reasons=yaw_step_error=0.189rad pos=(+0.014,+0.373) step=0.0043/0.0214m yaw=0.008/0.197rad route=inner_middle_cross
[gazebo_track_car-2] [INFO] [1780954577.749270988] [gazebo_track_car]: MOTION pos=(+0.014,+0.373) yaw=-0.224 v=0.217 step_err=0.0171m/0.189rad track_err=0.0126m footprint=road:8.20px route=inner_middle_cross cmd_vel=(0.210,-0.495)
[gazebo_track_car-2] [WARN] [1780954578.935196320] [gazebo_track_car]: JITTER events=10 reasons=cmd_xy_error=0.0524m pos=(+0.256,+0.286) step=0.0048/0.0000m yaw=0.005/0.000rad route=inner_middle_cross
[gazebo_track_car-2] [INFO] [1780954579.774281568] [gazebo_track_car]: MOTION pos=(+0.402,+0.162) yaw=-1.028 v=0.204 step_err=0.0159m/0.011rad track_err=0.0414m footprint=road:8.59px route=inner_middle_cross cmd_vel=(0.228,-0.327)
[gazebo_track_car-2] [WARN] [1780954579.891982154] [gazebo_track_car]: JITTER events=18 reasons=speed_delta=0.048m/s pos=(+0.418,+0.139) step=0.0053/0.0000m yaw=0.002/0.000rad route=inner_middle_cross
[gazebo_track_car-2] [INFO] [1780954580.535981954] [gazebo_track_car]: ROUTE_PROGRESS_SYNC actual=(+0.437,+0.033) cmd_error=0.063m route_dist=0.049m yaw_error=0.850rad segment=inner_middle_cross@3.735m->inner_middle_cross@3.775m
[gazebo_track_car-2] [WARN] [1780954580.873916226] [gazebo_track_car]: JITTER events=33 reasons=cmd_xy_error=0.0758m pos=(+0.445,-0.012) step=0.0024/0.0050m yaw=0.028/0.047rad route=inner_middle_cross
[gazebo_track_car-2] [INFO] [1780954581.785048690] [gazebo_track_car]: MOTION pos=(+0.571,+0.005) yaw=+0.927 v=0.209 step_err=0.0172m/0.201rad track_err=0.0558m footprint=road:6.59px route=inner_middle_cross cmd_vel=(0.226,+0.359)
[gazebo_track_car-2] [INFO] [1780954581.825680058] [gazebo_track_car]: ROUTE_PROGRESS_SYNC actual=(+0.577,+0.012) cmd_error=0.063m route_dist=0.061m yaw_error=0.184rad segment=inner_middle_cross@3.998m->inner_middle_cross@4.013m
[gazebo_track_car-2] [WARN] [1780954581.876541275] [gazebo_track_car]: JITTER events=23 reasons=yaw_step_error=0.232rad,cmd_xy_error=0.0720m pos=(+0.586,+0.022) step=0.0045/0.0240m yaw=0.007/0.240rad route=inner_middle_cross
[gazebo_track_car-2] [WARN] [1780954583.186605568] [gazebo_track_car]: JITTER events=20 reasons=yaw_step_error=0.028rad pos=(+0.751,+0.266) step=0.0041/0.0200m yaw=0.012/0.039rad route=inner_middle_cross
[gazebo_track_car-2] [INFO] [1780954583.787242891] [gazebo_track_car]: MOTION pos=(+0.861,+0.331) yaw=+0.200 v=0.223 step_err=0.0180m/0.212rad track_err=0.0271m footprint=road:8.20px route=inner_middle_cross cmd_vel=(0.225,-0.381)
[gazebo_track_car-2] [INFO] [1780954585.791658670] [gazebo_track_car]: MOTION pos=(+1.382,+0.355) yaw=-0.023 v=0.275 step_err=0.0055m/0.001rad track_err=0.0467m footprint=road:8.00px route=inner_middle_cross cmd_vel=(0.275,+0.031)
[gazebo_track_car-2] [WARN] [1780954586.728217783] [gazebo_track_car]: JITTER events=7 reasons=speed_delta=0.060m/s,yaw_rate_delta=0.433rad/s pos=(+1.641,+0.351) step=0.0047/0.0000m yaw=0.004/0.000rad route=inner_middle_cross
[gazebo_track_car-2] [WARN] [1780954587.811177951] [gazebo_track_car]: JITTER events=2 reasons=yaw_step_error=0.081rad pos=(+1.875,+0.343) step=0.0042/0.0208m yaw=0.010/0.092rad route=inner_middle_cross
[gazebo_track_car-2] [INFO] [1780954587.811604233] [gazebo_track_car]: MOTION pos=(+1.875,+0.343) yaw=-0.474 v=0.209 step_err=0.0166m/0.081rad track_err=0.0252m footprint=road:8.39px route=inner_middle_cross cmd_vel=(0.210,-0.493)
[gazebo_track_car-2] [WARN] [1780954588.872593480] [gazebo_track_car]: JITTER events=19 reasons=cmd_xy_error=0.0518m pos=(+2.081,+0.214) step=0.0044/0.0000m yaw=0.008/0.000rad route=inner_middle_cross
[gazebo_track_car-2] [WARN] [1780954589.815397961] [gazebo_track_car]: JITTER events=21 reasons=yaw_step_error=0.122rad pos=(+2.204,+0.064) step=0.0043/0.0211m yaw=0.010/0.132rad route=inner_middle_cross
[gazebo_track_car-2] [INFO] [1780954589.815678539] [gazebo_track_car]: MOTION pos=(+2.204,+0.064) yaw=-1.340 v=0.218 step_err=0.0167m/0.122rad track_err=0.0381m footprint=road:8.39px route=inner_middle_cross cmd_vel=(0.216,-0.439)
[gazebo_track_car-2] [INFO] [1780954590.177022932] [gazebo_track_car]: ROUTE_PROGRESS_SYNC actual=(+2.227,-0.014) cmd_error=0.060m route_dist=0.001m yaw_error=0.094rad segment=inner_middle_cross@6.012m->inner_middle_cross@6.072m
[gazebo_track_car-2] [INFO] [1780954591.834278550] [gazebo_track_car]: MOTION pos=(+2.232,-0.457) yaw=-1.617 v=0.280 step_err=0.0238m/0.013rad track_err=0.0137m footprint=road:8.00px route=inner_middle_cross cmd_vel=(0.279,+0.005)
[gazebo_track_car-2] [INFO] [1780954592.021247038] [gazebo_track_car]: route segment=outer_right_mid_to_lower; previous=inner_middle_cross; distance=0.010m; decision=route/default: outer_right_mid_to_lower
[gazebo_track_car-2] [INFO] [1780954593.839865433] [gazebo_track_car]: MOTION pos=(+2.208,-1.014) yaw=-1.607 v=0.279 step_err=0.0224m/0.000rad track_err=0.0136m footprint=road:7.00px route=outer_right_mid_to_lower cmd_vel=(0.280,+0.003)
[gazebo_track_car-2] [WARN] [1780954595.563351808] [gazebo_track_car]: JITTER events=13 reasons=speed_delta=0.055m/s pos=(+2.191,-1.494) step=0.0048/0.0000m yaw=0.004/0.000rad route=outer_right_mid_to_lower
[gazebo_track_car-2] [INFO] [1780954595.841716454] [gazebo_track_car]: MOTION pos=(+2.193,-1.561) yaw=-1.693 v=0.226 step_err=0.0172m/0.008rad track_err=0.0165m footprint=road:7.39px route=outer_right_mid_to_lower cmd_vel=(0.216,-0.461)
[gazebo_track_car-2] [WARN] [1780954596.759340752] [gazebo_track_car]: JITTER events=1 reasons=yaw_step_error=0.062rad pos=(+2.179,-1.727) step=0.0032/0.0148m yaw=0.016/0.078rad route=outer_right_mid_to_lower
[gazebo_track_car-2] [INFO] [1780954597.247536791] [gazebo_track_car]: route segment=outer_bottom_right_corner; previous=outer_right_mid_to_lower; distance=0.009m; decision=route/default: outer_bottom_right_corner
[gazebo_track_car-2] [INFO] [1780954597.642906070] [gazebo_track_car]: ROUTE_PROGRESS_SYNC actual=(+2.064,-1.839) cmd_error=0.062m route_dist=0.012m yaw_error=0.226rad segment=outer_bottom_right_corner@0.066m->outer_bottom_right_corner@0.135m
[gazebo_track_car-2] [INFO] [1780954597.865786530] [gazebo_track_car]: MOTION pos=(+2.019,-1.855) yaw=-3.014 v=0.225 step_err=0.0180m/0.008rad track_err=0.0191m footprint=road:7.00px route=outer_bottom_right_corner cmd_vel=(0.228,-0.380)
[gazebo_track_car-2] [INFO] [1780954598.654715008] [gazebo_track_car]: route segment=outer_bottom_right_to_bottom_right_mid; previous=outer_bottom_right_corner; distance=0.003m; decision=route/default: outer_bottom_right_to_bottom_right_mid
[gazebo_track_car-2] [INFO] [1780954599.864519941] [gazebo_track_car]: MOTION pos=(+1.492,-1.857) yaw=+3.113 v=0.273 step_err=0.0227m/0.001rad track_err=0.0240m footprint=road:8.00px route=outer_bottom_right_to_bottom_right_mid cmd_vel=(0.274,+0.040)
[gazebo_track_car-2] [INFO] [1780954601.872162997] [gazebo_track_car]: route segment=outer_bottom_right_mid_to_bottom_mid; previous=outer_bottom_right_to_bottom_right_mid; distance=0.026m; decision=route/default: outer_bottom_right_mid_to_bottom_mid
[gazebo_track_car-2] [INFO] [1780954601.887934294] [gazebo_track_car]: MOTION pos=(+0.931,-1.851) yaw=-3.139 v=0.280 step_err=0.0230m/0.000rad track_err=0.0198m footprint=road:8.00px route=outer_bottom_right_mid_to_bottom_mid cmd_vel=(0.280,-0.002)
[gazebo_track_car-2] [INFO] [1780954603.888935539] [gazebo_track_car]: MOTION pos=(+0.374,-1.852) yaw=-3.141 v=0.279 step_err=0.0220m/0.000rad track_err=0.0229m footprint=road:8.00px route=outer_bottom_right_mid_to_bottom_mid cmd_vel=(0.279,-0.006)
[gazebo_track_car-2] [INFO] [1780954605.391678796] [gazebo_track_car]: route segment=outer_bottom_mid_to_bottom_left_mid; previous=outer_bottom_right_mid_to_bottom_mid; distance=0.023m; decision=route/default: outer_bottom_mid_to_bottom_left_mid
[gazebo_track_car-2] [INFO] [1780954605.893724799] [gazebo_track_car]: MOTION pos=(-0.185,-1.852) yaw=+3.141 v=0.279 step_err=0.0221m/0.000rad track_err=0.0243m footprint=road:8.00px route=outer_bottom_mid_to_bottom_left_mid cmd_vel=(0.279,-0.004)
[gazebo_track_car-2] [INFO] [1780954607.918708898] [gazebo_track_car]: MOTION pos=(-0.749,-1.852) yaw=+3.141 v=0.280 step_err=0.0221m/0.000rad track_err=0.0208m footprint=road:8.00px route=outer_bottom_mid_to_bottom_left_mid cmd_vel=(0.280,+0.002)
[gazebo_track_car-2] [INFO] [1780954608.907833073] [gazebo_track_car]: route segment=outer_bottom_left_mid_to_bottom_left; previous=outer_bottom_mid_to_bottom_left_mid; distance=0.019m; decision=route/default: outer_bottom_left_mid_to_bottom_left
[gazebo_track_car-2] [INFO] [1780954609.918822095] [gazebo_track_car]: MOTION pos=(-1.309,-1.851) yaw=-3.141 v=0.280 step_err=0.0230m/0.000rad track_err=0.0235m footprint=road:8.00px route=outer_bottom_left_mid_to_bottom_left cmd_vel=(0.280,+0.000)
[gazebo_track_car-2] [WARN] [1780954611.642736688] [gazebo_track_car]: JITTER events=18 reasons=speed_delta=0.059m/s,yaw_rate_delta=0.424rad/s pos=(-1.789,-1.852) step=0.0048/0.0000m yaw=0.004/0.000rad route=outer_bottom_left_mid_to_bottom_left
[gazebo_track_car-2] [INFO] [1780954611.722746772] [gazebo_track_car]: route segment=outer_bottom_left_corner; previous=outer_bottom_left_mid_to_bottom_left; distance=0.008m; decision=route/default: outer_bottom_left_corner
[gazebo_track_car-2] [INFO] [1780954611.942569911] [gazebo_track_car]: MOTION pos=(-1.863,-1.855) yaw=+3.071 v=0.236 step_err=0.0190m/0.006rad track_err=0.0210m footprint=road:8.00px route=outer_bottom_left_corner cmd_vel=(0.238,-0.294)
[gazebo_track_car-2] [WARN] [1780954612.844092821] [gazebo_track_car]: JITTER events=2 reasons=yaw_step_error=0.119rad pos=(-2.032,-1.852) step=0.0032/0.0145m yaw=0.016/0.135rad route=outer_bottom_left_corner
[gazebo_track_car-2] [INFO] [1780954613.832086290] [gazebo_track_car]: route segment=outer_left_lower_to_mid; previous=outer_bottom_left_corner; distance=0.019m; decision=route/default: outer_left_lower_to_mid
[gazebo_track_car-2] [WARN] [1780954613.845934685] [gazebo_track_car]: JITTER events=14 reasons=cmd_xy_error=0.0510m pos=(-2.167,-1.736) step=0.0042/0.0195m yaw=0.011/0.012rad route=outer_left_lower_to_mid
[gazebo_track_car-2] [INFO] [1780954613.905656211] [gazebo_track_car]: ROUTE_PROGRESS_SYNC actual=(-2.172,-1.724) cmd_error=0.062m route_dist=0.009m yaw_error=0.191rad segment=outer_left_lower_to_mid@0.019m->outer_left_lower_to_mid@0.080m
[gazebo_track_car-2] [INFO] [1780954613.945601043] [gazebo_track_car]: MOTION pos=(-2.175,-1.716) yaw=+1.755 v=0.213 step_err=0.0167m/0.010rad track_err=0.0142m footprint=road:8.59px route=outer_left_lower_to_mid cmd_vel=(0.223,-0.423)
[gazebo_track_car-2] [INFO] [1780954616.049649523] [gazebo_track_car]: MOTION pos=(-2.192,-1.165) yaw=+1.558 v=0.274 step_err=0.0252m/0.001rad track_err=0.0172m footprint=road:6.00px route=outer_left_lower_to_mid cmd_vel=(0.275,+0.037)
[gazebo_track_car-2] [INFO] [1780954618.060343866] [gazebo_track_car]: MOTION pos=(-2.195,-0.604) yaw=+1.587 v=0.279 step_err=0.0232m/0.000rad track_err=0.0167m footprint=road:6.00px route=outer_left_lower_to_mid cmd_vel=(0.279,-0.008)
[gazebo_track_car-2] [WARN] [1780954619.185922177] [gazebo_track_car]: JITTER events=3 reasons=speed_delta=0.053m/s pos=(-2.200,-0.293) step=0.0047/0.0000m yaw=0.002/0.000rad route=outer_left_lower_to_mid
[gazebo_track_car-2] [INFO] [1780954620.082330614] [gazebo_track_car]: MOTION pos=(-2.181,-0.140) yaw=+2.143 v=0.134 step_err=0.0076m/0.023rad track_err=0.0215m footprint=road:3.00px route=outer_left_lower_to_mid cmd_vel=(0.098,+0.982)
[gazebo_track_car-2] [WARN] [1780954620.404073115] [gazebo_track_car]: JITTER events=3 reasons=speed_delta=0.092m/s pos=(-2.188,-0.102) step=0.0037/0.0000m yaw=0.010/0.000rad route=outer_left_lower_to_mid
[gazebo_track_car-2] [INFO] [1780954620.889089764] [gazebo_track_car]: ROUTE_PROGRESS_SYNC actual=(-2.252,-0.075) cmd_error=0.061m route_dist=0.050m yaw_error=0.429rad segment=outer_left_lower_to_mid@1.765m->outer_left_lower_to_mid@1.731m
[gazebo_track_car-2] [WARN] [1780954621.490211212] [gazebo_track_car]: JITTER events=40 reasons=yaw_step_error=0.888rad,cmd_xy_error=0.1268m pos=(-2.330,-0.007) step=0.0033/0.0257m yaw=0.032/0.920rad route=outer_left_lower_to_mid
[gazebo_track_car-2] [INFO] [1780954621.774695440] [gazebo_track_car]: route segment=outer_left_mid_to_middle_entry; previous=outer_left_lower_to_mid; distance=0.006m; decision=route/default: outer_left_mid_to_middle_entry
[gazebo_track_car-2] [INFO] [1780954622.092234400] [gazebo_track_car]: MOTION pos=(-2.272,+0.046) yaw=+0.833 v=0.147 step_err=0.0069m/0.066rad track_err=0.0487m footprint=road:5.00px route=outer_left_mid_to_middle_entry cmd_vel=(0.098,+1.676)
[gazebo_track_car-2] [WARN] [1780954622.494106470] [gazebo_track_car]: JITTER events=50 reasons=yaw_step_error=0.028rad,cmd_xy_error=0.0977m pos=(-2.213,+0.058) step=0.0029/0.0097m yaw=0.028/0.000rad route=outer_left_mid_to_middle_entry
[gazebo_track_car-2] [INFO] [1780954623.081247680] [gazebo_track_car]: route segment=outer_left_middle_entry_to_upper; previous=outer_left_mid_to_middle_entry; distance=0.001m; decision=route/explore_branch visit=0: outer_left_middle_entry_to_upper
[gazebo_track_car-2] [INFO] [1780954623.092837127] [gazebo_track_car]: ROUTE_PROGRESS_SYNC actual=(-2.181,+0.121) cmd_error=0.224m route_dist=0.069m yaw_error=0.456rad segment=outer_left_middle_entry_to_upper@0.001m->outer_left_middle_entry_to_upper@0.215m
[gazebo_track_car-2] [INFO] [1780954624.097110238] [gazebo_track_car]: MOTION pos=(-2.264,+0.314) yaw=+1.616 v=0.243 step_err=0.0188m/0.006rad track_err=0.0212m footprint=road:8.00px route=outer_left_middle_entry_to_upper cmd_vel=(0.245,-0.252)
[gazebo_track_car-2] [INFO] [1780954626.097369928] [gazebo_track_car]: MOTION pos=(-2.251,+0.858) yaw=+1.523 v=0.280 step_err=0.0218m/0.017rad track_err=0.0194m footprint=road:8.00px route=outer_left_middle_entry_to_upper cmd_vel=(0.280,+0.000)
[gazebo_track_car-2] [INFO] [1780954626.196421548] [gazebo_track_car]: route segment=outer_left_upper_to_top; previous=outer_left_middle_entry_to_upper; distance=0.014m; decision=route/default: outer_left_upper_to_top
