[INFO] [launch]: All log files can be found below /home/quocbao/.ros/log/2026-06-08-14-38-41-266717-ubuntu-22183
[INFO] [launch]: Default logging verbosity is set to INFO
[INFO] [gzserver-1]: process started with pid [22199]
[INFO] [gazebo_track_car-2]: process started with pid [22201]
[gazebo_track_car-2] [INFO] [1780954721.856290635] [gazebo_track_car]: [MAP_TRANSFORM] image=256x256 path=/home/quocbao/my_robot_vision_full_project/my_robot_vision/models/autonomous_map_3d_mirror_x/materials/textures/autonomous_map_visual.png map_size=6.000x6.000m px_per_m_x=42.667 px_per_m_y=42.667 route_offset=(+0.000,+0.000)m map_visual_offset=(+0.000,+0.300)m
[gazebo_track_car-2] [INFO] [1780954721.987205171] [gazebo_track_car]: [FOOTPRINT_CHECK] samples=1691 center_off_road=0 center_outside_safe=330 failures=0 min_footprint_clearance=5.00px footprint=front:0.165m rear:0.145m half_width:0.115m
[gazebo_track_car-2] [INFO] [1780954721.987491009] [gazebo_track_car]: [FOOTPRINT_CHECK] overlays=/tmp/gazebo_route_mask_debug.png, /tmp/gazebo_route_centerline_debug.png, /tmp/gazebo_route_footprint_debug.png
[gazebo_track_car-2] [INFO] [1780954722.066512857] [gazebo_track_car]: SAFE_ROUTE_VERSION=semantic_parking_spawn_turn_guard_v31; direction=texture point order; clearance=12px; drive_wheels=True; route_offset=(+0.000,+0.000)m; start_distance=0.000m; route_explore=True branch_probability=0.00; sign_detection=off roi=0.08-0.82; map_visual_offset=(+0.000,+0.300)m; base_speed=0.28m/s speed_limit=0.14m/s; traffic_light=fixed state=green green=5.0s yellow=1.0s red=8.0s trigger_distance=1.70m stop_distance=0.85m min_stop=2.0s camera=off topic=/track_preview_car/camera/image_raw fill>=0.42 slow_area>=45px stop_area>=160px distance_gate=on; camera_sign_templates=5 sign_score>=0.32 sign_stable=2; wheel_controller lookahead=0.32m parking_lookahead=0.20m heading_gain=3.80 max_wz=1.80rad/s rotate_heading>1.05rad; yaw_limits=1.80rad/s/4.00rad/s2; route_rejoin=True outer_only=True cmd_error>0.30m max_route_dist=0.55m; progress_sync=True cmd_error>0.06m route_dist<=0.20m yaw<=1.20rad; initial_pose_reset=True tol=0.12m/0.35rad; segments=20; route_points=84.
[gazebo_track_car-2] [INFO] [1780954722.066811639] [gazebo_track_car]: Motion log uses /model_states and /track_preview_car/cmd_vel: MOTION every 2.00s, JITTER at most every 1.00s, verbose=False; jitter thresholds xy_step_delta=0.0060m, cmd_error=0.050m, z_delta=0.0005m, tilt=0.0030rad, speed_delta=0.030m/s, yaw_step_error=0.025rad, yaw_rate_delta=0.400rad/s.
[gzserver-1] [INFO] [1780954723.360013717] [track_preview_car.front_camera_controller]: Publishing camera info to [/track_preview_car/camera/camera_info]
[gzserver-1] [INFO] [1780954723.371780885] [gazebo_ros_state]: Publishing states of gazebo models at [/model_states]
[gzserver-1] [INFO] [1780954723.372493205] [gazebo_ros_state]: Publishing states of gazebo links at [/link_states]
[gzserver-1] [INFO] [1780954723.384939832] [track_preview_car.track_preview_car_diff_drive]: Wheel pair 1 separation set to [0.176000m]
[gzserver-1] [INFO] [1780954723.384990978] [track_preview_car.track_preview_car_diff_drive]: Wheel pair 1 diameter set to [0.060000m]
[gzserver-1] [INFO] [1780954723.385752100] [track_preview_car.track_preview_car_diff_drive]: Subscribed to [/track_preview_car/cmd_vel]
[gzserver-1] [INFO] [1780954723.386401372] [track_preview_car.track_preview_car_diff_drive]: Advertise odometry on [/track_preview_car/odom]
[gazebo_track_car-2] [INFO] [1780954723.414797405] [gazebo_track_car]: initial pose reset to configured route start; actual=(+1.828,+2.180) yaw=+0.000 target=(-1.828,+2.180) yaw=+0.000 error=3.656m/0.000rad segment=outer_top_left_to_top_mid
[gazebo_track_car-2] [INFO] [1780954723.463636478] [gazebo_track_car]: traffic light is now GREEN.
[gazebo_track_car-2] [WARN] [1780954723.464149383] [gazebo_track_car]: Waiting for /model_states pose before publishing wheel commands.
[gazebo_track_car-2] [INFO] [1780954723.771513111] [gazebo_track_car]: wheel controller synced route progress from initial model pose; segment=outer_top_left_to_top_mid@0.000m route_dist=0.000m startup_gate=1.250m
[gazebo_track_car-2] [INFO] [1780954725.484627776] [gazebo_track_car]: MOTION pos=(-1.387,+2.180) yaw=-0.000 v=0.280 step_err=0.0221m/0.000rad track_err=0.0066m footprint=road:8.00px route=outer_top_left_to_top_mid cmd_vel=(0.280,+0.000)
[gazebo_track_car-2] [INFO] [1780954727.500836176] [gazebo_track_car]: MOTION pos=(-0.822,+2.180) yaw=+0.000 v=0.280 step_err=0.0235m/0.000rad track_err=0.0052m footprint=road:8.39px route=outer_top_left_to_top_mid cmd_vel=(0.280,+0.000)
[gazebo_track_car-2] [INFO] [1780954729.507731907] [gazebo_track_car]: MOTION pos=(-0.262,+2.180) yaw=+0.000 v=0.280 step_err=0.0221m/0.000rad track_err=0.0059m footprint=road:9.00px route=outer_top_left_to_top_mid cmd_vel=(0.280,-0.000)
[gazebo_track_car-2] [INFO] [1780954730.299571312] [gazebo_track_car]: route segment=outer_top_mid_to_gap; previous=outer_top_left_to_top_mid; distance=0.016m; decision=route/default: outer_top_mid_to_gap
[gazebo_track_car-2] [INFO] [1780954731.508048220] [gazebo_track_car]: MOTION pos=(+0.298,+2.180) yaw=-0.000 v=0.280 step_err=0.0230m/0.000rad track_err=0.0087m footprint=road:8.00px route=outer_top_mid_to_gap cmd_vel=(0.280,+0.000)
[gazebo_track_car-2] [INFO] [1780954732.109015589] [gazebo_track_car]: route segment=outer_top_gap_to_top_right_mid; previous=outer_top_mid_to_gap; distance=0.007m; decision=route/default: outer_top_gap_to_top_right_mid
[gazebo_track_car-2] [INFO] [1780954733.532671774] [gazebo_track_car]: MOTION pos=(+0.863,+2.180) yaw=+0.000 v=0.280 step_err=0.0230m/0.000rad track_err=0.0054m footprint=road:8.00px route=outer_top_gap_to_top_right_mid cmd_vel=(0.280,+0.000)
[gazebo_track_car-2] [INFO] [1780954733.818529237] [gazebo_track_car]: route segment=outer_top_right_mid_to_top_right; previous=outer_top_gap_to_top_right_mid; distance=0.016m; decision=route/default: outer_top_right_mid_to_top_right
[gazebo_track_car-2] [INFO] [1780954735.529842212] [gazebo_track_car]: MOTION pos=(+1.423,+2.180) yaw=+0.000 v=0.280 step_err=0.0229m/0.000rad track_err=0.0096m footprint=road:8.00px route=outer_top_right_mid_to_top_right cmd_vel=(0.280,-0.002)
[gazebo_track_car-2] [WARN] [1780954736.673428215] [gazebo_track_car]: JITTER events=4 reasons=speed_delta=0.034m/s pos=(+1.731,+2.181) step=0.0048/0.0000m yaw=0.005/0.000rad route=outer_top_right_mid_to_top_right
[gazebo_track_car-2] [INFO] [1780954736.934776335] [gazebo_track_car]: route segment=outer_top_right_corner; previous=outer_top_right_mid_to_top_right; distance=0.000m; decision=route/default: outer_top_right_corner
[gazebo_track_car-2] [INFO] [1780954737.538284165] [gazebo_track_car]: MOTION pos=(+1.929,+2.167) yaw=-0.379 v=0.215 step_err=0.0158m/0.153rad track_err=0.0111m footprint=road:8.00px route=outer_top_right_corner cmd_vel=(0.209,-0.515)
[gazebo_track_car-2] [WARN] [1780954737.654268108] [gazebo_track_car]: JITTER events=5 reasons=yaw_step_error=0.098rad pos=(+1.954,+2.161) step=0.0043/0.0218m yaw=0.010/0.108rad route=outer_top_right_corner
[gazebo_track_car-2] [WARN] [1780954738.858565754] [gazebo_track_car]: JITTER events=6 reasons=yaw_step_error=0.172rad pos=(+2.155,+2.039) step=0.0040/0.0193m yaw=0.012/0.183rad route=outer_top_right_corner
[gazebo_track_car-2] [INFO] [1780954739.557091270] [gazebo_track_car]: MOTION pos=(+2.210,+1.896) yaw=-1.496 v=0.237 step_err=0.0188m/0.006rad track_err=0.0366m footprint=road:8.00px route=outer_top_right_corner cmd_vel=(0.242,-0.251)
[gazebo_track_car-2] [WARN] [1780954739.916996755] [gazebo_track_car]: JITTER events=14 reasons=cmd_xy_error=0.0528m pos=(+2.218,+1.806) step=0.0052/0.0000m yaw=0.002/0.000rad route=outer_top_right_corner
[gazebo_track_car-2] [INFO] [1780954740.050264493] [gazebo_track_car]: route segment=outer_right_top_to_upper; previous=outer_top_right_corner; distance=0.001m; decision=route/default: outer_right_top_to_upper
[gazebo_track_car-2] [INFO] [1780954740.653974811] [gazebo_track_car]: ROUTE_PROGRESS_SYNC actual=(+2.217,+1.603) cmd_error=0.063m route_dist=0.009m yaw_error=0.042rad segment=outer_right_top_to_upper@0.140m->outer_right_top_to_upper@0.202m
[gazebo_track_car-2] [INFO] [1780954741.578054491] [gazebo_track_car]: MOTION pos=(+2.215,+1.351) yaw=-1.553 v=0.276 step_err=0.0221m/0.001rad track_err=0.0238m footprint=road:7.00px route=outer_right_top_to_upper cmd_vel=(0.277,+0.023)
[gazebo_track_car-2] [INFO] [1780954743.167435236] [gazebo_track_car]: route segment=outer_right_upper_to_mid; previous=outer_right_top_to_upper; distance=0.008m; decision=route/default: outer_right_upper_to_mid
[gazebo_track_car-2] [INFO] [1780954743.579696645] [gazebo_track_car]: MOTION pos=(+2.227,+0.797) yaw=-1.565 v=0.278 step_err=0.0225m/0.000rad track_err=0.0257m footprint=road:8.00px route=outer_right_upper_to_mid cmd_vel=(0.278,-0.016)
[gazebo_track_car-2] [INFO] [1780954745.584645855] [gazebo_track_car]: MOTION pos=(+2.227,+0.239) yaw=-1.573 v=0.280 step_err=0.0227m/0.000rad track_err=0.0284m footprint=road:9.00px route=outer_right_upper_to_mid cmd_vel=(0.280,-0.001)
[gazebo_track_car-2] [INFO] [1780954747.607351783] [gazebo_track_car]: MOTION pos=(+2.227,-0.324) yaw=-1.577 v=0.276 step_err=0.0218m/0.000rad track_err=0.0241m footprint=road:8.00px route=outer_right_upper_to_mid cmd_vel=(0.276,-0.028)
[gazebo_track_car-2] [INFO] [1780954748.295639420] [gazebo_track_car]: route segment=outer_right_mid_to_lower; previous=outer_right_upper_to_mid; distance=0.028m; decision=route/default: outer_right_mid_to_lower
[gazebo_track_car-2] [INFO] [1780954749.606852811] [gazebo_track_car]: MOTION pos=(+2.214,-0.880) yaw=-1.609 v=0.279 step_err=0.0232m/0.000rad track_err=0.0280m footprint=road:7.00px route=outer_right_mid_to_lower cmd_vel=(0.280,+0.002)
[gazebo_track_car-2] [INFO] [1780954751.626291088] [gazebo_track_car]: MOTION pos=(+2.193,-1.444) yaw=-1.607 v=0.280 step_err=0.0229m/0.000rad track_err=0.0266m footprint=road:7.00px route=outer_right_mid_to_lower cmd_vel=(0.280,+0.002)
[gazebo_track_car-2] [WARN] [1780954751.746201612] [gazebo_track_car]: JITTER events=16 reasons=speed_delta=0.045m/s pos=(+2.192,-1.477) step=0.0049/0.0000m yaw=0.003/0.000rad route=outer_right_mid_to_lower
[gazebo_track_car-2] [WARN] [1780954752.924427629] [gazebo_track_car]: JITTER events=1 reasons=yaw_step_error=0.084rad pos=(+2.180,-1.714) step=0.0034/0.0155m yaw=0.016/0.100rad route=outer_right_mid_to_lower
[gazebo_track_car-2] [INFO] [1780954753.423782392] [gazebo_track_car]: route segment=outer_bottom_right_corner; previous=outer_right_mid_to_lower; distance=0.011m; decision=route/default: outer_bottom_right_corner
[gazebo_track_car-2] [INFO] [1780954753.625382569] [gazebo_track_car]: MOTION pos=(+2.102,-1.814) yaw=-2.794 v=0.204 step_err=0.0149m/0.181rad track_err=0.0372m footprint=road:8.00px route=outer_bottom_right_corner cmd_vel=(0.197,-0.592)
[gazebo_track_car-2] [WARN] [1780954753.967275576] [gazebo_track_car]: JITTER events=17 reasons=cmd_xy_error=0.0506m pos=(+2.038,-1.845) step=0.0044/0.0000m yaw=0.009/0.000rad route=outer_bottom_right_corner
[gazebo_track_car-2] [INFO] [1780954754.023472669] [gazebo_track_car]: ROUTE_PROGRESS_SYNC actual=(+2.026,-1.849) cmd_error=0.063m route_dist=0.002m yaw_error=0.138rad segment=outer_bottom_right_corner@0.111m->outer_bottom_right_corner@0.173m
[gazebo_track_car-2] [INFO] [1780954754.831451163] [gazebo_track_car]: route segment=outer_bottom_right_to_bottom_right_mid; previous=outer_bottom_right_corner; distance=0.003m; decision=route/default: outer_bottom_right_to_bottom_right_mid
[gazebo_track_car-2] [INFO] [1780954755.653638778] [gazebo_track_car]: MOTION pos=(+1.600,-1.860) yaw=+3.106 v=0.276 step_err=0.0223m/0.001rad track_err=0.0209m footprint=road:8.00px route=outer_bottom_right_to_bottom_right_mid cmd_vel=(0.275,+0.033)
[gazebo_track_car-2] [INFO] [1780954757.656990226] [gazebo_track_car]: MOTION pos=(+1.046,-1.851) yaw=-3.140 v=0.279 step_err=0.0218m/0.000rad track_err=0.0209m footprint=road:8.00px route=outer_bottom_right_to_bottom_right_mid cmd_vel=(0.280,+0.003)
[gazebo_track_car-2] [INFO] [1780954758.048824000] [gazebo_track_car]: route segment=outer_bottom_right_mid_to_bottom_mid; previous=outer_bottom_right_to_bottom_right_mid; distance=0.024m; decision=route/default: outer_bottom_right_mid_to_bottom_mid
[gazebo_track_car-2] [INFO] [1780954759.677701061] [gazebo_track_car]: MOTION pos=(+0.482,-1.852) yaw=-3.141 v=0.279 step_err=0.0234m/0.000rad track_err=0.0192m footprint=road:8.00px route=outer_bottom_right_mid_to_bottom_mid cmd_vel=(0.279,-0.007)
[gazebo_track_car-2] [INFO] [1780954761.568060783] [gazebo_track_car]: route segment=outer_bottom_mid_to_bottom_left_mid; previous=outer_bottom_right_mid_to_bottom_mid; distance=0.022m; decision=route/default: outer_bottom_mid_to_bottom_left_mid
[gazebo_track_car-2] [INFO] [1780954761.681600030] [gazebo_track_car]: MOTION pos=(-0.076,-1.852) yaw=+3.141 v=0.279 step_err=0.0221m/0.000rad track_err=0.0212m footprint=road:8.00px route=outer_bottom_mid_to_bottom_left_mid cmd_vel=(0.279,-0.005)
[gazebo_track_car-2] [INFO] [1780954763.792751611] [gazebo_track_car]: MOTION pos=(-0.663,-1.852) yaw=+3.140 v=0.280 step_err=0.0235m/0.000rad track_err=0.0214m footprint=road:8.00px route=outer_bottom_mid_to_bottom_left_mid cmd_vel=(0.280,+0.003)
[gazebo_track_car-2] [INFO] [1780954765.087557166] [gazebo_track_car]: route segment=outer_bottom_left_mid_to_bottom_left; previous=outer_bottom_mid_to_bottom_left_mid; distance=0.018m; decision=route/default: outer_bottom_left_mid_to_bottom_left
[gazebo_track_car-2] [INFO] [1780954765.797833358] [gazebo_track_car]: MOTION pos=(-1.222,-1.851) yaw=-3.141 v=0.280 step_err=0.0213m/0.000rad track_err=0.0229m footprint=road:8.00px route=outer_bottom_left_mid_to_bottom_left cmd_vel=(0.280,+0.001)
[gazebo_track_car-2] [INFO] [1780954767.816313061] [gazebo_track_car]: MOTION pos=(-1.787,-1.852) yaw=-3.140 v=0.279 step_err=0.0223m/0.000rad track_err=0.0207m footprint=road:8.00px route=outer_bottom_left_mid_to_bottom_left cmd_vel=(0.263,-0.113)
[gazebo_track_car-2] [WARN] [1780954767.836006349] [gazebo_track_car]: JITTER events=3 reasons=speed_delta=0.050m/s pos=(-1.792,-1.852) step=0.0049/0.0000m yaw=0.004/0.000rad route=outer_bottom_left_mid_to_bottom_left
[gazebo_track_car-2] [INFO] [1780954767.900569569] [gazebo_track_car]: route segment=outer_bottom_left_corner; previous=outer_bottom_left_mid_to_bottom_left; distance=0.006m; decision=route/default: outer_bottom_left_corner
[gazebo_track_car-2] [WARN] [1780954769.019803959] [gazebo_track_car]: JITTER events=2 reasons=yaw_step_error=0.121rad pos=(-2.031,-1.852) step=0.0033/0.0147m yaw=0.016/0.137rad route=outer_bottom_left_corner
[gazebo_track_car-2] [INFO] [1780954769.819109752] [gazebo_track_car]: MOTION pos=(-2.146,-1.772) yaw=+1.922 v=0.203 step_err=0.0145m/0.252rad track_err=0.0357m footprint=road:9.00px route=outer_bottom_left_corner cmd_vel=(0.196,-0.599)
[gazebo_track_car-2] [INFO] [1780954769.914545249] [gazebo_track_car]: route segment=outer_left_lower_to_mid; previous=outer_bottom_left_corner; distance=0.000m; decision=route/default: outer_left_lower_to_mid
[gazebo_track_car-2] [INFO] [1780954769.957690607] [gazebo_track_car]: ROUTE_PROGRESS_SYNC actual=(-2.160,-1.747) cmd_error=0.060m route_dist=0.020m yaw_error=0.261rad segment=outer_left_lower_to_mid@0.000m->outer_left_lower_to_mid@0.057m
[gazebo_track_car-2] [INFO] [1780954771.842114542] [gazebo_track_car]: MOTION pos=(-2.196,-1.274) yaw=+1.541 v=0.275 step_err=0.0222m/0.001rad track_err=0.0136m footprint=road:6.00px route=outer_left_lower_to_mid cmd_vel=(0.274,+0.042)
[gazebo_track_car-2] [INFO] [1780954773.842014466] [gazebo_track_car]: MOTION pos=(-2.193,-0.722) yaw=+1.588 v=0.280 step_err=0.0224m/0.000rad track_err=0.0127m footprint=road:6.00px route=outer_left_lower_to_mid cmd_vel=(0.279,-0.005)
[gazebo_track_car-2] [WARN] [1780954775.385342522] [gazebo_track_car]: JITTER events=11 reasons=speed_delta=0.030m/s pos=(-2.200,-0.293) step=0.0050/0.0000m yaw=0.001/0.000rad route=outer_left_lower_to_mid
[gazebo_track_car-2] [INFO] [1780954775.863956519] [gazebo_track_car]: MOTION pos=(-2.193,-0.190) yaw=+1.760 v=0.175 step_err=0.0140m/0.011rad track_err=0.0118m footprint=road:5.00px route=outer_left_lower_to_mid cmd_vel=(0.119,+0.664)
[gazebo_track_car-2] [WARN] [1780954776.686149286] [gazebo_track_car]: JITTER events=7 reasons=speed_delta=0.107m/s pos=(-2.187,-0.092) step=0.0039/0.0000m yaw=0.010/0.000rad route=outer_left_lower_to_mid
[gazebo_track_car-2] [INFO] [1780954777.146216269] [gazebo_track_car]: ROUTE_PROGRESS_SYNC actual=(-2.257,-0.073) cmd_error=0.061m route_dist=0.055m yaw_error=0.450rad segment=outer_left_lower_to_mid@1.760m->outer_left_lower_to_mid@1.733m
[gazebo_track_car-2] [WARN] [1780954777.666698868] [gazebo_track_car]: JITTER events=39 reasons=yaw_step_error=0.288rad,cmd_xy_error=0.1231m pos=(-2.326,-0.029) step=0.0033/0.0155m yaw=0.033/0.320rad route=outer_left_lower_to_mid
[gazebo_track_car-2] [INFO] [1780954777.866960937] [gazebo_track_car]: MOTION pos=(-2.336,+0.001) yaw=+0.864 v=0.160 step_err=0.0065m/0.368rad track_err=0.1339m footprint=road:3.00px route=outer_left_lower_to_mid cmd_vel=(0.098,-1.316)
[gazebo_track_car-2] [INFO] [1780954778.057733544] [gazebo_track_car]: route segment=outer_left_mid_to_middle_entry; previous=outer_left_lower_to_mid; distance=0.003m; decision=route/default: outer_left_mid_to_middle_entry
[gazebo_track_car-2] [WARN] [1780954778.666852326] [gazebo_track_car]: JITTER events=50 reasons=cmd_xy_error=0.1281m pos=(-2.258,+0.087) step=0.0050/0.0253m yaw=0.003/0.000rad route=outer_left_mid_to_middle_entry
[gazebo_track_car-2] [INFO] [1780954779.162882162] [gazebo_track_car]: route segment=inner_middle_cross; previous=outer_left_mid_to_middle_entry; distance=0.006m; decision=route/explore_branch visit=0: inner_middle_cross
[gazebo_track_car-2] [INFO] [1780954779.169008577] [gazebo_track_car]: ROUTE_PROGRESS_SYNC actual=(-2.195,+0.093) cmd_error=0.189m route_dist=0.006m yaw_error=0.155rad segment=inner_middle_cross@0.006m->inner_middle_cross@0.212m
[gazebo_track_car-2] [INFO] [1780954779.867443241] [gazebo_track_car]: MOTION pos=(-2.077,+0.193) yaw=+0.718 v=0.232 step_err=0.0187m/0.007rad track_err=0.0191m footprint=road:7.00px route=inner_middle_cross cmd_vel=(0.218,-0.438)
[gazebo_track_car-2] [WARN] [1780954780.489774727] [gazebo_track_car]: JITTER events=27 reasons=yaw_step_error=0.037rad pos=(-1.981,+0.284) step=0.0043/0.0208m yaw=0.011/0.048rad route=inner_middle_cross
[gazebo_track_car-2] [INFO] [1780954781.890901371] [gazebo_track_car]: MOTION pos=(-1.651,+0.365) yaw=+0.063 v=0.267 step_err=0.0219m/0.002rad track_err=0.0288m footprint=road:8.00px route=inner_middle_cross cmd_vel=(0.266,-0.087)
[gazebo_track_car-2] [WARN] [1780954782.070083642] [gazebo_track_car]: JITTER events=9 reasons=cmd_xy_error=0.0503m pos=(-1.603,+0.369) step=0.0053/0.0000m yaw=0.002/0.000rad route=inner_middle_cross
[gazebo_track_car-2] [INFO] [1780954782.553977263] [gazebo_track_car]: ROUTE_PROGRESS_SYNC actual=(-1.481,+0.378) cmd_error=0.063m route_dist=0.003m yaw_error=0.032rad segment=inner_middle_cross@0.995m->inner_middle_cross@1.059m
[gazebo_track_car-2] [WARN] [1780954782.993580695] [gazebo_track_car]: JITTER events=11 reasons=yaw_step_error=0.111rad pos=(-1.371,+0.377) step=0.0047/0.0235m yaw=0.006/0.117rad route=inner_middle_cross
[gazebo_track_car-2] [INFO] [1780954783.892535336] [gazebo_track_car]: MOTION pos=(-1.177,+0.348) yaw=-0.517 v=0.219 step_err=0.0182m/0.218rad track_err=0.0076m footprint=road:7.00px route=inner_middle_cross cmd_vel=(0.224,-0.403)
[gazebo_track_car-2] [WARN] [1780954783.992383752] [gazebo_track_car]: JITTER events=6 reasons=yaw_step_error=0.224rad pos=(-1.156,+0.339) step=0.0044/0.0226m yaw=0.008/0.232rad route=inner_middle_cross
[gazebo_track_car-2] [WARN] [1780954785.416541992] [gazebo_track_car]: JITTER events=2 reasons=yaw_step_error=0.230rad pos=(-0.928,+0.142) step=0.0049/0.0245m yaw=0.005/0.235rad route=inner_middle_cross
[gazebo_track_car-2] [INFO] [1780954785.915327525] [gazebo_track_car]: MOTION pos=(-0.917,+0.050) yaw=-0.942 v=0.161 step_err=0.0066m/0.034rad track_err=0.0418m footprint=road:6.40px route=inner_middle_cross cmd_vel=(0.050,+1.800)
[gazebo_track_car-2] [INFO] [1780954786.077129519] [gazebo_track_car]: ROUTE_PROGRESS_SYNC actual=(-0.928,+0.030) cmd_error=0.060m route_dist=0.037m yaw_error=0.904rad segment=inner_middle_cross@1.796m->inner_middle_cross@1.844m
[gazebo_track_car-2] [WARN] [1780954786.418429567] [gazebo_track_car]: JITTER events=34 reasons=yaw_step_error=0.032rad,cmd_xy_error=0.0647m pos=(-0.944,-0.012) step=0.0026/0.0000m yaw=0.032/0.000rad route=inner_middle_cross
[gazebo_track_car-2] [WARN] [1780954787.498278852] [gazebo_track_car]: JITTER events=32 reasons=cmd_xy_error=0.0537m pos=(-0.840,-0.029) step=0.0039/0.0000m yaw=0.012/0.000rad route=inner_middle_cross
[gazebo_track_car-2] [INFO] [1780954787.677691806] [gazebo_track_car]: ROUTE_PROGRESS_SYNC actual=(-0.822,+0.006) cmd_error=0.060m route_dist=0.045m yaw_error=0.303rad segment=inner_middle_cross@2.037m->inner_middle_cross@2.077m
[gazebo_track_car-2] [INFO] [1780954787.917579916] [gazebo_track_car]: MOTION pos=(-0.806,+0.063) yaw=+1.242 v=0.242 step_err=0.0022m/0.018rad track_err=0.0612m footprint=road:5.39px route=inner_middle_cross cmd_vel=(0.232,-0.323)
[gazebo_track_car-2] [WARN] [1780954789.337196932] [gazebo_track_car]: JITTER events=38 reasons=yaw_step_error=0.053rad pos=(-0.681,+0.320) step=0.0041/0.0194m yaw=0.013/0.066rad route=inner_middle_cross
[gazebo_track_car-2] [INFO] [1780954789.939745481] [gazebo_track_car]: MOTION pos=(-0.561,+0.372) yaw=+0.119 v=0.228 step_err=0.0177m/0.007rad track_err=0.0159m footprint=road:9.00px route=inner_middle_cross cmd_vel=(0.233,-0.322)
[gazebo_track_car-2] [WARN] [1780954791.173304182] [gazebo_track_car]: JITTER events=5 reasons=speed_delta=0.073m/s pos=(-0.239,+0.386) step=0.0047/0.0000m yaw=0.003/0.000rad route=inner_middle_cross
[gazebo_track_car-2] [INFO] [1780954791.954160496] [gazebo_track_car]: MOTION pos=(-0.036,+0.375) yaw=-0.138 v=0.240 step_err=0.0191m/0.005rad track_err=0.0147m footprint=road:8.20px route=inner_middle_cross cmd_vel=(0.226,-0.371)
[gazebo_track_car-2] [WARN] [1780954792.153564941] [gazebo_track_car]: JITTER events=3 reasons=yaw_step_error=0.210rad pos=(+0.009,+0.373) step=0.0044/0.0224m yaw=0.008/0.218rad route=inner_middle_cross
[gazebo_track_car-2] [WARN] [1780954793.340576952] [gazebo_track_car]: JITTER events=11 reasons=cmd_xy_error=0.0544m pos=(+0.251,+0.291) step=0.0048/0.0000m yaw=0.006/0.000rad route=inner_middle_cross
[gazebo_track_car-2] [INFO] [1780954793.957324017] [gazebo_track_car]: MOTION pos=(+0.364,+0.198) yaw=-0.897 v=0.215 step_err=0.0174m/0.010rad track_err=0.0373m footprint=road:8.40px route=inner_middle_cross cmd_vel=(0.204,-0.529)
[gazebo_track_car-2] [WARN] [1780954794.278136599] [gazebo_track_car]: JITTER events=12 reasons=speed_delta=0.041m/s pos=(+0.412,+0.149) step=0.0050/0.0000m yaw=0.004/0.000rad route=inner_middle_cross
[gazebo_track_car-2] [INFO] [1780954795.000985440] [gazebo_track_car]: ROUTE_PROGRESS_SYNC actual=(+0.439,+0.028) cmd_error=0.062m route_dist=0.051m yaw_error=0.940rad segment=inner_middle_cross@3.744m->inner_middle_cross@3.779m
[gazebo_track_car-2] [WARN] [1780954795.366719336] [gazebo_track_car]: JITTER events=35 reasons=cmd_xy_error=0.0766m pos=(+0.449,-0.015) step=0.0023/0.0051m yaw=0.027/0.047rad route=inner_middle_cross
[gazebo_track_car-2] [INFO] [1780954795.993098543] [gazebo_track_car]: MOTION pos=(+0.529,-0.026) yaw=+0.782 v=0.170 step_err=0.0134m/0.151rad track_err=0.0348m footprint=road:6.39px route=inner_middle_cross cmd_vel=(0.189,+0.657)
[gazebo_track_car-2] [INFO] [1780954796.271958236] [gazebo_track_car]: ROUTE_PROGRESS_SYNC actual=(+0.574,+0.008) cmd_error=0.063m route_dist=0.058m yaw_error=0.220rad segment=inner_middle_cross@3.984m->inner_middle_cross@4.009m
[gazebo_track_car-2] [WARN] [1780954796.410206427] [gazebo_track_car]: JITTER events=27 reasons=yaw_step_error=0.152rad,cmd_xy_error=0.0763m pos=(+0.595,+0.034) step=0.0050/0.0234m yaw=0.004/0.157rad route=inner_middle_cross
[gazebo_track_car-2] [WARN] [1780954797.613142281] [gazebo_track_car]: JITTER events=16 reasons=yaw_step_error=0.159rad pos=(+0.748,+0.257) step=0.0042/0.0203m yaw=0.011/0.170rad route=inner_middle_cross
[gazebo_track_car-2] [INFO] [1780954798.011919316] [gazebo_track_car]: MOTION pos=(+0.819,+0.306) yaw=+0.302 v=0.219 step_err=0.0175m/0.011rad track_err=0.0222m footprint=road:7.59px route=inner_middle_cross cmd_vel=(0.219,-0.439)
[gazebo_track_car-2] [INFO] [1780954800.015083201] [gazebo_track_car]: MOTION pos=(+1.326,+0.358) yaw=-0.025 v=0.278 step_err=0.0231m/0.000rad track_err=0.0065m footprint=road:8.00px route=inner_middle_cross cmd_vel=(0.278,+0.016)
[gazebo_track_car-2] [WARN] [1780954801.140905664] [gazebo_track_car]: JITTER events=5 reasons=speed_delta=0.069m/s,yaw_rate_delta=0.409rad/s pos=(+1.635,+0.352) step=0.0046/0.0000m yaw=0.003/0.000rad route=inner_middle_cross
[gazebo_track_car-2] [INFO] [1780954802.024694352] [gazebo_track_car]: MOTION pos=(+1.831,+0.350) yaw=-0.380 v=0.212 step_err=0.0165m/0.010rad track_err=0.0043m footprint=road:7.39px route=inner_middle_cross cmd_vel=(0.210,-0.505)
[gazebo_track_car-2] [WARN] [1780954802.124157370] [gazebo_track_car]: JITTER events=2 reasons=yaw_step_error=0.045rad pos=(+1.852,+0.345) step=0.0043/0.0212m yaw=0.010/0.055rad route=inner_middle_cross
[gazebo_track_car-2] [INFO] [1780954804.050622257] [gazebo_track_car]: MOTION pos=(+2.185,+0.094) yaw=-1.255 v=0.209 step_err=0.0163m/0.010rad track_err=0.0270m footprint=road:8.39px route=inner_middle_cross cmd_vel=(0.211,-0.485)
[gazebo_track_car-2] [WARN] [1780954804.147078798] [gazebo_track_car]: JITTER events=6 reasons=yaw_step_error=0.105rad pos=(+2.195,+0.075) step=0.0043/0.0217m yaw=0.010/0.114rad route=inner_middle_cross
[gazebo_track_car-2] [WARN] [1780954805.209314691] [gazebo_track_car]: JITTER events=16 reasons=cmd_xy_error=0.0527m pos=(+2.239,-0.175) step=0.0053/0.0000m yaw=0.002/0.000rad route=inner_middle_cross
[gazebo_track_car-2] [INFO] [1780954806.052865538] [gazebo_track_car]: MOTION pos=(+2.232,-0.406) yaw=-1.614 v=0.280 step_err=0.0227m/0.000rad track_err=0.0345m footprint=road:8.00px route=inner_middle_cross cmd_vel=(0.280,+0.002)
[gazebo_track_car-2] [WARN] [1780954806.211935997] [gazebo_track_car]: JITTER events=20 reasons=cmd_xy_error=0.0505m pos=(+2.230,-0.451) step=0.0056/0.0000m yaw=0.000/0.000rad route=inner_middle_cross
[gazebo_track_car-2] [INFO] [1780954806.646253643] [gazebo_track_car]: route segment=outer_right_mid_to_lower; previous=inner_middle_cross; distance=0.025m; decision=route/default: outer_right_mid_to_lower
[gazebo_track_car-2] [WARN] [1780954807.231909844] [gazebo_track_car]: JITTER events=13 reasons=cmd_xy_error=0.0539m pos=(+2.219,-0.735) step=0.0056/0.0000m yaw=0.000/0.000rad route=outer_right_mid_to_lower
[gazebo_track_car-2] [INFO] [1780954808.071452868] [gazebo_track_car]: MOTION pos=(+2.210,-0.970) yaw=-1.607 v=0.280 step_err=0.0232m/0.000rad track_err=0.0362m footprint=road:7.00px route=outer_right_mid_to_lower cmd_vel=(0.280,+0.002)
[gazebo_track_car-2] [WARN] [1780954808.231216971] [gazebo_track_car]: JITTER events=11 reasons=cmd_xy_error=0.0538m pos=(+2.208,-1.014) step=0.0056/0.0000m yaw=0.000/0.000rad route=outer_right_mid_to_lower
[gazebo_track_car-2] [WARN] [1780954809.231921034] [gazebo_track_car]: JITTER events=20 reasons=cmd_xy_error=0.0512m pos=(+2.198,-1.294) step=0.0056/0.0000m yaw=0.000/0.000rad route=outer_right_mid_to_lower
[gazebo_track_car-2] [INFO] [1780954810.074134838] [gazebo_track_car]: MOTION pos=(+2.190,-1.529) yaw=-1.607 v=0.280 step_err=0.0227m/0.000rad track_err=0.0338m footprint=road:7.20px route=outer_right_mid_to_lower cmd_vel=(0.262,-0.111)
[gazebo_track_car-2] [WARN] [1780954810.191646377] [gazebo_track_car]: JITTER events=21 reasons=speed_delta=0.033m/s pos=(+2.190,-1.559) step=0.0047/0.0000m yaw=0.005/0.000rad route=outer_right_mid_to_lower
[gazebo_track_car-2] [WARN] [1780954811.237576985] [gazebo_track_car]: JITTER events=6 reasons=cmd_xy_error=0.0514m pos=(+2.188,-1.739) step=0.0029/0.0000m yaw=0.016/0.000rad route=outer_right_mid_to_lower
[gazebo_track_car-2] [INFO] [1780954811.675050484] [gazebo_track_car]: ROUTE_PROGRESS_SYNC actual=(+2.157,-1.798) cmd_error=0.062m route_dist=0.023m yaw_error=1.035rad segment=outer_right_mid_to_lower@1.227m->outer_right_mid_to_lower@1.284m
[gazebo_track_car-2] [INFO] [1780954811.675895203] [gazebo_track_car]: route segment=outer_bottom_right_corner; previous=outer_right_mid_to_lower; distance=0.009m; decision=route/default: outer_bottom_right_corner
[gazebo_track_car-2] [INFO] [1780954812.095092501] [gazebo_track_car]: MOTION pos=(+2.091,-1.846) yaw=-2.938 v=0.208 step_err=0.0164m/0.188rad track_err=0.0217m footprint=road:7.00px route=outer_bottom_right_corner cmd_vel=(0.208,-0.518)
[gazebo_track_car-2] [WARN] [1780954812.195848454] [gazebo_track_car]: JITTER events=20 reasons=yaw_step_error=0.036rad pos=(+2.072,-1.854) step=0.0043/0.0197m yaw=0.010/0.046rad route=outer_bottom_right_corner
[gazebo_track_car-2] [INFO] [1780954813.384481234] [gazebo_track_car]: route segment=outer_bottom_right_to_bottom_right_mid; previous=outer_bottom_right_corner; distance=0.015m; decision=route/default: outer_bottom_right_to_bottom_right_mid
[gazebo_track_car-2] [INFO] [1780954814.100119127] [gazebo_track_car]: MOTION pos=(+1.579,-1.856) yaw=+3.112 v=0.272 step_err=0.0220m/0.001rad track_err=0.0196m footprint=road:8.00px route=outer_bottom_right_to_bottom_right_mid cmd_vel=(0.272,+0.053)
[gazebo_track_car-2] [INFO] [1780954816.105213011] [gazebo_track_car]: MOTION pos=(+1.026,-1.851) yaw=-3.137 v=0.279 step_err=0.0215m/0.000rad track_err=0.0173m footprint=road:8.00px route=outer_bottom_right_to_bottom_right_mid cmd_vel=(0.279,-0.008)
[gazebo_track_car-2] [INFO] [1780954816.501695857] [gazebo_track_car]: route segment=outer_bottom_right_mid_to_bottom_mid; previous=outer_bottom_right_to_bottom_right_mid; distance=0.008m; decision=route/default: outer_bottom_right_mid_to_bottom_mid
[gazebo_track_car-2] [INFO] [1780954818.124895040] [gazebo_track_car]: MOTION pos=(+0.463,-1.852) yaw=+3.141 v=0.279 step_err=0.0226m/0.000rad track_err=0.0196m footprint=road:8.00px route=outer_bottom_right_mid_to_bottom_mid cmd_vel=(0.279,-0.005)
[gazebo_track_car-2] [INFO] [1780954820.019007497] [gazebo_track_car]: route segment=outer_bottom_mid_to_bottom_left_mid; previous=outer_bottom_right_mid_to_bottom_mid; distance=0.003m; decision=route/default: outer_bottom_mid_to_bottom_left_mid
[gazebo_track_car-2] [INFO] [1780954820.128441188] [gazebo_track_car]: MOTION pos=(-0.096,-1.852) yaw=+3.140 v=0.279 step_err=0.0226m/0.000rad track_err=0.0177m footprint=road:8.00px route=outer_bottom_mid_to_bottom_left_mid cmd_vel=(0.280,+0.003)
[gazebo_track_car-2] [INFO] [1780954822.150253729] [gazebo_track_car]: MOTION pos=(-0.661,-1.851) yaw=-3.141 v=0.280 step_err=0.0227m/0.000rad track_err=0.0197m footprint=road:8.00px route=outer_bottom_mid_to_bottom_left_mid cmd_vel=(0.280,-0.000)
[gazebo_track_car-2] [INFO] [1780954823.539525505] [gazebo_track_car]: route segment=outer_bottom_left_mid_to_bottom_left; previous=outer_bottom_mid_to_bottom_left_mid; distance=0.003m; decision=route/default: outer_bottom_left_mid_to_bottom_left
[gazebo_track_car-2] [INFO] [1780954824.151650487] [gazebo_track_car]: MOTION pos=(-1.220,-1.852) yaw=-3.141 v=0.279 step_err=0.0229m/0.000rad track_err=0.0175m footprint=road:8.00px route=outer_bottom_left_mid_to_bottom_left cmd_vel=(0.279,-0.006)
[gazebo_track_car-2] [INFO] [1780954826.155214600] [gazebo_track_car]: MOTION pos=(-1.778,-1.852) yaw=+3.141 v=0.279 step_err=0.0056m/0.000rad track_err=0.0421m footprint=road:8.00px route=outer_bottom_left_mid_to_bottom_left cmd_vel=(0.279,-0.005)
[gazebo_track_car-2] [WARN] [1780954826.393850611] [gazebo_track_car]: JITTER events=1 reasons=speed_delta=0.046m/s pos=(-1.844,-1.852) step=0.0048/0.0000m yaw=0.004/0.000rad route=outer_bottom_left_mid_to_bottom_left
[gazebo_track_car-2] [INFO] [1780954826.456942756] [gazebo_track_car]: route segment=outer_bottom_left_corner; previous=outer_bottom_left_mid_to_bottom_left; distance=0.017m; decision=route/default: outer_bottom_left_corner
[gazebo_track_car-2] [WARN] [1780954827.678098452] [gazebo_track_car]: JITTER events=1 reasons=yaw_step_error=0.107rad pos=(-2.073,-1.852) step=0.0030/0.0132m yaw=0.016/0.123rad route=outer_bottom_left_corner
[gazebo_track_car-2] [INFO] [1780954828.180788308] [gazebo_track_car]: MOTION pos=(-2.140,-1.808) yaw=+1.992 v=0.179 step_err=0.0115m/0.062rad track_err=0.0455m footprint=road:7.00px route=outer_bottom_left_corner cmd_vel=(0.181,-0.701)
[gazebo_track_car-2] [INFO] [1780954828.574294715] [gazebo_track_car]: ROUTE_PROGRESS_SYNC actual=(-2.181,-1.741) cmd_error=0.064m route_dist=0.064m yaw_error=0.841rad segment=outer_bottom_left_corner@0.366m->outer_bottom_left_corner@0.371m
[gazebo_track_car-2] [INFO] [1780954828.669019122] [gazebo_track_car]: route segment=outer_left_lower_to_mid; previous=outer_bottom_left_corner; distance=0.021m; decision=route/default: outer_left_lower_to_mid
[gazebo_track_car-2] [WARN] [1780954828.672383142] [gazebo_track_car]: JITTER events=31 reasons=cmd_xy_error=0.0628m pos=(-2.188,-1.721) step=0.0043/0.0213m yaw=0.011/0.000rad route=outer_left_lower_to_mid
[gazebo_track_car-2] [INFO] [1780954830.180873267] [gazebo_track_car]: MOTION pos=(-2.193,-1.327) yaw=+1.548 v=0.274 step_err=0.0221m/0.001rad track_err=0.0069m footprint=road:5.00px route=outer_left_lower_to_mid cmd_vel=(0.273,+0.044)
[gazebo_track_car-2] [INFO] [1780954832.193604567] [gazebo_track_car]: MOTION pos=(-2.192,-0.768) yaw=+1.588 v=0.279 step_err=0.0237m/0.000rad track_err=0.0012m footprint=road:6.00px route=outer_left_lower_to_mid cmd_vel=(0.279,-0.007)
[gazebo_track_car-2] [WARN] [1780954834.036039713] [gazebo_track_car]: JITTER events=10 reasons=speed_delta=0.061m/s pos=(-2.200,-0.257) step=0.0045/0.0000m yaw=0.001/0.000rad route=outer_left_lower_to_mid
[gazebo_track_car-2] [INFO] [1780954834.200727711] [gazebo_track_car]: MOTION pos=(-2.197,-0.222) yaw=+1.648 v=0.208 step_err=0.0042m/0.009rad track_err=0.0194m footprint=road:5.00px route=outer_left_lower_to_mid cmd_vel=(0.205,+0.504)
[gazebo_track_car-2] [WARN] [1780954835.018430918] [gazebo_track_car]: JITTER events=12 reasons=yaw_step_error=0.027rad pos=(-2.174,-0.105) step=0.0029/0.0095m yaw=0.027/0.000rad route=outer_left_lower_to_mid
[gazebo_track_car-2] [INFO] [1780954835.764515188] [gazebo_track_car]: ROUTE_PROGRESS_SYNC actual=(-2.257,-0.069) cmd_error=0.060m route_dist=0.055m yaw_error=0.635rad segment=outer_left_lower_to_mid@1.762m->outer_left_lower_to_mid@1.736m
[gazebo_track_car-2] [WARN] [1780954836.021423262] [gazebo_track_car]: JITTER events=27 reasons=yaw_step_error=0.035rad,cmd_xy_error=0.0921m pos=(-2.294,-0.071) step=0.0031/0.0111m yaw=0.035/0.000rad route=outer_left_lower_to_mid
[gazebo_track_car-2] [INFO] [1780954836.222789588] [gazebo_track_car]: MOTION pos=(-2.320,-0.062) yaw=+1.458 v=0.140 step_err=0.0022m/0.033rad track_err=0.1183m footprint=road:5.00px route=outer_left_lower_to_mid cmd_vel=(0.050,-1.800)
[gazebo_track_car-2] [INFO] [1780954836.913796272] [gazebo_track_car]: route segment=outer_left_mid_to_middle_entry; previous=outer_left_lower_to_mid; distance=0.001m; decision=route/default: outer_left_mid_to_middle_entry
[gazebo_track_car-2] [WARN] [1780954837.126632371] [gazebo_track_car]: JITTER events=55 reasons=yaw_step_error=0.085rad,cmd_xy_error=0.0728m pos=(-2.304,+0.042) step=0.0022/0.0099m yaw=0.015/0.100rad route=outer_left_mid_to_middle_entry
[gazebo_track_car-2] [WARN] [1780954838.125748572] [gazebo_track_car]: JITTER events=50 reasons=cmd_xy_error=0.1776m pos=(-2.192,+0.088) step=0.0022/0.0100m yaw=0.016/0.000rad route=outer_left_mid_to_middle_entry
[gazebo_track_car-2] [INFO] [1780954838.225332450] [gazebo_track_car]: MOTION pos=(-2.189,+0.100) yaw=+1.853 v=0.119 step_err=0.0086m/0.013rad track_err=0.2000m footprint=road:5.79px route=outer_left_mid_to_middle_entry cmd_vel=(0.141,+0.605)
[gazebo_track_car-2] [INFO] [1780954838.320339074] [gazebo_track_car]: route segment=outer_left_middle_entry_to_upper; previous=outer_left_mid_to_middle_entry; distance=0.011m; decision=route/explore_branch visit=0: outer_left_middle_entry_to_upper
[gazebo_track_car-2] [INFO] [1780954838.325395771] [gazebo_track_car]: ROUTE_PROGRESS_SYNC actual=(-2.189,+0.114) cmd_error=0.207m route_dist=0.061m yaw_error=0.343rad segment=outer_left_middle_entry_to_upper@0.011m->outer_left_middle_entry_to_upper@0.208m
[gazebo_track_car-2] [INFO] [1780954840.250363127] [gazebo_track_car]: MOTION pos=(-2.261,+0.571) yaw=+1.535 v=0.278 step_err=0.0229m/0.000rad track_err=0.0132m footprint=road:8.00px route=outer_left_middle_entry_to_upper cmd_vel=(0.280,+0.001)
