[INFO] [launch]: All log files can be found below /home/quocbao/.ros/log/2026-06-08-22-50-35-211404-ubuntu-35522
[INFO] [launch]: Default logging verbosity is set to INFO
[INFO] [gzserver-1]: process started with pid [35538]
[INFO] [gazebo_track_car-2]: process started with pid [35540]
[gazebo_track_car-2] [INFO] [1780984235.807594438] [gazebo_track_car]: [MAP_TRANSFORM] image=256x256 path=/home/quocbao/my_robot_vision_full_project/my_robot_vision/models/autonomous_map_3d/materials/textures/autonomous_map_visual.png map_size=6.000x6.000m px_per_m_x=42.667 px_per_m_y=42.667 route_offset=(+0.000,+0.000)m map_visual_offset=(+0.000,+0.300)m
[gazebo_track_car-2] [INFO] [1780984235.954749684] [gazebo_track_car]: [FOOTPRINT_CHECK] samples=1588 center_off_road=0 center_outside_safe=1005 failures=0 min_footprint_clearance=3.20px footprint=front:0.165m rear:0.145m half_width:0.115m
[gazebo_track_car-2] [INFO] [1780984235.955157713] [gazebo_track_car]: [FOOTPRINT_CHECK] overlays=/tmp/gazebo_route_mask_debug.png, /tmp/gazebo_route_centerline_debug.png, /tmp/gazebo_route_footprint_debug.png
[gazebo_track_car-2] [INFO] [1780984236.050605364] [gazebo_track_car]: SAFE_ROUTE_VERSION=semantic_parking_spawn_turn_guard_v31; direction=reversed to match map arrows; clearance=12px; drive_wheels=True; route_offset=(+0.000,+0.000)m; start_distance=0.000m; route_explore=True branch_probability=0.35; sign_detection=off roi=0.08-0.82; map_visual_offset=(+0.000,+0.300)m; base_speed=0.28m/s speed_limit=0.14m/s; traffic_light=fixed state=green green=5.0s yellow=1.0s red=8.0s trigger_distance=1.70m stop_distance=0.85m min_stop=2.0s camera=off topic=/track_preview_car/camera/image_raw fill>=0.42 slow_area>=45px stop_area>=160px distance_gate=on; camera_sign_templates=5 sign_score>=0.32 sign_stable=2; wheel_controller lookahead=0.32m parking_lookahead=0.20m heading_gain=3.80 max_wz=2.80rad/s rotate_heading>1.05rad; nearest_route=True nearest_dist<=0.65m; yaw_limits=1.80rad/s/4.00rad/s2; route_rejoin=False outer_only=True cmd_error>0.30m max_route_dist=0.55m; progress_sync=True cmd_error>0.06m route_dist<=0.20m yaw<=1.20rad; initial_pose_reset=True tol=0.12m/0.35rad; segments=18; route_points=36.
[gazebo_track_car-2] [INFO] [1780984236.050939433] [gazebo_track_car]: Motion log uses /model_states and /track_preview_car/cmd_vel: MOTION every 2.00s, JITTER at most every 1.00s, verbose=False; jitter thresholds xy_step_delta=0.0060m, cmd_error=0.050m, z_delta=0.0005m, tilt=0.0030rad, speed_delta=0.030m/s, yaw_step_error=0.025rad, yaw_rate_delta=0.400rad/s.
[gzserver-1] [INFO] [1780984237.405585448] [track_preview_car.front_camera_controller]: Publishing camera info to [/track_preview_car/camera/camera_info]
[gzserver-1] [INFO] [1780984237.417552368] [gazebo_ros_state]: Publishing states of gazebo models at [/model_states]
[gzserver-1] [INFO] [1780984237.417813841] [gazebo_ros_state]: Publishing states of gazebo links at [/link_states]
[gzserver-1] [INFO] [1780984237.431953922] [track_preview_car.track_preview_car_diff_drive]: Wheel pair 1 separation set to [0.176000m]
[gzserver-1] [INFO] [1780984237.432012512] [track_preview_car.track_preview_car_diff_drive]: Wheel pair 1 diameter set to [0.060000m]
[gzserver-1] [INFO] [1780984237.432765040] [track_preview_car.track_preview_car_diff_drive]: Subscribed to [/track_preview_car/cmd_vel]
[gzserver-1] [INFO] [1780984237.433414975] [track_preview_car.track_preview_car_diff_drive]: Advertise odometry on [/track_preview_car/odom]
[gazebo_track_car-2] [INFO] [1780984237.461155844] [gazebo_track_car]: initial pose reset to configured route start; actual=(+1.828,+2.180) yaw=+0.000 target=(+2.180,+1.805) yaw=-1.571 error=0.514m/1.571rad segment=flat_left_mid_to_top_reverse
[gazebo_track_car-2] [INFO] [1780984237.509300687] [gazebo_track_car]: traffic light is now GREEN.
[gazebo_track_car-2] [WARN] [1780984237.509871493] [gazebo_track_car]: Waiting for /model_states pose before publishing wheel commands.
[gazebo_track_car-2] [INFO] [1780984237.811608200] [gazebo_track_car]: wheel controller synced route progress from initial model pose; segment=flat_left_mid_to_top_reverse@0.000m route_dist=0.000m startup_gate=1.250m
[gazebo_track_car-2] [INFO] [1780984239.522774286] [gazebo_track_car]: MOTION pos=(+2.180,+1.364) yaw=-1.571 v=0.280 step_err=0.0252m/0.000rad track_err=0.0014m footprint=road:6.00px route=flat_left_mid_to_top_reverse cmd_vel=(0.280,-0.000)
[gazebo_track_car-2] [INFO] [1780984241.548310080] [gazebo_track_car]: MOTION pos=(+2.180,+0.798) yaw=-1.571 v=0.280 step_err=0.0221m/0.000rad track_err=0.0059m footprint=road:6.00px route=flat_left_mid_to_top_reverse cmd_vel=(0.280,+0.000)
[gazebo_track_car-2] [INFO] [1780984243.440649772] [gazebo_track_car]: route segment=flat_left_lower_to_mid_reverse; previous=flat_left_mid_to_top_reverse; distance=0.009m; decision=route/explore_coverage visit=0: flat_left_lower_to_mid_reverse
[gazebo_track_car-2] [INFO] [1780984243.553353297] [gazebo_track_car]: MOTION pos=(+2.180,+0.238) yaw=-1.571 v=0.280 step_err=0.0232m/0.000rad track_err=0.0048m footprint=road:9.20px route=flat_left_lower_to_mid_reverse cmd_vel=(0.280,-0.000)
[gazebo_track_car-2] [INFO] [1780984245.553305987] [gazebo_track_car]: MOTION pos=(+2.180,-0.321) yaw=-1.571 v=0.280 step_err=0.0216m/0.000rad track_err=0.0006m footprint=road:6.00px route=flat_left_lower_to_mid_reverse cmd_vel=(0.280,-0.000)
[gazebo_track_car-2] [INFO] [1780984247.575649921] [gazebo_track_car]: MOTION pos=(+2.180,-0.887) yaw=-1.571 v=0.280 step_err=0.0230m/0.000rad track_err=0.0053m footprint=road:6.00px route=flat_left_lower_to_mid_reverse cmd_vel=(0.280,+0.000)
[gazebo_track_car-2] [INFO] [1780984249.579972129] [gazebo_track_car]: MOTION pos=(+2.188,-1.401) yaw=-1.919 v=0.195 step_err=0.0153m/0.014rad track_err=0.0100m footprint=road:6.20px route=flat_left_lower_to_mid_reverse cmd_vel=(0.184,-0.715)
[gazebo_track_car-2] [WARN] [1780984249.981512623] [gazebo_track_car]: JITTER events=4 reasons=yaw_step_error=0.067rad pos=(+2.172,-1.478) step=0.0040/0.0190m yaw=0.013/0.080rad route=flat_left_lower_to_mid_reverse
[gazebo_track_car-2] [INFO] [1780984250.173190306] [gazebo_track_car]: route segment=flat_bottom_left_corner_reverse; previous=flat_left_lower_to_mid_reverse; distance=0.020m; decision=route/wheel_nearest: flat_bottom_left_corner_reverse
[gazebo_track_car-2] [INFO] [1780984251.581784906] [gazebo_track_car]: MOTION pos=(+1.914,-1.704) yaw=-2.925 v=0.230 step_err=0.0046m/0.007rad track_err=0.0273m footprint=road:4.00px route=flat_bottom_left_corner_reverse cmd_vel=(0.229,-0.364)
[gazebo_track_car-2] [WARN] [1780984251.701780971] [gazebo_track_car]: JITTER events=3 reasons=yaw_step_error=0.075rad pos=(+1.887,-1.712) step=0.0047/0.0237m yaw=0.007/0.082rad route=flat_bottom_left_corner_reverse
[gazebo_track_car-2] [INFO] [1780984251.883128110] [gazebo_track_car]: route segment=flat_bottom_center_to_bottom_left_reverse; previous=flat_bottom_left_corner_reverse; distance=0.024m; decision=route/wheel_nearest: flat_bottom_center_to_bottom_left_reverse
[gazebo_track_car-2] [INFO] [1780984253.601372778] [gazebo_track_car]: MOTION pos=(+1.387,-1.739) yaw=+3.121 v=0.278 step_err=0.0233m/0.000rad track_err=0.0067m footprint=road:4.00px route=flat_bottom_center_to_bottom_left_reverse cmd_vel=(0.277,+0.019)
[gazebo_track_car-2] [INFO] [1780984255.602279781] [gazebo_track_car]: MOTION pos=(+0.831,-1.734) yaw=-3.140 v=0.280 step_err=0.0218m/0.000rad track_err=0.0053m footprint=road:4.00px route=flat_bottom_center_to_bottom_left_reverse cmd_vel=(0.280,+0.001)
[gazebo_track_car-2] [INFO] [1780984257.629789478] [gazebo_track_car]: MOTION pos=(+0.267,-1.735) yaw=-3.141 v=0.279 step_err=0.0223m/0.000rad track_err=0.0056m footprint=road:4.00px route=flat_bottom_center_to_bottom_left_reverse cmd_vel=(0.279,-0.006)
[gazebo_track_car-2] [WARN] [1780984259.348920346] [gazebo_track_car]: JITTER events=3 reasons=speed_delta=0.057m/s,yaw_rate_delta=0.443rad/s pos=(-0.212,-1.735) step=0.0048/0.0000m yaw=0.004/0.000rad route=flat_bottom_center_to_bottom_left_reverse
[gazebo_track_car-2] [INFO] [1780984259.643688940] [gazebo_track_car]: MOTION pos=(-0.282,-1.740) yaw=+3.046 v=0.208 step_err=0.0192m/0.010rad track_err=0.0093m footprint=road:6.39px route=flat_bottom_center_to_bottom_left_reverse cmd_vel=(0.177,-0.717)
[gazebo_track_car-2] [INFO] [1780984260.831585668] [gazebo_track_car]: route segment=flat_mid_center_to_bottom_center_reverse; previous=flat_bottom_center_to_bottom_left_reverse; distance=0.017m; decision=route/wheel_nearest: flat_mid_center_to_bottom_center_reverse
[gazebo_track_car-2] [INFO] [1780984260.850186413] [gazebo_track_car]: ROUTE_PROGRESS_SYNC actual=(-0.452,-1.722) cmd_error=0.063m route_dist=0.063m yaw_error=0.541rad segment=flat_mid_center_to_bottom_center_reverse@0.010m->flat_mid_center_to_bottom_center_reverse@0.012m
[gazebo_track_car-2] [WARN] [1780984260.850719498] [gazebo_track_car]: JITTER events=3 reasons=yaw_step_error=1.553rad,cmd_xy_error=0.0633m pos=(-0.452,-1.722) step=0.0034/0.0813m yaw=0.017/1.571rad route=flat_mid_center_to_bottom_center_reverse
[gazebo_track_car-2] [INFO] [1780984261.651049940] [gazebo_track_car]: MOTION pos=(-0.529,-1.577) yaw=+1.636 v=0.232 step_err=0.0233m/0.007rad track_err=0.0137m footprint=road:9.20px route=flat_mid_center_to_bottom_center_reverse cmd_vel=(0.236,-0.309)
[gazebo_track_car-2] [INFO] [1780984263.765059907] [gazebo_track_car]: MOTION pos=(-0.517,-1.015) yaw=+1.557 v=0.274 step_err=0.0277m/0.001rad track_err=0.0053m footprint=road:8.00px route=flat_mid_center_to_bottom_center_reverse cmd_vel=(0.275,+0.033)
[gazebo_track_car-2] [INFO] [1780984265.757036667] [gazebo_track_car]: MOTION pos=(-0.515,-0.459) yaw=+1.574 v=0.278 step_err=0.0217m/0.000rad track_err=0.0056m footprint=road:8.00px route=flat_mid_center_to_bottom_center_reverse cmd_vel=(0.279,-0.009)
[gazebo_track_car-2] [WARN] [1780984267.399160587] [gazebo_track_car]: JITTER events=5 reasons=speed_delta=0.057m/s,yaw_rate_delta=0.436rad/s pos=(-0.517,-0.002) step=0.0048/0.0000m yaw=0.004/0.000rad route=flat_mid_center_to_bottom_center_reverse
[gazebo_track_car-2] [INFO] [1780984267.778868384] [gazebo_track_car]: MOTION pos=(-0.526,+0.074) yaw=+1.372 v=0.166 step_err=0.0133m/0.014rad track_err=0.0116m footprint=road:9.39px route=flat_mid_center_to_bottom_center_reverse cmd_vel=(0.136,-0.804)
[gazebo_track_car-2] [WARN] [1780984268.782603992] [gazebo_track_car]: JITTER events=1 reasons=yaw_step_error=0.075rad pos=(-0.508,+0.211) step=0.0031/0.0138m yaw=0.016/0.091rad route=flat_mid_top_to_mid_center_reverse
[gazebo_track_car-2] [INFO] [1780984268.868729840] [gazebo_track_car]: route segment=flat_mid_top_to_mid_center_reverse; previous=flat_mid_center_to_bottom_center_reverse; distance=0.023m; decision=route/wheel_nearest: flat_mid_top_to_mid_center_reverse
[gazebo_track_car-2] [INFO] [1780984269.784291592] [gazebo_track_car]: MOTION pos=(-0.322,+0.300) yaw=+0.019 v=0.239 step_err=0.0194m/0.005rad track_err=0.0191m footprint=road:7.59px route=flat_mid_top_to_mid_center_reverse cmd_vel=(0.246,-0.230)
[gazebo_track_car-2] [WARN] [1780984271.715327684] [gazebo_track_car]: JITTER events=4 reasons=speed_delta=0.036m/s pos=(+0.195,+0.283) step=0.0049/0.0000m yaw=0.001/0.000rad route=flat_mid_top_to_mid_center_reverse
[gazebo_track_car-2] [INFO] [1780984271.896746295] [gazebo_track_car]: MOTION pos=(+0.238,+0.279) yaw=+0.032 v=0.220 step_err=0.0181m/0.008rad track_err=0.0055m footprint=road:5.00px route=flat_mid_top_to_mid_center_reverse cmd_vel=(0.195,+0.598)
[gazebo_track_car-2] [INFO] [1780984273.190972070] [gazebo_track_car]: route segment=flat_top_center_to_mid_top_reverse; previous=flat_mid_top_to_mid_center_reverse; distance=0.017m; decision=route/wheel_nearest: flat_top_center_to_mid_top_reverse
[gazebo_track_car-2] [INFO] [1780984273.193707164] [gazebo_track_car]: ROUTE_PROGRESS_SYNC actual=(+0.426,+0.292) cmd_error=0.066m route_dist=0.066m yaw_error=0.535rad segment=flat_top_center_to_mid_top_reverse@0.009m->flat_top_center_to_mid_top_reverse@0.011m
[gazebo_track_car-2] [WARN] [1780984273.194455674] [gazebo_track_car]: JITTER events=2 reasons=yaw_step_error=1.553rad,cmd_xy_error=0.0662m pos=(+0.426,+0.292) step=0.0034/0.0830m yaw=0.017/1.571rad route=flat_top_center_to_mid_top_reverse
[gazebo_track_car-2] [INFO] [1780984273.899640174] [gazebo_track_car]: MOTION pos=(+0.496,+0.414) yaw=+1.465 v=0.224 step_err=0.0172m/0.008rad track_err=0.0054m footprint=road:9.20px route=flat_top_center_to_mid_top_reverse cmd_vel=(0.231,+0.343)
[gazebo_track_car-2] [INFO] [1780984275.902038621] [gazebo_track_car]: MOTION pos=(+0.495,+0.944) yaw=+1.590 v=0.274 step_err=0.0055m/0.001rad track_err=0.0275m footprint=road:7.00px route=flat_top_center_to_mid_top_reverse cmd_vel=(0.274,-0.041)
[gazebo_track_car-2] [INFO] [1780984277.924786222] [gazebo_track_car]: MOTION pos=(+0.491,+1.505) yaw=+1.567 v=0.280 step_err=0.0215m/0.000rad track_err=0.0057m footprint=road:7.00px route=flat_top_center_to_mid_top_reverse cmd_vel=(0.280,+0.003)
[gazebo_track_car-2] [WARN] [1780984279.345437359] [gazebo_track_car]: JITTER events=6 reasons=speed_delta=0.072m/s pos=(+0.492,+1.900) step=0.0044/0.0000m yaw=0.001/0.000rad route=flat_top_center_to_mid_top_reverse
[gazebo_track_car-2] [INFO] [1780984279.926440576] [gazebo_track_car]: MOTION pos=(+0.477,+2.003) yaw=+1.215 v=0.142 step_err=0.0112m/0.017rad track_err=0.0155m footprint=road:10.98px route=flat_top_center_to_mid_top_reverse cmd_vel=(0.119,-0.858)
[gazebo_track_car-2] [INFO] [1780984280.723819435] [gazebo_track_car]: route segment=flat_top_left_to_top_center_reverse; previous=flat_top_center_to_mid_top_reverse; distance=0.017m; decision=route/wheel_nearest: flat_top_left_to_top_center_reverse
[gazebo_track_car-2] [INFO] [1780984280.725433978] [gazebo_track_car]: ROUTE_PROGRESS_SYNC actual=(+0.503,+2.114) cmd_error=0.066m route_dist=0.065m yaw_error=0.553rad segment=flat_top_left_to_top_center_reverse@0.009m->flat_top_left_to_top_center_reverse@0.011m
[gazebo_track_car-2] [WARN] [1780984280.725931666] [gazebo_track_car]: JITTER events=2 reasons=yaw_step_error=1.555rad,cmd_xy_error=0.0655m pos=(+0.503,+2.114) step=0.0034/0.0831m yaw=0.016/1.571rad route=flat_top_left_to_top_center_reverse
[gazebo_track_car-2] [INFO] [1780984281.949288391] [gazebo_track_car]: MOTION pos=(+0.746,+2.203) yaw=-0.031 v=0.256 step_err=0.0203m/0.003rad track_err=0.0238m footprint=road:8.00px route=flat_top_left_to_top_center_reverse cmd_vel=(0.260,-0.132)
[gazebo_track_car-2] [INFO] [1780984283.950043233] [gazebo_track_car]: MOTION pos=(+1.291,+2.179) yaw=-0.006 v=0.276 step_err=0.0218m/0.001rad track_err=0.0052m footprint=road:8.00px route=flat_top_left_to_top_center_reverse cmd_vel=(0.276,+0.024)
[gazebo_track_car-2] [WARN] [1780984284.874816070] [gazebo_track_car]: JITTER events=6 reasons=speed_delta=0.049m/s pos=(+1.546,+2.179) step=0.0049/0.0000m yaw=0.004/0.000rad route=flat_top_left_to_top_center_reverse
[gazebo_track_car-2] [WARN] [1780984285.853971904] [gazebo_track_car]: JITTER events=1 reasons=yaw_step_error=0.055rad pos=(+1.759,+2.174) step=0.0042/0.0222m yaw=0.011/0.066rad route=flat_top_left_to_top_center_reverse
[gazebo_track_car-2] [INFO] [1780984285.953603477] [gazebo_track_car]: MOTION pos=(+1.779,+2.168) yaw=-0.500 v=0.217 step_err=0.0165m/0.202rad track_err=0.0126m footprint=road:7.00px route=flat_top_left_corner_reverse cmd_vel=(0.215,-0.502)
[gazebo_track_car-2] [INFO] [1780984286.051071919] [gazebo_track_car]: route segment=flat_top_left_corner_reverse; previous=flat_top_left_to_top_center_reverse; distance=0.022m; decision=route/wheel_nearest: flat_top_left_corner_reverse
[gazebo_track_car-2] [WARN] [1780984287.094421433] [gazebo_track_car]: JITTER events=3 reasons=speed_delta=0.038m/s pos=(+2.001,+2.013) step=0.0045/0.0000m yaw=0.007/0.000rad route=flat_top_left_corner_reverse
[gazebo_track_car-2] [INFO] [1780984287.974947802] [gazebo_track_car]: MOTION pos=(+2.127,+1.867) yaw=-1.235 v=0.222 step_err=0.0174m/0.009rad track_err=0.0058m footprint=road:5.20px route=flat_top_left_corner_reverse cmd_vel=(0.217,-0.450)
[gazebo_track_car-2] [WARN] [1780984288.077113981] [gazebo_track_car]: JITTER events=1 reasons=yaw_step_error=0.131rad pos=(+2.137,+1.847) step=0.0044/0.0212m yaw=0.009/0.140rad route=flat_top_left_corner_reverse
[gazebo_track_car-2] [INFO] [1780984288.263568932] [gazebo_track_car]: route segment=flat_left_mid_to_top_reverse; previous=flat_top_left_corner_reverse; distance=0.023m; decision=route/wheel_nearest: flat_left_mid_to_top_reverse
[gazebo_track_car-2] [INFO] [1780984289.987624053] [gazebo_track_car]: MOTION pos=(+2.187,+1.368) yaw=-1.599 v=0.278 step_err=0.0189m/0.000rad track_err=0.0080m footprint=road:6.00px route=flat_left_mid_to_top_reverse cmd_vel=(0.278,+0.015)
[gazebo_track_car-2] [INFO] [1780984291.994739255] [gazebo_track_car]: MOTION pos=(+2.179,+0.813) yaw=-1.570 v=0.279 step_err=0.0232m/0.000rad track_err=0.0048m footprint=road:6.00px route=flat_left_mid_to_top_reverse cmd_vel=(0.279,+0.004)
[gazebo_track_car-2] [INFO] [1780984293.995745910] [gazebo_track_car]: route segment=flat_left_lower_to_mid_reverse; previous=flat_left_mid_to_top_reverse; distance=0.020m; decision=route/explore_coverage visit=1: flat_left_lower_to_mid_reverse
[gazebo_track_car-2] [INFO] [1780984294.000238270] [gazebo_track_car]: MOTION pos=(+2.180,+0.255) yaw=-1.570 v=0.279 step_err=0.0209m/0.000rad track_err=0.0061m footprint=road:9.80px route=flat_left_lower_to_mid_reverse cmd_vel=(0.279,-0.007)
[gazebo_track_car-2] [INFO] [1780984296.022139724] [gazebo_track_car]: MOTION pos=(+2.180,-0.309) yaw=-1.571 v=0.279 step_err=0.0226m/0.000rad track_err=0.0056m footprint=road:6.00px route=flat_left_lower_to_mid_reverse cmd_vel=(0.279,-0.004)
[gazebo_track_car-2] [INFO] [1780984298.025959644] [gazebo_track_car]: MOTION pos=(+2.180,-0.868) yaw=-1.572 v=0.280 step_err=0.0218m/0.000rad track_err=0.0059m footprint=road:6.00px route=flat_left_lower_to_mid_reverse cmd_vel=(0.280,+0.003)
[gazebo_track_car-2] [WARN] [1780984299.448571864] [gazebo_track_car]: JITTER events=3 reasons=speed_delta=0.056m/s pos=(+2.180,-1.264) step=0.0047/0.0000m yaw=0.003/0.000rad route=flat_left_lower_to_mid_reverse
[gazebo_track_car-2] [INFO] [1780984300.045228045] [gazebo_track_car]: MOTION pos=(+2.189,-1.390) yaw=-1.871 v=0.194 step_err=0.0145m/0.013rad track_err=0.0103m footprint=road:6.59px route=flat_left_lower_to_mid_reverse cmd_vel=(0.182,-0.731)
[gazebo_track_car-2] [WARN] [1780984300.547222669] [gazebo_track_car]: JITTER events=1 reasons=yaw_step_error=0.171rad pos=(+2.170,-1.485) step=0.0040/0.0196m yaw=0.013/0.185rad route=flat_bottom_left_corner_reverse
[gazebo_track_car-2] [INFO] [1780984300.630587720] [gazebo_track_car]: route segment=flat_bottom_left_corner_reverse; previous=flat_left_lower_to_mid_reverse; distance=0.020m; decision=route/wheel_nearest: flat_bottom_left_corner_reverse
[gazebo_track_car-2] [INFO] [1780984302.048051126] [gazebo_track_car]: MOTION pos=(+1.927,-1.699) yaw=-2.901 v=0.229 step_err=0.0184m/0.007rad track_err=0.0157m footprint=road:4.00px route=flat_bottom_left_corner_reverse cmd_vel=(0.229,-0.358)
[gazebo_track_car-2] [WARN] [1780984302.249829571] [gazebo_track_car]: JITTER events=2 reasons=yaw_step_error=0.095rad pos=(+1.883,-1.713) step=0.0047/0.0226m yaw=0.006/0.101rad route=flat_bottom_left_corner_reverse
[gazebo_track_car-2] [INFO] [1780984302.440410086] [gazebo_track_car]: route segment=flat_bottom_center_to_bottom_left_reverse; previous=flat_bottom_left_corner_reverse; distance=0.024m; decision=route/wheel_nearest: flat_bottom_center_to_bottom_left_reverse
[gazebo_track_car-2] [INFO] [1780984304.051621852] [gazebo_track_car]: MOTION pos=(+1.410,-1.739) yaw=+3.120 v=0.278 step_err=0.0222m/0.000rad track_err=0.0077m footprint=road:4.00px route=flat_bottom_center_to_bottom_left_reverse cmd_vel=(0.277,+0.018)
[gazebo_track_car-2] [INFO] [1780984306.074898147] [gazebo_track_car]: MOTION pos=(+0.849,-1.734) yaw=-3.141 v=0.280 step_err=0.0232m/0.000rad track_err=0.0053m footprint=road:4.00px route=flat_bottom_center_to_bottom_left_reverse cmd_vel=(0.280,+0.002)
[gazebo_track_car-2] [INFO] [1780984308.075168209] [gazebo_track_car]: MOTION pos=(+0.291,-1.735) yaw=-3.141 v=0.279 step_err=0.0226m/0.000rad track_err=0.0053m footprint=road:4.00px route=flat_bottom_center_to_bottom_left_reverse cmd_vel=(0.279,-0.007)
[gazebo_track_car-2] [INFO] [1780984310.098442577] [gazebo_track_car]: MOTION pos=(-0.273,-1.735) yaw=+3.141 v=0.279 step_err=0.0226m/0.000rad track_err=0.0106m footprint=road:5.39px route=flat_bottom_center_to_bottom_left_reverse cmd_vel=(0.279,-0.004)
[gazebo_track_car-2] [INFO] [1780984310.985281550] [gazebo_track_car]: route segment=flat_bottom_right_to_bottom_center_reverse; previous=flat_bottom_center_to_bottom_left_reverse; distance=0.003m; decision=route/explore_coverage visit=0: flat_bottom_right_to_bottom_center_reverse
[gazebo_track_car-2] [INFO] [1780984312.102478492] [gazebo_track_car]: MOTION pos=(-0.832,-1.734) yaw=+3.141 v=0.279 step_err=0.0226m/0.000rad track_err=0.0053m footprint=road:4.39px route=flat_bottom_right_to_bottom_center_reverse cmd_vel=(0.280,+0.003)
[gazebo_track_car-2] [INFO] [1780984314.103546595] [gazebo_track_car]: MOTION pos=(-1.391,-1.734) yaw=-3.141 v=0.280 step_err=0.0232m/0.000rad track_err=0.0050m footprint=road:4.00px route=flat_bottom_right_to_bottom_center_reverse cmd_vel=(0.280,-0.001)
[gazebo_track_car-2] [WARN] [1780984314.526356150] [gazebo_track_car]: JITTER events=3 reasons=speed_delta=0.060m/s pos=(-1.508,-1.735) step=0.0047/0.0000m yaw=0.003/0.000rad route=flat_bottom_right_to_bottom_center_reverse
[gazebo_track_car-2] [WARN] [1780984315.525216286] [gazebo_track_car]: JITTER events=2 reasons=yaw_step_error=0.118rad pos=(-1.750,-1.729) step=0.0047/0.0246m yaw=0.006/0.124rad route=flat_bottom_right_to_bottom_center_reverse
[gazebo_track_car-2] [INFO] [1780984315.712983268] [gazebo_track_car]: route segment=flat_bottom_right_corner_reverse; previous=flat_bottom_right_to_bottom_center_reverse; distance=0.024m; decision=route/wheel_nearest: flat_bottom_right_corner_reverse
[gazebo_track_car-2] [INFO] [1780984316.126620775] [gazebo_track_car]: MOTION pos=(-1.892,-1.690) yaw=+2.732 v=0.254 step_err=0.0194m/0.004rad track_err=0.0049m footprint=road:3.60px route=flat_bottom_right_corner_reverse cmd_vel=(0.257,-0.157)
[gazebo_track_car-2] [WARN] [1780984317.423769712] [gazebo_track_car]: JITTER events=4 reasons=yaw_step_error=0.237rad pos=(-2.125,-1.564) step=0.0040/0.0193m yaw=0.012/0.249rad route=flat_right_mid_to_lower_reverse
[gazebo_track_car-2] [INFO] [1780984317.521342160] [gazebo_track_car]: route segment=flat_right_mid_to_lower_reverse; previous=flat_bottom_right_corner_reverse; distance=0.020m; decision=route/wheel_nearest: flat_right_mid_to_lower_reverse
[gazebo_track_car-2] [INFO] [1780984318.129248645] [gazebo_track_car]: MOTION pos=(-2.184,-1.422) yaw=+1.653 v=0.236 step_err=0.0178m/0.006rad track_err=0.0058m footprint=road:5.39px route=flat_right_mid_to_lower_reverse cmd_vel=(0.240,-0.276)
[gazebo_track_car-2] [INFO] [1780984320.150705556] [gazebo_track_car]: MOTION pos=(-2.181,-0.880) yaw=+1.556 v=0.274 step_err=0.0212m/0.001rad track_err=0.0057m footprint=road:5.00px route=flat_right_mid_to_lower_reverse cmd_vel=(0.275,+0.030)
[gazebo_track_car-2] [INFO] [1780984322.156232540] [gazebo_track_car]: MOTION pos=(-2.179,-0.324) yaw=+1.574 v=0.279 step_err=0.0218m/0.000rad track_err=0.0053m footprint=road:5.00px route=flat_right_mid_to_lower_reverse cmd_vel=(0.279,-0.007)
[gazebo_track_car-2] [WARN] [1780984323.297005998] [gazebo_track_car]: JITTER events=2 reasons=speed_delta=0.059m/s pos=(-2.180,-0.007) step=0.0048/0.0000m yaw=0.002/0.000rad route=flat_right_mid_to_lower_reverse
[gazebo_track_car-2] [INFO] [1780984324.160720305] [gazebo_track_car]: MOTION pos=(-2.196,+0.138) yaw=+1.018 v=0.143 step_err=0.0100m/0.017rad track_err=0.0165m footprint=road:9.00px route=flat_right_mid_to_lower_reverse cmd_vel=(0.118,-0.869)
[gazebo_track_car-2] [WARN] [1780984324.677258113] [gazebo_track_car]: JITTER events=2 reasons=yaw_step_error=0.074rad pos=(-2.173,+0.210) step=0.0032/0.0143m yaw=0.016/0.090rad route=flat_mid_center_to_right_mid_reverse
[gazebo_track_car-2] [INFO] [1780984324.763557844] [gazebo_track_car]: route segment=flat_mid_center_to_right_mid_reverse; previous=flat_right_mid_to_lower_reverse; distance=0.022m; decision=route/wheel_nearest: flat_mid_center_to_right_mid_reverse
[gazebo_track_car-2] [INFO] [1780984326.180163090] [gazebo_track_car]: MOTION pos=(-1.864,+0.305) yaw=-0.054 v=0.266 step_err=0.0220m/0.002rad track_err=0.0243m footprint=road:6.00px route=flat_mid_center_to_right_mid_reverse cmd_vel=(0.270,-0.068)
[gazebo_track_car-2] [INFO] [1780984328.181661471] [gazebo_track_car]: MOTION pos=(-1.317,+0.280) yaw=-0.003 v=0.276 step_err=0.0221m/0.000rad track_err=0.0051m footprint=road:5.00px route=flat_mid_center_to_right_mid_reverse cmd_vel=(0.277,+0.018)
[gazebo_track_car-2] [INFO] [1780984330.207210782] [gazebo_track_car]: MOTION pos=(-0.754,+0.282) yaw=+0.002 v=0.278 step_err=0.0212m/0.000rad track_err=0.0061m footprint=road:7.19px route=flat_mid_center_to_right_mid_reverse cmd_vel=(0.279,-0.008)
[gazebo_track_car-2] [INFO] [1780984331.092373284] [gazebo_track_car]: route segment=flat_mid_top_to_mid_center_reverse; previous=flat_mid_center_to_right_mid_reverse; distance=0.007m; decision=route/explore_coverage visit=1: flat_mid_top_to_mid_center_reverse
[gazebo_track_car-2] [INFO] [1780984332.209510963] [gazebo_track_car]: MOTION pos=(-0.196,+0.282) yaw=-0.001 v=0.279 step_err=0.0221m/0.000rad track_err=0.0053m footprint=road:5.00px route=flat_mid_top_to_mid_center_reverse cmd_vel=(0.279,-0.004)
[gazebo_track_car-2] [WARN] [1780984333.632861497] [gazebo_track_car]: JITTER events=4 reasons=speed_delta=0.042m/s pos=(+0.200,+0.281) step=0.0048/0.0000m yaw=0.000/0.000rad route=flat_mid_top_to_mid_center_reverse
[gazebo_track_car-2] [INFO] [1780984334.214457678] [gazebo_track_car]: MOTION pos=(+0.308,+0.267) yaw=+0.340 v=0.145 step_err=0.0113m/0.015rad track_err=0.0151m footprint=road:3.00px route=flat_mid_top_to_mid_center_reverse cmd_vel=(0.128,+0.823)
[gazebo_track_car-2] [WARN] [1780984335.018623635] [gazebo_track_car]: JITTER events=2 reasons=yaw_step_error=0.083rad pos=(+0.420,+0.292) step=0.0032/0.0142m yaw=0.016/0.099rad route=flat_top_center_to_mid_top_reverse
[gazebo_track_car-2] [INFO] [1780984335.113166268] [gazebo_track_car]: route segment=flat_top_center_to_mid_top_reverse; previous=flat_mid_top_to_mid_center_reverse; distance=0.025m; decision=route/wheel_nearest: flat_top_center_to_mid_top_reverse
[gazebo_track_car-2] [INFO] [1780984336.225628406] [gazebo_track_car]: MOTION pos=(+0.511,+0.525) yaw=+1.584 v=0.254 step_err=0.0200m/0.004rad track_err=0.0193m footprint=road:8.59px route=flat_top_center_to_mid_top_reverse cmd_vel=(0.259,+0.141)
[gazebo_track_car-2] [INFO] [1780984338.245143024] [gazebo_track_car]: MOTION pos=(+0.492,+1.076) yaw=+1.577 v=0.276 step_err=0.0232m/0.000rad track_err=0.0052m footprint=road:7.00px route=flat_top_center_to_mid_top_reverse cmd_vel=(0.276,-0.024)
[gazebo_track_car-2] [INFO] [1780984340.340963671] [gazebo_track_car]: MOTION pos=(+0.492,+1.656) yaw=+1.568 v=0.278 step_err=0.0223m/0.000rad track_err=0.0053m footprint=road:7.00px route=flat_top_center_to_mid_top_reverse cmd_vel=(0.279,+0.005)
[gazebo_track_car-2] [WARN] [1780984341.179144642] [gazebo_track_car]: JITTER events=4 reasons=speed_delta=0.068m/s pos=(+0.492,+1.889) step=0.0045/0.0000m yaw=0.000/0.000rad route=flat_top_center_to_mid_top_reverse
[gazebo_track_car-2] [INFO] [1780984342.363230770] [gazebo_track_car]: MOTION pos=(+0.486,+2.081) yaw=+0.751 v=0.151 step_err=0.0113m/0.017rad track_err=0.0075m footprint=road:10.00px route=flat_top_center_to_mid_top_reverse cmd_vel=(0.133,-0.826)
[gazebo_track_car-2] [WARN] [1780984342.564080510] [gazebo_track_car]: JITTER events=3 reasons=yaw_step_error=0.076rad pos=(+0.500,+2.109) step=0.0030/0.0147m yaw=0.015/0.091rad route=flat_top_left_to_top_center_reverse
[gazebo_track_car-2] [INFO] [1780984342.647151356] [gazebo_track_car]: route segment=flat_top_left_to_top_center_reverse; previous=flat_top_center_to_mid_top_reverse; distance=0.023m; decision=route/wheel_nearest: flat_top_left_to_top_center_reverse
[gazebo_track_car-2] [INFO] [1780984344.363562885] [gazebo_track_car]: MOTION pos=(+0.895,+2.197) yaw=-0.061 v=0.279 step_err=0.0230m/0.000rad track_err=0.0177m footprint=road:8.00px route=flat_top_left_to_top_center_reverse cmd_vel=(0.277,+0.020)
[gazebo_track_car-2] [INFO] [1780984346.387450562] [gazebo_track_car]: MOTION pos=(+1.449,+2.178) yaw=+0.002 v=0.279 step_err=0.0228m/0.000rad track_err=0.0106m footprint=road:8.00px route=flat_top_left_to_top_center_reverse cmd_vel=(0.279,+0.007)
[gazebo_track_car-2] [WARN] [1780984346.703640801] [gazebo_track_car]: JITTER events=4 reasons=speed_delta=0.049m/s pos=(+1.538,+2.179) step=0.0048/0.0000m yaw=0.004/0.000rad route=flat_top_left_to_top_center_reverse
[gazebo_track_car-2] [WARN] [1780984347.791572333] [gazebo_track_car]: JITTER events=1 reasons=yaw_step_error=0.202rad pos=(+1.774,+2.169) step=0.0042/0.0214m yaw=0.010/0.211rad route=flat_top_left_to_top_center_reverse
[gazebo_track_car-2] [INFO] [1780984347.977251090] [gazebo_track_car]: route segment=flat_top_left_corner_reverse; previous=flat_top_left_to_top_center_reverse; distance=0.022m; decision=route/wheel_nearest: flat_top_left_corner_reverse
[gazebo_track_car-2] [INFO] [1780984348.391212605] [gazebo_track_car]: MOTION pos=(+1.895,+2.106) yaw=-0.724 v=0.237 step_err=0.0191m/0.006rad track_err=0.0042m footprint=road:6.40px route=flat_top_left_corner_reverse cmd_vel=(0.242,-0.261)
[gazebo_track_car-2] [WARN] [1780984348.913332340] [gazebo_track_car]: JITTER events=3 reasons=speed_delta=0.054m/s,yaw_rate_delta=0.434rad/s pos=(+1.993,+2.021) step=0.0045/0.0000m yaw=0.007/0.000rad route=flat_top_left_corner_reverse
[gazebo_track_car-2] [WARN] [1780984349.891302144] [gazebo_track_car]: JITTER events=2 reasons=yaw_step_error=0.049rad pos=(+2.133,+1.856) step=0.0044/0.0214m yaw=0.009/0.058rad route=flat_top_left_corner_reverse
[gazebo_track_car-2] [INFO] [1780984350.089363940] [gazebo_track_car]: route segment=flat_left_mid_to_top_reverse; previous=flat_top_left_corner_reverse; distance=0.022m; decision=route/wheel_nearest: flat_left_mid_to_top_reverse
[gazebo_track_car-2] [INFO] [1780984350.410653392] [gazebo_track_car]: MOTION pos=(+2.172,+1.742) yaw=-1.458 v=0.243 step_err=0.0172m/0.006rad track_err=0.0093m footprint=road:6.00px route=flat_left_mid_to_top_reverse cmd_vel=(0.243,-0.256)
[gazebo_track_car-2] [INFO] [1780984352.413695999] [gazebo_track_car]: MOTION pos=(+2.182,+1.206) yaw=-1.585 v=0.277 step_err=0.0227m/0.000rad track_err=0.0055m footprint=road:6.00px route=flat_left_mid_to_top_reverse cmd_vel=(0.277,+0.022)
[gazebo_track_car-2] [INFO] [1780984354.414459240] [gazebo_track_car]: MOTION pos=(+2.179,+0.649) yaw=-1.568 v=0.280 step_err=0.0210m/0.000rad track_err=0.0056m footprint=road:6.59px route=flat_left_mid_to_top_reverse cmd_vel=(0.280,-0.003)
[gazebo_track_car-2] [INFO] [1780984355.816024713] [gazebo_track_car]: route segment=flat_left_lower_to_mid_reverse; previous=flat_left_mid_to_top_reverse; distance=0.017m; decision=route/explore_coverage visit=2: flat_left_lower_to_mid_reverse
[gazebo_track_car-2] [INFO] [1780984356.434941729] [gazebo_track_car]: MOTION pos=(+2.180,+0.085) yaw=-1.571 v=0.279 step_err=0.0220m/0.000rad track_err=0.0062m footprint=road:6.39px route=flat_left_lower_to_mid_reverse cmd_vel=(0.279,-0.006)
[gazebo_track_car-2] [INFO] [1780984358.441748799] [gazebo_track_car]: MOTION pos=(+2.180,-0.473) yaw=-1.572 v=0.279 step_err=0.0226m/0.000rad track_err=0.0053m footprint=road:6.00px route=flat_left_lower_to_mid_reverse cmd_vel=(0.280,-0.001)
[gazebo_track_car-2] [INFO] [1780984360.460026182] [gazebo_track_car]: MOTION pos=(+2.180,-1.038) yaw=-1.571 v=0.280 step_err=0.0229m/0.000rad track_err=0.0103m footprint=road:6.00px route=flat_left_lower_to_mid_reverse cmd_vel=(0.280,+0.002)
[gazebo_track_car-2] [WARN] [1780984361.273883123] [gazebo_track_car]: JITTER events=3 reasons=speed_delta=0.060m/s pos=(+2.180,-1.261) step=0.0048/0.0000m yaw=0.003/0.000rad route=flat_left_lower_to_mid_reverse
[gazebo_track_car-2] [WARN] [1780984362.370123092] [gazebo_track_car]: JITTER events=2 reasons=yaw_step_error=0.118rad pos=(+2.170,-1.485) step=0.0040/0.0191m yaw=0.013/0.130rad route=flat_bottom_left_corner_reverse
[gazebo_track_car-2] [INFO] [1780984362.450902050] [gazebo_track_car]: route segment=flat_bottom_left_corner_reverse; previous=flat_left_lower_to_mid_reverse; distance=0.020m; decision=route/wheel_nearest: flat_bottom_left_corner_reverse
[gazebo_track_car-2] [INFO] [1780984362.468504359] [gazebo_track_car]: MOTION pos=(+2.161,-1.503) yaw=-2.278 v=0.211 step_err=0.0762m/0.938rad track_err=0.0528m footprint=road:6.40px route=flat_bottom_left_corner_reverse cmd_vel=(0.202,-0.603)
[gazebo_track_car-2] [WARN] [1780984364.073317343] [gazebo_track_car]: JITTER events=2 reasons=yaw_step_error=0.103rad pos=(+1.881,-1.713) step=0.0047/0.0225m yaw=0.006/0.110rad route=flat_bottom_left_corner_reverse
[gazebo_track_car-2] [INFO] [1780984364.260211982] [gazebo_track_car]: route segment=flat_bottom_center_to_bottom_left_reverse; previous=flat_bottom_left_corner_reverse; distance=0.025m; decision=route/wheel_nearest: flat_bottom_center_to_bottom_left_reverse
[gazebo_track_car-2] [INFO] [1780984364.475554505] [gazebo_track_car]: MOTION pos=(+1.785,-1.732) yaw=-3.071 v=0.250 step_err=0.0096m/0.004rad track_err=0.0051m footprint=road:4.00px route=flat_bottom_center_to_bottom_left_reverse cmd_vel=(0.252,-0.188)
[gazebo_track_car-2] [INFO] [1780984366.475958227] [gazebo_track_car]: MOTION pos=(+1.241,-1.736) yaw=+3.131 v=0.277 step_err=0.0208m/0.000rad track_err=0.0063m footprint=road:4.00px route=flat_bottom_center_to_bottom_left_reverse cmd_vel=(0.277,+0.018)
[gazebo_track_car-2] [INFO] [1780984368.481125845] [gazebo_track_car]: MOTION pos=(+0.684,-1.734) yaw=-3.139 v=0.279 step_err=0.0221m/0.000rad track_err=0.0056m footprint=road:4.00px route=flat_bottom_center_to_bottom_left_reverse cmd_vel=(0.279,-0.004)
[gazebo_track_car-2] [INFO] [1780984370.501699614] [gazebo_track_car]: MOTION pos=(+0.120,-1.735) yaw=+3.142 v=0.279 step_err=0.0218m/0.000rad track_err=0.0053m footprint=road:4.00px route=flat_bottom_center_to_bottom_left_reverse cmd_vel=(0.279,-0.006)
[gazebo_track_car-2] [WARN] [1780984371.725342383] [gazebo_track_car]: JITTER events=3 reasons=speed_delta=0.059m/s,yaw_rate_delta=0.404rad/s pos=(-0.219,-1.735) step=0.0048/0.0000m yaw=0.003/0.000rad route=flat_bottom_center_to_bottom_left_reverse
[gazebo_track_car-2] [INFO] [1780984372.506695599] [gazebo_track_car]: MOTION pos=(-0.366,-1.744) yaw=+2.863 v=0.202 step_err=0.0178m/0.012rad track_err=0.0101m footprint=road:8.59px route=flat_bottom_center_to_bottom_left_reverse cmd_vel=(0.098,-1.214)
[gazebo_track_car-2] [WARN] [1780984373.029489823] [gazebo_track_car]: JITTER events=10 reasons=speed_delta=0.035m/s,yaw_rate_delta=1.030rad/s pos=(-0.436,-1.753) step=0.0024/0.0000m yaw=0.008/0.000rad route=flat_bottom_center_to_bottom_left_reverse
[gazebo_track_car-2] [WARN] [1780984374.008206913] [gazebo_track_car]: JITTER events=26 reasons=yaw_step_error=0.030rad pos=(-0.501,-1.721) step=0.0027/0.0000m yaw=0.030/0.000rad route=flat_bottom_center_to_bottom_left_reverse
[gazebo_track_car-2] [INFO] [1780984374.009257162] [gazebo_track_car]: route segment=flat_mid_center_to_bottom_center_reverse; previous=flat_bottom_center_to_bottom_left_reverse; distance=0.014m; decision=route/wheel_nearest: flat_mid_center_to_bottom_center_reverse
[gazebo_track_car-2] [INFO] [1780984374.510164594] [gazebo_track_car]: MOTION pos=(-0.560,-1.694) yaw=+1.802 v=0.158 step_err=0.0032m/0.017rad track_err=0.0459m footprint=road:10.60px route=flat_mid_center_to_bottom_center_reverse cmd_vel=(0.142,-0.929)
[gazebo_track_car-2] [INFO] [1780984374.689561038] [gazebo_track_car]: ROUTE_PROGRESS_SYNC actual=(-0.577,-1.666) cmd_error=0.062m route_dist=0.061m yaw_error=0.080rad segment=flat_mid_center_to_bottom_center_reverse@0.055m->flat_mid_center_to_bottom_center_reverse@0.068m
[gazebo_track_car-2] [WARN] [1780984375.028694469] [gazebo_track_car]: JITTER events=26 reasons=cmd_xy_error=0.0742m pos=(-0.590,-1.596) step=0.0045/0.0216m yaw=0.009/0.000rad route=flat_mid_center_to_bottom_center_reverse
[gazebo_track_car-2] [INFO] [1780984376.532882761] [gazebo_track_car]: MOTION pos=(-0.527,-1.213) yaw=+1.494 v=0.260 step_err=0.0205m/0.003rad track_err=0.0121m footprint=road:8.00px route=flat_mid_center_to_bottom_center_reverse cmd_vel=(0.261,+0.129)
[gazebo_track_car-2] [INFO] [1780984378.532852645] [gazebo_track_car]: MOTION pos=(-0.514,-0.667) yaw=+1.580 v=0.278 step_err=0.0228m/0.000rad track_err=0.0055m footprint=road:8.00px route=flat_mid_center_to_bottom_center_reverse cmd_vel=(0.278,-0.011)
[gazebo_track_car-2] [INFO] [1780984380.555606099] [gazebo_track_car]: MOTION pos=(-0.516,-0.105) yaw=+1.570 v=0.279 step_err=0.0218m/0.000rad track_err=0.0056m footprint=road:8.00px route=flat_mid_center_to_bottom_center_reverse cmd_vel=(0.279,-0.006)
[gazebo_track_car-2] [WARN] [1780984380.877722083] [gazebo_track_car]: JITTER events=34 reasons=speed_delta=0.032m/s pos=(-0.516,-0.016) step=0.0050/0.0000m yaw=0.001/0.000rad route=flat_mid_center_to_bottom_center_reverse
[gazebo_track_car-2] [INFO] [1780984382.350130316] [gazebo_track_car]: route segment=flat_mid_top_to_mid_center_reverse; previous=flat_mid_center_to_bottom_center_reverse; distance=0.018m; decision=route/wheel_nearest: flat_mid_top_to_mid_center_reverse
[gazebo_track_car-2] [INFO] [1780984382.358269513] [gazebo_track_car]: ROUTE_PROGRESS_SYNC actual=(-0.503,+0.219) cmd_error=0.062m route_dist=0.062m yaw_error=0.533rad segment=flat_mid_top_to_mid_center_reverse@0.011m->flat_mid_top_to_mid_center_reverse@0.013m
[gazebo_track_car-2] [WARN] [1780984382.358874093] [gazebo_track_car]: JITTER events=2 reasons=yaw_step_error=1.541rad,cmd_xy_error=0.0621m pos=(-0.503,+0.219) step=0.0035/0.0801m yaw=0.017/1.559rad route=flat_mid_top_to_mid_center_reverse
[gazebo_track_car-2] [INFO] [1780984382.559671739] [gazebo_track_car]: MOTION pos=(-0.475,+0.246) yaw=+0.374 v=0.195 step_err=0.0065m/0.015rad track_err=0.0348m footprint=road:11.00px route=flat_mid_top_to_mid_center_reverse cmd_vel=(0.192,-0.686)
[gazebo_track_car-2] [INFO] [1780984384.577643627] [gazebo_track_car]: MOTION pos=(+0.019,+0.290) yaw=-0.044 v=0.272 step_err=0.0223m/0.001rad track_err=0.0097m footprint=road:5.00px route=flat_mid_top_to_mid_center_reverse cmd_vel=(0.272,+0.053)
[WARNING] [launch]: user interrupted with ctrl-c (SIGINT)
[WARNING] [launch]: user interrupted with ctrl-c (SIGINT) again, ignoring...
[INFO] [gazebo_track_car-2]: sending signal 'SIGINT' to process[gazebo_track_car-2]
[INFO] [gzserver-1]: sending signal 'SIGINT' to process[gzserver-1]
[INFO] [gazebo_track_car-2]: process has finished cleanly [pid 35540]
[ERROR] [gzserver-1]: process has died [pid 35538, exit code -2, cmd 'gzserver /home/quocbao/my_robot_vision_full_project/my_robot_vision/mirrored_world_lab/generated/autonomous_map_3d_mirror_x_signless_full_map_rotated_pi.world                                                                      -s libgazebo_ros_init.so   -s libgazebo_ros_factory.so   -s libgazebo_ros_force_system.so       '].
