[INFO] [launch]: All log files can be found below /home/quocbao/.ros/log/2026-06-08-14-23-48-481717-ubuntu-21066
[INFO] [launch]: Default logging verbosity is set to INFO
[INFO] [gzserver-1]: process started with pid [21082]
[INFO] [gazebo_track_car-2]: process started with pid [21084]
[gazebo_track_car-2] [INFO] [1780953829.101197363] [gazebo_track_car]: [MAP_TRANSFORM] image=256x256 path=/home/quocbao/my_robot_vision_full_project/my_robot_vision/models/autonomous_map_3d_mirror_x/materials/textures/autonomous_map_visual.png map_size=6.000x6.000m px_per_m_x=42.667 px_per_m_y=42.667 route_offset=(+0.000,+0.000)m map_visual_offset=(+0.000,+0.300)m
[gazebo_track_car-2] [INFO] [1780953829.233378355] [gazebo_track_car]: [FOOTPRINT_CHECK] samples=1691 center_off_road=0 center_outside_safe=330 failures=0 min_footprint_clearance=5.00px footprint=front:0.165m rear:0.145m half_width:0.115m
[gazebo_track_car-2] [INFO] [1780953829.233662781] [gazebo_track_car]: [FOOTPRINT_CHECK] overlays=/tmp/gazebo_route_mask_debug.png, /tmp/gazebo_route_centerline_debug.png, /tmp/gazebo_route_footprint_debug.png
[gazebo_track_car-2] [INFO] [1780953829.307784086] [gazebo_track_car]: SAFE_ROUTE_VERSION=semantic_parking_spawn_turn_guard_v31; direction=texture point order; clearance=12px; drive_wheels=True; route_offset=(+0.000,+0.000)m; start_distance=0.000m; route_explore=True branch_probability=0.00; sign_detection=off roi=0.08-0.82; map_visual_offset=(+0.000,+0.300)m; base_speed=0.28m/s speed_limit=0.14m/s; traffic_light=fixed state=green green=5.0s yellow=1.0s red=8.0s trigger_distance=1.70m stop_distance=0.85m min_stop=2.0s camera=off topic=/track_preview_car/camera/image_raw fill>=0.42 slow_area>=45px stop_area>=160px distance_gate=on; camera_sign_templates=5 sign_score>=0.32 sign_stable=2; wheel_controller lookahead=0.32m parking_lookahead=0.20m heading_gain=3.80 max_wz=2.80rad/s rotate_heading>1.05rad; yaw_limits=1.80rad/s/4.00rad/s2; route_rejoin=True outer_only=True cmd_error>0.18m max_route_dist=0.55m; progress_sync=True cmd_error>0.06m route_dist<=0.20m yaw<=1.20rad; initial_pose_reset=True tol=0.12m/0.35rad; segments=22; route_points=115.
[gazebo_track_car-2] [INFO] [1780953829.308068112] [gazebo_track_car]: Motion log uses /model_states and /track_preview_car/cmd_vel: MOTION every 2.00s, JITTER at most every 1.00s, verbose=False; jitter thresholds xy_step_delta=0.0060m, cmd_error=0.050m, z_delta=0.0005m, tilt=0.0030rad, speed_delta=0.030m/s, yaw_step_error=0.025rad, yaw_rate_delta=0.400rad/s.
[gzserver-1] [INFO] [1780953830.598418435] [track_preview_car.front_camera_controller]: Publishing camera info to [/track_preview_car/camera/camera_info]
[gzserver-1] [INFO] [1780953830.611047285] [gazebo_ros_state]: Publishing states of gazebo models at [/model_states]
[gzserver-1] [INFO] [1780953830.611365276] [gazebo_ros_state]: Publishing states of gazebo links at [/link_states]
[gzserver-1] [INFO] [1780953830.623786413] [track_preview_car.track_preview_car_diff_drive]: Wheel pair 1 separation set to [0.176000m]
[gzserver-1] [INFO] [1780953830.623811471] [track_preview_car.track_preview_car_diff_drive]: Wheel pair 1 diameter set to [0.060000m]
[gzserver-1] [INFO] [1780953830.624353974] [track_preview_car.track_preview_car_diff_drive]: Subscribed to [/track_preview_car/cmd_vel]
[gzserver-1] [INFO] [1780953830.625409211] [track_preview_car.track_preview_car_diff_drive]: Advertise odometry on [/track_preview_car/odom]
[gazebo_track_car-2] [INFO] [1780953830.657014012] [gazebo_track_car]: initial pose reset to configured route start; actual=(+1.828,+2.180) yaw=+0.000 target=(-1.828,+2.180) yaw=+0.000 error=3.656m/0.000rad segment=outer_top_left_to_top_mid
[gazebo_track_car-2] [INFO] [1780953830.702214674] [gazebo_track_car]: traffic light is now GREEN.
[gazebo_track_car-2] [WARN] [1780953830.702790731] [gazebo_track_car]: Waiting for /model_states pose before publishing wheel commands.
[gazebo_track_car-2] [INFO] [1780953831.009402774] [gazebo_track_car]: wheel controller synced route progress from initial model pose; segment=outer_top_left_to_top_mid@0.000m route_dist=0.000m startup_gate=1.250m
[gazebo_track_car-2] [INFO] [1780953832.717758764] [gazebo_track_car]: MOTION pos=(-1.387,+2.180) yaw=-0.000 v=0.280 step_err=0.0232m/0.000rad track_err=0.0080m footprint=road:8.00px route=outer_top_left_to_top_mid cmd_vel=(0.280,+0.000)
[gazebo_track_car-2] [INFO] [1780953834.744080237] [gazebo_track_car]: MOTION pos=(-0.822,+2.180) yaw=+0.000 v=0.280 step_err=0.0230m/0.000rad track_err=0.0058m footprint=road:8.39px route=outer_top_left_to_top_mid cmd_vel=(0.280,+0.000)
[gazebo_track_car-2] [INFO] [1780953836.748464882] [gazebo_track_car]: MOTION pos=(-0.262,+2.180) yaw=+0.000 v=0.280 step_err=0.0224m/0.000rad track_err=0.0070m footprint=road:9.00px route=outer_top_left_to_top_mid cmd_vel=(0.280,-0.000)
[gazebo_track_car-2] [INFO] [1780953837.544926681] [gazebo_track_car]: route segment=outer_top_mid_to_gap; previous=outer_top_left_to_top_mid; distance=0.018m; decision=route/default: outer_top_mid_to_gap
[gazebo_track_car-2] [INFO] [1780953838.752046481] [gazebo_track_car]: MOTION pos=(+0.298,+2.180) yaw=-0.000 v=0.279 step_err=0.0232m/0.000rad track_err=0.0093m footprint=road:8.00px route=outer_top_mid_to_gap cmd_vel=(0.279,-0.007)
[gazebo_track_car-2] [WARN] [1780953838.890690031] [gazebo_track_car]: JITTER events=4 reasons=speed_delta=0.072m/s,yaw_rate_delta=0.429rad/s pos=(+0.336,+2.180) step=0.0046/0.0000m yaw=0.004/0.000rad route=outer_top_mid_to_gap
[gazebo_track_car-2] [INFO] [1780953839.212910746] [gazebo_track_car]: ROUTE_PROGRESS_SYNC actual=(+0.364,+2.233) cmd_error=0.060m route_dist=0.053m yaw_error=0.731rad segment=outer_top_mid_to_gap@0.382m->outer_top_mid_to_gap@0.411m
[gazebo_track_car-2] [WARN] [1780953839.871557961] [gazebo_track_car]: JITTER events=49 reasons=yaw_step_error=0.026rad,cmd_xy_error=0.1064m pos=(+0.466,+2.234) step=0.0024/0.0050m yaw=0.026/0.000rad route=outer_top_mid_to_gap
[gazebo_track_car-2] [INFO] [1780953840.761073904] [gazebo_track_car]: route segment=inner_top_cut; previous=outer_top_mid_to_gap; distance=0.009m; decision=route/explore_branch visit=0: inner_top_cut
[gazebo_track_car-2] [INFO] [1780953840.773417894] [gazebo_track_car]: ROUTE_PROGRESS_SYNC actual=(+0.403,+2.134) cmd_error=0.073m route_dist=0.046m yaw_error=0.048rad segment=inner_top_cut@0.009m->inner_top_cut@0.066m
[gazebo_track_car-2] [INFO] [1780953840.773874826] [gazebo_track_car]: MOTION pos=(+0.403,+2.134) yaw=-3.094 v=0.189 step_err=0.0522m/0.014rad track_err=0.0455m footprint=road:6.00px route=inner_top_cut cmd_vel=(0.193,-0.620)
[gazebo_track_car-2] [WARN] [1780953840.873762276] [gazebo_track_car]: JITTER events=31 reasons=cmd_xy_error=0.0507m pos=(+0.384,+2.129) step=0.0040/0.0195m yaw=0.012/0.000rad route=inner_top_cut
[gazebo_track_car-2] [WARN] [1780953842.675901466] [gazebo_track_car]: JITTER events=26 reasons=yaw_step_error=0.065rad pos=(-0.042,+2.171) step=0.0041/0.0205m yaw=0.011/0.076rad route=inner_top_cut
[gazebo_track_car-2] [INFO] [1780953842.778953685] [gazebo_track_car]: MOTION pos=(-0.062,+2.169) yaw=-2.820 v=0.206 step_err=0.0161m/0.188rad track_err=0.0113m footprint=road:8.00px route=inner_top_cut cmd_vel=(0.206,+0.534)
[gazebo_track_car-2] [WARN] [1780953843.814065141] [gazebo_track_car]: JITTER events=5 reasons=speed_delta=0.039m/s pos=(-0.272,+2.075) step=0.0043/0.0000m yaw=0.008/0.000rad route=inner_top_cut
[gazebo_track_car-2] [INFO] [1780953844.797868626] [gazebo_track_car]: MOTION pos=(-0.419,+1.933) yaw=-1.911 v=0.214 step_err=0.0159m/0.010rad track_err=0.0170m footprint=road:8.79px route=inner_top_cut cmd_vel=(0.212,+0.478)
[gazebo_track_car-2] [WARN] [1780953844.896399241] [gazebo_track_car]: JITTER events=1 reasons=yaw_step_error=0.075rad pos=(-0.429,+1.914) step=0.0043/0.0217m yaw=0.010/0.084rad route=inner_top_cut
[gazebo_track_car-2] [INFO] [1780953846.803042980] [gazebo_track_car]: MOTION pos=(-0.475,+1.437) yaw=-1.543 v=0.277 step_err=0.0221m/0.000rad track_err=0.0241m footprint=road:8.00px route=inner_top_cut cmd_vel=(0.276,-0.025)
[gazebo_track_car-2] [WARN] [1780953848.421434902] [gazebo_track_car]: JITTER events=5 reasons=speed_delta=0.065m/s,yaw_rate_delta=0.403rad/s pos=(-0.468,+0.990) step=0.0048/0.0000m yaw=0.003/0.000rad route=inner_top_cut
[gazebo_track_car-2] [INFO] [1780953848.805751230] [gazebo_track_car]: MOTION pos=(-0.472,+0.898) yaw=-1.470 v=0.218 step_err=0.0166m/0.008rad track_err=0.0217m footprint=road:8.00px route=inner_top_cut cmd_vel=(0.208,+0.505)
[gazebo_track_car-2] [WARN] [1780953849.523590716] [gazebo_track_car]: JITTER events=2 reasons=yaw_step_error=0.060rad pos=(-0.460,+0.751) step=0.0042/0.0214m yaw=0.010/0.070rad route=inner_top_cut
[gazebo_track_car-2] [WARN] [1780953850.603949601] [gazebo_track_car]: JITTER events=19 reasons=cmd_xy_error=0.0543m pos=(-0.326,+0.543) step=0.0049/0.0000m yaw=0.005/0.000rad route=inner_top_cut
[gazebo_track_car-2] [INFO] [1780953850.823513962] [gazebo_track_car]: MOTION pos=(-0.292,+0.506) yaw=-0.664 v=0.219 step_err=0.0174m/0.008rad track_err=0.0363m footprint=road:8.79px route=inner_top_cut cmd_vel=(0.211,+0.473)
[gazebo_track_car-2] [WARN] [1780953851.524663581] [gazebo_track_car]: JITTER events=8 reasons=yaw_step_error=0.167rad pos=(-0.181,+0.414) step=0.0042/0.0205m yaw=0.010/0.177rad route=inner_top_cut
[gazebo_track_car-2] [INFO] [1780953852.404349835] [gazebo_track_car]: ROUTE_PROGRESS_SYNC actual=(+0.016,+0.366) cmd_error=0.061m route_dist=0.009m yaw_error=0.014rad segment=inner_top_cut@2.796m->inner_top_cut@2.856m
[gazebo_track_car-2] [INFO] [1780953852.827463050] [gazebo_track_car]: MOTION pos=(+0.128,+0.364) yaw=+0.023 v=0.274 step_err=0.0225m/0.001rad track_err=0.0236m footprint=road:8.00px route=inner_top_cut cmd_vel=(0.277,+0.021)
[gazebo_track_car-2] [WARN] [1780953852.947965187] [gazebo_track_car]: JITTER events=17 reasons=speed_delta=0.037m/s pos=(+0.161,+0.365) step=0.0049/0.0000m yaw=0.001/0.000rad route=inner_top_cut
[gazebo_track_car-2] [WARN] [1780953854.029584032] [gazebo_track_car]: JITTER events=3 reasons=yaw_step_error=0.117rad pos=(+0.452,+0.361) step=0.0055/0.0223m yaw=0.000/0.117rad route=inner_top_cut
[gazebo_track_car-2] [INFO] [1780953854.849143569] [gazebo_track_car]: MOTION pos=(+0.677,+0.353) yaw=-0.014 v=0.275 step_err=0.0220m/0.001rad track_err=0.0045m footprint=road:9.00px route=inner_top_cut cmd_vel=(0.275,+0.030)
[gazebo_track_car-2] [INFO] [1780953856.850459452] [gazebo_track_car]: MOTION pos=(+1.233,+0.351) yaw=+0.003 v=0.279 step_err=0.0231m/0.000rad track_err=0.0025m footprint=road:8.00px route=inner_top_cut cmd_vel=(0.279,-0.008)
[gazebo_track_car-2] [INFO] [1780953858.862534680] [gazebo_track_car]: MOTION pos=(+1.796,+0.352) yaw=-0.000 v=0.279 step_err=0.0232m/0.000rad track_err=0.0039m footprint=road:8.00px route=inner_top_cut cmd_vel=(0.279,-0.006)
[gazebo_track_car-2] [WARN] [1780953859.189356169] [gazebo_track_car]: JITTER events=2 reasons=speed_delta=0.047m/s pos=(+1.885,+0.352) step=0.0049/0.0000m yaw=0.003/0.000rad route=inner_top_cut
[gazebo_track_car-2] [WARN] [1780953860.666355782] [gazebo_track_car]: JITTER events=2 reasons=yaw_step_error=0.155rad pos=(+2.125,+0.333) step=0.0033/0.0153m yaw=0.015/0.170rad route=inner_top_cut
[gazebo_track_car-2] [INFO] [1780953860.866722968] [gazebo_track_car]: MOTION pos=(+2.151,+0.308) yaw=-1.156 v=0.186 step_err=0.0133m/0.383rad track_err=0.0434m footprint=road:10.00px route=inner_top_cut cmd_vel=(0.185,-0.670)
[gazebo_track_car-2] [INFO] [1780953860.988336952] [gazebo_track_car]: ROUTE_PROGRESS_SYNC actual=(+2.165,+0.290) cmd_error=0.061m route_dist=0.018m yaw_error=0.280rad segment=inner_top_cut@5.027m->inner_top_cut@5.104m
[gazebo_track_car-2] [INFO] [1780953862.875936955] [gazebo_track_car]: MOTION pos=(+2.218,-0.180) yaw=-1.561 v=0.274 step_err=0.0213m/0.001rad track_err=0.0132m footprint=road:8.00px route=inner_top_cut cmd_vel=(0.273,+0.045)
[gazebo_track_car-2] [WARN] [1780953863.879453710] [gazebo_track_car]: JITTER events=7 reasons=yaw_step_error=0.030rad pos=(+2.222,-0.455) step=0.0055/0.0273m yaw=0.001/0.031rad route=inner_top_cut
[gazebo_track_car-2] [INFO] [1780953864.075858896] [gazebo_track_car]: route segment=outer_right_mid_to_lower; previous=inner_top_cut; distance=0.004m; decision=route/default: outer_right_mid_to_lower
[gazebo_track_car-2] [INFO] [1780953864.899000979] [gazebo_track_car]: MOTION pos=(+2.219,-0.735) yaw=-1.606 v=0.277 step_err=0.0225m/0.000rad track_err=0.0053m footprint=road:8.00px route=outer_right_mid_to_lower cmd_vel=(0.278,-0.012)
[gazebo_track_car-2] [INFO] [1780953867.006171174] [gazebo_track_car]: MOTION pos=(+2.197,-1.321) yaw=-1.608 v=0.280 step_err=0.0232m/0.000rad track_err=0.0061m footprint=road:7.00px route=outer_right_mid_to_lower cmd_vel=(0.280,+0.003)
[gazebo_track_car-2] [WARN] [1780953867.627065204] [gazebo_track_car]: JITTER events=3 reasons=speed_delta=0.054m/s pos=(+2.191,-1.494) step=0.0048/0.0000m yaw=0.003/0.000rad route=outer_right_mid_to_lower
[gazebo_track_car-2] [WARN] [1780953868.912584161] [gazebo_track_car]: JITTER events=2 reasons=yaw_step_error=0.101rad pos=(+2.179,-1.734) step=0.0032/0.0142m yaw=0.016/0.117rad route=outer_right_mid_to_lower
[gazebo_track_car-2] [INFO] [1780953869.011413399] [gazebo_track_car]: MOTION pos=(+2.173,-1.749) yaw=-2.430 v=0.157 step_err=0.0119m/0.257rad track_err=0.0093m footprint=road:8.00px route=outer_right_mid_to_lower cmd_vel=(0.155,-0.779)
[gazebo_track_car-2] [INFO] [1780953869.402601709] [gazebo_track_car]: route segment=outer_bottom_right_corner; previous=outer_right_mid_to_lower; distance=0.012m; decision=route/default: outer_bottom_right_corner
[gazebo_track_car-2] [INFO] [1780953869.791120272] [gazebo_track_car]: ROUTE_PROGRESS_SYNC actual=(+2.062,-1.844) cmd_error=0.062m route_dist=0.008m yaw_error=0.188rad segment=outer_bottom_right_corner@0.070m->outer_bottom_right_corner@0.138m
[gazebo_track_car-2] [INFO] [1780953870.809655265] [gazebo_track_car]: route segment=outer_bottom_right_to_bottom_right_mid; previous=outer_bottom_right_corner; distance=0.014m; decision=route/default: outer_bottom_right_to_bottom_right_mid
[gazebo_track_car-2] [INFO] [1780953871.030447718] [gazebo_track_car]: MOTION pos=(+1.750,-1.868) yaw=+3.091 v=0.278 step_err=0.0223m/0.000rad track_err=0.0218m footprint=road:7.00px route=outer_bottom_right_to_bottom_right_mid cmd_vel=(0.279,+0.005)
[gazebo_track_car-2] [INFO] [1780953873.034551001] [gazebo_track_car]: MOTION pos=(+1.198,-1.851) yaw=+3.141 v=0.278 step_err=0.0228m/0.000rad track_err=0.0164m footprint=road:8.00px route=outer_bottom_right_to_bottom_right_mid cmd_vel=(0.279,+0.010)
[gazebo_track_car-2] [INFO] [1780953873.925376151] [gazebo_track_car]: route segment=outer_bottom_right_mid_to_bottom_mid; previous=outer_bottom_right_to_bottom_right_mid; distance=0.008m; decision=route/default: outer_bottom_right_mid_to_bottom_mid
[gazebo_track_car-2] [INFO] [1780953875.037343522] [gazebo_track_car]: MOTION pos=(+0.640,-1.852) yaw=-3.140 v=0.279 step_err=0.0226m/0.000rad track_err=0.0186m footprint=road:8.00px route=outer_bottom_right_mid_to_bottom_mid cmd_vel=(0.279,-0.008)
[gazebo_track_car-2] [WARN] [1780953876.576223114] [gazebo_track_car]: JITTER events=17 reasons=speed_delta=0.068m/s pos=(+0.211,-1.852) step=0.0047/0.0000m yaw=0.002/0.000rad route=outer_bottom_right_mid_to_bottom_mid
[gazebo_track_car-2] [INFO] [1780953877.059504180] [gazebo_track_car]: MOTION pos=(+0.126,-1.862) yaw=+2.888 v=0.201 step_err=0.0152m/0.010rad track_err=0.0167m footprint=road:6.00px route=outer_bottom_right_mid_to_bottom_mid cmd_vel=(0.221,-0.332)
[gazebo_track_car-2] [WARN] [1780953877.661733752] [gazebo_track_car]: JITTER events=3 reasons=yaw_step_error=2.919rad pos=(-0.003,-1.820) step=0.0041/0.0197m yaw=0.009/2.928rad route=outer_bottom_right_mid_to_bottom_mid
[gazebo_track_car-2] [INFO] [1780953877.844536494] [gazebo_track_car]: route segment=inner_lower_cut; previous=outer_bottom_right_mid_to_bottom_mid; distance=0.016m; decision=route/explore_branch visit=0: inner_lower_cut
[gazebo_track_car-2] [INFO] [1780953877.961663086] [gazebo_track_car]: ROUTE_PROGRESS_SYNC actual=(-0.061,-1.803) cmd_error=0.069m route_dist=0.005m yaw_error=0.077rad segment=inner_lower_cut@0.036m->inner_lower_cut@0.188m
[gazebo_track_car-2] [WARN] [1780953878.883159149] [gazebo_track_car]: JITTER events=7 reasons=speed_delta=0.032m/s pos=(-0.294,-1.805) step=0.0045/0.0000m yaw=0.005/0.000rad route=inner_lower_cut
[gazebo_track_car-2] [INFO] [1780953879.063984678] [gazebo_track_car]: MOTION pos=(-0.327,-1.804) yaw=-2.961 v=0.151 step_err=0.0113m/0.009rad track_err=0.0156m footprint=road:6.00px route=inner_lower_cut cmd_vel=(0.098,+0.915)
[gazebo_track_car-2] [INFO] [1780953879.479561936] [gazebo_track_car]: ROUTE_PROGRESS_SYNC actual=(-0.384,-1.765) cmd_error=0.061m route_dist=0.057m yaw_error=0.896rad segment=inner_lower_cut@0.486m->inner_lower_cut@0.508m
[gazebo_track_car-2] [WARN] [1780953879.863730326] [gazebo_track_car]: JITTER events=37 reasons=yaw_step_error=0.040rad,cmd_xy_error=0.0766m pos=(-0.454,-1.767) step=0.0032/0.0049m yaw=0.040/0.000rad route=inner_lower_cut
[gazebo_track_car-2] [INFO] [1780953880.842809948] [gazebo_track_car]: ROUTE_PROGRESS_SYNC actual=(-0.444,-1.871) cmd_error=0.062m route_dist=0.043m yaw_error=0.122rad segment=inner_lower_cut@0.670m->inner_lower_cut@0.715m
[gazebo_track_car-2] [WARN] [1780953880.962442645] [gazebo_track_car]: JITTER events=27 reasons=cmd_xy_error=0.0533m pos=(-0.422,-1.879) step=0.0041/0.0205m yaw=0.013/0.000rad route=inner_lower_cut
[gazebo_track_car-2] [INFO] [1780953881.063581785] [gazebo_track_car]: MOTION pos=(-0.401,-1.884) yaw=+0.012 v=0.212 step_err=0.0172m/0.010rad track_err=0.0579m footprint=road:7.00px route=inner_lower_cut cmd_vel=(0.224,+0.415)
[gazebo_track_car-2] [WARN] [1780953882.991030963] [gazebo_track_car]: JITTER events=39 reasons=yaw_step_error=0.129rad pos=(+0.073,-1.832) step=0.0044/0.0219m yaw=0.008/0.137rad route=inner_lower_cut
[gazebo_track_car-2] [INFO] [1780953883.088398306] [gazebo_track_car]: MOTION pos=(+0.095,-1.826) yaw=+0.439 v=0.223 step_err=0.0187m/0.177rad track_err=0.0272m footprint=road:7.00px route=inner_lower_cut cmd_vel=(0.227,+0.387)
[gazebo_track_car-2] [WARN] [1780953885.087749212] [gazebo_track_car]: JITTER events=6 reasons=yaw_step_error=0.064rad pos=(+0.454,-1.561) step=0.0043/0.0215m yaw=0.010/0.074rad route=inner_lower_cut
[gazebo_track_car-2] [INFO] [1780953885.088031725] [gazebo_track_car]: MOTION pos=(+0.454,-1.561) yaw=+1.212 v=0.220 step_err=0.0172m/0.064rad track_err=0.0148m footprint=road:7.99px route=inner_lower_cut cmd_vel=(0.218,+0.449)
[gazebo_track_car-2] [INFO] [1780953887.109895690] [gazebo_track_car]: MOTION pos=(+0.522,-1.061) yaw=+1.594 v=0.280 step_err=0.0227m/0.000rad track_err=0.0069m footprint=road:9.00px route=inner_lower_cut cmd_vel=(0.279,-0.007)
[gazebo_track_car-2] [INFO] [1780953889.113405190] [gazebo_track_car]: MOTION pos=(+0.515,-0.506) yaw=+1.571 v=0.279 step_err=0.0229m/0.000rad track_err=0.0015m footprint=road:9.00px route=inner_lower_cut cmd_vel=(0.279,-0.008)
[gazebo_track_car-2] [WARN] [1780953889.932546382] [gazebo_track_car]: JITTER events=5 reasons=speed_delta=0.050m/s pos=(+0.515,-0.278) step=0.0049/0.0000m yaw=0.002/0.000rad route=inner_lower_cut
[gazebo_track_car-2] [WARN] [1780953891.012972336] [gazebo_track_car]: JITTER events=2 reasons=yaw_step_error=0.167rad pos=(+0.506,-0.040) step=0.0043/0.0214m yaw=0.010/0.177rad route=inner_lower_cut
[gazebo_track_car-2] [INFO] [1780953891.131264758] [gazebo_track_car]: MOTION pos=(+0.498,-0.015) yaw=+2.080 v=0.215 step_err=0.0180m/0.219rad track_err=0.0174m footprint=road:7.00px route=inner_lower_cut cmd_vel=(0.222,+0.410)
[gazebo_track_car-2] [WARN] [1780953892.052895701] [gazebo_track_car]: JITTER events=4 reasons=speed_delta=0.043m/s pos=(+0.382,+0.167) step=0.0042/0.0000m yaw=0.009/0.000rad route=inner_lower_cut
[gazebo_track_car-2] [WARN] [1780953893.036072770] [gazebo_track_car]: JITTER events=1 reasons=yaw_step_error=0.098rad pos=(+0.224,+0.309) step=0.0045/0.0224m yaw=0.008/0.106rad route=inner_lower_cut
[gazebo_track_car-2] [INFO] [1780953893.135605977] [gazebo_track_car]: MOTION pos=(+0.204,+0.319) yaw=+2.815 v=0.221 step_err=0.0177m/0.213rad track_err=0.0159m footprint=road:7.99px route=inner_lower_cut cmd_vel=(0.224,+0.383)
[gazebo_track_car-2] [WARN] [1780953894.038668382] [gazebo_track_car]: JITTER events=6 reasons=yaw_step_error=0.237rad pos=(+0.001,+0.376) step=0.0050/0.0245m yaw=0.004/0.241rad route=inner_lower_cut
[gazebo_track_car-2] [INFO] [1780953895.139025860] [gazebo_track_car]: MOTION pos=(-0.287,+0.383) yaw=-3.068 v=0.253 step_err=0.0200m/0.003rad track_err=0.0283m footprint=road:9.00px route=inner_lower_cut cmd_vel=(0.261,+0.121)
[gazebo_track_car-2] [WARN] [1780953895.739997289] [gazebo_track_car]: JITTER events=10 reasons=yaw_step_error=0.099rad pos=(-0.449,+0.369) step=0.0054/0.0267m yaw=0.001/0.101rad route=inner_lower_cut
[gazebo_track_car-2] [INFO] [1780953896.339960523] [gazebo_track_car]: ROUTE_PROGRESS_SYNC actual=(-0.608,+0.355) cmd_error=0.062m route_dist=0.004m yaw_error=0.037rad segment=inner_lower_cut@4.551m->inner_lower_cut@4.613m
[gazebo_track_car-2] [INFO] [1780953897.163384779] [gazebo_track_car]: MOTION pos=(-0.832,+0.349) yaw=-3.141 v=0.276 step_err=0.0215m/0.000rad track_err=0.0231m footprint=road:9.20px route=inner_lower_cut cmd_vel=(0.277,-0.021)
[gazebo_track_car-2] [INFO] [1780953899.157283521] [gazebo_track_car]: MOTION pos=(-1.390,+0.351) yaw=+3.140 v=0.279 step_err=0.0215m/0.000rad track_err=0.0273m footprint=road:7.00px route=inner_lower_cut cmd_vel=(0.279,+0.005)
[gazebo_track_car-2] [WARN] [1780953901.077419144] [gazebo_track_car]: JITTER events=9 reasons=yaw_step_error=0.211rad pos=(-1.866,+0.341) step=0.0043/0.0227m yaw=0.009/0.220rad route=inner_lower_cut
[gazebo_track_car-2] [INFO] [1780953901.180283183] [gazebo_track_car]: MOTION pos=(-1.887,+0.335) yaw=-2.665 v=0.220 step_err=0.0168m/0.210rad track_err=0.0306m footprint=road:8.59px route=inner_lower_cut cmd_vel=(0.224,+0.403)
[gazebo_track_car-2] [WARN] [1780953902.687160590] [gazebo_track_car]: JITTER events=4 reasons=yaw_step_error=0.199rad pos=(-2.157,+0.140) step=0.0045/0.0218m yaw=0.008/0.207rad route=inner_lower_cut
[gazebo_track_car-2] [INFO] [1780953903.189096942] [gazebo_track_car]: MOTION pos=(-2.188,+0.048) yaw=-2.336 v=0.169 step_err=0.0064m/0.087rad track_err=0.0202m footprint=road:7.00px route=inner_lower_cut cmd_vel=(0.098,-2.614)
[gazebo_track_car-2] [WARN] [1780953903.687377956] [gazebo_track_car]: JITTER events=36 reasons=yaw_step_error=0.036rad,cmd_xy_error=0.0685m pos=(-2.194,-0.037) step=0.0030/0.0050m yaw=0.036/0.000rad route=inner_lower_cut
[gazebo_track_car-2] [INFO] [1780953903.875630500] [gazebo_track_car]: route segment=outer_left_mid_to_middle_entry; previous=inner_lower_cut; distance=0.002m; decision=route/default: outer_left_mid_to_middle_entry
[gazebo_track_car-2] [WARN] [1780953904.691551820] [gazebo_track_car]: JITTER events=50 reasons=yaw_step_error=0.063rad,cmd_xy_error=0.0753m pos=(-2.313,-0.041) step=0.0028/0.0097m yaw=0.025/0.088rad route=outer_left_mid_to_middle_entry
[gazebo_track_car-2] [INFO] [1780953905.191982493] [gazebo_track_car]: MOTION pos=(-2.327,+0.021) yaw=+0.918 v=0.127 step_err=0.0089m/0.017rad track_err=0.1054m footprint=road:3.00px route=outer_left_mid_to_middle_entry cmd_vel=(0.128,-0.778)
[gazebo_track_car-2] [INFO] [1780953905.490672802] [gazebo_track_car]: route segment=inner_middle_cross; previous=outer_left_mid_to_middle_entry; distance=0.003m; decision=route/explore_branch visit=0: inner_middle_cross
[gazebo_track_car-2] [INFO] [1780953905.511008416] [gazebo_track_car]: ROUTE_PROGRESS_SYNC actual=(-2.305,+0.069) cmd_error=0.169m route_dist=0.060m yaw_error=0.096rad segment=inner_middle_cross@0.003m->inner_middle_cross@0.141m
[gazebo_track_car-2] [WARN] [1780953905.685134082] [gazebo_track_car]: JITTER events=50 reasons=cmd_xy_error=0.0608m pos=(-2.275,+0.098) step=0.0053/0.0272m yaw=0.002/0.000rad route=inner_middle_cross
[gazebo_track_car-2] [WARN] [1780953907.007625248] [gazebo_track_car]: JITTER events=9 reasons=yaw_step_error=0.149rad pos=(-2.010,+0.289) step=0.0046/0.0226m yaw=0.008/0.157rad route=inner_middle_cross
[gazebo_track_car-2] [INFO] [1780953907.194333048] [gazebo_track_car]: MOTION pos=(-1.972,+0.306) yaw=+0.263 v=0.232 step_err=0.0170m/0.213rad track_err=0.0356m footprint=road:7.99px route=inner_middle_cross cmd_vel=(0.232,-0.346)
[gazebo_track_car-2] [WARN] [1780953908.611345298] [gazebo_track_car]: JITTER events=4 reasons=yaw_step_error=0.380rad pos=(-1.611,+0.367) step=0.0053/0.0271m yaw=0.002/0.382rad route=inner_middle_cross
[gazebo_track_car-2] [INFO] [1780953909.215031135] [gazebo_track_car]: MOTION pos=(-1.459,+0.376) yaw=-0.052 v=0.260 step_err=0.0209m/0.003rad track_err=0.0119m footprint=road:8.00px route=inner_middle_cross cmd_vel=(0.265,-0.095)
[gazebo_track_car-2] [WARN] [1780953909.716255896] [gazebo_track_car]: JITTER events=2 reasons=yaw_step_error=0.200rad pos=(-1.334,+0.373) step=0.0045/0.0217m yaw=0.007/0.207rad route=inner_middle_cross
[gazebo_track_car-2] [WARN] [1780953910.715508633] [gazebo_track_car]: JITTER events=7 reasons=yaw_step_error=0.222rad pos=(-1.126,+0.330) step=0.0045/0.0226m yaw=0.008/0.230rad route=inner_middle_cross
[gazebo_track_car-2] [INFO] [1780953911.226076648] [gazebo_track_car]: MOTION pos=(-1.031,+0.273) yaw=-0.820 v=0.208 step_err=0.0163m/0.011rad track_err=0.0335m footprint=road:8.40px route=inner_middle_cross cmd_vel=(0.197,-0.590)
[gazebo_track_car-2] [WARN] [1780953911.903085932] [gazebo_track_car]: JITTER events=7 reasons=cmd_xy_error=0.0525m pos=(-0.934,+0.175) step=0.0043/0.0000m yaw=0.010/0.000rad route=inner_middle_cross
[gazebo_track_car-2] [INFO] [1780953912.603848305] [gazebo_track_car]: ROUTE_PROGRESS_SYNC actual=(-0.910,+0.039) cmd_error=0.061m route_dist=0.020m yaw_error=0.594rad segment=inner_middle_cross@1.777m->inner_middle_cross@1.835m
[gazebo_track_car-2] [WARN] [1780953912.823929968] [gazebo_track_car]: JITTER events=29 reasons=yaw_step_error=0.051rad,cmd_xy_error=0.0535m pos=(-0.938,+0.004) step=0.0041/0.0000m yaw=0.051/0.000rad route=inner_middle_cross
[gazebo_track_car-2] [INFO] [1780953913.224966791] [gazebo_track_car]: MOTION pos=(-0.932,-0.066) yaw=+0.513 v=0.127 step_err=0.0026m/0.401rad track_err=0.0418m footprint=road:4.00px route=inner_middle_cross cmd_vel=(0.098,+1.420)
[gazebo_track_car-2] [WARN] [1780953914.102993845] [gazebo_track_car]: JITTER events=31 reasons=cmd_xy_error=0.0514m pos=(-0.823,+0.008) step=0.0050/0.0000m yaw=0.004/0.000rad route=inner_middle_cross
[gazebo_track_car-2] [INFO] [1780953914.224539943] [gazebo_track_car]: ROUTE_PROGRESS_SYNC actual=(-0.812,+0.038) cmd_error=0.063m route_dist=0.055m yaw_error=0.322rad segment=inner_middle_cross@2.078m->inner_middle_cross@2.109m
[gazebo_track_car-2] [INFO] [1780953915.245628890] [gazebo_track_car]: MOTION pos=(-0.746,+0.247) yaw=+0.749 v=0.185 step_err=0.0135m/0.016rad track_err=0.0113m footprint=road:7.80px route=inner_middle_cross cmd_vel=(0.180,-0.775)
[gazebo_track_car-2] [WARN] [1780953915.747204369] [gazebo_track_car]: JITTER events=34 reasons=yaw_step_error=0.051rad pos=(-0.682,+0.320) step=0.0040/0.0190m yaw=0.012/0.063rad route=inner_middle_cross
[gazebo_track_car-2] [INFO] [1780953917.246921643] [gazebo_track_car]: MOTION pos=(-0.333,+0.388) yaw=-0.033 v=0.273 step_err=0.0223m/0.001rad track_err=0.0176m footprint=road:9.00px route=inner_middle_cross cmd_vel=(0.276,-0.029)
[gazebo_track_car-2] [WARN] [1780953917.565698501] [gazebo_track_car]: JITTER events=5 reasons=speed_delta=0.060m/s,yaw_rate_delta=0.426rad/s pos=(-0.245,+0.385) step=0.0047/0.0000m yaw=0.004/0.000rad route=inner_middle_cross
