[INFO] [launch]: All log files can be found below /home/quocbao/.ros/log/2026-06-08-22-08-36-208986-ubuntu-30437
[INFO] [launch]: Default logging verbosity is set to INFO
[INFO] [gzserver-1]: process started with pid [30439]
[INFO] [gazebo_track_car-2]: process started with pid [30441]
[gazebo_track_car-2] [INFO] [1780981716.981430845] [gazebo_track_car]: [MAP_TRANSFORM] image=256x256 path=/home/quocbao/my_robot_vision_full_project/my_robot_vision/models/autonomous_map_3d_mirror_x/materials/textures/autonomous_map_visual.png map_size=6.000x6.000m px_per_m_x=42.667 px_per_m_y=42.667 route_offset=(+0.000,+0.000)m map_visual_offset=(+0.000,+0.300)m
[gazebo_track_car-2] [INFO] [1780981717.109864956] [gazebo_track_car]: [FOOTPRINT_CHECK] samples=1588 center_off_road=0 center_outside_safe=1005 failures=0 min_footprint_clearance=3.60px footprint=front:0.165m rear:0.145m half_width:0.115m
[gazebo_track_car-2] [INFO] [1780981717.110148127] [gazebo_track_car]: [FOOTPRINT_CHECK] overlays=/tmp/gazebo_route_mask_debug.png, /tmp/gazebo_route_centerline_debug.png, /tmp/gazebo_route_footprint_debug.png
[gazebo_track_car-2] [INFO] [1780981717.183627572] [gazebo_track_car]: SAFE_ROUTE_VERSION=semantic_parking_spawn_turn_guard_v31; direction=reversed to match map arrows; clearance=12px; drive_wheels=True; route_offset=(+0.000,+0.000)m; start_distance=0.000m; route_explore=True branch_probability=0.35; sign_detection=off roi=0.08-0.82; map_visual_offset=(+0.000,+0.300)m; base_speed=0.28m/s speed_limit=0.14m/s; traffic_light=fixed state=green green=5.0s yellow=1.0s red=8.0s trigger_distance=1.70m stop_distance=0.85m min_stop=2.0s camera=off topic=/track_preview_car/camera/image_raw fill>=0.42 slow_area>=45px stop_area>=160px distance_gate=on; camera_sign_templates=5 sign_score>=0.32 sign_stable=2; wheel_controller lookahead=0.32m parking_lookahead=0.20m heading_gain=3.80 max_wz=2.80rad/s angular_sign=-1 rotate_heading>1.05rad; yaw_limits=1.80rad/s/4.00rad/s2; route_rejoin=False outer_only=True cmd_error>0.30m max_route_dist=0.55m; progress_sync=True cmd_error>0.06m route_dist<=0.20m yaw<=1.20rad; initial_pose_reset=True tol=0.12m/0.35rad; segments=18; route_points=36.
[gazebo_track_car-2] [INFO] [1780981717.183902247] [gazebo_track_car]: Motion log uses /model_states and /track_preview_car/cmd_vel: MOTION every 2.00s, JITTER at most every 1.00s, verbose=False; jitter thresholds xy_step_delta=0.0060m, cmd_error=0.050m, z_delta=0.0005m, tilt=0.0030rad, speed_delta=0.030m/s, yaw_step_error=0.025rad, yaw_rate_delta=0.400rad/s.
[gzserver-1] [INFO] [1780981718.633549253] [track_preview_car.front_camera_controller]: Publishing camera info to [/track_preview_car/camera/camera_info]
[gzserver-1] [INFO] [1780981718.647733034] [gazebo_ros_state]: Publishing states of gazebo models at [/model_states]
[gzserver-1] [INFO] [1780981718.648367629] [gazebo_ros_state]: Publishing states of gazebo links at [/link_states]
[gzserver-1] [INFO] [1780981718.665358688] [track_preview_car.track_preview_car_diff_drive]: Wheel pair 1 separation set to [0.176000m]
[gzserver-1] [INFO] [1780981718.665481288] [track_preview_car.track_preview_car_diff_drive]: Wheel pair 1 diameter set to [0.060000m]
[gzserver-1] [INFO] [1780981718.666472516] [track_preview_car.track_preview_car_diff_drive]: Subscribed to [/track_preview_car/cmd_vel]
[gzserver-1] [INFO] [1780981718.667517896] [track_preview_car.track_preview_car_diff_drive]: Advertise odometry on [/track_preview_car/odom]
[gazebo_track_car-2] [INFO] [1780981718.693595966] [gazebo_track_car]: initial pose reset to configured route start; actual=(+1.828,+2.180) yaw=+0.000 target=(-2.180,+1.805) yaw=-1.571 error=4.025m/1.571rad segment=flat_left_mid_to_top_reverse
[gazebo_track_car-2] [INFO] [1780981718.738206350] [gazebo_track_car]: traffic light is now GREEN.
[gazebo_track_car-2] [WARN] [1780981718.738751813] [gazebo_track_car]: Waiting for /model_states pose before publishing wheel commands.
[gazebo_track_car-2] [INFO] [1780981719.044446808] [gazebo_track_car]: wheel controller synced route progress from initial model pose; segment=flat_left_mid_to_top_reverse@0.002m route_dist=0.000m startup_gate=1.250m
[gazebo_track_car-2] [WARN] [1780981719.745575410] [gazebo_track_car]: JITTER events=35 reasons=yaw_step_error=0.043rad,speed_delta=0.048m/s,yaw_rate_delta=0.433rad/s,cmd_xy_error=0.0640m pos=(-2.243,+1.751) step=0.0029/0.0051m yaw=0.043/0.000rad route=flat_left_mid_to_top_reverse
[gazebo_track_car-2] [WARN] [1780981720.749794434] [gazebo_track_car]: JITTER events=35 reasons=speed_delta=0.036m/s,cmd_xy_error=0.0542m pos=(-2.154,+1.741) step=0.0024/0.0096m yaw=0.024/0.000rad route=flat_left_mid_to_top_reverse
[gazebo_track_car-2] [INFO] [1780981720.750116187] [gazebo_track_car]: MOTION pos=(-2.154,+1.741) yaw=-0.923 v=0.138 step_err=0.0072m/0.024rad track_err=0.0542m footprint=road:1.00px route=flat_left_mid_to_top_reverse cmd_vel=(0.050,+1.144)
[gazebo_track_car-2] [WARN] [1780981720.830588657] [gazebo_track_car]: GAZEBO_FOOTPRINT_OFFROAD actual pose=(-2.1464,+1.7322) yaw=-0.9458 origin_pixel=(36.4,54.1) min_clearance=0.00px cmd_error=0.0509m/0.625rad
[gazebo_track_car-2] [INFO] [1780981721.068882268] [gazebo_track_car]: ROUTE_PROGRESS_SYNC actual=(-2.125,+1.704) cmd_error=0.061m route_dist=0.055m yaw_error=0.589rad segment=flat_left_mid_to_top_reverse@0.126m->flat_left_mid_to_top_reverse@0.100m
[gazebo_track_car-2] [WARN] [1780981721.860778010] [gazebo_track_car]: GAZEBO_FOOTPRINT_OFFROAD actual pose=(-2.1124,+1.6357) yaw=-0.5552 origin_pixel=(37.9,58.2) min_clearance=0.00px cmd_error=0.0694m/1.016rad
[gazebo_track_car-2] [WARN] [1780981721.861094874] [gazebo_track_car]: JITTER events=55 reasons=cmd_xy_error=0.0694m pos=(-2.112,+1.636) step=0.0021/0.0000m yaw=0.024/0.000rad route=flat_left_mid_to_top_reverse
[gazebo_track_car-2] [WARN] [1780981722.860805725] [gazebo_track_car]: GAZEBO_FOOTPRINT_OFFROAD actual pose=(-2.0456,+1.6192) yaw=-0.0646 origin_pixel=(40.7,58.9) min_clearance=0.00px cmd_error=0.1382m/1.506rad
[gazebo_track_car-2] [WARN] [1780981722.861137767] [gazebo_track_car]: JITTER events=50 reasons=yaw_step_error=0.050rad,cmd_xy_error=0.1382m pos=(-2.046,+1.619) step=0.0040/0.0000m yaw=0.050/0.000rad route=flat_left_mid_to_top_reverse
[gazebo_track_car-2] [INFO] [1780981722.861383498] [gazebo_track_car]: MOTION pos=(-2.046,+1.619) yaw=-0.065 v=0.202 step_err=0.0040m/0.050rad track_err=0.1382m footprint=OFFROAD:0.00px route=flat_left_mid_to_top_reverse cmd_vel=(0.000,+2.800)
[gazebo_track_car-2] [WARN] [1780981723.881000245] [gazebo_track_car]: GAZEBO_FOOTPRINT_OFFROAD actual pose=(-1.9203,+1.5987) yaw=-0.0552 origin_pixel=(46.1,59.8) min_clearance=0.00px cmd_error=0.2650m/1.516rad
[gazebo_track_car-2] [WARN] [1780981723.881368285] [gazebo_track_car]: JITTER events=51 reasons=cmd_xy_error=0.2650m pos=(-1.920,+1.599) step=0.0042/0.0000m yaw=0.011/0.000rad route=flat_left_mid_to_top_reverse
[gazebo_track_car-2] [WARN] [1780981724.881666316] [gazebo_track_car]: GAZEBO_FOOTPRINT_OFFROAD actual pose=(-1.8429,+1.6256) yaw=-0.6466 origin_pixel=(49.4,58.6) min_clearance=0.00px cmd_error=0.3379m/0.924rad
[gazebo_track_car-2] [WARN] [1780981724.881997016] [gazebo_track_car]: JITTER events=50 reasons=yaw_step_error=0.049rad,speed_delta=0.058m/s,cmd_xy_error=0.3379m pos=(-1.843,+1.626) step=0.0036/0.0000m yaw=0.049/0.000rad route=flat_left_mid_to_top_reverse
[gazebo_track_car-2] [INFO] [1780981724.882201920] [gazebo_track_car]: MOTION pos=(-1.843,+1.626) yaw=-0.647 v=0.206 step_err=0.0036m/0.049rad track_err=0.3379m footprint=OFFROAD:0.00px route=flat_left_mid_to_top_reverse cmd_vel=(0.000,+2.800)
[gazebo_track_car-2] [WARN] [1780981725.884889212] [gazebo_track_car]: GAZEBO_FOOTPRINT_OFFROAD actual pose=(-1.7629,+1.6071) yaw=-0.7621 origin_pixel=(52.8,59.4) min_clearance=0.00px cmd_error=0.4193m/0.809rad
[gazebo_track_car-2] [WARN] [1780981725.885214702] [gazebo_track_car]: JITTER events=50 reasons=yaw_step_error=0.051rad,cmd_xy_error=0.4193m pos=(-1.763,+1.607) step=0.0040/0.0000m yaw=0.051/0.000rad route=flat_left_mid_to_top_reverse
[gazebo_track_car-2] [INFO] [1780981726.889921954] [gazebo_track_car]: MOTION pos=(-1.729,+1.536) yaw=+0.196 v=0.269 step_err=0.0052m/0.004rad track_err=0.4661m footprint=OFFROAD:0.00px route=flat_left_mid_to_top_reverse cmd_vel=(0.000,+2.800)
[gazebo_track_car-2] [WARN] [1780981726.988009554] [gazebo_track_car]: GAZEBO_FOOTPRINT_OFFROAD actual pose=(-1.7128,+1.5302) yaw=+0.3046 origin_pixel=(54.9,62.7) min_clearance=0.00px cmd_error=0.4827m/1.875rad
[gazebo_track_car-2] [WARN] [1780981726.988332199] [gazebo_track_car]: JITTER events=55 reasons=yaw_step_error=0.040rad,yaw_rate_delta=0.556rad/s,cmd_xy_error=0.4827m pos=(-1.713,+1.530) step=0.0033/0.0000m yaw=0.040/0.000rad route=flat_left_mid_to_top_reverse
[gazebo_track_car-2] [WARN] [1780981727.989903252] [gazebo_track_car]: GAZEBO_FOOTPRINT_OFFROAD actual pose=(-1.6092,+1.5763) yaw=-0.1848 origin_pixel=(59.3,60.7) min_clearance=0.00px cmd_error=0.5756m/1.386rad
[gazebo_track_car-2] [WARN] [1780981727.990255242] [gazebo_track_car]: JITTER events=50 reasons=cmd_xy_error=0.5756m pos=(-1.609,+1.576) step=0.0041/0.0000m yaw=0.011/0.000rad route=flat_left_mid_to_top_reverse
[gazebo_track_car-2] [INFO] [1780981728.908552108] [gazebo_track_car]: MOTION pos=(-1.546,+1.560) yaw=+0.040 v=0.093 step_err=0.0019m/0.020rad track_err=0.6401m footprint=OFFROAD:0.00px route=flat_left_mid_to_top_reverse cmd_vel=(0.000,+2.800)
[gazebo_track_car-2] [WARN] [1780981728.991337928] [gazebo_track_car]: GAZEBO_FOOTPRINT_OFFROAD actual pose=(-1.5317,+1.5629) yaw=+0.0127 origin_pixel=(62.6,61.3) min_clearance=0.00px cmd_error=0.6542m/1.584rad
[gazebo_track_car-2] [WARN] [1780981728.991695679] [gazebo_track_car]: JITTER events=50 reasons=cmd_xy_error=0.6542m pos=(-1.532,+1.563) step=0.0049/0.0000m yaw=0.004/0.000rad route=flat_left_mid_to_top_reverse
[gazebo_track_car-2] [WARN] [1780981729.995845072] [gazebo_track_car]: GAZEBO_FOOTPRINT_OFFROAD actual pose=(-1.4233,+1.5775) yaw=-0.3599 origin_pixel=(67.3,60.7) min_clearance=0.00px cmd_error=0.7602m/1.211rad
[gazebo_track_car-2] [WARN] [1780981729.996246354] [gazebo_track_car]: JITTER events=50 reasons=cmd_xy_error=0.7602m pos=(-1.423,+1.577) step=0.0048/0.0000m yaw=0.006/0.000rad route=flat_left_mid_to_top_reverse
[gazebo_track_car-2] [INFO] [1780981730.914325937] [gazebo_track_car]: MOTION pos=(-1.384,+1.557) yaw=-0.162 v=0.201 step_err=0.0040m/0.051rad track_err=0.8017m footprint=OFFROAD:0.00px route=flat_left_mid_to_top_reverse cmd_vel=(0.000,+2.800)
[gazebo_track_car-2] [WARN] [1780981731.014342466] [gazebo_track_car]: GAZEBO_FOOTPRINT_OFFROAD actual pose=(-1.3868,+1.5524) yaw=-0.1207 origin_pixel=(68.8,61.8) min_clearance=0.00px cmd_error=0.7992m/1.450rad
[gazebo_track_car-2] [WARN] [1780981731.014662937] [gazebo_track_car]: JITTER events=51 reasons=speed_delta=0.056m/s,yaw_rate_delta=0.696rad/s,cmd_xy_error=0.7992m pos=(-1.387,+1.552) step=0.0015/0.0000m yaw=0.021/0.000rad route=flat_left_mid_to_top_reverse
[gazebo_track_car-2] [WARN] [1780981732.015895747] [gazebo_track_car]: GAZEBO_FOOTPRINT_OFFROAD actual pose=(-1.3626,+1.5674) yaw=-0.3833 origin_pixel=(69.9,61.1) min_clearance=0.00px cmd_error=0.8215m/1.188rad
[gazebo_track_car-2] [WARN] [1780981732.016250863] [gazebo_track_car]: JITTER events=50 reasons=speed_delta=0.049m/s,yaw_rate_delta=0.503rad/s,cmd_xy_error=0.8215m pos=(-1.363,+1.567) step=0.0037/0.0000m yaw=0.011/0.000rad route=flat_left_mid_to_top_reverse
[gazebo_track_car-2] [INFO] [1780981732.916171621] [gazebo_track_car]: MOTION pos=(-1.280,+1.574) yaw=-0.740 v=0.202 step_err=0.0040m/0.051rad track_err=0.9034m footprint=OFFROAD:0.00px route=flat_left_mid_to_top_reverse cmd_vel=(0.000,+2.800)
[gazebo_track_car-2] [WARN] [1780981733.017005626] [gazebo_track_car]: GAZEBO_FOOTPRINT_OFFROAD actual pose=(-1.2731,+1.5804) yaw=-0.7338 origin_pixel=(73.7,60.6) min_clearance=0.00px cmd_error=0.9095m/0.837rad
[gazebo_track_car-2] [WARN] [1780981733.017324163] [gazebo_track_car]: JITTER events=50 reasons=yaw_step_error=0.030rad,cmd_xy_error=0.9095m pos=(-1.273,+1.580) step=0.0002/0.0000m yaw=0.030/0.000rad route=flat_left_mid_to_top_reverse
[gazebo_track_car-2] [WARN] [1780981734.014003694] [gazebo_track_car]: GAZEBO_FOOTPRINT_OFFROAD actual pose=(-1.1870,+1.5705) yaw=-1.0764 origin_pixel=(77.4,61.0) min_clearance=0.00px cmd_error=0.9961m/0.494rad
[gazebo_track_car-2] [WARN] [1780981734.014331047] [gazebo_track_car]: JITTER events=50 reasons=yaw_step_error=0.029rad,speed_delta=0.030m/s,yaw_rate_delta=0.468rad/s,cmd_xy_error=0.9961m pos=(-1.187,+1.571) step=0.0013/0.0000m yaw=0.029/0.000rad route=flat_left_mid_to_top_reverse
[gazebo_track_car-2] [INFO] [1780981734.920683838] [gazebo_track_car]: MOTION pos=(-1.148,+1.486) yaw=-0.675 v=0.221 step_err=0.0045m/0.056rad track_err=1.0454m footprint=OFFROAD:0.00px route=flat_left_mid_to_top_reverse cmd_vel=(0.000,+2.800)
[gazebo_track_car-2] [WARN] [1780981735.018120277] [gazebo_track_car]: GAZEBO_FOOTPRINT_OFFROAD actual pose=(-1.1301,+1.4829) yaw=-0.8017 origin_pixel=(79.8,64.7) min_clearance=0.00px cmd_error=1.0632m/0.769rad
[gazebo_track_car-2] [WARN] [1780981735.018870533] [gazebo_track_car]: JITTER events=50 reasons=cmd_xy_error=1.0632m pos=(-1.130,+1.483) step=0.0047/0.0000m yaw=0.007/0.000rad route=flat_left_mid_to_top_reverse
[gazebo_track_car-2] [WARN] [1780981736.037568205] [gazebo_track_car]: GAZEBO_FOOTPRINT_OFFROAD actual pose=(-1.1136,+1.4339) yaw=-0.4852 origin_pixel=(80.5,66.8) min_clearance=0.00px cmd_error=1.0883m/1.086rad
[gazebo_track_car-2] [WARN] [1780981736.037887825] [gazebo_track_car]: JITTER events=51 reasons=yaw_step_error=0.039rad,speed_delta=0.054m/s,cmd_xy_error=1.0883m pos=(-1.114,+1.434) step=0.0019/0.0000m yaw=0.039/0.000rad route=flat_left_mid_to_top_reverse
[gazebo_track_car-2] [INFO] [1780981736.939998013] [gazebo_track_car]: MOTION pos=(-1.082,+1.402) yaw=-0.205 v=0.202 step_err=0.0040m/0.051rad track_err=1.1257m footprint=OFFROAD:0.00px route=flat_left_mid_to_top_reverse cmd_vel=(0.000,+2.800)
[gazebo_track_car-2] [WARN] [1780981737.040291603] [gazebo_track_car]: GAZEBO_FOOTPRINT_OFFROAD actual pose=(-1.0756,+1.4210) yaw=-0.4583 origin_pixel=(82.1,67.4) min_clearance=0.00px cmd_error=1.1282m/1.112rad
[gazebo_track_car-2] [WARN] [1780981737.040624307] [gazebo_track_car]: JITTER events=50 reasons=yaw_step_error=0.050rad,cmd_xy_error=1.1282m pos=(-1.076,+1.421) step=0.0040/0.0000m yaw=0.050/0.000rad route=flat_left_mid_to_top_reverse
[gazebo_track_car-2] [WARN] [1780981738.145777576] [gazebo_track_car]: GAZEBO_FOOTPRINT_OFFROAD actual pose=(-0.9924,+1.4145) yaw=-0.3027 origin_pixel=(85.7,67.6) min_clearance=0.00px cmd_error=1.2110m/1.268rad
[gazebo_track_car-2] [WARN] [1780981738.146253529] [gazebo_track_car]: JITTER events=55 reasons=yaw_step_error=0.051rad,cmd_xy_error=1.2110m pos=(-0.992,+1.415) step=0.0040/0.0000m yaw=0.051/0.000rad route=flat_left_mid_to_top_reverse
[gazebo_track_car-2] [INFO] [1780981738.941572848] [gazebo_track_car]: MOTION pos=(-0.904,+1.395) yaw=-0.256 v=0.186 step_err=0.0038m/0.016rad track_err=1.3015m footprint=OFFROAD:0.00px route=flat_left_mid_to_top_reverse cmd_vel=(0.000,+2.800)
[gazebo_track_car-2] [WARN] [1780981739.144709677] [gazebo_track_car]: GAZEBO_FOOTPRINT_OFFROAD actual pose=(-0.8716,+1.3900) yaw=-0.2900 origin_pixel=(90.8,68.7) min_clearance=0.00px cmd_error=1.3342m/1.281rad
[gazebo_track_car-2] [WARN] [1780981739.145086173] [gazebo_track_car]: JITTER events=50 reasons=yaw_step_error=0.044rad,speed_delta=0.033m/s,yaw_rate_delta=0.544rad/s,cmd_xy_error=1.3342m pos=(-0.872,+1.390) step=0.0035/0.0000m yaw=0.044/0.000rad route=flat_left_mid_to_top_reverse
[gazebo_track_car-2] [WARN] [1780981740.144894705] [gazebo_track_car]: GAZEBO_FOOTPRINT_OFFROAD actual pose=(-0.7364,+1.3809) yaw=-0.6181 origin_pixel=(96.6,69.1) min_clearance=0.00px cmd_error=1.4687m/0.953rad
[gazebo_track_car-2] [WARN] [1780981740.145335882] [gazebo_track_car]: JITTER events=50 reasons=yaw_step_error=0.051rad,speed_delta=0.030m/s,cmd_xy_error=1.4687m pos=(-0.736,+1.381) step=0.0040/0.0000m yaw=0.051/0.000rad route=flat_left_mid_to_top_reverse
[gazebo_track_car-2] [INFO] [1780981740.947891598] [gazebo_track_car]: MOTION pos=(-0.679,+1.303) yaw=+0.175 v=0.190 step_err=0.0035m/0.043rad track_err=1.5411m footprint=OFFROAD:0.00px route=flat_left_mid_to_top_reverse cmd_vel=(0.000,+2.800)
[gazebo_track_car-2] [WARN] [1780981741.149164099] [gazebo_track_car]: GAZEBO_FOOTPRINT_OFFROAD actual pose=(-0.6639,+1.2737) yaw=+0.6006 origin_pixel=(99.7,73.7) min_clearance=0.00px cmd_error=1.5625m/2.171rad
[gazebo_track_car-2] [WARN] [1780981741.149488087] [gazebo_track_car]: JITTER events=50 reasons=yaw_rate_delta=0.414rad/s,cmd_xy_error=1.5625m pos=(-0.664,+1.274) step=0.0024/0.0000m yaw=0.015/0.000rad route=flat_left_mid_to_top_reverse
[gazebo_track_car-2] [WARN] [1780981742.170814279] [gazebo_track_car]: GAZEBO_FOOTPRINT_OFFROAD actual pose=(-0.6264,+1.3244) yaw=-0.1783 origin_pixel=(101.3,71.5) min_clearance=0.00px cmd_error=1.5876m/1.393rad
[gazebo_track_car-2] [WARN] [1780981742.171138196] [gazebo_track_car]: JITTER events=51 reasons=yaw_step_error=0.033rad,speed_delta=0.065m/s,yaw_rate_delta=0.694rad/s,cmd_xy_error=1.5876m pos=(-0.626,+1.324) step=0.0023/0.0000m yaw=0.033/0.000rad route=flat_left_mid_to_top_reverse
[gazebo_track_car-2] [INFO] [1780981742.972949911] [gazebo_track_car]: MOTION pos=(-0.551,+1.315) yaw=-0.517 v=0.202 step_err=0.0040m/0.050rad track_err=1.6631m footprint=road:3.00px route=flat_left_mid_to_top_reverse cmd_vel=(0.000,+2.800)
[gazebo_track_car-2] [WARN] [1780981743.175024845] [gazebo_track_car]: JITTER events=50 reasons=cmd_xy_error=1.6979m pos=(-0.517,+1.309) step=0.0040/0.0000m yaw=0.014/0.000rad route=flat_left_mid_to_top_reverse
[gazebo_track_car-2] [WARN] [1780981744.169267642] [gazebo_track_car]: JITTER events=50 reasons=cmd_xy_error=1.7678m pos=(-0.451,+1.284) step=0.0019/0.0000m yaw=0.021/0.000rad route=flat_left_mid_to_top_reverse
[gazebo_track_car-2] [INFO] [1780981744.972265364] [gazebo_track_car]: MOTION pos=(-0.400,+1.217) yaw=-0.503 v=0.184 step_err=0.0037m/0.016rad track_err=1.8321m footprint=road:2.00px route=flat_left_mid_to_top_reverse cmd_vel=(0.000,+2.800)
[gazebo_track_car-2] [WARN] [1780981745.152114776] [gazebo_track_car]: GAZEBO_FOOTPRINT_OFFROAD actual pose=(-0.3740,+1.2036) yaw=-0.5372 origin_pixel=(112.0,76.6) min_clearance=0.00px cmd_error=1.8608m/1.034rad
[gazebo_track_car-2] [WARN] [1780981745.172227838] [gazebo_track_car]: JITTER events=50 reasons=cmd_xy_error=1.8641m pos=(-0.371,+1.201) step=0.0039/0.0000m yaw=0.013/0.000rad route=flat_left_mid_to_top_reverse
[gazebo_track_car-2] [WARN] [1780981746.093744088] [gazebo_track_car]: GAZEBO_FOOTPRINT_OFFROAD actual pose=(-0.3215,+1.1736) yaw=-0.1333 origin_pixel=(114.3,77.9) min_clearance=0.00px cmd_error=1.9190m/1.438rad
[gazebo_track_car-2] [WARN] [1780981746.191896379] [gazebo_track_car]: JITTER events=51 reasons=yaw_step_error=0.028rad,speed_delta=0.053m/s,yaw_rate_delta=0.655rad/s,cmd_xy_error=1.9238m pos=(-0.316,+1.177) step=0.0022/0.0000m yaw=0.028/0.000rad route=flat_left_mid_to_top_reverse
[gazebo_track_car-2] [INFO] [1780981746.994847773] [gazebo_track_car]: MOTION pos=(-0.274,+1.204) yaw=-0.503 v=0.111 step_err=0.0022m/0.024rad track_err=1.9575m footprint=OFFROAD:0.00px route=flat_left_mid_to_top_reverse cmd_vel=(0.000,+2.800)
[gazebo_track_car-2] [WARN] [1780981747.094533196] [gazebo_track_car]: GAZEBO_FOOTPRINT_OFFROAD actual pose=(-0.2651,+1.2087) yaw=-0.6076 origin_pixel=(116.7,76.4) min_clearance=0.00px cmd_error=1.9654m/0.963rad
[gazebo_track_car-2] [WARN] [1780981747.195743564] [gazebo_track_car]: JITTER events=50 reasons=cmd_xy_error=1.9812m pos=(-0.251,+1.198) step=0.0043/0.0000m yaw=0.011/0.000rad route=flat_left_mid_to_top_reverse
[gazebo_track_car-2] [WARN] [1780981748.094685018] [gazebo_track_car]: GAZEBO_FOOTPRINT_OFFROAD actual pose=(-0.1639,+1.1624) yaw=-0.4015 origin_pixel=(121.0,78.4) min_clearance=0.00px cmd_error=2.0746m/1.169rad
[gazebo_track_car-2] [WARN] [1780981748.193924081] [gazebo_track_car]: JITTER events=50 reasons=yaw_step_error=0.031rad,speed_delta=0.044m/s,yaw_rate_delta=0.513rad/s,cmd_xy_error=2.0787m pos=(-0.158,+1.168) step=0.0016/0.0000m yaw=0.031/0.000rad route=flat_left_mid_to_top_reverse
[gazebo_track_car-2] [INFO] [1780981748.998622223] [gazebo_track_car]: MOTION pos=(-0.069,+1.130) yaw=-0.936 v=0.172 step_err=0.0034m/0.018rad track_err=2.1740m footprint=OFFROAD:0.00px route=flat_left_mid_to_top_reverse cmd_vel=(0.000,+2.800)
[gazebo_track_car-2] [WARN] [1780981749.095974290] [gazebo_track_car]: GAZEBO_FOOTPRINT_OFFROAD actual pose=(-0.0564,+1.1152) yaw=-0.9734 origin_pixel=(125.6,80.4) min_clearance=0.00px cmd_error=2.1903m/0.597rad
[gazebo_track_car-2] [WARN] [1780981749.196875116] [gazebo_track_car]: JITTER events=50 reasons=cmd_xy_error=2.2084m pos=(-0.041,+1.101) step=0.0041/0.0000m yaw=0.013/0.000rad route=flat_left_mid_to_top_reverse
[gazebo_track_car-2] [WARN] [1780981750.117329941] [gazebo_track_car]: GAZEBO_FOOTPRINT_OFFROAD actual pose=(-0.0634,+1.0610) yaw=-0.5082 origin_pixel=(125.3,82.7) min_clearance=0.00px cmd_error=2.1975m/1.063rad
[gazebo_track_car-2] [WARN] [1780981750.216210195] [gazebo_track_car]: JITTER events=51 reasons=cmd_xy_error=2.2075m pos=(-0.058,+1.045) step=0.0041/0.0000m yaw=0.016/0.000rad route=flat_left_mid_to_top_reverse
[gazebo_track_car-2] [INFO] [1780981751.022708772] [gazebo_track_car]: MOTION pos=(-0.036,+1.044) yaw=-0.395 v=0.249 step_err=0.0050m/0.006rad track_err=2.2289m footprint=OFFROAD:0.00px route=flat_left_mid_to_top_reverse cmd_vel=(0.000,+2.800)
[gazebo_track_car-2] [WARN] [1780981751.120731419] [gazebo_track_car]: GAZEBO_FOOTPRINT_OFFROAD actual pose=(-0.0211,+1.0519) yaw=-0.5617 origin_pixel=(127.1,83.1) min_clearance=0.00px cmd_error=2.2406m/1.009rad
[gazebo_track_car-2] [WARN] [1780981751.221766385] [gazebo_track_car]: JITTER events=50 reasons=yaw_step_error=0.031rad,yaw_rate_delta=0.417rad/s,cmd_xy_error=2.2442m pos=(-0.016,+1.058) step=0.0008/0.0000m yaw=0.031/0.000rad route=flat_left_mid_to_top_reverse
[gazebo_track_car-2] [WARN] [1780981752.121499878] [gazebo_track_car]: GAZEBO_FOOTPRINT_OFFROAD actual pose=(+0.0809,+1.0127) yaw=-1.3063 origin_pixel=(131.5,84.8) min_clearance=0.00px cmd_error=2.3495m/0.265rad
[gazebo_track_car-2] [WARN] [1780981752.219200051] [gazebo_track_car]: JITTER events=50 reasons=cmd_xy_error=2.3448m pos=(+0.074,+1.006) step=0.0020/0.0000m yaw=0.022/0.000rad route=flat_left_mid_to_top_reverse
[gazebo_track_car-2] [INFO] [1780981753.020563196] [gazebo_track_car]: MOTION pos=(+0.091,+0.920) yaw=-1.311 v=0.257 step_err=0.0047m/0.002rad track_err=2.3858m footprint=OFFROAD:0.00px route=flat_left_mid_to_top_reverse cmd_vel=(0.000,+2.800)
[gazebo_track_car-2] [WARN] [1780981753.121346614] [gazebo_track_car]: GAZEBO_FOOTPRINT_OFFROAD actual pose=(+0.1027,+0.9055) yaw=-1.4138 origin_pixel=(132.4,89.4) min_clearance=0.00px cmd_error=2.4015m/0.157rad
[gazebo_track_car-2] [WARN] [1780981753.224283246] [gazebo_track_car]: JITTER events=50 reasons=yaw_step_error=0.025rad,speed_delta=0.052m/s,yaw_rate_delta=0.626rad/s,cmd_xy_error=2.4046m pos=(+0.105,+0.904) step=0.0017/0.0000m yaw=0.025/0.000rad route=flat_left_mid_to_top_reverse
[gazebo_track_car-2] [WARN] [1780981754.125322067] [gazebo_track_car]: GAZEBO_FOOTPRINT_OFFROAD actual pose=(+0.1343,+0.8659) yaw=-1.8264 origin_pixel=(133.7,91.1) min_clearance=0.00px cmd_error=2.4441m/0.256rad
[gazebo_track_car-2] [WARN] [1780981754.223740797] [gazebo_track_car]: JITTER events=50 reasons=yaw_step_error=0.039rad,yaw_rate_delta=0.417rad/s,cmd_xy_error=2.4418m pos=(+0.130,+0.861) step=0.0029/0.0000m yaw=0.039/0.000rad route=flat_left_mid_to_top_reverse
[gazebo_track_car-2] [INFO] [1780981755.023225031] [gazebo_track_car]: MOTION pos=(+0.117,+0.739) yaw=-1.571 v=0.244 step_err=0.0049m/0.006rad track_err=2.4716m footprint=OFFROAD:0.00px route=flat_left_mid_to_top_reverse cmd_vel=(0.000,+2.800)
[gazebo_track_car-2] [WARN] [1780981755.123661286] [gazebo_track_car]: GAZEBO_FOOTPRINT_OFFROAD actual pose=(+0.1123,+0.7209) yaw=-1.5125 origin_pixel=(132.8,97.2) min_clearance=0.00px cmd_error=2.4741m/0.058rad
[gazebo_track_car-2] [WARN] [1780981755.225068768] [gazebo_track_car]: JITTER events=50 reasons=yaw_step_error=0.050rad,cmd_xy_error=2.4583m pos=(+0.093,+0.717) step=0.0040/0.0000m yaw=0.050/0.000rad route=flat_left_mid_to_top_reverse
[gazebo_track_car-2] [WARN] [1780981756.135676918] [gazebo_track_car]: GAZEBO_FOOTPRINT_OFFROAD actual pose=(+0.0897,+0.6490) yaw=-0.3840 origin_pixel=(131.8,100.3) min_clearance=0.00px cmd_error=2.4814m/1.187rad
[gazebo_track_car-2] [WARN] [1780981756.234224017] [gazebo_track_car]: JITTER events=51 reasons=cmd_xy_error=2.4989m pos=(+0.109,+0.649) step=0.0052/0.0000m yaw=0.004/0.000rad route=flat_left_mid_to_top_reverse
[gazebo_track_car-2] [INFO] [1780981757.042777272] [gazebo_track_car]: MOTION pos=(+0.176,+0.650) yaw=-1.149 v=0.106 step_err=0.0018m/0.031rad track_err=2.5602m footprint=OFFROAD:0.00px route=flat_left_mid_to_top_reverse cmd_vel=(0.000,+2.800)
[gazebo_track_car-2] [WARN] [1780981757.141487659] [gazebo_track_car]: GAZEBO_FOOTPRINT_OFFROAD actual pose=(+0.1735,+0.6364) yaw=-1.0271 origin_pixel=(135.4,100.8) min_clearance=0.00px cmd_error=2.5632m/0.544rad
[gazebo_track_car-2] [WARN] [1780981757.239771567] [gazebo_track_car]: JITTER events=50 reasons=cmd_xy_error=2.5721m pos=(+0.181,+0.631) step=0.0019/0.0000m yaw=0.020/0.000rad route=flat_left_mid_to_top_reverse
[gazebo_track_car-2] [WARN] [1780981758.145830041] [gazebo_track_car]: GAZEBO_FOOTPRINT_OFFROAD actual pose=(+0.1917,+0.5799) yaw=-0.8440 origin_pixel=(136.2,103.3) min_clearance=0.00px cmd_error=2.6028m/0.727rad
[gazebo_track_car-2] [WARN] [1780981758.242232797] [gazebo_track_car]: JITTER events=50 reasons=cmd_xy_error=2.6106m pos=(+0.193,+0.563) step=0.0043/0.0000m yaw=0.011/0.000rad route=flat_left_mid_to_top_reverse
[gazebo_track_car-2] [INFO] [1780981759.064829599] [gazebo_track_car]: MOTION pos=(+0.281,+0.526) yaw=-1.507 v=0.204 step_err=0.0044m/0.054rad track_err=2.7060m footprint=OFFROAD:0.00px route=flat_left_mid_to_top_reverse cmd_vel=(0.000,+2.800)
[gazebo_track_car-2] [WARN] [1780981759.146589258] [gazebo_track_car]: GAZEBO_FOOTPRINT_OFFROAD actual pose=(+0.2869,+0.5276) yaw=-1.5826 origin_pixel=(140.2,105.5) min_clearance=0.00px cmd_error=2.7111m/0.012rad
[gazebo_track_car-2] [WARN] [1780981759.264265589] [gazebo_track_car]: JITTER events=51 reasons=yaw_step_error=0.050rad,cmd_xy_error=2.6964m pos=(+0.269,+0.523) step=0.0040/0.0000m yaw=0.050/0.000rad route=flat_left_mid_to_top_reverse
[gazebo_track_car-2] [WARN] [1780981760.265353979] [gazebo_track_car]: JITTER events=50 reasons=cmd_xy_error=2.7147m pos=(+0.268,+0.479) step=0.0021/0.0000m yaw=0.024/0.000rad route=flat_left_mid_to_top_reverse
[gazebo_track_car-2] [INFO] [1780981761.074110992] [gazebo_track_car]: MOTION pos=(+0.226,+0.417) yaw=-0.620 v=0.208 step_err=0.0041m/0.051rad track_err=2.7042m footprint=road:4.00px route=flat_left_mid_to_top_reverse cmd_vel=(0.000,+2.800)
[gazebo_track_car-2] [WARN] [1780981761.356608013] [gazebo_track_car]: JITTER events=54 reasons=speed_delta=0.072m/s,yaw_rate_delta=0.688rad/s,cmd_xy_error=2.7020m pos=(+0.212,+0.396) step=0.0009/0.0000m yaw=0.024/0.000rad route=flat_left_mid_to_top_reverse
[gazebo_track_car-2] [WARN] [1780981762.378143308] [gazebo_track_car]: JITTER events=51 reasons=cmd_xy_error=2.7690m pos=(+0.266,+0.354) step=0.0021/0.0000m yaw=0.023/0.000rad route=flat_left_mid_to_top_reverse
[gazebo_track_car-2] [INFO] [1780981763.074423463] [gazebo_track_car]: MOTION pos=(+0.286,+0.418) yaw=-0.692 v=0.202 step_err=0.0040m/0.050rad track_err=2.7580m footprint=road:3.00px route=flat_left_mid_to_top_reverse cmd_vel=(0.000,+2.800)
[gazebo_track_car-2] [WARN] [1780981763.374202628] [gazebo_track_car]: JITTER events=50 reasons=cmd_xy_error=2.7798m pos=(+0.310,+0.416) step=0.0055/0.0000m yaw=0.001/0.000rad route=flat_left_mid_to_top_reverse
[gazebo_track_car-2] [WARN] [1780981764.375047618] [gazebo_track_car]: JITTER events=50 reasons=cmd_xy_error=2.9090m pos=(+0.412,+0.332) step=0.0021/0.0000m yaw=0.022/0.000rad route=flat_left_mid_to_top_reverse
[gazebo_track_car-2] [INFO] [1780981765.094332026] [gazebo_track_car]: MOTION pos=(+0.376,+0.287) yaw=-0.886 v=0.203 step_err=0.0041m/0.051rad track_err=2.8972m footprint=road:9.00px route=flat_left_mid_to_top_reverse cmd_vel=(0.000,+2.800)
[gazebo_track_car-2] [WARN] [1780981765.378480565] [gazebo_track_car]: JITTER events=50 reasons=cmd_xy_error=2.9318m pos=(+0.422,+0.302) step=0.0021/0.0000m yaw=0.022/0.000rad route=flat_left_mid_to_top_reverse
[gazebo_track_car-2] [WARN] [1780981766.400774451] [gazebo_track_car]: JITTER events=51 reasons=cmd_xy_error=2.9820m pos=(+0.426,+0.202) step=0.0019/0.0000m yaw=0.021/0.000rad route=flat_left_mid_to_top_reverse
[gazebo_track_car-2] [INFO] [1780981767.101576075] [gazebo_track_car]: MOTION pos=(+0.407,+0.198) yaw=-1.327 v=0.202 step_err=0.0040m/0.051rad track_err=2.9673m footprint=road:7.19px route=flat_left_mid_to_top_reverse cmd_vel=(0.000,+2.800)
[gazebo_track_car-2] [WARN] [1780981767.402522790] [gazebo_track_car]: JITTER events=50 reasons=speed_delta=0.050m/s,yaw_rate_delta=0.488rad/s,cmd_xy_error=2.9894m pos=(+0.427,+0.189) step=0.0019/0.0000m yaw=0.003/0.000rad route=flat_left_mid_to_top_reverse
[gazebo_track_car-2] [WARN] [1780981768.402166829] [gazebo_track_car]: JITTER events=50 reasons=yaw_step_error=0.042rad,speed_delta=0.034m/s,cmd_xy_error=3.0124m pos=(+0.403,+0.101) step=0.0033/0.0000m yaw=0.042/0.000rad route=flat_left_mid_to_top_reverse
[gazebo_track_car-2] [INFO] [1780981769.101436383] [gazebo_track_car]: MOTION pos=(+0.433,+0.012) yaw=-0.951 v=0.211 step_err=0.0039m/0.046rad track_err=3.0848m footprint=road:6.40px route=flat_left_mid_to_top_reverse cmd_vel=(0.000,+2.800)
[gazebo_track_car-2] [WARN] [1780981769.405715979] [gazebo_track_car]: JITTER events=50 reasons=speed_delta=0.039m/s,yaw_rate_delta=0.413rad/s,cmd_xy_error=3.1194m pos=(+0.479,+0.021) step=0.0025/0.0000m yaw=0.000/0.000rad route=flat_left_mid_to_top_reverse
[gazebo_track_car-2] [WARN] [1780981770.407181708] [gazebo_track_car]: JITTER events=50 reasons=speed_delta=0.040m/s,yaw_rate_delta=0.621rad/s,cmd_xy_error=3.1446m pos=(+0.482,-0.022) step=0.0009/0.0000m yaw=0.012/0.000rad route=flat_left_mid_to_top_reverse
[gazebo_track_car-2] [INFO] [1780981771.109213527] [gazebo_track_car]: MOTION pos=(+0.455,-0.105) yaw=-0.793 v=0.250 step_err=0.0050m/0.005rad track_err=3.1671m footprint=road:4.00px route=flat_left_mid_to_top_reverse cmd_vel=(0.000,+2.800)
[gazebo_track_car-2] [WARN] [1780981771.428602485] [gazebo_track_car]: JITTER events=51 reasons=yaw_step_error=0.052rad,speed_delta=0.048m/s,cmd_xy_error=3.1974m pos=(+0.461,-0.150) step=0.0040/0.0000m yaw=0.052/0.000rad route=flat_left_mid_to_top_reverse
[gazebo_track_car-2] [WARN] [1780981772.427579396] [gazebo_track_car]: JITTER events=50 reasons=cmd_xy_error=3.3038m pos=(+0.569,-0.180) step=0.0022/0.0000m yaw=0.023/0.000rad route=flat_left_mid_to_top_reverse
[gazebo_track_car-2] [INFO] [1780981773.128287248] [gazebo_track_car]: MOTION pos=(+0.573,-0.189) yaw=-1.726 v=0.201 step_err=0.0042m/0.053rad track_err=3.3121m footprint=road:6.00px route=flat_left_mid_to_top_reverse cmd_vel=(0.000,+2.800)
[gazebo_track_car-2] [WARN] [1780981773.429690459] [gazebo_track_car]: JITTER events=50 reasons=yaw_step_error=0.052rad,cmd_xy_error=3.2836m pos=(+0.525,-0.209) step=0.0042/0.0000m yaw=0.052/0.000rad route=flat_left_mid_to_top_reverse
[gazebo_track_car-2] [WARN] [1780981774.430555869] [gazebo_track_car]: JITTER events=50 reasons=yaw_step_error=0.052rad,cmd_xy_error=3.3682m pos=(+0.590,-0.264) step=0.0042/0.0000m yaw=0.052/0.000rad route=flat_left_mid_to_top_reverse
[gazebo_track_car-2] [INFO] [1780981775.132890574] [gazebo_track_car]: MOTION pos=(+0.546,-0.282) yaw=-1.930 v=0.063 step_err=0.0013m/0.012rad track_err=3.3251m footprint=road:6.00px route=flat_left_mid_to_top_reverse cmd_vel=(0.000,+2.800)
[gazebo_track_car-2] [WARN] [1780981775.434834248] [gazebo_track_car]: JITTER events=50 reasons=yaw_step_error=0.033rad,yaw_rate_delta=0.407rad/s,cmd_xy_error=3.3253m pos=(+0.535,-0.298) step=0.0023/0.0000m yaw=0.033/0.000rad route=flat_left_mid_to_top_reverse
[gazebo_track_car-2] [WARN] [1780981776.452816670] [gazebo_track_car]: JITTER events=51 reasons=cmd_xy_error=3.3759m pos=(+0.563,-0.346) step=0.0037/0.0000m yaw=0.016/0.000rad route=flat_left_mid_to_top_reverse
[gazebo_track_car-2] [INFO] [1780981777.153944362] [gazebo_track_car]: MOTION pos=(+0.559,-0.384) yaw=-2.563 v=0.104 step_err=0.0032m/0.021rad track_err=3.3893m footprint=road:4.00px route=flat_left_mid_to_top_reverse cmd_vel=(0.050,+0.988)
[gazebo_track_car-2] [WARN] [1780981777.451006874] [gazebo_track_car]: JITTER events=50 reasons=cmd_xy_error=3.3524m pos=(+0.515,-0.422) step=0.0052/0.0181m yaw=0.003/0.000rad route=flat_left_mid_to_top_reverse
[gazebo_track_car-2] [WARN] [1780981778.452171121] [gazebo_track_car]: JITTER events=50 reasons=yaw_step_error=0.043rad,speed_delta=0.066m/s,cmd_xy_error=3.2751m pos=(+0.466,-0.439) step=0.0027/0.0053m yaw=0.043/0.000rad route=flat_left_mid_to_top_reverse
[gazebo_track_car-2] [INFO] [1780981779.153196578] [gazebo_track_car]: MOTION pos=(+0.409,-0.501) yaw=-2.629 v=0.099 step_err=0.0086m/0.019rad track_err=3.2355m footprint=road:1.00px route=flat_left_mid_to_top_reverse cmd_vel=(0.050,+0.966)
[gazebo_track_car-2] [WARN] [1780981779.396604008] [gazebo_track_car]: GAZEBO_FOOTPRINT_OFFROAD actual pose=(+0.3983,-0.5115) yaw=-2.6701 origin_pixel=(145.0,149.8) min_clearance=0.00px cmd_error=3.2272m/1.099rad
[gazebo_track_car-2] [WARN] [1780981779.456125580] [gazebo_track_car]: JITTER events=50 reasons=cmd_xy_error=3.2240m pos=(+0.392,-0.520) step=0.0034/0.0050m yaw=0.018/0.000rad route=flat_left_mid_to_top_reverse
[gazebo_track_car-2] [WARN] [1780981780.358731452] [gazebo_track_car]: GAZEBO_FOOTPRINT_OFFROAD actual pose=(+0.3009,-0.5393) yaw=-2.2783 origin_pixel=(140.8,151.0) min_clearance=0.00px cmd_error=3.1203m/0.708rad
[gazebo_track_car-2] [WARN] [1780981780.476814522] [gazebo_track_car]: JITTER events=51 reasons=yaw_step_error=0.051rad,cmd_xy_error=3.1008m pos=(+0.284,-0.530) step=0.0040/0.0000m yaw=0.051/0.000rad route=flat_left_mid_to_top_reverse
[gazebo_track_car-2] [INFO] [1780981781.178540966] [gazebo_track_car]: MOTION pos=(+0.271,-0.588) yaw=-2.733 v=0.186 step_err=0.0142m/0.015rad track_err=3.1022m footprint=OFFROAD:0.00px route=flat_left_mid_to_top_reverse cmd_vel=(0.168,+0.893)
[gazebo_track_car-2] [WARN] [1780981781.379026274] [gazebo_track_car]: GAZEBO_FOOTPRINT_OFFROAD actual pose=(+0.2514,-0.5728) yaw=-2.5036 origin_pixel=(138.7,152.4) min_clearance=0.00px cmd_error=3.0639m/0.933rad
[gazebo_track_car-2] [WARN] [1780981781.479668215] [gazebo_track_car]: JITTER events=50 reasons=cmd_xy_error=3.0565m pos=(+0.246,-0.573) step=0.0020/0.0051m yaw=0.022/0.000rad route=flat_left_mid_to_top_reverse
[gazebo_track_car-2] [WARN] [1780981782.378215737] [gazebo_track_car]: GAZEBO_FOOTPRINT_OFFROAD actual pose=(+0.1689,-0.6325) yaw=-2.6167 origin_pixel=(135.2,155.0) min_clearance=0.00px cmd_error=2.9844m/1.046rad
[gazebo_track_car-2] [WARN] [1780981782.481166405] [gazebo_track_car]: JITTER events=50 reasons=cmd_xy_error=2.9849m pos=(+0.165,-0.643) step=0.0022/0.0050m yaw=0.023/0.000rad route=flat_left_mid_to_top_reverse
[gazebo_track_car-2] [INFO] [1780981783.181270849] [gazebo_track_car]: MOTION pos=(+0.126,-0.663) yaw=-2.711 v=0.175 step_err=0.0108m/0.014rad track_err=2.9156m footprint=OFFROAD:0.00px route=flat_left_mid_to_top_reverse cmd_vel=(0.050,+0.969)
[gazebo_track_car-2] [WARN] [1780981783.375084163] [gazebo_track_car]: GAZEBO_FOOTPRINT_OFFROAD actual pose=(+0.0919,-0.6705) yaw=-2.6225 origin_pixel=(131.9,156.6) min_clearance=0.00px cmd_error=2.8801m/1.052rad
[gazebo_track_car-2] [WARN] [1780981783.482347558] [gazebo_track_car]: JITTER events=50 reasons=yaw_step_error=0.051rad,cmd_xy_error=2.8574m pos=(+0.080,-0.653) step=0.0040/0.0047m yaw=0.051/0.000rad route=flat_left_mid_to_top_reverse
[gazebo_track_car-2] [WARN] [1780981784.482005330] [gazebo_track_car]: GAZEBO_FOOTPRINT_OFFROAD actual pose=(+0.0604,-0.6889) yaw=-2.7610 origin_pixel=(130.6,157.4) min_clearance=0.00px cmd_error=2.8448m/1.190rad
[gazebo_track_car-2] [WARN] [1780981784.482349876] [gazebo_track_car]: JITTER events=50 reasons=yaw_step_error=0.051rad,cmd_xy_error=2.8448m pos=(+0.060,-0.689) step=0.0040/0.0050m yaw=0.051/0.000rad route=flat_left_mid_to_top_reverse
[gazebo_track_car-2] [INFO] [1780981785.182890031] [gazebo_track_car]: MOTION pos=(+0.007,-0.725) yaw=-3.056 v=0.193 step_err=0.0159m/0.017rad track_err=2.7636m footprint=OFFROAD:0.00px route=flat_left_mid_to_top_reverse cmd_vel=(0.206,+0.610)
[gazebo_track_car-2] [WARN] [1780981785.485890438] [gazebo_track_car]: GAZEBO_FOOTPRINT_OFFROAD actual pose=(-0.0521,-0.7359) yaw=+3.0803 origin_pixel=(125.8,159.4) min_clearance=0.00px cmd_error=2.6834m/1.632rad
[gazebo_track_car-2] [WARN] [1780981785.486214125] [gazebo_track_car]: JITTER events=50 reasons=cmd_xy_error=2.6834m pos=(-0.052,-0.736) step=0.0047/0.0222m yaw=0.008/0.000rad route=flat_left_mid_to_top_reverse
[WARNING] [launch]: user interrupted with ctrl-c (SIGINT)
[WARNING] [launch]: user interrupted with ctrl-c (SIGINT) again, ignoring...
[INFO] [gazebo_track_car-2]: process has finished cleanly [pid 30441]
[ERROR] [gzserver-1]: process has died [pid 30439, exit code -2, cmd 'gzserver /home/quocbao/my_robot_vision_full_project/my_robot_vision/mirrored_world_lab/generated/autonomous_map_3d_mirror_x_signless_full.world                                                                      -s libgazebo_ros_init.so   -s libgazebo_ros_factory.so   -s libgazebo_ros_force_system.so       '].
