[INFO] [launch]: All log files can be found below /home/quocbao/.ros/log/2026-06-08-21-45-25-876909-ubuntu-28994
[INFO] [launch]: Default logging verbosity is set to INFO
[INFO] [gzserver-1]: process started with pid [29011]
[INFO] [gazebo_track_car-2]: process started with pid [29014]
[gazebo_track_car-2] [INFO] [1780980326.638407813] [gazebo_track_car]: [MAP_TRANSFORM] image=256x256 path=/home/quocbao/my_robot_vision_full_project/my_robot_vision/models/autonomous_map_3d_mirror_x/materials/textures/autonomous_map_visual.png map_size=6.000x6.000m px_per_m_x=42.667 px_per_m_y=42.667 route_offset=(+0.000,+0.000)m map_visual_offset=(+0.000,+0.300)m
[gazebo_track_car-2] [INFO] [1780980326.766667693] [gazebo_track_car]: [FOOTPRINT_CHECK] samples=1588 center_off_road=0 center_outside_safe=1005 failures=0 min_footprint_clearance=3.60px footprint=front:0.165m rear:0.145m half_width:0.115m
[gazebo_track_car-2] [INFO] [1780980326.766940609] [gazebo_track_car]: [FOOTPRINT_CHECK] overlays=/tmp/gazebo_route_mask_debug.png, /tmp/gazebo_route_centerline_debug.png, /tmp/gazebo_route_footprint_debug.png
[gazebo_track_car-2] [INFO] [1780980326.840271443] [gazebo_track_car]: SAFE_ROUTE_VERSION=semantic_parking_spawn_turn_guard_v31; direction=reversed to match map arrows; clearance=12px; drive_wheels=True; route_offset=(+0.000,+0.000)m; start_distance=0.000m; route_explore=True branch_probability=0.35; sign_detection=off roi=0.08-0.82; map_visual_offset=(+0.000,+0.300)m; base_speed=0.28m/s speed_limit=0.14m/s; traffic_light=fixed state=green green=5.0s yellow=1.0s red=8.0s trigger_distance=1.70m stop_distance=0.85m min_stop=2.0s camera=off topic=/track_preview_car/camera/image_raw fill>=0.42 slow_area>=45px stop_area>=160px distance_gate=on; camera_sign_templates=5 sign_score>=0.32 sign_stable=2; wheel_controller lookahead=0.32m parking_lookahead=0.20m heading_gain=3.80 max_wz=2.80rad/s rotate_heading>1.05rad; yaw_limits=1.80rad/s/4.00rad/s2; route_rejoin=False outer_only=True cmd_error>0.30m max_route_dist=0.55m; progress_sync=True cmd_error>0.06m route_dist<=0.20m yaw<=1.20rad; initial_pose_reset=True tol=0.12m/0.35rad; segments=18; route_points=36.
[gazebo_track_car-2] [INFO] [1780980326.841021111] [gazebo_track_car]: Motion log uses /model_states and /track_preview_car/cmd_vel: MOTION every 2.00s, JITTER at most every 1.00s, verbose=False; jitter thresholds xy_step_delta=0.0060m, cmd_error=0.050m, z_delta=0.0005m, tilt=0.0030rad, speed_delta=0.030m/s, yaw_step_error=0.025rad, yaw_rate_delta=0.400rad/s.
[gzserver-1] [INFO] [1780980328.302432847] [track_preview_car.front_camera_controller]: Publishing camera info to [/track_preview_car/camera/camera_info]
[gzserver-1] [INFO] [1780980328.316602380] [gazebo_ros_state]: Publishing states of gazebo models at [/model_states]
[gzserver-1] [INFO] [1780980328.317011575] [gazebo_ros_state]: Publishing states of gazebo links at [/link_states]
[gzserver-1] [INFO] [1780980328.332411966] [track_preview_car.track_preview_car_diff_drive]: Wheel pair 1 separation set to [0.176000m]
[gzserver-1] [INFO] [1780980328.332441011] [track_preview_car.track_preview_car_diff_drive]: Wheel pair 1 diameter set to [0.060000m]
[gzserver-1] [INFO] [1780980328.333305025] [track_preview_car.track_preview_car_diff_drive]: Subscribed to [/track_preview_car/cmd_vel]
[gzserver-1] [INFO] [1780980328.334884513] [track_preview_car.track_preview_car_diff_drive]: Advertise odometry on [/track_preview_car/odom]
[gazebo_track_car-2] [INFO] [1780980328.362271157] [gazebo_track_car]: initial pose reset to configured route start; actual=(+1.828,+2.180) yaw=+0.000 target=(-1.828,+2.180) yaw=-2.324 error=3.656m/2.324rad segment=flat_top_left_corner_reverse
[gazebo_track_car-2] [INFO] [1780980328.406646874] [gazebo_track_car]: traffic light is now GREEN.
[gazebo_track_car-2] [WARN] [1780980328.407311381] [gazebo_track_car]: Waiting for /model_states pose before publishing wheel commands.
[gazebo_track_car-2] [INFO] [1780980328.716902269] [gazebo_track_car]: wheel controller synced route progress from initial model pose; segment=flat_top_left_corner_reverse@0.001m route_dist=0.001m startup_gate=1.250m
[gazebo_track_car-2] [WARN] [1780980329.423169564] [gazebo_track_car]: JITTER events=27 reasons=yaw_step_error=0.035rad,yaw_rate_delta=0.443rad/s pos=(-1.903,+2.120) step=0.0029/0.0119m yaw=0.035/0.000rad route=flat_top_left_corner_reverse
[gazebo_track_car-2] [WARN] [1780980330.424095268] [gazebo_track_car]: JITTER events=48 reasons=yaw_step_error=0.051rad pos=(-1.921,+2.066) step=0.0040/0.0000m yaw=0.051/0.000rad route=flat_top_left_corner_reverse
[gazebo_track_car-2] [INFO] [1780980330.424512958] [gazebo_track_car]: MOTION pos=(-1.921,+2.066) yaw=-1.143 v=0.203 step_err=0.0040m/0.051rad track_err=0.0332m footprint=road:4.20px route=flat_top_left_corner_reverse cmd_vel=(0.000,-2.800)
[gazebo_track_car-2] [INFO] [1780980330.966408831] [gazebo_track_car]: ROUTE_PROGRESS_SYNC actual=(-1.876,+2.039) cmd_error=0.062m route_dist=0.061m yaw_error=0.692rad segment=flat_top_left_corner_reverse@0.124m->flat_top_left_corner_reverse@0.136m
[gazebo_track_car-2] [WARN] [1780980331.085354486] [gazebo_track_car]: GAZEBO_FOOTPRINT_OFFROAD actual pose=(-1.8802,+2.0295) yaw=-1.5832 origin_pixel=(47.8,41.4) min_clearance=0.00px cmd_error=0.0649m/0.741rad
[gazebo_track_car-2] [WARN] [1780980331.425673757] [gazebo_track_car]: JITTER events=48 reasons=yaw_step_error=0.051rad,cmd_xy_error=0.0581m pos=(-1.910,+2.014) step=0.0041/0.0000m yaw=0.051/0.000rad route=flat_top_left_corner_reverse
[gazebo_track_car-2] [INFO] [1780980332.029154288] [gazebo_track_car]: ROUTE_PROGRESS_SYNC actual=(-1.914,+2.001) cmd_error=0.060m route_dist=0.060m yaw_error=1.108rad segment=flat_top_left_corner_reverse@0.191m->flat_top_left_corner_reverse@0.189m
[gazebo_track_car-2] [WARN] [1780980332.128195966] [gazebo_track_car]: GAZEBO_FOOTPRINT_OFFROAD actual pose=(-1.9062,+1.9966) yaw=-1.2583 origin_pixel=(46.7,42.8) min_clearance=0.00px cmd_error=0.0683m/1.066rad
[gazebo_track_car-2] [WARN] [1780980332.426896414] [gazebo_track_car]: JITTER events=50 reasons=yaw_step_error=0.038rad,speed_delta=0.058m/s,yaw_rate_delta=0.688rad/s,cmd_xy_error=0.0936m pos=(-1.888,+1.979) step=0.0030/0.0000m yaw=0.038/0.000rad route=flat_top_left_corner_reverse
[gazebo_track_car-2] [INFO] [1780980332.427235766] [gazebo_track_car]: MOTION pos=(-1.888,+1.979) yaw=-1.478 v=0.179 step_err=0.0030m/0.038rad track_err=0.0936m footprint=OFFROAD:0.00px route=flat_top_left_corner_reverse cmd_vel=(0.000,-2.800)
[gazebo_track_car-2] [WARN] [1780980333.149305530] [gazebo_track_car]: GAZEBO_FOOTPRINT_OFFROAD actual pose=(-1.8883,+1.9577) yaw=-1.5458 origin_pixel=(47.4,44.5) min_clearance=0.00px cmd_error=0.1090m/0.778rad
[gazebo_track_car-2] [INFO] [1780980333.247081008] [gazebo_track_car]: ROUTE_PROGRESS_SYNC actual=(-1.884,+1.949) cmd_error=0.118m route_dist=0.117m yaw_error=0.732rad segment=flat_top_left_corner_reverse@0.223m->flat_top_left_corner_reverse@0.207m
[gazebo_track_car-2] [WARN] [1780980333.430312151] [gazebo_track_car]: JITTER events=50 reasons=yaw_step_error=0.030rad,cmd_xy_error=0.1166m pos=(-1.896,+1.938) step=0.0025/0.0000m yaw=0.030/0.000rad route=flat_top_left_corner_reverse
[gazebo_track_car-2] [WARN] [1780980334.151072852] [gazebo_track_car]: GAZEBO_FOOTPRINT_OFFROAD actual pose=(-1.8643,+1.9017) yaw=-1.8275 origin_pixel=(48.5,46.9) min_clearance=0.00px cmd_error=0.1637m/0.496rad
[gazebo_track_car-2] [INFO] [1780980334.450838565] [gazebo_track_car]: ROUTE_PROGRESS_SYNC actual=(-1.875,+1.895) cmd_error=0.161m route_dist=0.161m yaw_error=0.633rad segment=flat_top_left_corner_reverse@0.238m->flat_top_left_corner_reverse@0.240m
[gazebo_track_car-2] [WARN] [1780980334.451368578] [gazebo_track_car]: JITTER events=51 reasons=yaw_step_error=0.028rad,speed_delta=0.063m/s,yaw_rate_delta=0.663rad/s,cmd_xy_error=0.1610m pos=(-1.875,+1.895) step=0.0020/0.0023m yaw=0.028/0.000rad route=flat_top_left_corner_reverse
[gazebo_track_car-2] [INFO] [1780980334.451572513] [gazebo_track_car]: MOTION pos=(-1.875,+1.895) yaw=-1.690 v=0.126 step_err=0.0003m/0.028rad track_err=0.1610m footprint=OFFROAD:0.00px route=flat_top_left_corner_reverse cmd_vel=(0.050,-1.600)
[gazebo_track_car-2] [WARN] [1780980335.153530141] [gazebo_track_car]: GAZEBO_FOOTPRINT_OFFROAD actual pose=(-1.8908,+1.8751) yaw=-1.5082 origin_pixel=(47.3,48.0) min_clearance=0.00px cmd_error=0.1626m/0.816rad
[gazebo_track_car-2] [WARN] [1780980335.455695330] [gazebo_track_car]: JITTER events=50 reasons=cmd_xy_error=0.2092m pos=(-1.844,+1.857) step=0.0021/0.0050m yaw=0.022/0.000rad route=flat_top_left_corner_reverse
[gazebo_track_car-2] [INFO] [1780980336.091624396] [gazebo_track_car]: ROUTE_PROGRESS_SYNC actual=(-1.870,+1.843) cmd_error=0.200m route_dist=0.199m yaw_error=0.515rad segment=flat_top_left_corner_reverse@0.295m->flat_top_left_corner_reverse@0.274m
[gazebo_track_car-2] [WARN] [1780980336.152318546] [gazebo_track_car]: GAZEBO_FOOTPRINT_OFFROAD actual pose=(-1.8829,+1.8460) yaw=-1.6461 origin_pixel=(47.7,49.2) min_clearance=0.00px cmd_error=0.1883m/0.678rad
[gazebo_track_car-2] [WARN] [1780980336.450375982] [gazebo_track_car]: JITTER events=50 reasons=cmd_xy_error=0.1750m pos=(-1.915,+1.832) step=0.0021/0.0000m yaw=0.023/0.000rad route=flat_top_left_corner_reverse
[gazebo_track_car-2] [INFO] [1780980336.450654609] [gazebo_track_car]: MOTION pos=(-1.915,+1.832) yaw=-1.209 v=0.099 step_err=0.0021m/0.023rad track_err=0.1750m footprint=OFFROAD:0.00px route=flat_top_left_corner_reverse cmd_vel=(0.000,-2.800)
[gazebo_track_car-2] [WARN] [1780980337.154089344] [gazebo_track_car]: GAZEBO_FOOTPRINT_OFFROAD actual pose=(-1.9350,+1.7707) yaw=-0.6010 origin_pixel=(45.4,52.4) min_clearance=0.00px cmd_error=0.2080m/1.723rad
[gazebo_track_car-2] [WARN] [1780980337.454812169] [gazebo_track_car]: JITTER events=50 reasons=yaw_step_error=0.051rad,cmd_xy_error=0.2531m pos=(-1.891,+1.747) step=0.0041/0.0000m yaw=0.051/0.000rad route=flat_top_left_corner_reverse
[gazebo_track_car-2] [WARN] [1780980338.155603673] [gazebo_track_car]: GAZEBO_FOOTPRINT_OFFROAD actual pose=(-1.8281,+1.7025) yaw=-0.1767 origin_pixel=(50.0,55.4) min_clearance=0.00px cmd_error=0.3276m/2.147rad
[gazebo_track_car-2] [WARN] [1780980338.472940952] [gazebo_track_car]: JITTER events=51 reasons=yaw_step_error=0.050rad,cmd_xy_error=0.3773m pos=(-1.805,+1.656) step=0.0040/0.0000m yaw=0.050/0.000rad route=flat_top_left_corner_reverse
[gazebo_track_car-2] [INFO] [1780980338.473546587] [gazebo_track_car]: MOTION pos=(-1.805,+1.656) yaw=+0.387 v=0.202 step_err=0.0040m/0.050rad track_err=0.3773m footprint=OFFROAD:0.00px route=flat_top_left_corner_reverse cmd_vel=(0.000,+2.800)
[gazebo_track_car-2] [WARN] [1780980339.175910839] [gazebo_track_car]: GAZEBO_FOOTPRINT_OFFROAD actual pose=(-1.7387,+1.6292) yaw=+1.3195 origin_pixel=(53.8,58.5) min_clearance=0.00px cmd_error=0.4422m/2.640rad
[gazebo_track_car-2] [WARN] [1780980339.478258016] [gazebo_track_car]: JITTER events=50 reasons=yaw_step_error=0.052rad,cmd_xy_error=0.3946m pos=(-1.772,+1.663) step=0.0042/0.0000m yaw=0.052/0.000rad route=flat_top_left_corner_reverse
[gazebo_track_car-2] [WARN] [1780980340.176733041] [gazebo_track_car]: GAZEBO_FOOTPRINT_OFFROAD actual pose=(-1.7484,+1.6757) yaw=+0.8964 origin_pixel=(53.4,56.5) min_clearance=0.00px cmd_error=0.4029m/3.063rad
[gazebo_track_car-2] [WARN] [1780980340.478281882] [gazebo_track_car]: JITTER events=50 reasons=yaw_step_error=0.051rad,cmd_xy_error=0.4167m pos=(-1.740,+1.664) step=0.0040/0.0000m yaw=0.051/0.000rad route=flat_top_left_corner_reverse
[gazebo_track_car-2] [INFO] [1780980340.478572561] [gazebo_track_car]: MOTION pos=(-1.740,+1.664) yaw=+0.952 v=0.202 step_err=0.0040m/0.051rad track_err=0.4167m footprint=OFFROAD:0.00px route=flat_top_left_corner_reverse cmd_vel=(0.000,+2.800)
[gazebo_track_car-2] [WARN] [1780980341.179607506] [gazebo_track_car]: GAZEBO_FOOTPRINT_OFFROAD actual pose=(-1.7012,+1.7012) yaw=+1.1130 origin_pixel=(55.4,55.4) min_clearance=0.00px cmd_error=0.4239m/2.846rad
[gazebo_track_car-2] [WARN] [1780980341.476654618] [gazebo_track_car]: JITTER events=50 reasons=cmd_xy_error=0.4029m pos=(-1.694,+1.752) step=0.0035/0.0000m yaw=0.020/0.000rad route=flat_top_left_corner_reverse
[gazebo_track_car-2] [WARN] [1780980342.178971182] [gazebo_track_car]: GAZEBO_FOOTPRINT_OFFROAD actual pose=(-1.6480,+1.7829) yaw=+0.9305 origin_pixel=(57.7,51.9) min_clearance=0.00px cmd_error=0.4314m/3.029rad
[gazebo_track_car-2] [WARN] [1780980342.477019455] [gazebo_track_car]: JITTER events=50 reasons=cmd_xy_error=0.4625m pos=(-1.605,+1.812) step=0.0034/0.0000m yaw=0.008/0.000rad route=flat_top_left_corner_reverse
[gazebo_track_car-2] [INFO] [1780980342.477311948] [gazebo_track_car]: MOTION pos=(-1.605,+1.812) yaw=+1.201 v=0.180 step_err=0.0034m/0.008rad track_err=0.4625m footprint=OFFROAD:0.00px route=flat_top_left_corner_reverse cmd_vel=(0.000,+2.800)
[gazebo_track_car-2] [WARN] [1780980343.178678248] [gazebo_track_car]: GAZEBO_FOOTPRINT_OFFROAD actual pose=(-1.5659,+1.8353) yaw=+1.6896 origin_pixel=(61.2,49.7) min_clearance=0.00px cmd_error=0.4941m/2.270rad
[gazebo_track_car-2] [WARN] [1780980343.479929021] [gazebo_track_car]: JITTER events=50 reasons=cmd_xy_error=0.4754m pos=(-1.582,+1.849) step=0.0021/0.0000m yaw=0.023/0.000rad route=flat_top_left_corner_reverse
[gazebo_track_car-2] [WARN] [1780980344.199271842] [gazebo_track_car]: GAZEBO_FOOTPRINT_OFFROAD actual pose=(-1.6041,+1.8664) yaw=+1.2683 origin_pixel=(59.6,48.4) min_clearance=0.00px cmd_error=0.4504m/2.691rad
[gazebo_track_car-2] [WARN] [1780980344.486117850] [gazebo_track_car]: JITTER events=50 reasons=yaw_step_error=0.050rad,cmd_xy_error=0.4661m pos=(-1.587,+1.875) step=0.0040/0.0000m yaw=0.050/0.000rad route=flat_top_left_corner_reverse
[gazebo_track_car-2] [INFO] [1780980344.486397089] [gazebo_track_car]: MOTION pos=(-1.587,+1.875) yaw=+1.498 v=0.202 step_err=0.0040m/0.050rad track_err=0.4661m footprint=OFFROAD:0.00px route=flat_top_left_corner_reverse cmd_vel=(0.000,+2.800)
[gazebo_track_car-2] [WARN] [1780980345.201919963] [gazebo_track_car]: GAZEBO_FOOTPRINT_OFFROAD actual pose=(-1.5223,+1.9399) yaw=+2.9555 origin_pixel=(63.0,45.2) min_clearance=0.00px cmd_error=0.5445m/1.004rad
[gazebo_track_car-2] [WARN] [1780980345.504007187] [gazebo_track_car]: JITTER events=51 reasons=speed_delta=0.038m/s,yaw_rate_delta=0.512rad/s,cmd_xy_error=0.5593m pos=(-1.543,+1.966) step=0.0048/0.0195m yaw=0.011/0.000rad route=flat_top_left_corner_reverse
[gazebo_track_car-2] [INFO] [1780980346.092996864] [gazebo_track_car]: route segment=flat_left_mid_to_top_reverse; previous=flat_top_left_corner_reverse; distance=0.014m; decision=route/default: flat_left_mid_to_top_reverse
[gazebo_track_car-2] [WARN] [1780980346.204910363] [gazebo_track_car]: GAZEBO_FOOTPRINT_OFFROAD actual pose=(-1.6648,+1.9969) yaw=-1.9893 origin_pixel=(57.0,42.8) min_clearance=0.00px cmd_error=0.5619m/0.419rad
[gazebo_track_car-2] [WARN] [1780980346.503205513] [gazebo_track_car]: JITTER events=50 reasons=cmd_xy_error=0.5518m pos=(-1.686,+1.967) step=0.0040/0.0185m yaw=0.018/0.000rad route=flat_left_mid_to_top_reverse
[gazebo_track_car-2] [INFO] [1780980346.503488287] [gazebo_track_car]: MOTION pos=(-1.686,+1.967) yaw=-1.841 v=0.199 step_err=0.0145m/0.018rad track_err=0.5518m footprint=OFFROAD:0.00px route=flat_left_mid_to_top_reverse cmd_vel=(0.196,-0.845)
[gazebo_track_car-2] [WARN] [1780980347.201988061] [gazebo_track_car]: GAZEBO_FOOTPRINT_OFFROAD actual pose=(-1.7369,+1.9483) yaw=-1.1868 origin_pixel=(53.9,44.9) min_clearance=0.00px cmd_error=0.5356m/0.384rad
[gazebo_track_car-2] [WARN] [1780980347.506739297] [gazebo_track_car]: JITTER events=50 reasons=yaw_step_error=0.054rad,cmd_xy_error=0.5595m pos=(-1.711,+1.938) step=0.0043/0.0050m yaw=0.054/0.000rad route=flat_left_mid_to_top_reverse
[gazebo_track_car-2] [WARN] [1780980348.305781842] [gazebo_track_car]: GAZEBO_FOOTPRINT_OFFROAD actual pose=(-1.7689,+1.9000) yaw=-0.6804 origin_pixel=(52.5,46.9) min_clearance=0.00px cmd_error=0.5148m/0.890rad
[gazebo_track_car-2] [WARN] [1780980348.506815498] [gazebo_track_car]: JITTER events=50 reasons=yaw_rate_delta=0.438rad/s,cmd_xy_error=0.4911m pos=(-1.775,+1.868) step=0.0043/0.0000m yaw=0.009/0.000rad route=flat_left_mid_to_top_reverse
[gazebo_track_car-2] [INFO] [1780980348.507147826] [gazebo_track_car]: MOTION pos=(-1.775,+1.868) yaw=-0.276 v=0.225 step_err=0.0043m/0.009rad track_err=0.4911m footprint=OFFROAD:0.00px route=flat_left_mid_to_top_reverse cmd_vel=(0.000,-2.800)
[gazebo_track_car-2] [WARN] [1780980349.306542057] [gazebo_track_car]: GAZEBO_FOOTPRINT_OFFROAD actual pose=(-1.7021,+1.8447) yaw=-0.6264 origin_pixel=(55.4,49.3) min_clearance=0.00px cmd_error=0.5414m/0.944rad
[gazebo_track_car-2] [WARN] [1780980349.509936658] [gazebo_track_car]: JITTER events=50 reasons=cmd_xy_error=0.5363m pos=(-1.699,+1.827) step=0.0051/0.0000m yaw=0.004/0.000rad route=flat_left_mid_to_top_reverse
[gazebo_track_car-2] [WARN] [1780980350.412709628] [gazebo_track_car]: GAZEBO_FOOTPRINT_OFFROAD actual pose=(-1.6778,+1.7783) yaw=-0.5421 origin_pixel=(56.4,52.1) min_clearance=0.00px cmd_error=0.5362m/1.029rad
[gazebo_track_car-2] [WARN] [1780980350.513093315] [gazebo_track_car]: JITTER events=50 reasons=speed_delta=0.061m/s,yaw_rate_delta=0.557rad/s,cmd_xy_error=0.5449m pos=(-1.670,+1.783) step=0.0021/0.0000m yaw=0.006/0.000rad route=flat_left_mid_to_top_reverse
[gazebo_track_car-2] [INFO] [1780980350.513873160] [gazebo_track_car]: MOTION pos=(-1.670,+1.783) yaw=-0.638 v=0.140 step_err=0.0021m/0.006rad track_err=0.5449m footprint=OFFROAD:0.00px route=flat_left_mid_to_top_reverse cmd_vel=(0.000,-2.800)
[gazebo_track_car-2] [WARN] [1780980351.433171159] [gazebo_track_car]: GAZEBO_FOOTPRINT_OFFROAD actual pose=(-1.5917,+1.7789) yaw=-1.6388 origin_pixel=(60.1,52.1) min_clearance=0.00px cmd_error=0.6259m/0.068rad
[gazebo_track_car-2] [WARN] [1780980351.530779215] [gazebo_track_car]: JITTER events=51 reasons=yaw_step_error=0.029rad,cmd_xy_error=0.6150m pos=(-1.603,+1.774) step=0.0025/0.0052m yaw=0.029/0.000rad route=flat_left_mid_to_top_reverse
[gazebo_track_car-2] [WARN] [1780980352.433226873] [gazebo_track_car]: GAZEBO_FOOTPRINT_OFFROAD actual pose=(-1.5735,+1.7391) yaw=-1.8463 origin_pixel=(60.9,53.8) min_clearance=0.00px cmd_error=0.6429m/0.276rad
[gazebo_track_car-2] [WARN] [1780980352.532882634] [gazebo_track_car]: JITTER events=50 reasons=yaw_step_error=0.042rad,speed_delta=0.033m/s,cmd_xy_error=0.6410m pos=(-1.580,+1.735) step=0.0031/0.0162m yaw=0.042/0.000rad route=flat_left_mid_to_top_reverse
[gazebo_track_car-2] [INFO] [1780980352.533160529] [gazebo_track_car]: MOTION pos=(-1.580,+1.735) yaw=-1.742 v=0.175 step_err=0.0130m/0.042rad track_err=0.6410m footprint=OFFROAD:0.00px route=flat_left_mid_to_top_reverse cmd_vel=(0.167,-1.067)
[gazebo_track_car-2] [WARN] [1780980353.432377631] [gazebo_track_car]: GAZEBO_FOOTPRINT_OFFROAD actual pose=(-1.6412,+1.6725) yaw=-0.6976 origin_pixel=(58.0,56.6) min_clearance=0.00px cmd_error=0.5695m/0.873rad
[gazebo_track_car-2] [WARN] [1780980353.533012351] [gazebo_track_car]: JITTER events=50 reasons=cmd_xy_error=0.5694m pos=(-1.638,+1.663) step=0.0021/0.0000m yaw=0.023/0.000rad route=flat_left_mid_to_top_reverse
[gazebo_track_car-2] [WARN] [1780980354.435380205] [gazebo_track_car]: GAZEBO_FOOTPRINT_OFFROAD actual pose=(-1.5655,+1.6349) yaw=-1.0759 origin_pixel=(61.2,58.2) min_clearance=0.00px cmd_error=0.6317m/0.495rad
[gazebo_track_car-2] [WARN] [1780980354.534895982] [gazebo_track_car]: JITTER events=50 reasons=yaw_step_error=0.053rad,cmd_xy_error=0.6151m pos=(-1.581,+1.627) step=0.0042/0.0000m yaw=0.053/0.000rad route=flat_left_mid_to_top_reverse
[gazebo_track_car-2] [INFO] [1780980354.535173848] [gazebo_track_car]: MOTION pos=(-1.581,+1.627) yaw=-0.835 v=0.218 step_err=0.0042m/0.053rad track_err=0.6151m footprint=OFFROAD:0.00px route=flat_left_mid_to_top_reverse cmd_vel=(0.000,-2.800)
[gazebo_track_car-2] [WARN] [1780980355.456300097] [gazebo_track_car]: GAZEBO_FOOTPRINT_OFFROAD actual pose=(-1.5693,+1.5637) yaw=-0.0233 origin_pixel=(61.0,61.3) min_clearance=0.00px cmd_error=0.6151m/1.547rad
[gazebo_track_car-2] [WARN] [1780980355.555643883] [gazebo_track_car]: JITTER events=51 reasons=yaw_step_error=0.034rad,cmd_xy_error=0.6224m pos=(-1.562,+1.559) step=0.0034/0.0000m yaw=0.034/0.000rad route=flat_left_mid_to_top_reverse
[gazebo_track_car-2] [WARN] [1780980356.446599537] [gazebo_track_car]: GAZEBO_FOOTPRINT_OFFROAD actual pose=(-1.5082,+1.5981) yaw=-0.4989 origin_pixel=(63.7,59.8) min_clearance=0.00px cmd_error=0.6806m/1.072rad
[gazebo_track_car-2] [WARN] [1780980356.546932580] [gazebo_track_car]: JITTER events=50 reasons=cmd_xy_error=0.6976m pos=(-1.491,+1.599) step=0.0044/0.0000m yaw=0.009/0.000rad route=flat_left_mid_to_top_reverse
[gazebo_track_car-2] [INFO] [1780980356.547218952] [gazebo_track_car]: MOTION pos=(-1.491,+1.599) yaw=-0.625 v=0.224 step_err=0.0044m/0.009rad track_err=0.6976m footprint=OFFROAD:0.00px route=flat_left_mid_to_top_reverse cmd_vel=(0.000,-2.800)
[gazebo_track_car-2] [WARN] [1780980357.451565197] [gazebo_track_car]: GAZEBO_FOOTPRINT_OFFROAD actual pose=(-1.3885,+1.5896) yaw=-1.8109 origin_pixel=(68.8,60.2) min_clearance=0.00px cmd_error=0.7984m/0.240rad
[gazebo_track_car-2] [WARN] [1780980357.551333454] [gazebo_track_car]: JITTER events=50 reasons=cmd_xy_error=0.7984m pos=(-1.389,+1.588) step=0.0019/0.0050m yaw=0.020/0.000rad route=flat_left_mid_to_top_reverse
[gazebo_track_car-2] [WARN] [1780980358.453442137] [gazebo_track_car]: GAZEBO_FOOTPRINT_OFFROAD actual pose=(-1.3869,+1.5447) yaw=-2.0604 origin_pixel=(68.8,62.1) min_clearance=0.00px cmd_error=0.8096m/0.490rad
[gazebo_track_car-2] [WARN] [1780980358.552859048] [gazebo_track_car]: JITTER events=50 reasons=yaw_step_error=0.033rad,cmd_xy_error=0.7998m pos=(-1.401,+1.548) step=0.0028/0.0162m yaw=0.033/0.000rad route=flat_left_mid_to_top_reverse
[gazebo_track_car-2] [INFO] [1780980358.553141332] [gazebo_track_car]: MOTION pos=(-1.401,+1.548) yaw=-1.881 v=0.136 step_err=0.0134m/0.033rad track_err=0.7998m footprint=OFFROAD:0.00px route=flat_left_mid_to_top_reverse cmd_vel=(0.161,-1.082)
[gazebo_track_car-2] [WARN] [1780980359.457233579] [gazebo_track_car]: GAZEBO_FOOTPRINT_OFFROAD actual pose=(-1.3838,+1.4870) yaw=-2.5214 origin_pixel=(69.0,64.6) min_clearance=0.00px cmd_error=0.8374m/0.951rad
[gazebo_track_car-2] [WARN] [1780980359.556571741] [gazebo_track_car]: JITTER events=50 reasons=cmd_xy_error=0.8238m pos=(-1.393,+1.470) step=0.0054/0.0000m yaw=0.003/0.000rad route=flat_left_mid_to_top_reverse
[gazebo_track_car-2] [WARN] [1780980360.480859516] [gazebo_track_car]: GAZEBO_FOOTPRINT_OFFROAD actual pose=(-1.4851,+1.3446) yaw=+2.5900 origin_pixel=(64.6,70.6) min_clearance=0.00px cmd_error=0.7499m/2.122rad
[gazebo_track_car-2] [WARN] [1780980360.581393549] [gazebo_track_car]: JITTER events=51 reasons=yaw_step_error=0.052rad,cmd_xy_error=0.7629m pos=(-1.478,+1.360) step=0.0041/0.0000m yaw=0.052/0.000rad route=flat_left_mid_to_top_reverse
[gazebo_track_car-2] [INFO] [1780980360.581674200] [gazebo_track_car]: MOTION pos=(-1.478,+1.360) yaw=+2.834 v=0.217 step_err=0.0041m/0.052rad track_err=0.7629m footprint=OFFROAD:0.00px route=flat_left_mid_to_top_reverse cmd_vel=(0.000,+2.800)
[gazebo_track_car-2] [WARN] [1780980361.586124911] [gazebo_track_car]: GAZEBO_FOOTPRINT_OFFROAD actual pose=(-1.5408,+1.4206) yaw=-3.0275 origin_pixel=(62.3,67.4) min_clearance=0.00px cmd_error=0.7426m/1.457rad
[gazebo_track_car-2] [WARN] [1780980361.586455967] [gazebo_track_car]: JITTER events=50 reasons=speed_delta=0.046m/s,yaw_rate_delta=0.653rad/s,cmd_xy_error=0.7426m pos=(-1.541,+1.421) step=0.0013/0.0050m yaw=0.015/0.000rad route=flat_left_mid_to_top_reverse
[gazebo_track_car-2] [WARN] [1780980362.585054993] [gazebo_track_car]: GAZEBO_FOOTPRINT_OFFROAD actual pose=(-1.5815,+1.3880) yaw=+2.8284 origin_pixel=(60.5,68.8) min_clearance=0.00px cmd_error=0.7068m/1.884rad
[gazebo_track_car-2] [WARN] [1780980362.585370780] [gazebo_track_car]: JITTER events=50 reasons=speed_delta=0.032m/s,cmd_xy_error=0.7068m pos=(-1.581,+1.388) step=0.0016/0.0000m yaw=0.017/0.000rad route=flat_left_mid_to_top_reverse
[gazebo_track_car-2] [INFO] [1780980362.585564767] [gazebo_track_car]: MOTION pos=(-1.581,+1.388) yaw=+2.828 v=0.089 step_err=0.0016m/0.017rad track_err=0.7068m footprint=OFFROAD:0.00px route=flat_left_mid_to_top_reverse cmd_vel=(0.000,+2.800)
[gazebo_track_car-2] [WARN] [1780980363.691446388] [gazebo_track_car]: GAZEBO_FOOTPRINT_OFFROAD actual pose=(-1.6745,+1.3597) yaw=+1.4294 origin_pixel=(56.6,70.0) min_clearance=0.00px cmd_error=0.6136m/3.000rad
[gazebo_track_car-2] [WARN] [1780980363.691783676] [gazebo_track_car]: JITTER events=55 reasons=cmd_xy_error=0.6136m pos=(-1.674,+1.360) step=0.0021/0.0000m yaw=0.021/0.000rad route=flat_left_mid_to_top_reverse
[gazebo_track_car-2] [INFO] [1780980364.597235855] [gazebo_track_car]: MOTION pos=(-1.729,+1.464) yaw=+0.027 v=0.145 step_err=0.0026m/0.002rad track_err=0.6388m footprint=OFFROAD:0.00px route=flat_left_mid_to_top_reverse cmd_vel=(0.000,-2.800)
[gazebo_track_car-2] [WARN] [1780980364.696625881] [gazebo_track_car]: GAZEBO_FOOTPRINT_OFFROAD actual pose=(-1.7187,+1.4532) yaw=+0.1725 origin_pixel=(54.7,66.0) min_clearance=0.00px cmd_error=0.6384m/1.743rad
[gazebo_track_car-2] [WARN] [1780980364.697057558] [gazebo_track_car]: JITTER events=50 reasons=yaw_step_error=0.043rad,cmd_xy_error=0.6384m pos=(-1.719,+1.453) step=0.0035/0.0000m yaw=0.043/0.000rad route=flat_left_mid_to_top_reverse
[gazebo_track_car-2] [WARN] [1780980365.699183996] [gazebo_track_car]: GAZEBO_FOOTPRINT_OFFROAD actual pose=(-1.6328,+1.4647) yaw=-0.1237 origin_pixel=(58.3,65.5) min_clearance=0.00px cmd_error=0.7102m/1.447rad
[gazebo_track_car-2] [WARN] [1780980365.699498491] [gazebo_track_car]: JITTER events=50 reasons=yaw_step_error=0.032rad,speed_delta=0.064m/s,yaw_rate_delta=0.680rad/s,cmd_xy_error=0.7102m pos=(-1.633,+1.465) step=0.0023/0.0000m yaw=0.032/0.000rad route=flat_left_mid_to_top_reverse
[gazebo_track_car-2] [INFO] [1780980366.601742388] [gazebo_track_car]: MOTION pos=(-1.580,+1.458) yaw=-0.186 v=0.131 step_err=0.0022m/0.010rad track_err=0.7475m footprint=OFFROAD:0.00px route=flat_left_mid_to_top_reverse cmd_vel=(0.000,-2.800)
[gazebo_track_car-2] [WARN] [1780980366.701414919] [gazebo_track_car]: GAZEBO_FOOTPRINT_OFFROAD actual pose=(-1.5764,+1.4421) yaw=+0.0174 origin_pixel=(60.7,66.5) min_clearance=0.00px cmd_error=0.7412m/1.588rad
[gazebo_track_car-2] [WARN] [1780980366.701729934] [gazebo_track_car]: JITTER events=50 reasons=yaw_step_error=0.058rad,speed_delta=0.032m/s,yaw_rate_delta=0.402rad/s,cmd_xy_error=0.7412m pos=(-1.576,+1.442) step=0.0046/0.0000m yaw=0.058/0.000rad route=flat_left_mid_to_top_reverse
[gazebo_track_car-2] [WARN] [1780980367.717772798] [gazebo_track_car]: GAZEBO_FOOTPRINT_OFFROAD actual pose=(-1.4365,+1.4472) yaw=+0.3891 origin_pixel=(66.7,66.3) min_clearance=0.00px cmd_error=0.8615m/1.960rad
[gazebo_track_car-2] [WARN] [1780980367.718153409] [gazebo_track_car]: JITTER events=51 reasons=cmd_xy_error=0.8615m pos=(-1.436,+1.447) step=0.0046/0.0000m yaw=0.009/0.000rad route=flat_left_mid_to_top_reverse
[gazebo_track_car-2] [INFO] [1780980368.623666684] [gazebo_track_car]: MOTION pos=(-1.402,+1.480) yaw=+0.097 v=0.202 step_err=0.0040m/0.050rad track_err=0.9077m footprint=OFFROAD:0.00px route=flat_left_mid_to_top_reverse cmd_vel=(0.000,-2.800)
[gazebo_track_car-2] [WARN] [1780980368.723196235] [gazebo_track_car]: GAZEBO_FOOTPRINT_OFFROAD actual pose=(-1.3949,+1.4906) yaw=-0.0395 origin_pixel=(68.5,64.4) min_clearance=0.00px cmd_error=0.9195m/1.531rad
[gazebo_track_car-2] [WARN] [1780980368.723509207] [gazebo_track_car]: JITTER events=50 reasons=yaw_rate_delta=0.499rad/s,cmd_xy_error=0.9195m pos=(-1.395,+1.491) step=0.0033/0.0000m yaw=0.010/0.000rad route=flat_left_mid_to_top_reverse
[gazebo_track_car-2] [WARN] [1780980369.721931173] [gazebo_track_car]: GAZEBO_FOOTPRINT_OFFROAD actual pose=(-1.2659,+1.4889) yaw=-0.4498 origin_pixel=(74.0,64.5) min_clearance=0.00px cmd_error=1.0310m/1.121rad
[gazebo_track_car-2] [WARN] [1780980369.722626078] [gazebo_track_car]: JITTER events=50 reasons=yaw_step_error=0.051rad,cmd_xy_error=1.0310m pos=(-1.266,+1.489) step=0.0040/0.0000m yaw=0.051/0.000rad route=flat_left_mid_to_top_reverse
[gazebo_track_car-2] [INFO] [1780980370.620512383] [gazebo_track_car]: MOTION pos=(-1.220,+1.456) yaw=-0.199 v=0.092 step_err=0.0018m/0.019rad track_err=1.0582m footprint=OFFROAD:0.00px route=flat_left_mid_to_top_reverse cmd_vel=(0.000,-2.800)
[gazebo_track_car-2] [WARN] [1780980370.723764263] [gazebo_track_car]: GAZEBO_FOOTPRINT_OFFROAD actual pose=(-1.2134,+1.4703) yaw=-0.3917 origin_pixel=(76.2,65.3) min_clearance=0.00px cmd_error=1.0697m/1.179rad
[gazebo_track_car-2] [WARN] [1780980370.724074319] [gazebo_track_car]: JITTER events=50 reasons=yaw_step_error=0.050rad,cmd_xy_error=1.0697m pos=(-1.213,+1.470) step=0.0040/0.0000m yaw=0.050/0.000rad route=flat_left_mid_to_top_reverse
[gazebo_track_car-2] [WARN] [1780980371.747433371] [gazebo_track_car]: GAZEBO_FOOTPRINT_OFFROAD actual pose=(-1.1506,+1.3908) yaw=+0.2102 origin_pixel=(78.9,68.7) min_clearance=0.00px cmd_error=1.0968m/1.781rad
[gazebo_track_car-2] [WARN] [1780980371.747755921] [gazebo_track_car]: JITTER events=51 reasons=yaw_step_error=0.050rad,cmd_xy_error=1.0968m pos=(-1.151,+1.391) step=0.0040/0.0000m yaw=0.050/0.000rad route=flat_left_mid_to_top_reverse
[gazebo_track_car-2] [INFO] [1780980372.645549066] [gazebo_track_car]: MOTION pos=(-1.020,+1.434) yaw=-0.593 v=0.195 step_err=0.0034m/0.008rad track_err=1.2347m footprint=OFFROAD:0.00px route=flat_left_mid_to_top_reverse cmd_vel=(0.000,-2.800)
[gazebo_track_car-2] [WARN] [1780980372.745213785] [gazebo_track_car]: GAZEBO_FOOTPRINT_OFFROAD actual pose=(-1.0017,+1.4252) yaw=-0.6393 origin_pixel=(85.3,67.2) min_clearance=0.00px cmd_error=1.2486m/0.931rad
[gazebo_track_car-2] [WARN] [1780980372.745582272] [gazebo_track_car]: JITTER events=50 reasons=cmd_xy_error=1.2486m pos=(-1.002,+1.425) step=0.0042/0.0000m yaw=0.012/0.000rad route=flat_left_mid_to_top_reverse
[gazebo_track_car-2] [WARN] [1780980373.749802696] [gazebo_track_car]: GAZEBO_FOOTPRINT_OFFROAD actual pose=(-0.9213,+1.3746) yaw=-1.2043 origin_pixel=(88.7,69.4) min_clearance=0.00px cmd_error=1.3098m/0.366rad
[gazebo_track_car-2] [WARN] [1780980373.750191822] [gazebo_track_car]: JITTER events=50 reasons=yaw_step_error=0.028rad,speed_delta=0.039m/s,yaw_rate_delta=0.587rad/s,cmd_xy_error=1.3098m pos=(-0.921,+1.375) step=0.0018/0.0000m yaw=0.028/0.000rad route=flat_left_mid_to_top_reverse
[gazebo_track_car-2] [INFO] [1780980374.648581455] [gazebo_track_car]: MOTION pos=(-0.874,+1.323) yaw=-1.824 v=0.165 step_err=0.0019m/0.020rad track_err=1.3462m footprint=OFFROAD:0.00px route=flat_left_mid_to_top_reverse cmd_vel=(0.050,-1.166)
[gazebo_track_car-2] [WARN] [1780980374.746977227] [gazebo_track_car]: GAZEBO_FOOTPRINT_OFFROAD actual pose=(-0.8843,+1.3098) yaw=-1.7251 origin_pixel=(90.3,72.1) min_clearance=0.00px cmd_error=1.3340m/0.154rad
[gazebo_track_car-2] [WARN] [1780980374.747337479] [gazebo_track_car]: JITTER events=50 reasons=cmd_xy_error=1.3340m pos=(-0.884,+1.310) step=0.0033/0.0051m yaw=0.020/0.000rad route=flat_left_mid_to_top_reverse
[gazebo_track_car-2] [WARN] [1780980375.751685408] [gazebo_track_car]: GAZEBO_FOOTPRINT_OFFROAD actual pose=(-0.9075,+1.2525) yaw=-1.4053 origin_pixel=(89.3,74.6) min_clearance=0.00px cmd_error=1.3086m/0.166rad
[gazebo_track_car-2] [WARN] [1780980375.751998230] [gazebo_track_car]: JITTER events=50 reasons=cmd_xy_error=1.3086m pos=(-0.908,+1.252) step=0.0042/0.0000m yaw=0.014/0.000rad route=flat_left_mid_to_top_reverse
[gazebo_track_car-2] [INFO] [1780980376.673411520] [gazebo_track_car]: MOTION pos=(-0.931,+1.120) yaw=-0.517 v=0.179 step_err=0.0033m/0.008rad track_err=1.2612m footprint=OFFROAD:0.00px route=flat_left_mid_to_top_reverse cmd_vel=(0.000,-2.800)
[gazebo_track_car-2] [WARN] [1780980376.771539464] [gazebo_track_car]: GAZEBO_FOOTPRINT_OFFROAD actual pose=(-0.9260,+1.1106) yaw=-0.3852 origin_pixel=(88.5,80.6) min_clearance=0.00px cmd_error=1.2644m/1.186rad
[gazebo_track_car-2] [WARN] [1780980376.771865862] [gazebo_track_car]: JITTER events=51 reasons=yaw_step_error=0.047rad,speed_delta=0.064m/s,cmd_xy_error=1.2644m pos=(-0.926,+1.111) step=0.0032/0.0000m yaw=0.047/0.000rad route=flat_left_mid_to_top_reverse
[gazebo_track_car-2] [WARN] [1780980377.773397683] [gazebo_track_car]: GAZEBO_FOOTPRINT_OFFROAD actual pose=(-0.8484,+1.0376) yaw=+0.3855 origin_pixel=(91.8,83.7) min_clearance=0.00px cmd_error=1.3344m/1.956rad
[gazebo_track_car-2] [WARN] [1780980377.773708491] [gazebo_track_car]: JITTER events=50 reasons=yaw_step_error=0.046rad,speed_delta=0.038m/s,yaw_rate_delta=0.578rad/s,cmd_xy_error=1.3344m pos=(-0.848,+1.038) step=0.0036/0.0000m yaw=0.046/0.000rad route=flat_left_mid_to_top_reverse
[gazebo_track_car-2] [INFO] [1780980378.670748233] [gazebo_track_car]: MOTION pos=(-0.797,+1.050) yaw=+0.327 v=0.202 step_err=0.0040m/0.051rad track_err=1.3862m footprint=OFFROAD:0.00px route=flat_left_mid_to_top_reverse cmd_vel=(0.000,+2.800)
[gazebo_track_car-2] [WARN] [1780980378.770404900] [gazebo_track_car]: GAZEBO_FOOTPRINT_OFFROAD actual pose=(-0.8008,+1.0698) yaw=+0.0691 origin_pixel=(93.8,82.4) min_clearance=0.00px cmd_error=1.3844m/1.640rad
[gazebo_track_car-2] [WARN] [1780980378.770713344] [gazebo_track_car]: JITTER events=50 reasons=yaw_step_error=0.050rad,cmd_xy_error=1.3844m pos=(-0.801,+1.070) step=0.0040/0.0000m yaw=0.050/0.000rad route=flat_left_mid_to_top_reverse
[gazebo_track_car-2] [WARN] [1780980379.773582273] [gazebo_track_car]: GAZEBO_FOOTPRINT_OFFROAD actual pose=(-0.7732,+1.1209) yaw=-0.4788 origin_pixel=(95.0,80.2) min_clearance=0.00px cmd_error=1.4173m/1.092rad
[gazebo_track_car-2] [WARN] [1780980379.773935691] [gazebo_track_car]: JITTER events=50 reasons=yaw_step_error=0.031rad,cmd_xy_error=1.4173m pos=(-0.773,+1.121) step=0.0011/0.0000m yaw=0.031/0.000rad route=flat_left_mid_to_top_reverse
[gazebo_track_car-2] [INFO] [1780980380.693421252] [gazebo_track_car]: MOTION pos=(-0.649,+1.074) yaw=-1.165 v=0.269 step_err=0.0054m/0.002rad track_err=1.5363m footprint=OFFROAD:0.00px route=flat_left_mid_to_top_reverse cmd_vel=(0.000,-2.800)
[gazebo_track_car-2] [WARN] [1780980380.794259293] [gazebo_track_car]: GAZEBO_FOOTPRINT_OFFROAD actual pose=(-0.6373,+1.0516) yaw=-1.1904 origin_pixel=(100.8,83.1) min_clearance=0.00px cmd_error=1.5460m/0.380rad
[gazebo_track_car-2] [WARN] [1780980380.794725565] [gazebo_track_car]: JITTER events=51 reasons=cmd_xy_error=1.5460m pos=(-0.637,+1.052) step=0.0049/0.0000m yaw=0.006/0.000rad route=flat_left_mid_to_top_reverse
[gazebo_track_car-2] [WARN] [1780980381.796750421] [gazebo_track_car]: JITTER events=50 reasons=speed_delta=0.056m/s,yaw_rate_delta=0.563rad/s,cmd_xy_error=1.5985m pos=(-0.582,+0.995) step=0.0027/0.0000m yaw=0.016/0.000rad route=flat_left_mid_to_top_reverse
[gazebo_track_car-2] [INFO] [1780980382.694922920] [gazebo_track_car]: MOTION pos=(-0.605,+0.912) yaw=-1.863 v=0.096 step_err=0.0032m/0.022rad track_err=1.5748m footprint=road:2.00px route=flat_left_mid_to_top_reverse cmd_vel=(0.050,-1.450)
[gazebo_track_car-2] [WARN] [1780980382.794287945] [gazebo_track_car]: JITTER events=50 reasons=cmd_xy_error=1.5646m pos=(-0.615,+0.896) step=0.0042/0.0050m yaw=0.011/0.000rad route=flat_left_mid_to_top_reverse
[gazebo_track_car-2] [WARN] [1780980383.797759471] [gazebo_track_car]: JITTER events=50 reasons=yaw_step_error=0.053rad,cmd_xy_error=1.5496m pos=(-0.631,+0.849) step=0.0042/0.0000m yaw=0.053/0.000rad route=flat_left_mid_to_top_reverse
[gazebo_track_car-2] [WARN] [1780980384.097641640] [gazebo_track_car]: GAZEBO_FOOTPRINT_OFFROAD actual pose=(-0.6522,+0.8268) yaw=-1.4270 origin_pixel=(100.2,92.7) min_clearance=0.00px cmd_error=1.5290m/0.144rad
[gazebo_track_car-2] [INFO] [1780980384.701187119] [gazebo_track_car]: MOTION pos=(-0.634,+0.776) yaw=-1.747 v=0.249 step_err=0.0050m/0.006rad track_err=1.5503m footprint=road:2.20px route=flat_left_mid_to_top_reverse cmd_vel=(0.000,-2.800)
[gazebo_track_car-2] [WARN] [1780980384.799795239] [gazebo_track_car]: JITTER events=50 reasons=yaw_step_error=0.044rad,speed_delta=0.034m/s,yaw_rate_delta=0.584rad/s,cmd_xy_error=1.5573m pos=(-0.628,+0.760) step=0.0036/0.0000m yaw=0.044/0.000rad route=flat_left_mid_to_top_reverse
[gazebo_track_car-2] [WARN] [1780980385.822022554] [gazebo_track_car]: JITTER events=51 reasons=cmd_xy_error=1.5691m pos=(-0.625,+0.654) step=0.0022/0.0050m yaw=0.023/0.000rad route=flat_left_mid_to_top_reverse
[gazebo_track_car-2] [INFO] [1780980386.725816254] [gazebo_track_car]: MOTION pos=(-0.654,+0.617) yaw=-2.419 v=0.100 step_err=0.0099m/0.022rad track_err=1.5333m footprint=road:6.40px route=flat_left_mid_to_top_reverse cmd_vel=(0.172,-0.913)
[gazebo_track_car-2] [WARN] [1780980386.823335193] [gazebo_track_car]: JITTER events=50 reasons=cmd_xy_error=1.5234m pos=(-0.663,+0.620) step=0.0018/0.0114m yaw=0.019/0.000rad route=flat_left_mid_to_top_reverse
[gazebo_track_car-2] [WARN] [1780980387.822062546] [gazebo_track_car]: JITTER events=50 reasons=cmd_xy_error=1.4516m pos=(-0.729,+0.566) step=0.0036/0.0157m yaw=0.021/0.000rad route=flat_left_mid_to_top_reverse
[gazebo_track_car-2] [INFO] [1780980388.725952765] [gazebo_track_car]: MOTION pos=(-0.772,+0.555) yaw=-1.986 v=0.212 step_err=0.0123m/0.052rad track_err=1.4092m footprint=road:2.80px route=flat_left_mid_to_top_reverse cmd_vel=(0.050,-1.170)
[gazebo_track_car-2] [WARN] [1780980388.823965667] [gazebo_track_car]: JITTER events=50 reasons=yaw_step_error=0.053rad,cmd_xy_error=1.3901m pos=(-0.792,+0.562) step=0.0042/0.0051m yaw=0.053/0.000rad route=flat_left_mid_to_top_reverse
[gazebo_track_car-2] [WARN] [1780980388.885675581] [gazebo_track_car]: GAZEBO_FOOTPRINT_OFFROAD actual pose=(-0.7987,+0.5648) yaw=-1.6431 origin_pixel=(93.9,103.9) min_clearance=0.00px cmd_error=1.3831m/0.072rad
[gazebo_track_car-2] [WARN] [1780980389.825173324] [gazebo_track_car]: JITTER events=50 reasons=cmd_xy_error=1.3912m pos=(-0.789,+0.458) step=0.0054/0.0000m yaw=0.003/0.000rad route=flat_left_mid_to_top_reverse
[gazebo_track_car-2] [INFO] [1780980390.728993566] [gazebo_track_car]: MOTION pos=(-0.845,+0.386) yaw=-1.407 v=0.190 step_err=0.0035m/0.001rad track_err=1.3360m footprint=road:7.39px route=flat_left_mid_to_top_reverse cmd_vel=(0.000,-2.800)
[gazebo_track_car-2] [WARN] [1780980390.829109173] [gazebo_track_car]: JITTER events=50 reasons=yaw_step_error=0.039rad,speed_delta=0.043m/s,yaw_rate_delta=0.481rad/s,cmd_xy_error=1.3468m pos=(-0.835,+0.372) step=0.0033/0.0000m yaw=0.039/0.000rad route=flat_left_mid_to_top_reverse
[gazebo_track_car-2] [WARN] [1780980391.846181506] [gazebo_track_car]: JITTER events=51 reasons=yaw_step_error=0.053rad,cmd_xy_error=1.2978m pos=(-0.890,+0.304) step=0.0042/0.0000m yaw=0.053/0.000rad route=flat_left_mid_to_top_reverse
[gazebo_track_car-2] [INFO] [1780980392.748648885] [gazebo_track_car]: MOTION pos=(-0.904,+0.291) yaw=-0.675 v=0.208 step_err=0.0041m/0.052rad track_err=1.2851m footprint=road:9.79px route=flat_left_mid_to_top_reverse cmd_vel=(0.000,-2.800)
[gazebo_track_car-2] [WARN] [1780980392.849625358] [gazebo_track_car]: JITTER events=50 reasons=yaw_step_error=0.029rad,cmd_xy_error=1.2781m pos=(-0.912,+0.284) step=0.0005/0.0000m yaw=0.029/0.000rad route=flat_left_mid_to_top_reverse
[gazebo_track_car-2] [WARN] [1780980393.847345419] [gazebo_track_car]: JITTER events=50 reasons=yaw_step_error=0.051rad,cmd_xy_error=1.3744m pos=(-0.815,+0.281) step=0.0041/0.0000m yaw=0.051/0.000rad route=flat_left_mid_to_top_reverse
[gazebo_track_car-2] [INFO] [1780980394.750203161] [gazebo_track_car]: MOTION pos=(-0.906,+0.238) yaw=-0.767 v=0.222 step_err=0.0043m/0.054rad track_err=1.2876m footprint=road:10.60px route=flat_left_mid_to_top_reverse cmd_vel=(0.000,-2.800)
[gazebo_track_car-2] [WARN] [1780980394.849687902] [gazebo_track_car]: JITTER events=50 reasons=yaw_step_error=0.027rad,yaw_rate_delta=0.437rad/s,cmd_xy_error=1.2800m pos=(-0.915,+0.230) step=0.0002/0.0000m yaw=0.027/0.000rad route=flat_left_mid_to_top_reverse
[WARNING] [launch]: user interrupted with ctrl-c (SIGINT)
[WARNING] [launch]: user interrupted with ctrl-c (SIGINT) again, ignoring...
[INFO] [gazebo_track_car-2]: sending signal 'SIGINT' to process[gazebo_track_car-2]
[INFO] [gzserver-1]: sending signal 'SIGINT' to process[gzserver-1]
[INFO] [gazebo_track_car-2]: process has finished cleanly [pid 29014]
[ERROR] [gzserver-1]: process has died [pid 29011, exit code -2, cmd 'gzserver /home/quocbao/my_robot_vision_full_project/my_robot_vision/mirrored_world_lab/generated/autonomous_map_3d_mirror_x_signless_full.world                                                                      -s libgazebo_ros_init.so   -s libgazebo_ros_factory.so   -s libgazebo_ros_force_system.so       '].
