[INFO] [launch]: All log files can be found below /home/quocbao/.ros/log/2026-06-08-13-51-06-943578-ubuntu-15772
[INFO] [launch]: Default logging verbosity is set to INFO
[INFO] [gzserver-1]: process started with pid [15791]
[INFO] [gzclient   -2]: process started with pid [15793]
[INFO] [gazebo_track_car-3]: process started with pid [15796]
[INFO] [gazebo_camera_viewer-4]: process started with pid [15799]
[gazebo_track_car-3] [INFO] [1780951867.646095651] [gazebo_track_car]: [MAP_TRANSFORM] image=256x256 map_size=6.000x6.000m px_per_m_x=42.667 px_per_m_y=42.667 route_offset=(+0.000,+0.000)m map_visual_offset=(+0.000,+0.300)m
[gazebo_track_car-3] [INFO] [1780951867.776241474] [gazebo_track_car]: [FOOTPRINT_CHECK] samples=1685 center_off_road=0 center_outside_safe=326 failures=0 min_footprint_clearance=4.00px footprint=front:0.165m rear:0.145m half_width:0.115m
[gazebo_track_car-3] [INFO] [1780951867.776527238] [gazebo_track_car]: [FOOTPRINT_CHECK] overlays=/tmp/gazebo_route_mask_debug.png, /tmp/gazebo_route_centerline_debug.png, /tmp/gazebo_route_footprint_debug.png
[gazebo_track_car-3] [INFO] [1780951867.854741306] [gazebo_track_car]: SAFE_ROUTE_VERSION=semantic_parking_spawn_turn_guard_v31; direction=reversed to match map arrows; clearance=12px; drive_wheels=True; route_offset=(+0.000,+0.000)m; start_distance=0.000m; sign_detection=off roi=0.08-0.82; map_visual_offset=(+0.000,+0.300)m; base_speed=0.28m/s speed_limit=0.14m/s; traffic_light=fixed state=green green=5.0s yellow=1.0s red=8.0s trigger_distance=1.70m stop_distance=0.85m min_stop=2.0s camera=off topic=/track_preview_car/camera/image_raw fill>=0.42 slow_area>=45px stop_area>=160px distance_gate=on; camera_sign_templates=5 sign_score>=0.32 sign_stable=2; wheel_controller lookahead=0.32m parking_lookahead=0.20m heading_gain=3.80 max_wz=2.80rad/s rotate_heading>1.05rad; yaw_limits=1.80rad/s/4.00rad/s2; route_rejoin=True outer_only=True cmd_error>0.18m max_route_dist=0.55m; initial_pose_reset=True tol=0.12m/0.35rad; segments=23; route_points=116.
[gazebo_track_car-3] [INFO] [1780951867.855010499] [gazebo_track_car]: Motion log uses /model_states and /track_preview_car/cmd_vel: MOTION every 2.00s, JITTER at most every 1.00s, verbose=False; jitter thresholds xy_step_delta=0.0060m, cmd_error=0.050m, z_delta=0.0005m, tilt=0.0030rad, speed_delta=0.030m/s, yaw_step_error=0.025rad, yaw_rate_delta=0.400rad/s.
[gazebo_camera_viewer-4] [INFO] [1780951867.924889862] [gazebo_camera_viewer]: Camera viewer listening on /track_preview_car/camera/image_raw
[gzserver-1] [INFO] [1780951869.066103146] [track_preview_car.front_camera_controller]: Publishing camera info to [/track_preview_car/camera/camera_info]
[gzserver-1] [INFO] [1780951869.079055465] [gazebo_ros_state]: Publishing states of gazebo models at [/model_states]
[gzserver-1] [INFO] [1780951869.079291145] [gazebo_ros_state]: Publishing states of gazebo links at [/link_states]
[gzserver-1] [INFO] [1780951869.093910818] [track_preview_car.track_preview_car_diff_drive]: Wheel pair 1 separation set to [0.176000m]
[gzserver-1] [INFO] [1780951869.093938720] [track_preview_car.track_preview_car_diff_drive]: Wheel pair 1 diameter set to [0.060000m]
[gzserver-1] [INFO] [1780951869.094668042] [track_preview_car.track_preview_car_diff_drive]: Subscribed to [/track_preview_car/cmd_vel]
[gzserver-1] [INFO] [1780951869.095631030] [track_preview_car.track_preview_car_diff_drive]: Advertise odometry on [/track_preview_car/odom]
[gazebo_track_car-3] [INFO] [1780951869.123935410] [gazebo_track_car]: initial pose reset to configured route start; actual=(+1.828,+2.180) yaw=+0.000 target=(-1.828,+2.180) yaw=+3.142 error=3.656m/3.142rad segment=outer_top_left_corner_reverse
[gazebo_track_car-3] [INFO] [1780951869.169431666] [gazebo_track_car]: traffic light is now GREEN.
[gazebo_track_car-3] [WARN] [1780951869.170004005] [gazebo_track_car]: Waiting for /model_states pose before publishing wheel commands.
[gazebo_camera_viewer-4] [INFO] [1780951869.311387293] [gazebo_camera_viewer]: Receiving Gazebo camera frames.
[gazebo_track_car-3] [INFO] [1780951869.492388771] [gazebo_track_car]: wheel controller synced route progress from initial model pose; segment=outer_top_left_corner_reverse@0.000m route_dist=0.000m startup_gate=1.250m
[gzclient   -2] context mismatch in svga_surface_destroy
[gzclient   -2] context mismatch in svga_surface_destroy
[gazebo_track_car-3] [WARN] [1780951870.192626219] [gazebo_track_car]: JITTER events=5 reasons=yaw_step_error=0.172rad pos=(-1.940,+2.188) step=0.0040/0.0196m yaw=0.012/0.184rad route=outer_top_left_corner_reverse
[gazebo_track_car-3] [INFO] [1780951871.188045417] [gazebo_track_car]: MOTION pos=(-2.118,+2.100) yaw=-2.165 v=0.199 step_err=0.0158m/0.013rad track_err=0.0155m footprint=road:9.80px route=outer_top_left_corner_reverse cmd_vel=(0.199,+0.603)
[gazebo_track_car-3] [WARN] [1780951871.686780488] [gazebo_track_car]: JITTER events=7 reasons=yaw_step_error=0.108rad pos=(-2.181,+2.019) step=0.0043/0.0207m yaw=0.009/0.117rad route=outer_top_left_corner_reverse
[gazebo_track_car-3] [INFO] [1780951872.689700518] [gazebo_track_car]: route segment=outer_left_upper_to_top_reverse; previous=outer_top_left_corner_reverse; distance=0.010m; decision=route/default: outer_left_upper_to_top_reverse
[gazebo_track_car-3] [INFO] [1780951873.207950301] [gazebo_track_car]: MOTION pos=(-2.239,+1.647) yaw=-1.572 v=0.276 step_err=0.0226m/0.000rad track_err=0.0145m footprint=road:8.00px route=outer_left_upper_to_top_reverse cmd_vel=(0.278,+0.013)
[gazebo_track_car-3] [INFO] [1780951875.210859027] [gazebo_track_car]: MOTION pos=(-2.244,+1.093) yaw=-1.595 v=0.277 step_err=0.0222m/0.000rad track_err=0.0098m footprint=road:8.00px route=outer_left_upper_to_top_reverse cmd_vel=(0.277,+0.018)
[gazebo_track_car-3] [INFO] [1780951876.003514787] [gazebo_track_car]: route segment=outer_left_middle_entry_to_upper_reverse; previous=outer_left_upper_to_top_reverse; distance=0.010m; decision=route/default: outer_left_middle_entry_to_upper_reverse
[gazebo_track_car-3] [INFO] [1780951877.213769423] [gazebo_track_car]: MOTION pos=(-2.251,+0.537) yaw=-1.570 v=0.280 step_err=0.0221m/0.000rad track_err=0.0081m footprint=road:9.00px route=outer_left_middle_entry_to_upper_reverse cmd_vel=(0.280,+0.002)
[gazebo_track_car-3] [WARN] [1780951878.757983308] [gazebo_track_car]: JITTER events=4 reasons=speed_delta=0.066m/s pos=(-2.250,+0.108) step=0.0047/0.0000m yaw=0.001/0.000rad route=outer_left_middle_entry_to_upper_reverse
[gazebo_track_car-3] [INFO] [1780951879.239875440] [gazebo_track_car]: MOTION pos=(-2.264,+0.047) yaw=-1.317 v=0.120 step_err=0.0088m/0.012rad track_err=0.0203m footprint=road:7.00px route=outer_left_middle_entry_to_upper_reverse cmd_vel=(0.142,+0.543)
[gazebo_track_car-3] [WARN] [1780951879.757149965] [gazebo_track_car]: JITTER events=6 reasons=speed_delta=0.033m/s pos=(-2.234,-0.045) step=0.0025/0.0000m yaw=0.009/0.000rad route=outer_left_middle_entry_to_upper_reverse
[gazebo_track_car-3] [INFO] [1780951880.328430687] [gazebo_track_car]: route segment=outer_left_mid_to_middle_entry_reverse; previous=outer_left_middle_entry_to_upper_reverse; distance=0.007m; decision=route/default: outer_left_mid_to_middle_entry_reverse
[gazebo_track_car-3] [INFO] [1780951880.735258464] [gazebo_track_car]: ROUTE_REJOIN teleport actual=(-2.200,-0.184) cmd_error=0.180m nearest=(-2.222,-0.184) route_dist=0.022m segment=outer_left_lower_to_mid_reverse@0.184m parking_locked=False yaw=-1.545
[gazebo_track_car-3] [WARN] [1780951880.755113624] [gazebo_track_car]: JITTER events=24 reasons=z_delta=0.0017m pos=(-2.222,-0.184) step=0.0000/0.0000m yaw=0.000/0.000rad route=outer_left_lower_to_mid_reverse
[gazebo_track_car-3] [INFO] [1780951881.238741442] [gazebo_track_car]: MOTION pos=(-2.219,-0.289) yaw=-1.546 v=0.279 step_err=0.0215m/0.000rad track_err=0.0065m footprint=road:7.00px route=outer_left_lower_to_mid_reverse cmd_vel=(0.280,+0.003)
[gazebo_track_car-3] [INFO] [1780951883.251843464] [gazebo_track_car]: MOTION pos=(-2.204,-0.852) yaw=-1.545 v=0.279 step_err=0.0237m/0.000rad track_err=0.0063m footprint=road:6.00px route=outer_left_lower_to_mid_reverse cmd_vel=(0.279,-0.006)
[gazebo_track_car-3] [INFO] [1780951885.272730716] [gazebo_track_car]: MOTION pos=(-2.189,-1.416) yaw=-1.545 v=0.279 step_err=0.0237m/0.000rad track_err=0.0043m footprint=road:5.79px route=outer_left_lower_to_mid_reverse cmd_vel=(0.279,-0.005)
[gazebo_track_car-3] [WARN] [1780951886.874195447] [gazebo_track_car]: JITTER events=7 reasons=yaw_step_error=0.202rad pos=(-2.176,-1.739) step=0.0031/0.0152m yaw=0.015/0.217rad route=outer_left_lower_to_mid_reverse
[gazebo_track_car-3] [INFO] [1780951887.261011520] [gazebo_track_car]: route segment=outer_bottom_left_corner_reverse; previous=outer_left_lower_to_mid_reverse; distance=0.002m; decision=route/default: outer_bottom_left_corner_reverse
[gazebo_track_car-3] [INFO] [1780951887.276416729] [gazebo_track_car]: MOTION pos=(-2.136,-1.795) yaw=-0.453 v=0.185 step_err=0.0126m/0.107rad track_err=0.0427m footprint=road:8.00px route=outer_bottom_left_corner_reverse cmd_vel=(0.187,+0.668)
[gazebo_track_car-3] [WARN] [1780951887.917978013] [gazebo_track_car]: JITTER events=23 reasons=cmd_xy_error=0.0541m pos=(-2.020,-1.854) step=0.0045/0.0000m yaw=0.007/0.000rad route=outer_bottom_left_corner_reverse
[gazebo_track_car-3] [INFO] [1780951888.871528251] [gazebo_track_car]: route segment=outer_bottom_left_mid_to_bottom_left_reverse; previous=outer_bottom_left_corner_reverse; distance=0.010m; decision=route/default: outer_bottom_left_mid_to_bottom_left_reverse
[gazebo_track_car-3] [WARN] [1780951888.915687336] [gazebo_track_car]: JITTER events=37 reasons=cmd_xy_error=0.0547m pos=(-1.765,-1.864) step=0.0056/0.0000m yaw=0.000/0.000rad route=outer_bottom_left_mid_to_bottom_left_reverse
[gazebo_track_car-3] [INFO] [1780951889.293591454] [gazebo_track_car]: MOTION pos=(-1.660,-1.858) yaw=+0.039 v=0.273 step_err=0.0221m/0.001rad track_err=0.0467m footprint=road:8.00px route=outer_bottom_left_mid_to_bottom_left_reverse cmd_vel=(0.272,-0.050)
[gazebo_track_car-3] [WARN] [1780951890.028732243] [gazebo_track_car]: JITTER events=36 reasons=cmd_xy_error=0.0547m pos=(-1.464,-1.851) step=0.0055/0.0000m yaw=0.001/0.000rad route=outer_bottom_left_mid_to_bottom_left_reverse
[gazebo_track_car-3] [WARN] [1780951891.030551897] [gazebo_track_car]: JITTER events=30 reasons=cmd_xy_error=0.0540m pos=(-1.187,-1.850) step=0.0056/0.0000m yaw=0.000/0.000rad route=outer_bottom_left_mid_to_bottom_left_reverse
[gazebo_track_car-3] [INFO] [1780951891.392376454] [gazebo_track_car]: MOTION pos=(-1.086,-1.851) yaw=-0.005 v=0.279 step_err=0.0226m/0.000rad track_err=0.0428m footprint=road:8.00px route=outer_bottom_left_mid_to_bottom_left_reverse cmd_vel=(0.279,+0.004)
[gazebo_track_car-3] [INFO] [1780951891.786177736] [gazebo_track_car]: route segment=outer_bottom_mid_to_bottom_left_mid_reverse; previous=outer_bottom_left_mid_to_bottom_left_reverse; distance=0.015m; decision=route/default: outer_bottom_mid_to_bottom_left_mid_reverse
[gazebo_track_car-3] [WARN] [1780951892.032204025] [gazebo_track_car]: JITTER events=30 reasons=cmd_xy_error=0.0536m pos=(-0.908,-1.851) step=0.0056/0.0000m yaw=0.000/0.000rad route=outer_bottom_mid_to_bottom_left_mid_reverse
[gazebo_track_car-3] [WARN] [1780951893.031199119] [gazebo_track_car]: JITTER events=37 reasons=cmd_xy_error=0.0508m pos=(-0.629,-1.852) step=0.0056/0.0000m yaw=0.000/0.000rad route=outer_bottom_mid_to_bottom_left_mid_reverse
[gazebo_track_car-3] [INFO] [1780951893.412472901] [gazebo_track_car]: MOTION pos=(-0.522,-1.852) yaw=+0.001 v=0.280 step_err=0.0216m/0.000rad track_err=0.0457m footprint=road:8.00px route=outer_bottom_mid_to_bottom_left_mid_reverse cmd_vel=(0.280,-0.000)
[gazebo_track_car-3] [WARN] [1780951894.032984083] [gazebo_track_car]: JITTER events=40 reasons=cmd_xy_error=0.0503m pos=(-0.349,-1.852) step=0.0056/0.0000m yaw=0.000/0.000rad route=outer_bottom_mid_to_bottom_left_mid_reverse
[gazebo_track_car-3] [WARN] [1780951895.054057868] [gazebo_track_car]: JITTER events=32 reasons=cmd_xy_error=0.0552m pos=(-0.065,-1.851) step=0.0056/0.0000m yaw=0.000/0.000rad route=outer_bottom_mid_to_bottom_left_mid_reverse
[gazebo_track_car-3] [INFO] [1780951895.303766502] [gazebo_track_car]: route segment=outer_bottom_right_mid_to_bottom_mid_reverse; previous=outer_bottom_mid_to_bottom_left_mid_reverse; distance=0.011m; decision=route/default: outer_bottom_right_mid_to_bottom_mid_reverse
[gazebo_track_car-3] [INFO] [1780951895.414089561] [gazebo_track_car]: MOTION pos=(+0.036,-1.851) yaw=+0.000 v=0.279 step_err=0.0223m/0.000rad track_err=0.0435m footprint=road:8.00px route=outer_bottom_right_mid_to_bottom_mid_reverse cmd_vel=(0.279,-0.006)
[gazebo_track_car-3] [WARN] [1780951896.054372614] [gazebo_track_car]: JITTER events=30 reasons=cmd_xy_error=0.0537m pos=(+0.214,-1.851) step=0.0056/0.0000m yaw=0.000/0.000rad route=outer_bottom_right_mid_to_bottom_mid_reverse
[gazebo_track_car-3] [WARN] [1780951897.057459155] [gazebo_track_car]: JITTER events=30 reasons=cmd_xy_error=0.0536m pos=(+0.493,-1.851) step=0.0056/0.0000m yaw=0.000/0.000rad route=outer_bottom_right_mid_to_bottom_mid_reverse
[gazebo_track_car-3] [INFO] [1780951897.436737636] [gazebo_track_car]: MOTION pos=(+0.600,-1.851) yaw=-0.001 v=0.280 step_err=0.0232m/0.000rad track_err=0.0451m footprint=road:8.00px route=outer_bottom_right_mid_to_bottom_mid_reverse cmd_vel=(0.280,-0.001)
[gazebo_track_car-3] [WARN] [1780951898.055316230] [gazebo_track_car]: JITTER events=36 reasons=cmd_xy_error=0.0506m pos=(+0.773,-1.851) step=0.0056/0.0000m yaw=0.000/0.000rad route=outer_bottom_right_mid_to_bottom_mid_reverse
[gazebo_track_car-3] [INFO] [1780951898.821833563] [gazebo_track_car]: route segment=outer_bottom_right_to_bottom_right_mid_reverse; previous=outer_bottom_right_mid_to_bottom_mid_reverse; distance=0.010m; decision=route/default: outer_bottom_right_to_bottom_right_mid_reverse
[gazebo_track_car-3] [WARN] [1780951899.177082179] [gazebo_track_car]: JITTER events=39 reasons=cmd_xy_error=0.0547m pos=(+1.086,-1.852) step=0.0056/0.0000m yaw=0.000/0.000rad route=outer_bottom_right_to_bottom_right_mid_reverse
[gazebo_track_car-3] [INFO] [1780951899.438153898] [gazebo_track_car]: MOTION pos=(+1.159,-1.852) yaw=+0.000 v=0.280 step_err=0.0227m/0.000rad track_err=0.0432m footprint=road:8.00px route=outer_bottom_right_to_bottom_right_mid_reverse cmd_vel=(0.280,+0.002)
[gazebo_track_car-3] [WARN] [1780951900.177924052] [gazebo_track_car]: JITTER events=30 reasons=cmd_xy_error=0.0529m pos=(+1.366,-1.852) step=0.0056/0.0000m yaw=0.000/0.000rad route=outer_bottom_right_to_bottom_right_mid_reverse
[gazebo_track_car-3] [WARN] [1780951901.175775357] [gazebo_track_car]: JITTER events=31 reasons=cmd_xy_error=0.0514m pos=(+1.645,-1.851) step=0.0056/0.0000m yaw=0.000/0.000rad route=outer_bottom_right_to_bottom_right_mid_reverse
[gazebo_track_car-3] [INFO] [1780951901.437264716] [gazebo_track_car]: MOTION pos=(+1.717,-1.851) yaw=+0.001 v=0.279 step_err=0.0226m/0.000rad track_err=0.0399m footprint=road:8.00px route=outer_bottom_right_to_bottom_right_mid_reverse cmd_vel=(0.279,-0.007)
[gazebo_track_car-3] [INFO] [1780951901.939799630] [gazebo_track_car]: route segment=outer_bottom_right_corner_reverse; previous=outer_bottom_right_to_bottom_right_mid_reverse; distance=0.012m; decision=route/default: outer_bottom_right_corner_reverse
[gazebo_track_car-3] [WARN] [1780951902.303936901] [gazebo_track_car]: JITTER events=32 reasons=cmd_xy_error=0.0540m pos=(+1.939,-1.856) step=0.0044/0.0000m yaw=0.008/0.000rad route=outer_bottom_right_corner_reverse
[gazebo_track_car-3] [WARN] [1780951903.263579811] [gazebo_track_car]: JITTER events=37 reasons=cmd_xy_error=0.0513m pos=(+2.085,-1.853) step=0.0028/0.0132m yaw=0.016/0.040rad route=outer_bottom_right_corner_reverse
[gazebo_track_car-3] [INFO] [1780951903.465237550] [gazebo_track_car]: MOTION pos=(+2.111,-1.840) yaw=+0.956 v=0.149 step_err=0.0111m/0.127rad track_err=0.0514m footprint=road:6.00px route=outer_bottom_right_corner_reverse cmd_vel=(0.148,+0.751)
[gazebo_track_car-3] [INFO] [1780951904.251311038] [gazebo_track_car]: route segment=outer_right_mid_to_lower_reverse; previous=outer_bottom_right_corner_reverse; distance=0.010m; decision=route/default: outer_right_mid_to_lower_reverse
[gazebo_track_car-3] [WARN] [1780951904.264337804] [gazebo_track_car]: JITTER events=50 reasons=yaw_step_error=0.161rad,cmd_xy_error=0.0757m pos=(+2.193,-1.721) step=0.0043/0.0154m yaw=0.009/0.170rad route=outer_right_mid_to_lower_reverse
[gazebo_track_car-3] [WARN] [1780951905.372147522] [gazebo_track_car]: JITTER events=54 reasons=cmd_xy_error=0.0746m pos=(+2.203,-1.439) step=0.0054/0.0267m yaw=0.001/0.000rad route=outer_right_mid_to_lower_reverse
[gazebo_track_car-3] [INFO] [1780951905.467671071] [gazebo_track_car]: MOTION pos=(+2.201,-1.413) yaw=+1.587 v=0.268 step_err=0.0227m/0.001rad track_err=0.0730m footprint=road:7.00px route=outer_right_mid_to_lower_reverse cmd_vel=(0.267,-0.079)
[gazebo_track_car-3] [WARN] [1780951906.371466412] [gazebo_track_car]: JITTER events=50 reasons=cmd_xy_error=0.0725m pos=(+2.201,-1.170) step=0.0055/0.0274m yaw=0.001/0.000rad route=outer_right_mid_to_lower_reverse
[gazebo_track_car-3] [WARN] [1780951907.372640121] [gazebo_track_car]: JITTER events=50 reasons=cmd_xy_error=0.0712m pos=(+2.212,-0.892) step=0.0056/0.0284m yaw=0.000/0.000rad route=outer_right_mid_to_lower_reverse
[gazebo_track_car-3] [INFO] [1780951907.474958686] [gazebo_track_car]: MOTION pos=(+2.214,-0.864) yaw=+1.530 v=0.278 step_err=0.0217m/0.000rad track_err=0.0718m footprint=road:7.00px route=outer_right_mid_to_lower_reverse cmd_vel=(0.278,+0.011)
[gazebo_track_car-3] [WARN] [1780951908.476487617] [gazebo_track_car]: JITTER events=55 reasons=cmd_xy_error=0.0709m pos=(+2.225,-0.588) step=0.0055/0.0284m yaw=0.001/0.000rad route=outer_right_mid_to_lower_reverse
[gazebo_track_car-3] [INFO] [1780951909.076986131] [gazebo_track_car]: route segment=outer_right_upper_to_mid_reverse; previous=outer_right_mid_to_lower_reverse; distance=0.023m; decision=route/default: outer_right_upper_to_mid_reverse
[gazebo_track_car-3] [WARN] [1780951909.478754490] [gazebo_track_car]: JITTER events=49 reasons=cmd_xy_error=0.0971m pos=(+2.228,-0.313) step=0.0056/0.0000m yaw=0.000/0.000rad route=outer_right_upper_to_mid_reverse
[gazebo_track_car-3] [INFO] [1780951909.479033010] [gazebo_track_car]: MOTION pos=(+2.228,-0.313) yaw=+1.574 v=0.279 step_err=0.0056m/0.000rad track_err=0.0971m footprint=road:8.00px route=outer_right_upper_to_mid_reverse cmd_vel=(0.279,+0.008)
[gazebo_track_car-3] [WARN] [1780951910.588614836] [gazebo_track_car]: JITTER events=55 reasons=cmd_xy_error=0.0707m pos=(+2.226,-0.006) step=0.0056/0.0284m yaw=0.000/0.000rad route=outer_right_upper_to_mid_reverse
[gazebo_track_car-3] [WARN] [1780951911.591314476] [gazebo_track_car]: JITTER events=50 reasons=cmd_xy_error=0.0695m pos=(+2.226,+0.272) step=0.0056/0.0287m yaw=0.000/0.000rad route=outer_right_upper_to_mid_reverse
[gazebo_track_car-3] [INFO] [1780951911.591604598] [gazebo_track_car]: MOTION pos=(+2.226,+0.272) yaw=+1.570 v=0.279 step_err=0.0232m/0.000rad track_err=0.0695m footprint=road:9.00px route=outer_right_upper_to_mid_reverse cmd_vel=(0.279,-0.005)
[gazebo_track_car-3] [WARN] [1780951912.612548667] [gazebo_track_car]: JITTER events=51 reasons=cmd_xy_error=0.0744m pos=(+2.226,+0.557) step=0.0056/0.0280m yaw=0.000/0.000rad route=outer_right_upper_to_mid_reverse
[gazebo_track_car-3] [WARN] [1780951913.613308068] [gazebo_track_car]: JITTER events=50 reasons=cmd_xy_error=0.0725m pos=(+2.227,+0.832) step=0.0054/0.0268m yaw=0.001/0.000rad route=outer_right_upper_to_mid_reverse
[gazebo_track_car-3] [INFO] [1780951913.613617255] [gazebo_track_car]: MOTION pos=(+2.227,+0.832) yaw=+1.595 v=0.270 step_err=0.0214m/0.001rad track_err=0.0725m footprint=road:8.00px route=outer_right_upper_to_mid_reverse cmd_vel=(0.271,+0.056)
[gazebo_track_car-3] [INFO] [1780951914.104010221] [gazebo_track_car]: route segment=outer_right_top_to_upper_reverse; previous=outer_right_upper_to_mid_reverse; distance=0.005m; decision=route/default: outer_right_top_to_upper_reverse
[gazebo_track_car-3] [WARN] [1780951914.613067417] [gazebo_track_car]: JITTER events=50 reasons=cmd_xy_error=0.0708m pos=(+2.217,+1.107) step=0.0056/0.0283m yaw=0.000/0.000rad route=outer_right_top_to_upper_reverse
[gazebo_track_car-3] [WARN] [1780951915.615778856] [gazebo_track_car]: JITTER events=49 reasons=cmd_xy_error=0.0696m pos=(+2.201,+1.385) step=0.0056/0.0273m yaw=0.000/0.000rad route=outer_right_top_to_upper_reverse
[gazebo_track_car-3] [INFO] [1780951915.616095777] [gazebo_track_car]: MOTION pos=(+2.201,+1.385) yaw=+1.622 v=0.278 step_err=0.0217m/0.000rad track_err=0.0696m footprint=road:7.00px route=outer_right_top_to_upper_reverse cmd_vel=(0.278,-0.010)
[gazebo_track_car-3] [WARN] [1780951916.624904626] [gazebo_track_car]: JITTER events=50 reasons=cmd_xy_error=0.0961m pos=(+2.187,+1.662) step=0.0055/0.0000m yaw=0.001/0.000rad route=outer_right_top_to_upper_reverse
[gazebo_track_car-3] [INFO] [1780951917.631040150] [gazebo_track_car]: route segment=outer_top_right_corner_reverse; previous=outer_right_top_to_upper_reverse; distance=0.006m; decision=route/default: outer_top_right_corner_reverse
[gazebo_track_car-3] [WARN] [1780951917.641498980] [gazebo_track_car]: JITTER events=51 reasons=cmd_xy_error=0.0736m pos=(+2.188,+1.908) step=0.0039/0.0187m yaw=0.013/0.008rad route=outer_top_right_corner_reverse
[gazebo_track_car-3] [INFO] [1780951917.642362763] [gazebo_track_car]: MOTION pos=(+2.188,+1.908) yaw=+1.841 v=0.192 step_err=0.0149m/0.005rad track_err=0.0736m footprint=road:8.39px route=outer_top_right_corner_reverse cmd_vel=(0.189,+0.617)
[gazebo_track_car-3] [WARN] [1780951918.745848788] [gazebo_track_car]: JITTER events=55 reasons=yaw_step_error=0.125rad,cmd_xy_error=0.0814m pos=(+2.129,+2.084) step=0.0038/0.0178m yaw=0.015/0.140rad route=outer_top_right_corner_reverse
[gazebo_track_car-3] [WARN] [1780951919.749852562] [gazebo_track_car]: JITTER events=50 reasons=cmd_xy_error=0.0845m pos=(+1.940,+2.177) step=0.0046/0.0230m yaw=0.006/0.000rad route=outer_top_right_corner_reverse
[gazebo_track_car-3] [INFO] [1780951919.750208817] [gazebo_track_car]: MOTION pos=(+1.940,+2.177) yaw=+3.044 v=0.229 step_err=0.0184m/0.006rad track_err=0.0845m footprint=road:9.00px route=outer_top_right_corner_reverse cmd_vel=(0.232,+0.293)
[gazebo_track_car-3] [INFO] [1780951920.647165686] [gazebo_track_car]: route segment=outer_top_right_mid_to_top_right_reverse; previous=outer_top_right_corner_reverse; distance=0.005m; decision=route/default: outer_top_right_mid_to_top_right_reverse
[gazebo_track_car-3] [WARN] [1780951920.749290604] [gazebo_track_car]: JITTER events=50 reasons=cmd_xy_error=0.0885m pos=(+1.684,+2.188) step=0.0056/0.0276m yaw=0.000/0.000rad route=outer_top_right_mid_to_top_right_reverse
[gazebo_track_car-3] [WARN] [1780951921.753482263] [gazebo_track_car]: JITTER events=50 reasons=cmd_xy_error=0.0881m pos=(+1.411,+2.178) step=0.0055/0.0263m yaw=0.001/0.000rad route=outer_top_right_mid_to_top_right_reverse
[gazebo_track_car-3] [INFO] [1780951921.753856943] [gazebo_track_car]: MOTION pos=(+1.411,+2.178) yaw=-3.139 v=0.275 step_err=0.0208m/0.001rad track_err=0.0881m footprint=road:8.00px route=outer_top_right_mid_to_top_right_reverse cmd_vel=(0.275,-0.028)
[gazebo_track_car-3] [WARN] [1780951922.771999737] [gazebo_track_car]: JITTER events=51 reasons=cmd_xy_error=0.0918m pos=(+1.128,+2.179) step=0.0056/0.0276m yaw=0.000/0.000rad route=outer_top_right_mid_to_top_right_reverse
[gazebo_track_car-3] [WARN] [1780951923.779277509] [gazebo_track_car]: JITTER events=50 reasons=cmd_xy_error=0.0918m pos=(+0.849,+2.180) step=0.0056/0.0282m yaw=0.000/0.000rad route=outer_top_right_mid_to_top_right_reverse
[gazebo_track_car-3] [INFO] [1780951923.779559646] [gazebo_track_car]: MOTION pos=(+0.849,+2.180) yaw=-3.141 v=0.279 step_err=0.0226m/0.000rad track_err=0.0918m footprint=road:8.00px route=outer_top_right_mid_to_top_right_reverse cmd_vel=(0.279,+0.003)
[gazebo_track_car-3] [INFO] [1780951923.863600566] [gazebo_track_car]: route segment=outer_top_gap_to_top_right_mid_reverse; previous=outer_top_right_mid_to_top_right_reverse; distance=0.024m; decision=route/default: outer_top_gap_to_top_right_mid_reverse
[gazebo_track_car-3] [WARN] [1780951924.779561557] [gazebo_track_car]: JITTER events=50 reasons=cmd_xy_error=0.0900m pos=(+0.570,+2.180) step=0.0056/0.0279m yaw=0.000/0.000rad route=outer_top_gap_to_top_right_mid_reverse
[gazebo_track_car-3] [INFO] [1780951925.473014359] [gazebo_track_car]: route segment=outer_top_mid_to_gap_reverse; previous=outer_top_gap_to_top_right_mid_reverse; distance=0.004m; decision=route/default: outer_top_mid_to_gap_reverse
[gazebo_track_car-3] [WARN] [1780951925.783341174] [gazebo_track_car]: JITTER events=50 reasons=cmd_xy_error=0.0896m pos=(+0.291,+2.179) step=0.0056/0.0273m yaw=0.000/0.000rad route=outer_top_mid_to_gap_reverse
[gazebo_track_car-3] [INFO] [1780951925.783621708] [gazebo_track_car]: MOTION pos=(+0.291,+2.179) yaw=+3.142 v=0.279 step_err=0.0218m/0.000rad track_err=0.0896m footprint=road:9.00px route=outer_top_mid_to_gap_reverse cmd_vel=(0.279,-0.006)
[gazebo_track_car-3] [WARN] [1780951926.783861210] [gazebo_track_car]: JITTER events=49 reasons=cmd_xy_error=0.0883m pos=(+0.012,+2.179) step=0.0112/0.0285m yaw=0.000/0.000rad route=outer_top_mid_to_gap_reverse
[gazebo_track_car-3] [INFO] [1780951927.380872376] [gazebo_track_car]: route segment=outer_top_left_to_top_mid_reverse; previous=outer_top_mid_to_gap_reverse; distance=0.021m; decision=route/default: outer_top_left_to_top_mid_reverse
[gazebo_track_car-3] [WARN] [1780951927.784741109] [gazebo_track_car]: JITTER events=50 reasons=cmd_xy_error=0.0874m pos=(-0.267,+2.179) step=0.0056/0.0280m yaw=0.000/0.000rad route=outer_top_left_to_top_mid_reverse
[gazebo_track_car-3] [INFO] [1780951927.785028736] [gazebo_track_car]: MOTION pos=(-0.267,+2.179) yaw=+3.140 v=0.280 step_err=0.0224m/0.000rad track_err=0.0874m footprint=road:8.00px route=outer_top_left_to_top_mid_reverse cmd_vel=(0.280,+0.002)
[gazebo_track_car-3] [WARN] [1780951928.802463533] [gazebo_track_car]: JITTER events=50 reasons=cmd_xy_error=0.0915m pos=(-0.552,+2.180) step=0.0056/0.0280m yaw=0.000/0.000rad route=outer_top_left_to_top_mid_reverse
[gazebo_track_car-3] [WARN] [1780951929.805162200] [gazebo_track_car]: JITTER events=50 reasons=cmd_xy_error=0.0891m pos=(-0.832,+2.180) step=0.0056/0.0283m yaw=0.000/0.000rad route=outer_top_left_to_top_mid_reverse
[gazebo_track_car-3] [INFO] [1780951929.805459425] [gazebo_track_car]: MOTION pos=(-0.832,+2.180) yaw=-3.141 v=0.280 step_err=0.0227m/0.000rad track_err=0.0891m footprint=road:8.00px route=outer_top_left_to_top_mid_reverse cmd_vel=(0.280,-0.002)
[gazebo_track_car-3] [WARN] [1780951930.801918286] [gazebo_track_car]: JITTER events=50 reasons=cmd_xy_error=0.0876m pos=(-1.111,+2.179) step=0.0056/0.0290m yaw=0.000/0.000rad route=outer_top_left_to_top_mid_reverse
[gazebo_track_car-3] [WARN] [1780951931.821562377] [gazebo_track_car]: JITTER events=51 reasons=cmd_xy_error=0.0914m pos=(-1.395,+2.179) step=0.0056/0.0279m yaw=0.000/0.000rad route=outer_top_left_to_top_mid_reverse
[gazebo_track_car-3] [INFO] [1780951931.821900619] [gazebo_track_car]: MOTION pos=(-1.395,+2.179) yaw=+3.141 v=0.279 step_err=0.0223m/0.000rad track_err=0.0914m footprint=road:8.00px route=outer_top_left_to_top_mid_reverse cmd_vel=(0.279,-0.006)
[gazebo_track_car-3] [WARN] [1780951932.827857983] [gazebo_track_car]: JITTER events=49 reasons=cmd_xy_error=0.0912m pos=(-1.674,+2.179) step=0.0056/0.0285m yaw=0.000/0.000rad route=outer_top_left_to_top_mid_reverse
[gazebo_track_car-3] [INFO] [1780951933.916740439] [gazebo_track_car]: route segment=outer_top_left_corner_reverse; previous=outer_top_left_to_top_mid_reverse; distance=0.013m; decision=route/default: outer_top_left_corner_reverse
[gazebo_track_car-3] [WARN] [1780951933.937115334] [gazebo_track_car]: JITTER events=55 reasons=cmd_xy_error=0.0917m pos=(-1.933,+2.179) step=0.0038/0.0189m yaw=0.012/0.000rad route=outer_top_left_corner_reverse
[gazebo_track_car-3] [INFO] [1780951933.937395376] [gazebo_track_car]: MOTION pos=(-1.933,+2.179) yaw=-2.842 v=0.191 step_err=0.0151m/0.012rad track_err=0.0917m footprint=road:8.00px route=outer_top_left_corner_reverse cmd_vel=(0.184,+0.626)
[gazebo_track_car-3] [WARN] [1780951934.937126302] [gazebo_track_car]: JITTER events=50 reasons=yaw_step_error=0.182rad,cmd_xy_error=0.0974m pos=(-2.115,+2.107) step=0.0040/0.0197m yaw=0.011/0.193rad route=outer_top_left_corner_reverse
[gazebo_track_car-3] [WARN] [1780951935.933741796] [gazebo_track_car]: JITTER events=50 reasons=cmd_xy_error=0.0913m pos=(-2.230,+1.964) step=0.0042/0.0208m yaw=0.008/0.000rad route=outer_top_left_corner_reverse
[gazebo_track_car-3] [INFO] [1780951935.934028171] [gazebo_track_car]: MOTION pos=(-2.230,+1.964) yaw=-1.693 v=0.210 step_err=0.0166m/0.008rad track_err=0.0913m footprint=road:8.59px route=outer_top_left_corner_reverse cmd_vel=(0.215,+0.416)
[gazebo_track_car-3] [WARN] [1780951936.938737284] [gazebo_track_car]: JITTER events=49 reasons=cmd_xy_error=0.0902m pos=(-2.242,+1.717) step=0.0055/0.0270m yaw=0.001/0.009rad route=outer_top_left_corner_reverse
[gazebo_track_car-3] [INFO] [1780951937.035913637] [gazebo_track_car]: route segment=outer_left_upper_to_top_reverse; previous=outer_top_left_corner_reverse; distance=0.026m; decision=route/default: outer_left_upper_to_top_reverse
[gazebo_track_car-3] [WARN] [1780951937.942599572] [gazebo_track_car]: JITTER events=50 reasons=cmd_xy_error=0.0885m pos=(-2.233,+1.450) step=0.0054/0.0268m yaw=0.001/0.000rad route=outer_left_upper_to_top_reverse
[gazebo_track_car-3] [INFO] [1780951937.942887339] [gazebo_track_car]: MOTION pos=(-2.233,+1.450) yaw=-1.596 v=0.271 step_err=0.0214m/0.001rad track_err=0.0885m footprint=road:7.00px route=outer_left_upper_to_top_reverse cmd_vel=(0.273,-0.041)
[gazebo_track_car-3] [WARN] [1780951938.964964856] [gazebo_track_car]: JITTER events=51 reasons=cmd_xy_error=0.0926m pos=(-2.242,+1.167) step=0.0055/0.0285m yaw=0.000/0.000rad route=outer_left_upper_to_top_reverse
[gazebo_track_car-3] [WARN] [1780951939.968760451] [gazebo_track_car]: JITTER events=50 reasons=cmd_xy_error=0.0926m pos=(-2.250,+0.893) step=0.0055/0.0269m yaw=0.001/0.000rad route=outer_left_upper_to_top_reverse
[gazebo_track_car-3] [INFO] [1780951939.969040584] [gazebo_track_car]: MOTION pos=(-2.250,+0.893) yaw=-1.577 v=0.274 step_err=0.0214m/0.001rad track_err=0.0926m footprint=road:8.00px route=outer_left_upper_to_top_reverse cmd_vel=(0.275,+0.029)
[gazebo_track_car-3] [INFO] [1780951940.354332037] [gazebo_track_car]: route segment=outer_left_middle_entry_to_upper_reverse; previous=outer_left_upper_to_top_reverse; distance=0.018m; decision=route/default: outer_left_middle_entry_to_upper_reverse
[gazebo_track_car-3] [WARN] [1780951940.971123629] [gazebo_track_car]: JITTER events=50 reasons=cmd_xy_error=0.0914m pos=(-2.251,+0.615) step=0.0056/0.0274m yaw=0.000/0.000rad route=outer_left_middle_entry_to_upper_reverse
[gazebo_track_car-3] [WARN] [1780951941.967520551] [gazebo_track_car]: JITTER events=50 reasons=cmd_xy_error=0.0891m pos=(-2.250,+0.337) step=0.0056/0.0276m yaw=0.000/0.000rad route=outer_left_middle_entry_to_upper_reverse
[gazebo_track_car-3] [INFO] [1780951941.967795875] [gazebo_track_car]: MOTION pos=(-2.250,+0.337) yaw=-1.571 v=0.278 step_err=0.0220m/0.000rad track_err=0.0891m footprint=road:9.00px route=outer_left_middle_entry_to_upper_reverse cmd_vel=(0.279,-0.008)
[gazebo_track_car-3] [WARN] [1780951942.970050101] [gazebo_track_car]: JITTER events=50 reasons=cmd_xy_error=0.0876m pos=(-2.250,+0.058) step=0.0055/0.0283m yaw=0.000/0.000rad route=outer_left_middle_entry_to_upper_reverse
[gazebo_track_car-3] [WARN] [1780951943.989977362] [gazebo_track_car]: JITTER events=51 reasons=yaw_step_error=0.034rad,cmd_xy_error=0.1677m pos=(-2.298,-0.092) step=0.0032/0.0100m yaw=0.034/0.000rad route=outer_left_middle_entry_to_upper_reverse
[gazebo_track_car-3] [INFO] [1780951943.990385644] [gazebo_track_car]: MOTION pos=(-2.298,-0.092) yaw=+0.187 v=0.158 step_err=0.0068m/0.034rad track_err=0.1677m footprint=road:5.00px route=outer_left_middle_entry_to_upper_reverse cmd_vel=(0.098,+1.469)
[gazebo_track_car-3] [WARN] [1780951944.991126466] [gazebo_track_car]: JITTER events=50 reasons=yaw_step_error=0.050rad pos=(-2.231,-0.033) step=0.0040/0.0000m yaw=0.050/0.000rad route=outer_left_middle_entry_to_upper_reverse
[gazebo_track_car-3] [WARN] [1780951945.987875121] [gazebo_track_car]: JITTER events=50 reasons=cmd_xy_error=0.1396m pos=(-2.129,+0.006) step=0.0025/0.0096m yaw=0.020/0.000rad route=outer_left_middle_entry_to_upper_reverse
[gazebo_track_car-3] [INFO] [1780951945.988155134] [gazebo_track_car]: MOTION pos=(-2.129,+0.006) yaw=-1.645 v=0.126 step_err=0.0071m/0.020rad track_err=0.1396m footprint=road:3.00px route=outer_left_middle_entry_to_upper_reverse cmd_vel=(0.098,-0.943)
[gazebo_track_car-3] [INFO] [1780951946.287445194] [gazebo_track_car]: route segment=outer_left_mid_to_middle_entry_reverse; previous=outer_left_middle_entry_to_upper_reverse; distance=0.003m; decision=route/default: outer_left_mid_to_middle_entry_reverse
[gazebo_track_car-3] [INFO] [1780951946.890797877] [gazebo_track_car]: route segment=outer_left_lower_to_mid_reverse; previous=outer_left_mid_to_middle_entry_reverse; distance=0.018m; decision=route/default: outer_left_lower_to_mid_reverse
[gazebo_track_car-3] [WARN] [1780951947.096118446] [gazebo_track_car]: JITTER events=55 reasons=cmd_xy_error=0.1360m pos=(-2.187,-0.188) step=0.0039/0.0202m yaw=0.011/0.000rad route=outer_left_lower_to_mid_reverse
[gazebo_track_car-3] [INFO] [1780951948.015907592] [gazebo_track_car]: MOTION pos=(-2.233,-0.375) yaw=-1.496 v=0.245 step_err=0.0199m/0.004rad track_err=0.1261m footprint=road:7.00px route=outer_left_lower_to_mid_reverse cmd_vel=(0.254,+0.146)
[gazebo_track_car-3] [WARN] [1780951948.117092516] [gazebo_track_car]: JITTER events=51 reasons=cmd_xy_error=0.1262m pos=(-2.233,-0.400) step=0.0051/0.0251m yaw=0.003/0.000rad route=outer_left_lower_to_mid_reverse
[gazebo_track_car-3] [WARN] [1780951949.115519993] [gazebo_track_car]: JITTER events=50 reasons=cmd_xy_error=0.1216m pos=(-2.207,-0.664) step=0.0053/0.0276m yaw=0.002/0.000rad route=outer_left_lower_to_mid_reverse
[gazebo_track_car-3] [INFO] [1780951950.016782238] [gazebo_track_car]: MOTION pos=(-2.201,-0.910) yaw=-1.556 v=0.277 step_err=0.0228m/0.000rad track_err=0.1207m footprint=road:6.00px route=outer_left_lower_to_mid_reverse cmd_vel=(0.277,+0.016)
[gazebo_track_car-3] [WARN] [1780951950.118444914] [gazebo_track_car]: JITTER events=50 reasons=cmd_xy_error=0.1210m pos=(-2.201,-0.938) step=0.0055/0.0274m yaw=0.000/0.000rad route=outer_left_lower_to_mid_reverse
[gazebo_track_car-3] [WARN] [1780951951.120037402] [gazebo_track_car]: JITTER events=50 reasons=cmd_xy_error=0.1194m pos=(-2.195,-1.216) step=0.0056/0.0282m yaw=0.000/0.000rad route=outer_left_lower_to_mid_reverse
[gazebo_track_car-3] [INFO] [1780951952.040593135] [gazebo_track_car]: MOTION pos=(-2.188,-1.472) yaw=-1.545 v=0.279 step_err=0.0223m/0.000rad track_err=0.1234m footprint=road:6.00px route=outer_left_lower_to_mid_reverse cmd_vel=(0.279,-0.007)
[gazebo_track_car-3] [WARN] [1780951952.140661914] [gazebo_track_car]: JITTER events=50 reasons=cmd_xy_error=0.1234m pos=(-2.187,-1.500) step=0.0056/0.0279m yaw=0.000/0.000rad route=outer_left_lower_to_mid_reverse
[gazebo_track_car-3] [WARN] [1780951953.137737712] [gazebo_track_car]: JITTER events=50 reasons=cmd_xy_error=0.1262m pos=(-2.196,-1.714) step=0.0026/0.0127m yaw=0.013/0.000rad route=outer_left_lower_to_mid_reverse
[gazebo_track_car-3] [INFO] [1780951954.032340409] [gazebo_track_car]: MOTION pos=(-2.187,-1.816) yaw=-0.501 v=0.126 step_err=0.0075m/0.017rad track_err=0.1376m footprint=road:7.00px route=outer_left_lower_to_mid_reverse cmd_vel=(0.110,+0.782)
[gazebo_track_car-3] [WARN] [1780951954.131607259] [gazebo_track_car]: JITTER events=50 reasons=cmd_xy_error=0.1479m pos=(-2.181,-1.826) step=0.0024/0.0000m yaw=0.015/0.000rad route=outer_left_lower_to_mid_reverse
[gazebo_track_car-3] [INFO] [1780951954.835969838] [gazebo_track_car]: route segment=outer_bottom_left_corner_reverse; previous=outer_left_lower_to_mid_reverse; distance=0.001m; decision=route/default: outer_bottom_left_corner_reverse
[gazebo_track_car-3] [WARN] [1780951955.153037202] [gazebo_track_car]: JITTER events=51 reasons=yaw_step_error=0.252rad,cmd_xy_error=0.1222m pos=(-2.005,-1.878) step=0.0050/0.0251m yaw=0.003/0.256rad route=outer_bottom_left_corner_reverse
[gazebo_track_car-3] [INFO] [1780951956.054836160] [gazebo_track_car]: MOTION pos=(-1.774,-1.850) yaw=+0.029 v=0.255 step_err=0.0207m/0.003rad track_err=0.1182m footprint=road:8.00px route=outer_bottom_left_corner_reverse cmd_vel=(0.256,-0.136)
[gazebo_track_car-3] [WARN] [1780951956.155851323] [gazebo_track_car]: JITTER events=50 reasons=cmd_xy_error=0.1182m pos=(-1.749,-1.849) step=0.0051/0.0256m yaw=0.003/0.000rad route=outer_bottom_left_corner_reverse
[gazebo_track_car-3] [INFO] [1780951956.344088632] [gazebo_track_car]: route segment=outer_bottom_left_mid_to_bottom_left_reverse; previous=outer_bottom_left_corner_reverse; distance=0.014m; decision=route/default: outer_bottom_left_mid_to_bottom_left_reverse
[gazebo_track_car-3] [WARN] [1780951957.154915810] [gazebo_track_car]: JITTER events=50 reasons=cmd_xy_error=0.1169m pos=(-1.477,-1.850) step=0.0055/0.0289m yaw=0.001/0.000rad route=outer_bottom_left_mid_to_bottom_left_reverse
[gazebo_track_car-3] [INFO] [1780951958.085759793] [gazebo_track_car]: MOTION pos=(-1.223,-1.852) yaw=+0.003 v=0.279 step_err=0.0225m/0.000rad track_err=0.1202m footprint=road:8.00px route=outer_bottom_left_mid_to_bottom_left_reverse cmd_vel=(0.279,+0.005)
[gazebo_track_car-3] [WARN] [1780951958.160533969] [gazebo_track_car]: JITTER events=50 reasons=cmd_xy_error=0.1168m pos=(-1.201,-1.852) step=0.0056/0.0257m yaw=0.000/0.000rad route=outer_bottom_left_mid_to_bottom_left_reverse
[gazebo_track_car-3] [INFO] [1780951959.260204476] [gazebo_track_car]: route segment=outer_bottom_mid_to_bottom_left_mid_reverse; previous=outer_bottom_left_mid_to_bottom_left_reverse; distance=0.018m; decision=route/default: outer_bottom_mid_to_bottom_left_mid_reverse
[gazebo_track_car-3] [WARN] [1780951959.272900362] [gazebo_track_car]: JITTER events=55 reasons=cmd_xy_error=0.1187m pos=(-0.895,-1.851) step=0.0056/0.0270m yaw=0.000/0.000rad route=outer_bottom_mid_to_bottom_left_mid_reverse
[gazebo_track_car-3] [INFO] [1780951960.167689286] [gazebo_track_car]: MOTION pos=(-0.644,-1.851) yaw=-0.002 v=0.280 step_err=0.0229m/0.000rad track_err=0.1152m footprint=road:8.00px route=outer_bottom_mid_to_bottom_left_mid_reverse cmd_vel=(0.280,-0.000)
[gazebo_track_car-3] [WARN] [1780951960.271941062] [gazebo_track_car]: JITTER events=50 reasons=cmd_xy_error=0.1163m pos=(-0.616,-1.851) step=0.0056/0.0269m yaw=0.000/0.000rad route=outer_bottom_mid_to_bottom_left_mid_reverse
[gazebo_track_car-3] [WARN] [1780951961.274631402] [gazebo_track_car]: JITTER events=50 reasons=cmd_xy_error=0.1154m pos=(-0.337,-1.852) step=0.0056/0.0268m yaw=0.000/0.000rad route=outer_bottom_mid_to_bottom_left_mid_reverse
[gazebo_track_car-3] [INFO] [1780951962.190519015] [gazebo_track_car]: MOTION pos=(-0.079,-1.852) yaw=+0.001 v=0.280 step_err=0.0229m/0.000rad track_err=0.1186m footprint=road:8.00px route=outer_bottom_mid_to_bottom_left_mid_reverse cmd_vel=(0.280,-0.002)
[gazebo_track_car-3] [WARN] [1780951962.294455071] [gazebo_track_car]: JITTER events=51 reasons=cmd_xy_error=0.1191m pos=(-0.051,-1.852) step=0.0056/0.0274m yaw=0.000/0.000rad route=outer_bottom_mid_to_bottom_left_mid_reverse
[gazebo_track_car-3] [INFO] [1780951962.779759978] [gazebo_track_car]: route segment=outer_bottom_right_mid_to_bottom_mid_reverse; previous=outer_bottom_mid_to_bottom_left_mid_reverse; distance=0.017m; decision=route/default: outer_bottom_right_mid_to_bottom_mid_reverse
[gazebo_track_car-3] [WARN] [1780951963.295506264] [gazebo_track_car]: JITTER events=50 reasons=cmd_xy_error=0.1176m pos=(+0.227,-1.851) step=0.0056/0.0273m yaw=0.000/0.000rad route=outer_bottom_right_mid_to_bottom_mid_reverse
[gazebo_track_car-3] [INFO] [1780951964.198934215] [gazebo_track_car]: MOTION pos=(+0.478,-1.851) yaw=-0.000 v=0.279 step_err=0.0223m/0.000rad track_err=0.1170m footprint=road:8.00px route=outer_bottom_right_mid_to_bottom_mid_reverse cmd_vel=(0.279,-0.004)
[gazebo_track_car-3] [WARN] [1780951964.297603757] [gazebo_track_car]: JITTER events=50 reasons=cmd_xy_error=0.1164m pos=(+0.506,-1.851) step=0.0056/0.0285m yaw=0.000/0.000rad route=outer_bottom_right_mid_to_bottom_mid_reverse
[gazebo_track_car-3] [WARN] [1780951965.298828936] [gazebo_track_car]: JITTER events=50 reasons=cmd_xy_error=0.1149m pos=(+0.786,-1.851) step=0.0056/0.0288m yaw=0.000/0.000rad route=outer_bottom_right_mid_to_bottom_mid_reverse
[gazebo_track_car-3] [INFO] [1780951966.202501297] [gazebo_track_car]: MOTION pos=(+1.037,-1.852) yaw=+0.000 v=0.280 step_err=0.0218m/0.000rad track_err=0.1145m footprint=road:8.00px route=outer_bottom_right_mid_to_bottom_mid_reverse cmd_vel=(0.280,+0.002)
[gazebo_track_car-3] [INFO] [1780951966.301441833] [gazebo_track_car]: route segment=outer_bottom_right_to_bottom_right_mid_reverse; previous=outer_bottom_right_mid_to_bottom_mid_reverse; distance=0.014m; decision=route/default: outer_bottom_right_to_bottom_right_mid_reverse
[gazebo_track_car-3] [WARN] [1780951966.320416622] [gazebo_track_car]: JITTER events=51 reasons=cmd_xy_error=0.1190m pos=(+1.071,-1.852) step=0.0056/0.0291m yaw=0.000/0.000rad route=outer_bottom_right_to_bottom_right_mid_reverse
[gazebo_track_car-3] [WARN] [1780951967.318436390] [gazebo_track_car]: JITTER events=50 reasons=cmd_xy_error=0.1177m pos=(+1.350,-1.852) step=0.0056/0.0279m yaw=0.000/0.000rad route=outer_bottom_right_to_bottom_right_mid_reverse
[gazebo_track_car-3] [INFO] [1780951968.221651211] [gazebo_track_car]: MOTION pos=(+1.601,-1.851) yaw=+0.000 v=0.279 step_err=0.0226m/0.000rad track_err=0.1159m footprint=road:8.00px route=outer_bottom_right_to_bottom_right_mid_reverse cmd_vel=(0.279,-0.007)
[gazebo_track_car-3] [WARN] [1780951968.326241851] [gazebo_track_car]: JITTER events=50 reasons=cmd_xy_error=0.1157m pos=(+1.629,-1.851) step=0.0056/0.0282m yaw=0.000/0.000rad route=outer_bottom_right_to_bottom_right_mid_reverse
[gazebo_track_car-3] [WARN] [1780951969.329646291] [gazebo_track_car]: JITTER events=51 reasons=cmd_xy_error=0.1152m pos=(+1.913,-1.851) step=0.0056/0.0276m yaw=0.000/0.000rad route=outer_bottom_right_to_bottom_right_mid_reverse
[gazebo_track_car-3] [INFO] [1780951969.424094629] [gazebo_track_car]: route segment=outer_bottom_right_corner_reverse; previous=outer_bottom_right_to_bottom_right_mid_reverse; distance=0.019m; decision=route/default: outer_bottom_right_corner_reverse
[gazebo_track_car-3] [INFO] [1780951970.232879067] [gazebo_track_car]: MOTION pos=(+2.067,-1.868) yaw=+0.494 v=0.114 step_err=0.0074m/0.016rad track_err=0.1222m footprint=road:5.00px route=outer_bottom_right_corner_reverse cmd_vel=(0.098,+0.868)
[gazebo_track_car-3] [WARN] [1780951970.333751414] [gazebo_track_car]: JITTER events=50 reasons=cmd_xy_error=0.1239m pos=(+2.078,-1.869) step=0.0023/0.0098m yaw=0.017/0.000rad route=outer_bottom_right_corner_reverse
[gazebo_track_car-3] [WARN] [1780951971.333639000] [gazebo_track_car]: JITTER events=50 reasons=yaw_step_error=0.155rad,cmd_xy_error=0.1190m pos=(+2.184,-1.812) step=0.0033/0.0163m yaw=0.014/0.168rad route=outer_bottom_right_corner_reverse
[gazebo_track_car-3] [INFO] [1780951972.034732652] [gazebo_track_car]: route segment=outer_right_mid_to_lower_reverse; previous=outer_bottom_right_corner_reverse; distance=0.025m; decision=route/default: outer_right_mid_to_lower_reverse
[gazebo_track_car-3] [INFO] [1780951972.253053094] [gazebo_track_car]: MOTION pos=(+2.206,-1.606) yaw=+1.653 v=0.275 step_err=0.0223m/0.000rad track_err=0.1207m footprint=road:7.99px route=outer_right_mid_to_lower_reverse cmd_vel=(0.264,-0.088)
[gazebo_track_car-3] [WARN] [1780951972.353982482] [gazebo_track_car]: JITTER events=51 reasons=cmd_xy_error=0.1200m pos=(+2.203,-1.580) step=0.0053/0.0264m yaw=0.002/0.000rad route=outer_right_mid_to_lower_reverse
[gazebo_track_car-3] [WARN] [1780951973.358771537] [gazebo_track_car]: JITTER events=50 reasons=cmd_xy_error=0.1187m pos=(+2.192,-1.323) step=0.0054/0.0257m yaw=0.001/0.000rad route=outer_right_mid_to_lower_reverse
[gazebo_track_car-3] [INFO] [1780951974.348932927] [gazebo_track_car]: MOTION pos=(+2.207,-1.053) yaw=+1.528 v=0.274 step_err=0.0225m/0.001rad track_err=0.1146m footprint=road:7.00px route=outer_right_mid_to_lower_reverse cmd_vel=(0.275,+0.028)
[gazebo_track_car-3] [WARN] [1780951974.448348758] [gazebo_track_car]: JITTER events=54 reasons=cmd_xy_error=0.1143m pos=(+2.208,-1.026) step=0.0055/0.0278m yaw=0.001/0.000rad route=outer_right_mid_to_lower_reverse
[gazebo_track_car-3] [WARN] [1780951975.470009016] [gazebo_track_car]: JITTER events=51 reasons=cmd_xy_error=0.1184m pos=(+2.219,-0.742) step=0.0056/0.0282m yaw=0.000/0.000rad route=outer_right_mid_to_lower_reverse
[gazebo_track_car-3] [INFO] [1780951976.371935935] [gazebo_track_car]: MOTION pos=(+2.227,-0.496) yaw=+1.563 v=0.272 step_err=0.0207m/0.001rad track_err=0.1180m footprint=road:8.00px route=outer_right_mid_to_lower_reverse cmd_vel=(0.273,+0.041)
[gazebo_track_car-3] [WARN] [1780951976.469896127] [gazebo_track_car]: JITTER events=50 reasons=cmd_xy_error=0.1172m pos=(+2.227,-0.468) step=0.0055/0.0281m yaw=0.001/0.005rad route=outer_right_mid_to_lower_reverse
[gazebo_track_car-3] [INFO] [1780951976.757985351] [gazebo_track_car]: route segment=outer_right_upper_to_mid_reverse; previous=outer_right_mid_to_lower_reverse; distance=0.013m; decision=route/default: outer_right_upper_to_mid_reverse
[gazebo_track_car-3] [WARN] [1780951977.574951405] [gazebo_track_car]: JITTER events=55 reasons=cmd_xy_error=0.1168m pos=(+2.227,-0.163) step=0.0055/0.0286m yaw=0.000/0.000rad route=outer_right_upper_to_mid_reverse
[gazebo_track_car-3] [INFO] [1780951978.374417392] [gazebo_track_car]: MOTION pos=(+2.226,+0.059) yaw=+1.570 v=0.278 step_err=0.0220m/0.000rad track_err=0.1151m footprint=road:8.20px route=outer_right_upper_to_mid_reverse cmd_vel=(0.279,-0.007)
[gazebo_track_car-3] [WARN] [1780951978.573801052] [gazebo_track_car]: JITTER events=50 reasons=cmd_xy_error=0.1145m pos=(+2.226,+0.115) step=0.0056/0.0276m yaw=0.000/0.000rad route=outer_right_upper_to_mid_reverse
[gazebo_track_car-3] [WARN] [1780951979.574921264] [gazebo_track_car]: JITTER events=50 reasons=cmd_xy_error=0.1136m pos=(+2.227,+0.394) step=0.0056/0.0282m yaw=0.000/0.000rad route=outer_right_upper_to_mid_reverse
[gazebo_track_car-3] [INFO] [1780951980.396820140] [gazebo_track_car]: MOTION pos=(+2.227,+0.623) yaw=+1.571 v=0.280 step_err=0.0227m/0.000rad track_err=0.1183m footprint=road:8.59px route=outer_right_upper_to_mid_reverse cmd_vel=(0.280,+0.001)
[gazebo_track_car-3] [WARN] [1780951980.595933845] [gazebo_track_car]: JITTER events=51 reasons=cmd_xy_error=0.1180m pos=(+2.227,+0.679) step=0.0056/0.0277m yaw=0.000/0.000rad route=outer_right_upper_to_mid_reverse
[gazebo_track_car-3] [WARN] [1780951981.608872607] [gazebo_track_car]: JITTER events=51 reasons=cmd_xy_error=0.1176m pos=(+2.225,+0.956) step=0.0054/0.0263m yaw=0.001/0.016rad route=outer_right_upper_to_mid_reverse
[gazebo_track_car-3] [INFO] [1780951981.792308829] [gazebo_track_car]: route segment=outer_right_top_to_upper_reverse; previous=outer_right_upper_to_mid_reverse; distance=0.003m; decision=route/default: outer_right_top_to_upper_reverse
[gazebo_track_car-3] [INFO] [1780951982.408315148] [gazebo_track_car]: MOTION pos=(+2.213,+1.177) yaw=+1.629 v=0.277 step_err=0.0227m/0.000rad track_err=0.1157m footprint=road:7.00px route=outer_right_top_to_upper_reverse cmd_vel=(0.277,-0.017)
[gazebo_track_car-3] [WARN] [1780951982.610726703] [gazebo_track_car]: JITTER events=50 reasons=cmd_xy_error=0.1165m pos=(+2.210,+1.232) step=0.0055/0.0268m yaw=0.000/0.000rad route=outer_right_top_to_upper_reverse
[gazebo_track_car-3] [WARN] [1780951983.610784242] [gazebo_track_car]: JITTER events=50 reasons=cmd_xy_error=0.1153m pos=(+2.195,+1.509) step=0.0056/0.0282m yaw=0.000/0.000rad route=outer_right_top_to_upper_reverse
[gazebo_track_car-3] [INFO] [1780951984.409539234] [gazebo_track_car]: MOTION pos=(+2.184,+1.730) yaw=+1.608 v=0.269 step_err=0.0218m/0.001rad track_err=0.1139m footprint=road:6.00px route=outer_right_top_to_upper_reverse cmd_vel=(0.268,-0.068)
[gazebo_track_car-3] [WARN] [1780951984.610088536] [gazebo_track_car]: JITTER events=50 reasons=cmd_xy_error=0.1135m pos=(+2.181,+1.784) step=0.0054/0.0268m yaw=0.001/0.000rad route=outer_right_top_to_upper_reverse
[gazebo_track_car-3] [INFO] [1780951985.410383100] [gazebo_track_car]: route segment=outer_top_right_corner_reverse; previous=outer_right_top_to_upper_reverse; distance=0.002m; decision=route/default: outer_top_right_corner_reverse
[gazebo_track_car-3] [WARN] [1780951985.631238174] [gazebo_track_car]: JITTER events=51 reasons=cmd_xy_error=0.1203m pos=(+2.188,+1.980) step=0.0032/0.0154m yaw=0.013/0.000rad route=outer_top_right_corner_reverse
[gazebo_track_car-3] [INFO] [1780951986.526099077] [gazebo_track_car]: MOTION pos=(+2.138,+2.097) yaw=+2.648 v=0.189 step_err=0.0154m/0.187rad track_err=0.1190m footprint=road:10.00px route=outer_top_right_corner_reverse cmd_vel=(0.185,+0.606)
[gazebo_track_car-3] [WARN] [1780951986.726870783] [gazebo_track_car]: JITTER events=54 reasons=yaw_step_error=0.101rad,cmd_xy_error=0.1198m pos=(+2.110,+2.121) step=0.0037/0.0174m yaw=0.012/0.113rad route=outer_top_right_corner_reverse
[gazebo_track_car-3] [WARN] [1780951987.727608022] [gazebo_track_car]: JITTER events=50 reasons=cmd_xy_error=0.1116m pos=(+1.896,+2.184) step=0.0048/0.0240m yaw=0.005/0.000rad route=outer_top_right_corner_reverse
[gazebo_track_car-3] [INFO] [1780951988.529831298] [gazebo_track_car]: route segment=outer_top_right_mid_to_top_right_reverse; previous=outer_top_right_corner_reverse; distance=0.003m; decision=route/default: outer_top_right_mid_to_top_right_reverse
[gazebo_track_car-3] [INFO] [1780951988.546469297] [gazebo_track_car]: MOTION pos=(+1.681,+2.185) yaw=-3.104 v=0.275 step_err=0.0228m/0.001rad track_err=0.1213m footprint=road:8.00px route=outer_top_right_mid_to_top_right_reverse cmd_vel=(0.272,-0.047)
[gazebo_track_car-3] [WARN] [1780951988.749781009] [gazebo_track_car]: JITTER events=51 reasons=cmd_xy_error=0.1220m pos=(+1.627,+2.182) step=0.0054/0.0262m yaw=0.001/0.000rad route=outer_top_right_mid_to_top_right_reverse
[gazebo_track_car-3] [WARN] [1780951989.749173144] [gazebo_track_car]: JITTER events=50 reasons=cmd_xy_error=0.1204m pos=(+1.354,+2.178) step=0.0056/0.0278m yaw=0.000/0.000rad route=outer_top_right_mid_to_top_right_reverse
[gazebo_track_car-3] [INFO] [1780951990.547821024] [gazebo_track_car]: MOTION pos=(+1.131,+2.180) yaw=+3.139 v=0.277 step_err=0.0228m/0.000rad track_err=0.1190m footprint=road:8.00px route=outer_top_right_mid_to_top_right_reverse cmd_vel=(0.278,+0.011)
[gazebo_track_car-3] [WARN] [1780951990.749749030] [gazebo_track_car]: JITTER events=50 reasons=cmd_xy_error=0.1192m pos=(+1.075,+2.180) step=0.0056/0.0273m yaw=0.000/0.000rad route=outer_top_right_mid_to_top_right_reverse
[gazebo_track_car-3] [INFO] [1780951991.745421865] [gazebo_track_car]: route segment=outer_top_gap_to_top_right_mid_reverse; previous=outer_top_right_mid_to_top_right_reverse; distance=0.023m; decision=route/default: outer_top_gap_to_top_right_mid_reverse
[gazebo_track_car-3] [WARN] [1780951991.751216284] [gazebo_track_car]: JITTER events=49 reasons=cmd_xy_error=0.1183m pos=(+0.796,+2.180) step=0.0056/0.0279m yaw=0.000/0.000rad route=outer_top_gap_to_top_right_mid_reverse
[gazebo_track_car-3] [INFO] [1780951992.550125841] [gazebo_track_car]: MOTION pos=(+0.574,+2.179) yaw=+3.141 v=0.279 step_err=0.0217m/0.000rad track_err=0.1168m footprint=road:9.00px route=outer_top_gap_to_top_right_mid_reverse cmd_vel=(0.279,-0.007)
[gazebo_track_car-3] [WARN] [1780951992.750940804] [gazebo_track_car]: JITTER events=50 reasons=cmd_xy_error=0.1168m pos=(+0.518,+2.179) step=0.0056/0.0282m yaw=0.000/0.000rad route=outer_top_gap_to_top_right_mid_reverse
