[INFO] [launch]: All log files can be found below /home/quocbao/.ros/log/2026-06-08-14-12-46-404163-ubuntu-19473
[INFO] [launch]: Default logging verbosity is set to INFO
[INFO] [gzserver-1]: process started with pid [19492]
[INFO] [gzclient   -2]: process started with pid [19494]
[INFO] [gazebo_track_car-3]: process started with pid [19497]
[INFO] [gazebo_camera_viewer-4]: process started with pid [19500]
[gazebo_track_car-3] [INFO] [1780953167.123961097] [gazebo_track_car]: [MAP_TRANSFORM] image=256x256 map_size=6.000x6.000m px_per_m_x=42.667 px_per_m_y=42.667 route_offset=(+0.000,+0.000)m map_visual_offset=(+0.000,+0.300)m
[gazebo_track_car-3] [INFO] [1780953167.255220365] [gazebo_track_car]: [FOOTPRINT_CHECK] samples=1685 center_off_road=0 center_outside_safe=326 failures=0 min_footprint_clearance=5.00px footprint=front:0.165m rear:0.145m half_width:0.115m
[gazebo_track_car-3] [INFO] [1780953167.255505117] [gazebo_track_car]: [FOOTPRINT_CHECK] overlays=/tmp/gazebo_route_mask_debug.png, /tmp/gazebo_route_centerline_debug.png, /tmp/gazebo_route_footprint_debug.png
[gazebo_track_car-3] [INFO] [1780953167.327520616] [gazebo_track_car]: SAFE_ROUTE_VERSION=semantic_parking_spawn_turn_guard_v31; direction=texture point order; clearance=12px; drive_wheels=True; route_offset=(+0.000,+0.000)m; start_distance=0.000m; route_explore=True branch_probability=0.00; sign_detection=off roi=0.08-0.82; map_visual_offset=(+0.000,+0.300)m; base_speed=0.28m/s speed_limit=0.14m/s; traffic_light=fixed state=green green=5.0s yellow=1.0s red=8.0s trigger_distance=1.70m stop_distance=0.85m min_stop=2.0s camera=off topic=/track_preview_car/camera/image_raw fill>=0.42 slow_area>=45px stop_area>=160px distance_gate=on; camera_sign_templates=5 sign_score>=0.32 sign_stable=2; wheel_controller lookahead=0.32m parking_lookahead=0.20m heading_gain=3.80 max_wz=2.80rad/s rotate_heading>1.05rad; yaw_limits=1.80rad/s/4.00rad/s2; route_rejoin=True outer_only=True cmd_error>0.18m max_route_dist=0.55m; progress_sync=True cmd_error>0.06m route_dist<=0.20m yaw<=1.20rad; initial_pose_reset=True tol=0.12m/0.35rad; segments=23; route_points=118.
[gazebo_track_car-3] [INFO] [1780953167.327795239] [gazebo_track_car]: Motion log uses /model_states and /track_preview_car/cmd_vel: MOTION every 2.00s, JITTER at most every 1.00s, verbose=False; jitter thresholds xy_step_delta=0.0060m, cmd_error=0.050m, z_delta=0.0005m, tilt=0.0030rad, speed_delta=0.030m/s, yaw_step_error=0.025rad, yaw_rate_delta=0.400rad/s.
[gazebo_camera_viewer-4] [INFO] [1780953167.362871178] [gazebo_camera_viewer]: Camera viewer listening on /track_preview_car/camera/image_raw
[gzserver-1] [INFO] [1780953168.540214964] [track_preview_car.front_camera_controller]: Publishing camera info to [/track_preview_car/camera/camera_info]
[gzserver-1] [INFO] [1780953168.552800810] [gazebo_ros_state]: Publishing states of gazebo models at [/model_states]
[gzserver-1] [INFO] [1780953168.553127082] [gazebo_ros_state]: Publishing states of gazebo links at [/link_states]
[gzserver-1] [INFO] [1780953168.566903240] [track_preview_car.track_preview_car_diff_drive]: Wheel pair 1 separation set to [0.176000m]
[gzserver-1] [INFO] [1780953168.566985486] [track_preview_car.track_preview_car_diff_drive]: Wheel pair 1 diameter set to [0.060000m]
[gzserver-1] [INFO] [1780953168.568140481] [track_preview_car.track_preview_car_diff_drive]: Subscribed to [/track_preview_car/cmd_vel]
[gzserver-1] [INFO] [1780953168.568874279] [track_preview_car.track_preview_car_diff_drive]: Advertise odometry on [/track_preview_car/odom]
[gazebo_track_car-3] [INFO] [1780953168.597256365] [gazebo_track_car]: initial pose reset to configured route start; actual=(+1.828,+2.180) yaw=+0.000 target=(-1.828,+2.180) yaw=+0.000 error=3.656m/0.000rad segment=outer_top_left_to_top_mid
[gazebo_track_car-3] [INFO] [1780953168.644424327] [gazebo_track_car]: traffic light is now GREEN.
[gazebo_track_car-3] [WARN] [1780953168.645005555] [gazebo_track_car]: Waiting for /model_states pose before publishing wheel commands.
[gazebo_camera_viewer-4] [INFO] [1780953168.799172262] [gazebo_camera_viewer]: Receiving Gazebo camera frames.
[gazebo_track_car-3] [INFO] [1780953168.946003575] [gazebo_track_car]: wheel controller synced route progress from initial model pose; segment=outer_top_left_to_top_mid@0.000m route_dist=0.000m startup_gate=1.250m
[gzclient   -2] context mismatch in svga_surface_destroy
[gzclient   -2] context mismatch in svga_surface_destroy
[gazebo_track_car-3] [INFO] [1780953170.661514826] [gazebo_track_car]: MOTION pos=(-1.365,+2.180) yaw=-0.000 v=0.280 step_err=0.0224m/0.000rad track_err=0.0105m footprint=road:8.00px route=outer_top_left_to_top_mid cmd_vel=(0.280,+0.000)
[gazebo_track_car-3] [INFO] [1780953172.684313661] [gazebo_track_car]: MOTION pos=(-0.799,+2.180) yaw=+0.000 v=0.280 step_err=0.0218m/0.000rad track_err=0.0075m footprint=road:8.00px route=outer_top_left_to_top_mid cmd_vel=(0.280,+0.000)
[gazebo_track_car-3] [INFO] [1780953174.685898876] [gazebo_track_car]: MOTION pos=(-0.240,+2.180) yaw=+0.000 v=0.280 step_err=0.0224m/0.000rad track_err=0.0101m footprint=road:8.00px route=outer_top_left_to_top_mid cmd_vel=(0.280,-0.000)
[gazebo_track_car-3] [INFO] [1780953175.381132655] [gazebo_track_car]: route segment=outer_top_mid_to_gap; previous=outer_top_left_to_top_mid; distance=0.014m; decision=route/default: outer_top_mid_to_gap
[gazebo_track_car-3] [INFO] [1780953176.692231747] [gazebo_track_car]: MOTION pos=(+0.273,+2.192) yaw=-0.295 v=0.153 step_err=0.0115m/0.014rad track_err=0.0142m footprint=road:7.00px route=outer_top_mid_to_gap cmd_vel=(0.131,-0.826)
[gazebo_track_car-3] [WARN] [1780953177.595654230] [gazebo_track_car]: JITTER events=4 reasons=yaw_step_error=0.120rad pos=(+0.400,+2.165) step=0.0032/0.0145m yaw=0.016/0.136rad route=outer_top_mid_to_gap
[gazebo_track_car-3] [INFO] [1780953178.092504264] [gazebo_track_car]: route segment=inner_top_cut; previous=outer_top_mid_to_gap; distance=0.017m; decision=route/explore_branch visit=0: inner_top_cut
[gazebo_track_car-3] [INFO] [1780953178.099400280] [gazebo_track_car]: ROUTE_PROGRESS_SYNC actual=(+0.458,+2.093) cmd_error=0.070m route_dist=0.011m yaw_error=0.240rad segment=inner_top_cut@0.017m->inner_top_cut@0.086m
[gazebo_track_car-3] [INFO] [1780953178.714229368] [gazebo_track_car]: MOTION pos=(+0.490,+1.957) yaw=-1.571 v=0.247 step_err=0.0201m/0.005rad track_err=0.0211m footprint=road:7.99px route=inner_top_cut cmd_vel=(0.252,-0.195)
[gazebo_track_car-3] [INFO] [1780953180.718620661] [gazebo_track_car]: MOTION pos=(+0.469,+1.415) yaw=-1.582 v=0.275 step_err=0.0225m/0.001rad track_err=0.0023m footprint=road:8.00px route=inner_top_cut cmd_vel=(0.275,+0.030)
[gazebo_track_car-3] [INFO] [1780953182.722008233] [gazebo_track_car]: MOTION pos=(+0.469,+0.858) yaw=-1.568 v=0.278 step_err=0.0226m/0.000rad track_err=0.0043m footprint=road:8.00px route=inner_top_cut cmd_vel=(0.279,-0.009)
[gazebo_track_car-3] [WARN] [1780953183.441705020] [gazebo_track_car]: JITTER events=13 reasons=speed_delta=0.045m/s pos=(+0.469,+0.658) step=0.0048/0.0000m yaw=0.001/0.000rad route=inner_top_cut
[gazebo_track_car-3] [INFO] [1780953184.734430330] [gazebo_track_car]: MOTION pos=(+0.469,+0.445) yaw=-0.697 v=0.150 step_err=0.0110m/0.016rad track_err=0.0035m footprint=road:9.39px route=inner_top_cut cmd_vel=(0.146,+0.777)
[gazebo_track_car-3] [WARN] [1780953184.934223562] [gazebo_track_car]: JITTER events=3 reasons=yaw_step_error=0.190rad pos=(+0.485,+0.418) step=0.0032/0.0155m yaw=0.015/0.204rad route=inner_top_cut
[gazebo_track_car-3] [INFO] [1780953185.252589604] [gazebo_track_car]: ROUTE_PROGRESS_SYNC actual=(+0.528,+0.379) cmd_error=0.061m route_dist=0.027m yaw_error=0.315rad segment=inner_top_cut@1.815m->inner_top_cut@1.887m
[gazebo_track_car-3] [INFO] [1780953186.756192070] [gazebo_track_car]: MOTION pos=(+0.889,+0.336) yaw=+0.053 v=0.279 step_err=0.0218m/0.000rad track_err=0.0176m footprint=road:9.00px route=inner_top_cut cmd_vel=(0.277,-0.017)
[gazebo_track_car-3] [INFO] [1780953188.849168661] [gazebo_track_car]: MOTION pos=(+1.462,+0.353) yaw=-0.000 v=0.278 step_err=0.0056m/0.000rad track_err=0.0141m footprint=road:7.00px route=inner_top_cut cmd_vel=(0.278,-0.011)
[gazebo_track_car-3] [WARN] [1780953190.291737370] [gazebo_track_car]: JITTER events=6 reasons=speed_delta=0.045m/s pos=(+1.863,+0.352) step=0.0049/0.0000m yaw=0.002/0.000rad route=inner_top_cut
[gazebo_track_car-3] [INFO] [1780953190.871219028] [gazebo_track_car]: MOTION pos=(+1.982,+0.364) yaw=-0.277 v=0.160 step_err=0.0122m/0.014rad track_err=0.0148m footprint=road:9.39px route=inner_top_cut cmd_vel=(0.139,-0.814)
[gazebo_track_car-3] [WARN] [1780953191.774034061] [gazebo_track_car]: JITTER events=3 reasons=yaw_step_error=0.211rad pos=(+2.114,+0.335) step=0.0034/0.0155m yaw=0.016/0.227rad route=inner_top_cut
[gazebo_track_car-3] [INFO] [1780953192.114231781] [gazebo_track_car]: ROUTE_PROGRESS_SYNC actual=(+2.158,+0.290) cmd_error=0.062m route_dist=0.025m yaw_error=0.312rad segment=inner_top_cut@3.527m->inner_top_cut@3.599m
[gazebo_track_car-3] [INFO] [1780953192.876590861] [gazebo_track_car]: MOTION pos=(+2.212,+0.127) yaw=-1.513 v=0.249 step_err=0.0198m/0.004rad track_err=0.0237m footprint=road:8.59px route=inner_top_cut cmd_vel=(0.253,-0.185)
[gazebo_track_car-3] [WARN] [1780953194.515808534] [gazebo_track_car]: JITTER events=7 reasons=speed_delta=0.039m/s pos=(+2.219,-0.314) step=0.0044/0.0000m yaw=0.004/0.000rad route=inner_top_cut
[gazebo_track_car-3] [INFO] [1780953194.881551612] [gazebo_track_car]: MOTION pos=(+2.196,-0.359) yaw=-1.178 v=0.203 step_err=0.0040m/0.051rad track_err=0.0227m footprint=road:5.00px route=inner_top_cut cmd_vel=(0.000,+2.800)
[gazebo_track_car-3] [INFO] [1780953195.077263497] [gazebo_track_car]: ROUTE_PROGRESS_SYNC actual=(+2.162,-0.383) cmd_error=0.061m route_dist=0.058m yaw_error=0.865rad segment=inner_top_cut@4.253m->inner_top_cut@4.271m
[gazebo_track_car-3] [WARN] [1780953195.493960759] [gazebo_track_car]: JITTER events=37 reasons=yaw_step_error=0.034rad,cmd_xy_error=0.0896m pos=(+2.155,-0.452) step=0.0028/0.0053m yaw=0.034/0.000rad route=inner_top_cut
[gazebo_track_car-3] [INFO] [1780953195.586650398] [gazebo_track_car]: route segment=inner_middle_cross_from_right; previous=inner_top_cut; distance=0.061m; decision=route/progress_sync: inner_middle_cross_from_right
[gazebo_track_car-3] [INFO] [1780953196.192518885] [gazebo_track_car]: ROUTE_PROGRESS_SYNC actual=(+2.233,-0.465) cmd_error=0.064m route_dist=0.007m yaw_error=0.395rad segment=inner_middle_cross_from_right@0.114m->inner_middle_cross_from_right@0.051m
[gazebo_track_car-3] [WARN] [1780953196.661114256] [gazebo_track_car]: JITTER events=30 reasons=cmd_xy_error=0.0501m pos=(+2.277,-0.392) step=0.0042/0.0000m yaw=0.011/0.000rad route=inner_middle_cross_from_right
[gazebo_track_car-3] [INFO] [1780953196.914949852] [gazebo_track_car]: MOTION pos=(+2.284,-0.335) yaw=+1.656 v=0.234 step_err=0.0190m/0.007rad track_err=0.0579m footprint=road:6.00px route=inner_middle_cross_from_right cmd_vel=(0.244,+0.255)
[gazebo_track_car-3] [WARN] [1780953198.217041169] [gazebo_track_car]: JITTER events=36 reasons=yaw_step_error=0.123rad pos=(+2.238,-0.034) step=0.0045/0.0232m yaw=0.008/0.130rad route=inner_middle_cross_from_right
[gazebo_track_car-3] [INFO] [1780953198.924226154] [gazebo_track_car]: MOTION pos=(+2.155,+0.110) yaw=+2.280 v=0.248 step_err=0.0208m/0.004rad track_err=0.0084m footprint=road:8.40px route=inner_middle_cross_from_right cmd_vel=(0.255,+0.175)
[gazebo_track_car-3] [WARN] [1780953200.227254580] [gazebo_track_car]: JITTER events=5 reasons=yaw_step_error=0.099rad pos=(+1.952,+0.318) step=0.0043/0.0218m yaw=0.009/0.109rad route=inner_middle_cross_from_right
[gazebo_track_car-3] [INFO] [1780953200.930057249] [gazebo_track_car]: MOTION pos=(+1.800,+0.369) yaw=+3.049 v=0.242 step_err=0.0190m/0.005rad track_err=0.0076m footprint=road:8.00px route=inner_middle_cross_from_right cmd_vel=(0.248,+0.220)
[gazebo_track_car-3] [WARN] [1780953201.861756970] [gazebo_track_car]: JITTER events=4 reasons=speed_delta=0.059m/s pos=(+1.560,+0.383) step=0.0047/0.0000m yaw=0.004/0.000rad route=inner_middle_cross_from_right
[gazebo_track_car-3] [WARN] [1780953202.846098086] [gazebo_track_car]: JITTER events=4 reasons=yaw_step_error=0.216rad pos=(+1.309,+0.373) step=0.0045/0.0224m yaw=0.007/0.222rad route=inner_middle_cross_from_right
[gazebo_track_car-3] [INFO] [1780953203.038474549] [gazebo_track_car]: MOTION pos=(+1.265,+0.371) yaw=-2.885 v=0.219 step_err=0.0188m/0.010rad track_err=0.0043m footprint=road:7.00px route=inner_middle_cross_from_right cmd_vel=(0.212,+0.487)
[gazebo_track_car-3] [WARN] [1780953203.848137885] [gazebo_track_car]: JITTER events=6 reasons=yaw_step_error=0.210rad pos=(+1.100,+0.323) step=0.0045/0.0226m yaw=0.007/0.217rad route=inner_middle_cross_from_right
[gazebo_track_car-3] [INFO] [1780953205.046663098] [gazebo_track_car]: MOTION pos=(+0.912,+0.159) yaw=-1.951 v=0.240 step_err=0.0192m/0.014rad track_err=0.0170m footprint=road:8.39px route=inner_middle_cross_from_right cmd_vel=(0.260,+0.113)
[gazebo_track_car-3] [WARN] [1780953205.148618125] [gazebo_track_car]: JITTER events=1 reasons=yaw_step_error=0.246rad pos=(+0.902,+0.135) step=0.0052/0.0257m yaw=0.002/0.249rad route=inner_middle_cross_from_right
[gazebo_track_car-3] [INFO] [1780953205.585725737] [gazebo_track_car]: ROUTE_PROGRESS_SYNC actual=(+0.900,+0.059) cmd_error=0.060m route_dist=0.033m yaw_error=0.782rad segment=inner_middle_cross_from_right@2.172m->inner_middle_cross_from_right@2.223m
[gazebo_track_car-3] [WARN] [1780953206.150578624] [gazebo_track_car]: JITTER events=39 reasons=yaw_step_error=0.245rad pos=(+0.902,-0.032) step=0.0023/0.0048m yaw=0.025/0.270rad route=inner_middle_cross_from_right
[gazebo_track_car-3] [INFO] [1780953207.017691961] [gazebo_track_car]: ROUTE_PROGRESS_SYNC actual=(+0.795,+0.020) cmd_error=0.063m route_dist=0.049m yaw_error=0.367rad segment=inner_middle_cross_from_right@2.412m->inner_middle_cross_from_right@2.452m
[gazebo_track_car-3] [INFO] [1780953207.077337082] [gazebo_track_car]: MOTION pos=(+0.789,+0.032) yaw=+1.919 v=0.228 step_err=0.0186m/0.006rad track_err=0.0560m footprint=road:5.39px route=inner_middle_cross_from_right cmd_vel=(0.272,+0.048)
[gazebo_track_car-3] [WARN] [1780953207.175862814] [gazebo_track_car]: JITTER events=24 reasons=yaw_step_error=0.096rad,cmd_xy_error=0.0655m pos=(+0.780,+0.058) step=0.0054/0.0280m yaw=0.001/0.097rad route=inner_middle_cross_from_right
[gazebo_track_car-3] [WARN] [1780953208.581529024] [gazebo_track_car]: JITTER events=27 reasons=yaw_step_error=0.043rad pos=(+0.663,+0.312) step=0.0040/0.0197m yaw=0.013/0.056rad route=inner_middle_cross_from_right
[gazebo_track_car-3] [INFO] [1780953209.085120452] [gazebo_track_car]: MOTION pos=(+0.570,+0.361) yaw=+2.982 v=0.226 step_err=0.0181m/0.007rad track_err=0.0156m footprint=road:9.20px route=inner_middle_cross_from_right cmd_vel=(0.233,+0.331)
[gazebo_track_car-3] [WARN] [1780953210.413094988] [gazebo_track_car]: JITTER events=7 reasons=speed_delta=0.052m/s pos=(+0.231,+0.385) step=0.0048/0.0000m yaw=0.004/0.000rad route=inner_middle_cross_from_right
[gazebo_track_car-3] [INFO] [1780953211.087610907] [gazebo_track_car]: MOTION pos=(+0.053,+0.377) yaw=-3.036 v=0.261 step_err=0.0212m/0.003rad track_err=0.0021m footprint=road:8.00px route=inner_middle_cross_from_right cmd_vel=(0.242,+0.257)
[gazebo_track_car-3] [WARN] [1780953211.384541939] [gazebo_track_car]: JITTER events=3 reasons=yaw_step_error=0.211rad pos=(-0.017,+0.375) step=0.0045/0.0226m yaw=0.008/0.219rad route=inner_middle_cross_from_right
[gazebo_track_car-3] [WARN] [1780953212.410060582] [gazebo_track_car]: JITTER events=8 reasons=yaw_step_error=0.054rad pos=(-0.229,+0.313) step=0.0046/0.0218m yaw=0.007/0.061rad route=inner_middle_cross_from_right
[gazebo_track_car-3] [INFO] [1780953213.106919697] [gazebo_track_car]: MOTION pos=(-0.363,+0.215) yaw=-2.303 v=0.219 step_err=0.0180m/0.008rad track_err=0.0216m footprint=road:9.20px route=inner_middle_cross_from_right cmd_vel=(0.211,+0.484)
[gazebo_track_car-3] [WARN] [1780953213.629649293] [gazebo_track_car]: JITTER events=2 reasons=speed_delta=0.035m/s pos=(-0.440,+0.137) step=0.0050/0.0000m yaw=0.005/0.000rad route=inner_middle_cross_from_right
[gazebo_track_car-3] [INFO] [1780953214.291115283] [gazebo_track_car]: ROUTE_PROGRESS_SYNC actual=(-0.464,+0.019) cmd_error=0.061m route_dist=0.052m yaw_error=1.063rad segment=inner_middle_cross_from_right@4.124m->inner_middle_cross_from_right@4.193m
[gazebo_track_car-3] [WARN] [1780953214.610030146] [gazebo_track_car]: JITTER events=29 reasons=yaw_step_error=0.026rad,cmd_xy_error=0.0568m pos=(-0.466,-0.029) step=0.0024/0.0051m yaw=0.026/0.000rad route=inner_middle_cross_from_right
[gazebo_track_car-3] [INFO] [1780953215.108437574] [gazebo_track_car]: MOTION pos=(-0.525,-0.053) yaw=+2.454 v=0.136 step_err=0.0073m/0.349rad track_err=0.0126m footprint=road:6.39px route=inner_middle_cross_from_right cmd_vel=(0.099,-0.898)
[gazebo_track_car-3] [INFO] [1780953215.408008367] [gazebo_track_car]: ROUTE_PROGRESS_SYNC actual=(-0.564,-0.041) cmd_error=0.063m route_dist=0.025m yaw_error=0.638rad segment=inner_middle_cross_from_right@4.293m->inner_middle_cross_from_right@4.369m
[gazebo_track_car-3] [WARN] [1780953215.609535765] [gazebo_track_car]: JITTER events=22 reasons=yaw_step_error=0.235rad,cmd_xy_error=0.0550m pos=(-0.593,-0.010) step=0.0049/0.0241m yaw=0.005/0.240rad route=inner_middle_cross_from_right
[gazebo_track_car-3] [WARN] [1780953217.111755499] [gazebo_track_car]: JITTER events=22 reasons=yaw_step_error=0.131rad pos=(-0.774,+0.274) step=0.0041/0.0204m yaw=0.012/0.143rad route=inner_middle_cross_from_right
[gazebo_track_car-3] [INFO] [1780953217.112037345] [gazebo_track_car]: MOTION pos=(-0.774,+0.274) yaw=+2.682 v=0.201 step_err=0.0164m/0.131rad track_err=0.0086m footprint=road:7.99px route=inner_middle_cross_from_right cmd_vel=(0.205,+0.548)
[gazebo_track_car-3] [WARN] [1780953218.374787853] [gazebo_track_car]: JITTER events=5 reasons=cmd_xy_error=0.0501m pos=(-1.046,+0.359) step=0.0051/0.0000m yaw=0.003/0.000rad route=inner_middle_cross_from_right
[gazebo_track_car-3] [INFO] [1780953218.415873068] [gazebo_track_car]: ROUTE_PROGRESS_SYNC actual=(-1.056,+0.360) cmd_error=0.060m route_dist=0.008m yaw_error=0.007rad segment=inner_middle_cross_from_right@5.040m->inner_middle_cross_from_right@5.100m
[gazebo_track_car-3] [INFO] [1780953219.132429149] [gazebo_track_car]: MOTION pos=(-1.254,+0.359) yaw=-3.118 v=0.279 step_err=0.0231m/0.000rad track_err=0.0512m footprint=road:8.00px route=inner_middle_cross_from_right cmd_vel=(0.278,-0.013)
[gazebo_track_car-3] [WARN] [1780953219.534535732] [gazebo_track_car]: JITTER events=9 reasons=cmd_xy_error=0.0504m pos=(-1.365,+0.356) step=0.0055/0.0285m yaw=0.000/0.000rad route=inner_middle_cross_from_right
[gazebo_track_car-3] [WARN] [1780953220.537793142] [gazebo_track_car]: JITTER events=9 reasons=cmd_xy_error=0.0509m pos=(-1.639,+0.353) step=0.0051/0.0255m yaw=0.003/0.000rad route=inner_middle_cross_from_right
[gazebo_track_car-3] [INFO] [1780953221.140628200] [gazebo_track_car]: MOTION pos=(-1.775,+0.353) yaw=-2.878 v=0.220 step_err=0.0174m/0.009rad track_err=0.0512m footprint=road:7.59px route=inner_middle_cross_from_right cmd_vel=(0.220,+0.451)
[gazebo_track_car-3] [WARN] [1780953221.537838818] [gazebo_track_car]: JITTER events=10 reasons=yaw_step_error=0.230rad,cmd_xy_error=0.0564m pos=(-1.862,+0.336) step=0.0045/0.0231m yaw=0.008/0.239rad route=inner_middle_cross_from_right
[gazebo_track_car-3] [INFO] [1780953221.636167068] [gazebo_track_car]: ROUTE_PROGRESS_SYNC actual=(-1.884,+0.329) cmd_error=0.060m route_dist=0.022m yaw_error=0.305rad segment=inner_middle_cross_from_right@5.983m->inner_middle_cross_from_right@5.927m
[gazebo_track_car-3] [INFO] [1780953223.137350848] [gazebo_track_car]: MOTION pos=(-2.165,+0.147) yaw=-2.085 v=0.207 step_err=0.0160m/0.011rad track_err=0.0249m footprint=road:8.40px route=inner_middle_cross_from_right cmd_vel=(0.211,+0.444)
[gazebo_track_car-3] [WARN] [1780953223.359199078] [gazebo_track_car]: JITTER events=11 reasons=speed_delta=0.036m/s pos=(-2.193,+0.107) step=0.0051/0.0000m yaw=0.004/0.000rad route=inner_middle_cross_from_right
[gazebo_track_car-3] [INFO] [1780953223.822106809] [gazebo_track_car]: ROUTE_PROGRESS_SYNC actual=(-2.195,+0.022) cmd_error=0.061m route_dist=0.038m yaw_error=0.538rad segment=inner_middle_cross_from_right@6.375m->outer_left_mid_to_middle_entry@0.000m
[gazebo_track_car-3] [INFO] [1780953223.952519199] [gazebo_track_car]: route segment=outer_left_mid_to_middle_entry; previous=inner_middle_cross_from_right; distance=0.005m; decision=route/progress_sync: outer_left_mid_to_middle_entry
[gazebo_track_car-3] [INFO] [1780953224.244125234] [gazebo_track_car]: route segment=outer_left_lower_to_mid; previous=outer_left_mid_to_middle_entry; distance=1.746m; decision=route/progress_sync: outer_left_lower_to_mid
[gazebo_track_car-3] [WARN] [1780953224.363757383] [gazebo_track_car]: JITTER events=37 reasons=yaw_step_error=0.061rad pos=(-2.208,-0.072) step=0.0027/0.0052m yaw=0.029/0.090rad route=outer_left_lower_to_mid
[gazebo_track_car-3] [INFO] [1780953224.961678805] [gazebo_track_car]: ROUTE_PROGRESS_SYNC actual=(-2.298,-0.054) cmd_error=0.073m route_dist=0.072m yaw_error=0.047rad segment=outer_left_lower_to_mid@1.764m->outer_left_lower_to_mid@1.754m
[gazebo_track_car-3] [INFO] [1780953225.162644389] [gazebo_track_car]: MOTION pos=(-2.315,-0.033) yaw=+1.413 v=0.134 step_err=0.0072m/0.511rad track_err=0.0894m footprint=road:5.00px route=outer_left_lower_to_mid cmd_vel=(0.098,-1.075)
[gazebo_track_car-3] [WARN] [1780953225.362214035] [gazebo_track_car]: JITTER events=50 reasons=yaw_step_error=0.333rad,cmd_xy_error=0.0983m pos=(-2.325,-0.009) step=0.0025/0.0099m yaw=0.018/0.350rad route=outer_left_lower_to_mid
[gazebo_track_car-3] [INFO] [1780953225.449594446] [gazebo_track_car]: route segment=outer_left_mid_to_middle_entry; previous=outer_left_lower_to_mid; distance=0.001m; decision=route/default: outer_left_mid_to_middle_entry
[gazebo_track_car-3] [INFO] [1780953225.649822541] [gazebo_track_car]: route segment=outer_left_middle_entry_to_upper; previous=outer_left_mid_to_middle_entry; distance=0.119m; decision=route/progress_sync: outer_left_middle_entry_to_upper
[gazebo_track_car-3] [INFO] [1780953227.165505319] [gazebo_track_car]: MOTION pos=(-2.227,+0.317) yaw=+1.611 v=0.265 step_err=0.0214m/0.002rad track_err=0.0390m footprint=road:10.00px route=outer_left_middle_entry_to_upper cmd_vel=(0.269,+0.079)
[gazebo_track_car-3] [INFO] [1780953229.167805017] [gazebo_track_car]: route segment=outer_left_upper_to_top; previous=outer_left_middle_entry_to_upper; distance=0.007m; decision=route/default: outer_left_upper_to_top
[gazebo_track_car-3] [INFO] [1780953229.169057391] [gazebo_track_car]: MOTION pos=(-2.249,+0.864) yaw=+1.563 v=0.274 step_err=0.0225m/0.006rad track_err=0.0339m footprint=road:8.00px route=outer_left_upper_to_top cmd_vel=(0.275,-0.037)
[gazebo_track_car-3] [INFO] [1780953231.188988629] [gazebo_track_car]: MOTION pos=(-2.237,+1.426) yaw=+1.543 v=0.279 step_err=0.0224m/0.000rad track_err=0.0306m footprint=road:7.00px route=outer_left_upper_to_top cmd_vel=(0.279,+0.004)
[gazebo_track_car-3] [WARN] [1780953232.009933852] [gazebo_track_car]: JITTER events=28 reasons=speed_delta=0.049m/s pos=(-2.230,+1.653) step=0.0048/0.0000m yaw=0.000/0.000rad route=outer_left_upper_to_top
[gazebo_track_car-3] [INFO] [1780953232.584391875] [gazebo_track_car]: route segment=outer_top_left_corner; previous=outer_left_upper_to_top; distance=0.015m; decision=route/default: outer_top_left_corner
[gazebo_track_car-3] [WARN] [1780953232.993503275] [gazebo_track_car]: JITTER events=1 reasons=yaw_step_error=0.147rad pos=(-2.220,+1.876) step=0.0044/0.0220m yaw=0.009/0.156rad route=outer_top_left_corner
[gazebo_track_car-3] [INFO] [1780953233.192125090] [gazebo_track_car]: MOTION pos=(-2.209,+1.918) yaw=+1.059 v=0.216 step_err=0.0165m/0.203rad track_err=0.0345m footprint=road:8.00px route=outer_top_left_corner cmd_vel=(0.209,-0.525)
[gazebo_track_car-3] [WARN] [1780953234.095621550] [gazebo_track_car]: JITTER events=4 reasons=yaw_step_error=0.083rad pos=(-2.112,+2.076) step=0.0042/0.0203m yaw=0.011/0.094rad route=outer_top_left_corner
[gazebo_track_car-3] [WARN] [1780953235.117676891] [gazebo_track_car]: JITTER events=7 reasons=yaw_step_error=0.208rad pos=(-1.912,+2.175) step=0.0048/0.0229m yaw=0.006/0.214rad route=outer_top_left_corner
[gazebo_track_car-3] [INFO] [1780953235.197582523] [gazebo_track_car]: MOTION pos=(-1.893,+2.179) yaw=+0.085 v=0.238 step_err=0.0171m/0.103rad track_err=0.0165m footprint=road:9.00px route=outer_top_left_corner cmd_vel=(0.244,-0.246)
[gazebo_track_car-3] [INFO] [1780953235.597161821] [gazebo_track_car]: route segment=outer_top_left_to_top_mid; previous=outer_top_left_corner; distance=0.020m; decision=route/default: outer_top_left_to_top_mid
[gazebo_track_car-3] [INFO] [1780953237.215695453] [gazebo_track_car]: MOTION pos=(-1.349,+2.181) yaw=-0.012 v=0.275 step_err=0.0229m/0.000rad track_err=0.0185m footprint=road:8.00px route=outer_top_left_to_top_mid cmd_vel=(0.276,+0.025)
[gazebo_track_car-3] [INFO] [1780953239.221372137] [gazebo_track_car]: MOTION pos=(-0.792,+2.179) yaw=+0.003 v=0.279 step_err=0.0223m/0.000rad track_err=0.0167m footprint=road:8.00px route=outer_top_left_to_top_mid cmd_vel=(0.279,-0.007)
[gazebo_track_car-3] [INFO] [1780953241.240701262] [gazebo_track_car]: MOTION pos=(-0.229,+2.180) yaw=-0.000 v=0.279 step_err=0.0226m/0.000rad track_err=0.0198m footprint=road:8.00px route=outer_top_left_to_top_mid cmd_vel=(0.279,-0.005)
[gazebo_track_car-3] [INFO] [1780953242.028330836] [gazebo_track_car]: route segment=outer_top_mid_to_gap; previous=outer_top_left_to_top_mid; distance=0.022m; decision=route/default: outer_top_mid_to_gap
[gazebo_track_car-3] [INFO] [1780953243.248667854] [gazebo_track_car]: MOTION pos=(+0.330,+2.180) yaw=-0.002 v=0.280 step_err=0.0227m/0.000rad track_err=0.0193m footprint=road:9.00px route=outer_top_mid_to_gap cmd_vel=(0.280,+0.003)
[gazebo_track_car-3] [INFO] [1780953243.836818177] [gazebo_track_car]: route segment=outer_top_gap_to_top_right_mid; previous=outer_top_mid_to_gap; distance=0.013m; decision=route/explore_branch visit=0: outer_top_gap_to_top_right_mid
[gazebo_track_car-3] [INFO] [1780953245.250055639] [gazebo_track_car]: MOTION pos=(+0.889,+2.180) yaw=+0.000 v=0.280 step_err=0.0218m/0.000rad track_err=0.0166m footprint=road:8.00px route=outer_top_gap_to_top_right_mid cmd_vel=(0.280,+0.000)
[gazebo_track_car-3] [INFO] [1780953245.545964332] [gazebo_track_car]: route segment=outer_top_right_mid_to_top_right; previous=outer_top_gap_to_top_right_mid; distance=0.019m; decision=route/default: outer_top_right_mid_to_top_right
[gazebo_track_car-3] [INFO] [1780953247.269470563] [gazebo_track_car]: MOTION pos=(+1.453,+2.180) yaw=+0.001 v=0.279 step_err=0.0243m/0.000rad track_err=0.0183m footprint=road:8.00px route=outer_top_right_mid_to_top_right cmd_vel=(0.279,-0.007)
[gazebo_track_car-3] [WARN] [1780953247.792113373] [gazebo_track_car]: JITTER events=2 reasons=speed_delta=0.061m/s pos=(+1.598,+2.180) step=0.0047/0.0000m yaw=0.003/0.000rad route=outer_top_right_mid_to_top_right
[gazebo_track_car-3] [INFO] [1780953248.762077493] [gazebo_track_car]: route segment=outer_top_right_corner; previous=outer_top_right_mid_to_top_right; distance=0.022m; decision=route/default: outer_top_right_corner
[gazebo_track_car-3] [WARN] [1780953248.772325207] [gazebo_track_car]: JITTER events=3 reasons=yaw_step_error=0.224rad pos=(+1.843,+2.173) step=0.0047/0.0233m yaw=0.006/0.230rad route=outer_top_right_corner
[gazebo_track_car-3] [INFO] [1780953249.270181115] [gazebo_track_car]: MOTION pos=(+1.952,+2.159) yaw=-0.404 v=0.215 step_err=0.0165m/0.165rad track_err=0.0271m footprint=road:8.00px route=outer_top_right_corner cmd_vel=(0.205,-0.521)
[gazebo_track_car-3] [WARN] [1780953249.773561045] [gazebo_track_car]: JITTER events=6 reasons=yaw_step_error=0.127rad pos=(+2.045,+2.133) step=0.0035/0.0157m yaw=0.015/0.141rad route=outer_top_right_corner
[gazebo_track_car-3] [INFO] [1780953250.249609230] [gazebo_track_car]: ROUTE_PROGRESS_SYNC actual=(+2.117,+2.087) cmd_error=0.061m route_dist=0.006m yaw_error=0.290rad segment=outer_top_right_corner@0.288m->outer_top_right_corner@0.348m
[gazebo_track_car-3] [INFO] [1780953251.294412249] [gazebo_track_car]: MOTION pos=(+2.197,+1.872) yaw=-1.535 v=0.255 step_err=0.0202m/0.012rad track_err=0.0177m footprint=road:7.20px route=outer_top_right_corner cmd_vel=(0.259,-0.143)
[gazebo_track_car-3] [INFO] [1780953251.476011500] [gazebo_track_car]: route segment=outer_right_top_to_upper; previous=outer_top_right_corner; distance=0.010m; decision=route/default: outer_right_top_to_upper
[gazebo_track_car-3] [INFO] [1780953253.294589324] [gazebo_track_car]: MOTION pos=(+2.205,+1.325) yaw=-1.527 v=0.276 step_err=0.0221m/0.001rad track_err=0.0050m footprint=road:7.00px route=outer_right_top_to_upper cmd_vel=(0.277,+0.018)
[gazebo_track_car-3] [INFO] [1780953254.897184002] [gazebo_track_car]: route segment=outer_right_upper_to_mid; previous=outer_right_top_to_upper; distance=0.013m; decision=route/default: outer_right_upper_to_mid
[gazebo_track_car-3] [INFO] [1780953255.299572253] [gazebo_track_car]: MOTION pos=(+2.227,+0.775) yaw=-1.565 v=0.277 step_err=0.0218m/0.000rad track_err=0.0069m footprint=road:8.00px route=outer_right_upper_to_mid cmd_vel=(0.277,-0.022)
[gazebo_track_car-3] [INFO] [1780953257.323010089] [gazebo_track_car]: MOTION pos=(+2.227,+0.212) yaw=-1.573 v=0.279 step_err=0.0223m/0.000rad track_err=0.0035m footprint=road:9.00px route=outer_right_upper_to_mid cmd_vel=(0.279,+0.004)
[gazebo_track_car-3] [INFO] [1780953259.322007228] [gazebo_track_car]: MOTION pos=(+2.226,-0.347) yaw=-1.569 v=0.276 step_err=0.0226m/0.000rad track_err=0.0070m footprint=road:8.00px route=outer_right_upper_to_mid cmd_vel=(0.268,+0.064)
[gazebo_track_car-3] [WARN] [1780953259.341368852] [gazebo_track_car]: JITTER events=20 reasons=speed_delta=0.034m/s pos=(+2.227,-0.352) step=0.0050/0.0000m yaw=0.003/0.000rad route=outer_right_upper_to_mid
[gazebo_track_car-3] [INFO] [1780953259.760991814] [gazebo_track_car]: ROUTE_PROGRESS_SYNC actual=(+2.171,-0.405) cmd_error=0.061m route_dist=0.056m yaw_error=0.755rad segment=outer_right_upper_to_mid@1.271m->outer_right_upper_to_mid@1.296m
[gazebo_track_car-3] [WARN] [1780953260.326758326] [gazebo_track_car]: JITTER events=45 reasons=yaw_step_error=0.032rad,cmd_xy_error=0.1044m pos=(+2.159,-0.495) step=0.0026/0.0050m yaw=0.032/0.000rad route=outer_right_upper_to_mid
[gazebo_track_car-3] [INFO] [1780953261.328994824] [gazebo_track_car]: route segment=inner_middle_cross_from_right; previous=outer_right_upper_to_mid; distance=0.010m; decision=route/explore_branch visit=0: inner_middle_cross_from_right
[gazebo_track_car-3] [INFO] [1780953261.346418403] [gazebo_track_car]: ROUTE_PROGRESS_SYNC actual=(+2.266,-0.447) cmd_error=0.070m route_dist=0.039m yaw_error=0.050rad segment=inner_middle_cross_from_right@0.010m->inner_middle_cross_from_right@0.068m
[gazebo_track_car-3] [INFO] [1780953261.346913284] [gazebo_track_car]: MOTION pos=(+2.266,-0.447) yaw=+1.521 v=0.190 step_err=0.0560m/0.014rad track_err=0.0390m footprint=road:7.00px route=inner_middle_cross_from_right cmd_vel=(0.198,+0.575)
[gazebo_track_car-3] [WARN] [1780953261.466622128] [gazebo_track_car]: JITTER events=33 reasons=speed_delta=0.032m/s pos=(+2.271,-0.424) step=0.0044/0.0000m yaw=0.009/0.000rad route=inner_middle_cross_from_right
[gazebo_track_car-3] [WARN] [1780953263.146631812] [gazebo_track_car]: JITTER events=3 reasons=yaw_step_error=0.148rad pos=(+2.228,-0.024) step=0.0044/0.0223m yaw=0.008/0.156rad route=inner_middle_cross_from_right
[gazebo_track_car-3] [INFO] [1780953263.347843654] [gazebo_track_car]: MOTION pos=(+2.210,+0.017) yaw=+2.138 v=0.228 step_err=0.0184m/0.226rad track_err=0.0200m footprint=road:7.00px route=inner_middle_cross_from_right cmd_vel=(0.233,+0.332)
[gazebo_track_car-3] [WARN] [1780953264.169354884] [gazebo_track_car]: JITTER events=4 reasons=speed_delta=0.038m/s,yaw_rate_delta=0.429rad/s pos=(+2.098,+0.182) step=0.0044/0.0000m yaw=0.009/0.000rad route=inner_middle_cross_from_right
[gazebo_track_car-3] [WARN] [1780953265.154326393] [gazebo_track_car]: JITTER events=1 reasons=yaw_step_error=0.074rad pos=(+1.947,+0.324) step=0.0043/0.0215m yaw=0.009/0.083rad route=inner_middle_cross_from_right
[gazebo_track_car-3] [INFO] [1780953265.349696895] [gazebo_track_car]: MOTION pos=(+1.906,+0.343) yaw=+2.910 v=0.225 step_err=0.0180m/0.223rad track_err=0.0168m footprint=road:8.39px route=inner_middle_cross_from_right cmd_vel=(0.227,+0.370)
[gazebo_track_car-3] [WARN] [1780953266.791799737] [gazebo_track_car]: JITTER events=4 reasons=speed_delta=0.061m/s pos=(+1.547,+0.384) step=0.0047/0.0000m yaw=0.003/0.000rad route=inner_middle_cross_from_right
[gazebo_track_car-3] [INFO] [1780953267.376188873] [gazebo_track_car]: MOTION pos=(+1.395,+0.378) yaw=-3.045 v=0.277 step_err=0.0222m/0.000rad track_err=0.0166m footprint=road:7.00px route=inner_middle_cross_from_right cmd_vel=(0.277,-0.017)
[gazebo_track_car-3] [WARN] [1780953267.773911721] [gazebo_track_car]: JITTER events=3 reasons=yaw_step_error=0.209rad pos=(+1.296,+0.373) step=0.0045/0.0225m yaw=0.008/0.217rad route=inner_middle_cross_from_right
[gazebo_track_car-3] [WARN] [1780953268.773551368] [gazebo_track_car]: JITTER events=6 reasons=yaw_step_error=0.222rad pos=(+1.090,+0.321) step=0.0045/0.0236m yaw=0.007/0.229rad route=inner_middle_cross_from_right
[gazebo_track_car-3] [INFO] [1780953269.383398993] [gazebo_track_car]: MOTION pos=(+0.983,+0.252) yaw=-2.227 v=0.196 step_err=0.0153m/0.012rad track_err=0.0340m footprint=road:8.40px route=inner_middle_cross_from_right cmd_vel=(0.195,+0.611)
[gazebo_track_car-3] [WARN] [1780953270.081370213] [gazebo_track_car]: JITTER events=4 reasons=yaw_step_error=0.221rad pos=(+0.896,+0.131) step=0.0051/0.0248m yaw=0.003/0.224rad route=inner_middle_cross_from_right
[gazebo_track_car-3] [INFO] [1780953270.457737804] [gazebo_track_car]: ROUTE_PROGRESS_SYNC actual=(+0.893,+0.063) cmd_error=0.062m route_dist=0.026m yaw_error=0.657rad segment=inner_middle_cross_from_right@2.159m->inner_middle_cross_from_right@2.219m
[gazebo_track_car-3] [WARN] [1780953271.077122676] [gazebo_track_car]: JITTER events=39 reasons=yaw_step_error=0.340rad pos=(+0.903,-0.036) step=0.0024/0.0051m yaw=0.028/0.367rad route=inner_middle_cross_from_right
[gazebo_track_car-3] [INFO] [1780953271.378715669] [gazebo_track_car]: MOTION pos=(+0.861,-0.040) yaw=+2.310 v=0.135 step_err=0.0070m/0.266rad track_err=0.0180m footprint=road:5.00px route=inner_middle_cross_from_right cmd_vel=(0.114,-0.933)
[gazebo_track_car-3] [INFO] [1780953271.879225568] [gazebo_track_car]: ROUTE_PROGRESS_SYNC actual=(+0.796,+0.017) cmd_error=0.064m route_dist=0.047m yaw_error=0.378rad segment=inner_middle_cross_from_right@2.407m->inner_middle_cross_from_right@2.449m
[gazebo_track_car-3] [WARN] [1780953272.098713624] [gazebo_track_car]: JITTER events=28 reasons=yaw_step_error=0.034rad,cmd_xy_error=0.0685m pos=(+0.775,+0.071) step=0.0052/0.0039m yaw=0.002/0.036rad route=inner_middle_cross_from_right
[gazebo_track_car-3] [INFO] [1780953273.399406238] [gazebo_track_car]: MOTION pos=(+0.666,+0.307) yaw=+2.698 v=0.202 step_err=0.0154m/0.005rad track_err=0.0131m footprint=road:8.79px route=inner_middle_cross_from_right cmd_vel=(0.201,+0.592)
[gazebo_track_car-3] [WARN] [1780953273.499335829] [gazebo_track_car]: JITTER events=24 reasons=yaw_step_error=0.181rad pos=(+0.650,+0.319) step=0.0041/0.0203m yaw=0.012/0.193rad route=inner_middle_cross_from_right
[gazebo_track_car-3] [WARN] [1780953275.324527278] [gazebo_track_car]: JITTER events=4 reasons=xy_step_delta=0.0068m,speed_delta=0.090m/s,yaw_rate_delta=0.419rad/s pos=(+0.213,+0.385) step=0.0044/0.0000m yaw=0.004/0.000rad route=inner_middle_cross_from_right
[gazebo_track_car-3] [INFO] [1780953275.403812160] [gazebo_track_car]: MOTION pos=(+0.194,+0.386) yaw=-3.085 v=0.254 step_err=0.0209m/0.003rad track_err=0.0113m footprint=road:9.00px route=inner_middle_cross_from_right cmd_vel=(0.255,+0.165)
[gazebo_track_car-3] [WARN] [1780953276.304525610] [gazebo_track_car]: JITTER events=3 reasons=yaw_step_error=0.152rad pos=(-0.032,+0.374) step=0.0044/0.0220m yaw=0.008/0.160rad route=inner_middle_cross_from_right
[gazebo_track_car-3] [INFO] [1780953277.407503348] [gazebo_track_car]: MOTION pos=(-0.258,+0.297) yaw=-2.456 v=0.239 step_err=0.0196m/0.006rad track_err=0.0208m footprint=road:7.99px route=inner_middle_cross_from_right cmd_vel=(0.243,+0.248)
[gazebo_track_car-3] [WARN] [1780953277.747690014] [gazebo_track_car]: JITTER events=7 reasons=speed_delta=0.045m/s pos=(-0.324,+0.246) step=0.0043/0.0000m yaw=0.009/0.000rad route=inner_middle_cross_from_right
[gazebo_track_car-3] [WARN] [1780953278.749657777] [gazebo_track_car]: JITTER events=5 reasons=speed_delta=0.086m/s pos=(-0.467,+0.080) step=0.0030/0.0000m yaw=0.010/0.000rad route=inner_middle_cross_from_right
[gazebo_track_car-3] [INFO] [1780953279.166113034] [gazebo_track_car]: ROUTE_PROGRESS_SYNC actual=(-0.464,+0.017) cmd_error=0.062m route_dist=0.051m yaw_error=1.074rad segment=inner_middle_cross_from_right@4.128m->inner_middle_cross_from_right@4.195m
[gazebo_track_car-3] [INFO] [1780953279.421945390] [gazebo_track_car]: MOTION pos=(-0.468,-0.020) yaw=-3.087 v=0.136 step_err=0.0025m/0.031rad track_err=0.0525m footprint=road:5.00px route=inner_middle_cross_from_right cmd_vel=(0.050,-1.558)
[gazebo_track_car-3] [WARN] [1780953279.745749396] [gazebo_track_car]: JITTER events=42 reasons=yaw_step_error=0.027rad pos=(-0.495,-0.050) step=0.0029/0.0000m yaw=0.027/0.000rad route=inner_middle_cross_from_right
[gazebo_track_car-3] [INFO] [1780953280.340234197] [gazebo_track_car]: ROUTE_PROGRESS_SYNC actual=(-0.571,-0.045) cmd_error=0.066m route_dist=0.031m yaw_error=0.615rad segment=inner_middle_cross_from_right@4.293m->inner_middle_cross_from_right@4.364m
[gazebo_track_car-3] [WARN] [1780953280.727333140] [gazebo_track_car]: JITTER events=27 reasons=yaw_step_error=0.293rad,cmd_xy_error=0.0864m pos=(-0.625,+0.031) step=0.0056/0.0292m yaw=0.000/0.293rad route=inner_middle_cross_from_right
[gazebo_track_car-3] [INFO] [1780953281.537927562] [gazebo_track_car]: MOTION pos=(-0.707,+0.195) yaw=+2.363 v=0.199 step_err=0.0153m/0.012rad track_err=0.0157m footprint=road:7.80px route=inner_middle_cross_from_right cmd_vel=(0.197,+0.621)
[gazebo_track_car-3] [WARN] [1780953282.050504630] [gazebo_track_car]: JITTER events=15 reasons=yaw_step_error=0.086rad pos=(-0.771,+0.271) step=0.0041/0.0203m yaw=0.012/0.098rad route=inner_middle_cross_from_right
[gazebo_track_car-3] [INFO] [1780953283.651588486] [gazebo_track_car]: MOTION pos=(-1.135,+0.361) yaw=-3.128 v=0.268 step_err=0.0218m/0.001rad track_err=0.0139m footprint=road:8.00px route=inner_middle_cross_from_right cmd_vel=(0.272,+0.049)
[gazebo_track_car-3] [WARN] [1780953285.588795018] [gazebo_track_car]: JITTER events=6 reasons=speed_delta=0.049m/s,yaw_rate_delta=0.405rad/s pos=(-1.665,+0.351) step=0.0049/0.0000m yaw=0.004/0.000rad route=inner_middle_cross_from_right
[gazebo_track_car-3] [INFO] [1780953285.767561883] [gazebo_track_car]: MOTION pos=(-1.710,+0.354) yaw=-3.094 v=0.236 step_err=0.0189m/0.006rad track_err=0.0105m footprint=road:8.00px route=inner_middle_cross_from_right cmd_vel=(0.223,+0.396)
[gazebo_track_car-3] [WARN] [1780953286.665454979] [gazebo_track_car]: JITTER events=1 reasons=yaw_step_error=0.204rad pos=(-1.898,+0.339) step=0.0042/0.0222m yaw=0.009/0.214rad route=inner_middle_cross_from_right
[gazebo_track_car-3] [INFO] [1780953287.772137313] [gazebo_track_car]: MOTION pos=(-2.110,+0.205) yaw=-2.270 v=0.211 step_err=0.0173m/0.009rad track_err=0.0256m footprint=road:8.40px route=inner_middle_cross_from_right cmd_vel=(0.207,+0.516)
[gazebo_track_car-3] [WARN] [1780953288.392709708] [gazebo_track_car]: JITTER events=6 reasons=speed_delta=0.038m/s pos=(-2.196,+0.106) step=0.0053/0.0000m yaw=0.003/0.000rad route=inner_middle_cross_from_right
[gazebo_track_car-3] [INFO] [1780953288.851515167] [gazebo_track_car]: ROUTE_PROGRESS_SYNC actual=(-2.193,+0.020) cmd_error=0.063m route_dist=0.039m yaw_error=0.599rad segment=inner_middle_cross_from_right@6.378m->outer_left_mid_to_middle_entry@0.000m
[gazebo_track_car-3] [INFO] [1780953288.862970600] [gazebo_track_car]: route segment=outer_left_mid_to_middle_entry; previous=inner_middle_cross_from_right; distance=0.005m; decision=route/progress_sync: outer_left_mid_to_middle_entry
[gazebo_track_car-3] [INFO] [1780953289.265314165] [gazebo_track_car]: route segment=outer_left_lower_to_mid; previous=outer_left_mid_to_middle_entry; distance=1.750m; decision=route/progress_sync: outer_left_lower_to_mid
[gazebo_track_car-3] [WARN] [1780953289.369889569] [gazebo_track_car]: JITTER events=39 reasons=yaw_step_error=0.167rad pos=(-2.206,-0.068) step=0.0034/0.0101m yaw=0.033/0.200rad route=outer_left_lower_to_mid
[gazebo_track_car-3] [INFO] [1780953289.771237888] [gazebo_track_car]: ROUTE_PROGRESS_SYNC actual=(-2.263,-0.062) cmd_error=0.067m route_dist=0.038m yaw_error=0.354rad segment=outer_left_lower_to_mid@1.799m->outer_left_lower_to_mid@1.745m
[gazebo_track_car-3] [INFO] [1780953289.771718621] [gazebo_track_car]: MOTION pos=(-2.263,-0.062) yaw=+1.951 v=0.134 step_err=0.0429m/2.050rad track_err=0.0379m footprint=road:6.00px route=outer_left_lower_to_mid cmd_vel=(0.098,-1.148)
[gazebo_track_car-3] [WARN] [1780953290.390336507] [gazebo_track_car]: JITTER events=43 reasons=yaw_step_error=0.321rad,cmd_xy_error=0.0912m pos=(-2.318,-0.003) step=0.0024/0.0149m yaw=0.017/0.338rad route=outer_left_lower_to_mid
[gazebo_track_car-3] [INFO] [1780953290.474671867] [gazebo_track_car]: route segment=outer_left_mid_to_middle_entry; previous=outer_left_lower_to_mid; distance=0.008m; decision=route/default: outer_left_mid_to_middle_entry
[gazebo_track_car-3] [INFO] [1780953290.775882461] [gazebo_track_car]: route segment=outer_left_middle_entry_to_upper; previous=outer_left_mid_to_middle_entry; distance=0.140m; decision=route/progress_sync: outer_left_middle_entry_to_upper
[gazebo_track_car-3] [INFO] [1780953291.798814285] [gazebo_track_car]: MOTION pos=(-2.227,+0.199) yaw=+1.523 v=0.230 step_err=0.0179m/0.008rad track_err=0.0392m footprint=road:9.20px route=outer_left_middle_entry_to_upper cmd_vel=(0.238,+0.312)
[gazebo_track_car-3] [INFO] [1780953293.800716695] [gazebo_track_car]: MOTION pos=(-2.246,+0.733) yaw=+1.588 v=0.271 step_err=0.0219m/0.001rad track_err=0.0359m footprint=road:8.00px route=outer_left_middle_entry_to_upper cmd_vel=(0.271,-0.060)
[gazebo_track_car-3] [INFO] [1780953294.296225937] [gazebo_track_car]: route segment=outer_left_upper_to_top; previous=outer_left_middle_entry_to_upper; distance=0.016m; decision=route/default: outer_left_upper_to_top
[gazebo_track_car-3] [INFO] [1780953295.805223342] [gazebo_track_car]: MOTION pos=(-2.241,+1.286) yaw=+1.542 v=0.280 step_err=0.0056m/0.000rad track_err=0.0100m footprint=road:7.00px route=outer_left_upper_to_top cmd_vel=(0.280,+0.003)
[gazebo_track_car-3] [INFO] [1780953297.718789913] [gazebo_track_car]: route segment=outer_top_left_corner; previous=outer_left_upper_to_top; distance=0.022m; decision=route/default: outer_top_left_corner
[gazebo_track_car-3] [INFO] [1780953297.826301281] [gazebo_track_car]: MOTION pos=(-2.231,+1.814) yaw=+1.294 v=0.221 step_err=0.0171m/0.010rad track_err=0.0343m footprint=road:7.99px route=outer_top_left_corner cmd_vel=(0.216,-0.483)
[gazebo_track_car-3] [WARN] [1780953298.127485691] [gazebo_track_car]: JITTER events=32 reasons=yaw_step_error=0.190rad pos=(-2.219,+1.879) step=0.0043/0.0208m yaw=0.010/0.200rad route=outer_top_left_corner
[gazebo_track_car-3] [WARN] [1780953299.246070688] [gazebo_track_car]: JITTER events=4 reasons=yaw_step_error=0.166rad pos=(-2.105,+2.081) step=0.0042/0.0206m yaw=0.011/0.177rad route=outer_top_left_corner
[gazebo_track_car-3] [INFO] [1780953299.850974346] [gazebo_track_car]: MOTION pos=(-1.996,+2.150) yaw=+0.235 v=0.218 step_err=0.0159m/0.047rad track_err=0.0120m footprint=road:9.00px route=outer_top_left_corner cmd_vel=(0.224,-0.396)
[gazebo_track_car-3] [WARN] [1780953300.250073327] [gazebo_track_car]: JITTER events=7 reasons=yaw_step_error=0.226rad pos=(-1.907,+2.176) step=0.0048/0.0240m yaw=0.006/0.231rad route=outer_top_left_corner
[gazebo_track_car-3] [INFO] [1780953300.634176320] [gazebo_track_car]: route segment=outer_top_left_to_top_mid; previous=outer_top_left_corner; distance=0.003m; decision=route/default: outer_top_left_to_top_mid
[gazebo_track_car-3] [INFO] [1780953301.850879997] [gazebo_track_car]: MOTION pos=(-1.480,+2.184) yaw=-0.024 v=0.276 step_err=0.0213m/0.000rad track_err=0.0164m footprint=road:8.00px route=outer_top_left_to_top_mid cmd_vel=(0.276,+0.026)
[gazebo_track_car-3] [INFO] [1780953303.855599981] [gazebo_track_car]: MOTION pos=(-0.925,+2.179) yaw=+0.002 v=0.280 step_err=0.0224m/0.000rad track_err=0.0128m footprint=road:8.00px route=outer_top_left_to_top_mid cmd_vel=(0.280,-0.001)
[gazebo_track_car-3] [INFO] [1780953305.877895735] [gazebo_track_car]: MOTION pos=(-0.361,+2.180) yaw=+0.000 v=0.279 step_err=0.0223m/0.000rad track_err=0.0154m footprint=road:8.00px route=outer_top_left_to_top_mid cmd_vel=(0.279,-0.006)
[gazebo_track_car-3] [INFO] [1780953307.070939214] [gazebo_track_car]: route segment=outer_top_mid_to_gap; previous=outer_top_left_to_top_mid; distance=0.007m; decision=route/default: outer_top_mid_to_gap
[gazebo_track_car-3] [WARN] [1780953307.803677506] [gazebo_track_car]: JITTER events=1 reasons=speed_delta=0.059m/s pos=(+0.174,+2.180) step=0.0048/0.0000m yaw=0.002/0.000rad route=outer_top_mid_to_gap
[gazebo_track_car-3] [INFO] [1780953307.881879609] [gazebo_track_car]: MOTION pos=(+0.195,+2.181) yaw=-0.011 v=0.271 step_err=0.0224m/0.001rad track_err=0.0126m footprint=road:9.00px route=outer_top_mid_to_gap cmd_vel=(0.229,-0.339)
[gazebo_track_car-3] [WARN] [1780953308.916012984] [gazebo_track_car]: JITTER events=14 reasons=speed_delta=0.034m/s,yaw_rate_delta=0.852rad/s pos=(+0.386,+2.171) step=0.0035/0.0000m yaw=0.004/0.000rad route=outer_top_mid_to_gap
[gazebo_track_car-3] [INFO] [1780953309.884033077] [gazebo_track_car]: route segment=outer_top_gap_to_top_right_mid; previous=outer_top_mid_to_gap; distance=0.004m; decision=route/explore_branch visit=1: outer_top_gap_to_top_right_mid
[gazebo_track_car-3] [INFO] [1780953309.901751925] [gazebo_track_car]: MOTION pos=(+0.502,+2.171) yaw=-0.542 v=0.130 step_err=0.0083m/0.020rad track_err=0.0311m footprint=road:7.00px route=outer_top_gap_to_top_right_mid cmd_vel=(0.098,+1.147)
[gazebo_track_car-3] [WARN] [1780953310.246515511] [gazebo_track_car]: JITTER events=37 reasons=cmd_xy_error=0.0514m pos=(+0.527,+2.133) step=0.0031/0.0000m yaw=0.018/0.000rad route=outer_top_gap_to_top_right_mid
[gazebo_track_car-3] [INFO] [1780953310.367710553] [gazebo_track_car]: ROUTE_PROGRESS_SYNC actual=(+0.544,+2.122) cmd_error=0.063m route_dist=0.058m yaw_error=0.098rad segment=outer_top_gap_to_top_right_mid@0.052m->outer_top_gap_to_top_right_mid@0.076m
[gazebo_track_car-3] [WARN] [1780953311.203647172] [gazebo_track_car]: JITTER events=48 reasons=cmd_xy_error=0.0594m pos=(+0.739,+2.120) step=0.0055/0.0281m yaw=0.001/0.000rad route=outer_top_gap_to_top_right_mid
[gazebo_track_car-3] [INFO] [1780953311.906904365] [gazebo_track_car]: MOTION pos=(+0.920,+2.156) yaw=+0.120 v=0.259 step_err=0.0212m/0.003rad track_err=0.0240m footprint=road:7.00px route=outer_top_gap_to_top_right_mid cmd_vel=(0.259,-0.145)
[gazebo_track_car-3] [INFO] [1780953311.996155092] [gazebo_track_car]: route segment=outer_top_right_mid_to_top_right; previous=outer_top_gap_to_top_right_mid; distance=0.015m; decision=route/default: outer_top_right_mid_to_top_right
[gazebo_track_car-3] [INFO] [1780953313.907403336] [gazebo_track_car]: MOTION pos=(+1.460,+2.182) yaw=-0.008 v=0.279 step_err=0.0229m/0.000rad track_err=0.0094m footprint=road:8.00px route=outer_top_right_mid_to_top_right cmd_vel=(0.280,-0.001)
[gazebo_track_car-3] [INFO] [1780953315.210350385] [gazebo_track_car]: route segment=outer_top_right_corner; previous=outer_top_right_mid_to_top_right; distance=0.004m; decision=route/default: outer_top_right_corner
[gazebo_track_car-3] [WARN] [1780953315.219815537] [gazebo_track_car]: JITTER events=10 reasons=yaw_step_error=0.121rad pos=(+1.802,+2.175) step=0.0050/0.0257m yaw=0.004/0.125rad route=outer_top_right_corner
[gazebo_track_car-3] [INFO] [1780953316.023894250] [gazebo_track_car]: MOTION pos=(+1.977,+2.150) yaw=-0.493 v=0.200 step_err=0.0145m/0.022rad track_err=0.0070m footprint=road:8.00px route=outer_top_right_corner cmd_vel=(0.187,-0.691)
[gazebo_track_car-3] [WARN] [1780953316.223077993] [gazebo_track_car]: JITTER events=6 reasons=yaw_step_error=0.047rad pos=(+2.015,+2.140) step=0.0039/0.0173m yaw=0.014/0.061rad route=outer_top_right_corner
[gazebo_track_car-3] [WARN] [1780953317.226668517] [gazebo_track_car]: JITTER events=6 reasons=yaw_step_error=0.195rad pos=(+2.157,+2.016) step=0.0043/0.0204m yaw=0.011/0.206rad route=outer_top_right_corner
[gazebo_track_car-3] [INFO] [1780953317.724896095] [gazebo_track_car]: ROUTE_PROGRESS_SYNC actual=(+2.189,+1.907) cmd_error=0.063m route_dist=0.009m yaw_error=0.074rad segment=outer_top_right_corner@0.489m->outer_top_right_corner@0.552m
[gazebo_track_car-3] [INFO] [1780953318.026305855] [gazebo_track_car]: route segment=outer_right_top_to_upper; previous=outer_top_right_corner; distance=0.024m; decision=route/default: outer_right_top_to_upper
[gazebo_track_car-3] [INFO] [1780953318.045813177] [gazebo_track_car]: MOTION pos=(+2.197,+1.824) yaw=-1.544 v=0.265 step_err=0.0212m/0.000rad track_err=0.0252m footprint=road:7.00px route=outer_right_top_to_upper cmd_vel=(0.269,-0.078)
[gazebo_track_car-3] [INFO] [1780953320.046864577] [gazebo_track_car]: MOTION pos=(+2.208,+1.272) yaw=-1.526 v=0.278 step_err=0.0223m/0.000rad track_err=0.0226m footprint=road:7.00px route=outer_right_top_to_upper cmd_vel=(0.279,+0.009)
[gazebo_track_car-3] [INFO] [1780953321.349122797] [gazebo_track_car]: route segment=outer_right_upper_to_mid; previous=outer_right_top_to_upper; distance=0.001m; decision=route/default: outer_right_upper_to_mid
[gazebo_track_car-3] [INFO] [1780953322.070902292] [gazebo_track_car]: MOTION pos=(+2.227,+0.715) yaw=-1.567 v=0.277 step_err=0.0219m/0.000rad track_err=0.0201m footprint=road:8.00px route=outer_right_upper_to_mid cmd_vel=(0.278,-0.016)
[gazebo_track_car-3] [INFO] [1780953324.074989315] [gazebo_track_car]: MOTION pos=(+2.227,+0.157) yaw=-1.573 v=0.280 step_err=0.0218m/0.000rad track_err=0.0219m footprint=road:9.00px route=outer_right_upper_to_mid cmd_vel=(0.280,+0.003)
[gazebo_track_car-3] [INFO] [1780953326.074611729] [gazebo_track_car]: MOTION pos=(+2.226,-0.400) yaw=-1.584 v=0.275 step_err=0.0212m/0.001rad track_err=0.0248m footprint=road:8.00px route=outer_right_upper_to_mid cmd_vel=(0.275,-0.031)
[gazebo_track_car-3] [INFO] [1780953326.475476000] [gazebo_track_car]: route segment=outer_right_mid_to_lower; previous=outer_right_upper_to_mid; distance=0.019m; decision=route/explore_branch visit=0: outer_right_mid_to_lower
[gazebo_track_car-3] [INFO] [1780953328.096889076] [gazebo_track_car]: MOTION pos=(+2.211,-0.962) yaw=-1.609 v=0.280 step_err=0.0224m/0.000rad track_err=0.0215m footprint=road:7.00px route=outer_right_mid_to_lower cmd_vel=(0.280,+0.003)
[gazebo_track_car-3] [WARN] [1780953330.018954765] [gazebo_track_car]: JITTER events=10 reasons=speed_delta=0.046m/s pos=(+2.191,-1.497) step=0.0048/0.0000m yaw=0.005/0.000rad route=outer_right_mid_to_lower
[gazebo_track_car-3] [INFO] [1780953330.101760604] [gazebo_track_car]: MOTION pos=(+2.192,-1.516) yaw=-1.633 v=0.246 step_err=0.0191m/0.004rad track_err=0.0242m footprint=road:7.00px route=outer_right_mid_to_lower cmd_vel=(0.232,-0.343)
[gazebo_track_car-3] [WARN] [1780953331.219189690] [gazebo_track_car]: JITTER events=1 reasons=yaw_step_error=0.203rad pos=(+2.177,-1.727) step=0.0034/0.0156m yaw=0.016/0.219rad route=outer_right_mid_to_lower
[gazebo_track_car-3] [INFO] [1780953331.604355833] [gazebo_track_car]: route segment=outer_bottom_right_corner; previous=outer_right_mid_to_lower; distance=0.002m; decision=route/default: outer_bottom_right_corner
[gazebo_track_car-3] [INFO] [1780953332.122066415] [gazebo_track_car]: MOTION pos=(+2.054,-1.841) yaw=-2.947 v=0.210 step_err=0.0156m/0.096rad track_err=0.0469m footprint=road:7.00px route=outer_bottom_right_corner cmd_vel=(0.213,-0.460)
[gazebo_track_car-3] [INFO] [1780953332.203958598] [gazebo_track_car]: ROUTE_PROGRESS_SYNC actual=(+2.037,-1.847) cmd_error=0.062m route_dist=0.005m yaw_error=0.157rad segment=outer_bottom_right_corner@0.100m->outer_bottom_right_corner@0.162m
[gazebo_track_car-3] [INFO] [1780953333.111483265] [gazebo_track_car]: route segment=outer_bottom_right_to_bottom_right_mid; previous=outer_bottom_right_corner; distance=0.013m; decision=route/default: outer_bottom_right_to_bottom_right_mid
[gazebo_track_car-3] [INFO] [1780953334.124012310] [gazebo_track_car]: MOTION pos=(+1.534,-1.858) yaw=+3.111 v=0.275 step_err=0.0220m/0.001rad track_err=0.0218m footprint=road:8.00px route=outer_bottom_right_to_bottom_right_mid cmd_vel=(0.274,+0.038)
[gazebo_track_car-3] [INFO] [1780953336.129946328] [gazebo_track_car]: MOTION pos=(+0.980,-1.851) yaw=-3.140 v=0.280 step_err=0.0218m/0.000rad track_err=0.0217m footprint=road:8.00px route=outer_bottom_right_to_bottom_right_mid cmd_vel=(0.280,+0.001)
[gazebo_track_car-3] [INFO] [1780953336.227379492] [gazebo_track_car]: route segment=outer_bottom_right_mid_to_bottom_mid; previous=outer_bottom_right_to_bottom_right_mid; distance=0.008m; decision=route/default: outer_bottom_right_mid_to_bottom_mid
[gazebo_track_car-3] [INFO] [1780953338.149851884] [gazebo_track_car]: MOTION pos=(+0.416,-1.852) yaw=-3.141 v=0.279 step_err=0.0220m/0.000rad track_err=0.0197m footprint=road:8.00px route=outer_bottom_right_mid_to_bottom_mid cmd_vel=(0.279,-0.006)
[gazebo_track_car-3] [WARN] [1780953338.668316605] [gazebo_track_car]: JITTER events=20 reasons=speed_delta=0.052m/s,yaw_rate_delta=0.429rad/s pos=(+0.272,-1.853) step=0.0048/0.0000m yaw=0.004/0.000rad route=outer_bottom_right_mid_to_bottom_mid
[gazebo_track_car-3] [WARN] [1780953339.650249044] [gazebo_track_car]: JITTER events=3 reasons=yaw_step_error=0.215rad pos=(+0.028,-1.850) step=0.0046/0.0230m yaw=0.007/0.222rad route=outer_bottom_right_mid_to_bottom_mid
[gazebo_track_car-3] [INFO] [1780953339.946802322] [gazebo_track_car]: route segment=inner_lower_cut; previous=outer_bottom_right_mid_to_bottom_mid; distance=0.020m; decision=route/explore_branch visit=0: inner_lower_cut
[gazebo_track_car-3] [INFO] [1780953340.152822101] [gazebo_track_car]: MOTION pos=(-0.091,-1.826) yaw=+2.781 v=0.233 step_err=0.0190m/0.181rad track_err=0.0133m footprint=road:7.00px route=inner_lower_cut cmd_vel=(0.226,-0.375)
[gazebo_track_car-3] [WARN] [1780953340.668951364] [gazebo_track_car]: JITTER events=9 reasons=yaw_step_error=0.265rad pos=(-0.203,-1.789) step=0.0046/0.0238m yaw=0.007/0.272rad route=inner_lower_cut
[gazebo_track_car-3] [INFO] [1780953342.177949710] [gazebo_track_car]: MOTION pos=(-0.464,-1.587) yaw=+1.944 v=0.209 step_err=0.0160m/0.012rad track_err=0.0299m footprint=road:7.99px route=inner_lower_cut cmd_vel=(0.205,-0.529)
[gazebo_track_car-3] [WARN] [1780953342.379079829] [gazebo_track_car]: JITTER events=5 reasons=yaw_step_error=0.093rad pos=(-0.485,-1.550) step=0.0043/0.0219m yaw=0.010/0.103rad route=inner_lower_cut
[gazebo_track_car-3] [INFO] [1780953343.362694901] [gazebo_track_car]: ROUTE_PROGRESS_SYNC actual=(-0.528,-1.322) cmd_error=0.060m route_dist=0.013m yaw_error=0.015rad segment=inner_lower_cut@0.761m->inner_lower_cut@0.820m
[gazebo_track_car-3] [WARN] [1780953343.403061224] [gazebo_track_car]: JITTER events=19 reasons=speed_delta=0.040m/s pos=(-0.529,-1.312) step=0.0046/0.0000m yaw=0.006/0.000rad route=inner_lower_cut
[gazebo_track_car-3] [INFO] [1780953344.182953999] [gazebo_track_car]: MOTION pos=(-0.522,-1.097) yaw=+1.542 v=0.275 step_err=0.0221m/0.000rad track_err=0.0235m footprint=road:8.00px route=inner_lower_cut cmd_vel=(0.276,+0.028)
[gazebo_track_car-3] [INFO] [1780953346.294511228] [gazebo_track_car]: MOTION pos=(-0.515,-0.514) yaw=+1.572 v=0.280 step_err=0.0238m/0.000rad track_err=0.0221m footprint=road:8.00px route=inner_lower_cut cmd_vel=(0.280,+0.002)
[gazebo_track_car-3] [INFO] [1780953348.295729543] [gazebo_track_car]: MOTION pos=(-0.516,+0.043) yaw=+1.577 v=0.269 step_err=0.0212m/0.001rad track_err=0.0251m footprint=road:8.00px route=inner_lower_cut cmd_vel=(0.236,+0.308)
[gazebo_track_car-3] [WARN] [1780953348.314948572] [gazebo_track_car]: JITTER events=2 reasons=speed_delta=0.032m/s pos=(-0.515,+0.048) step=0.0048/0.0000m yaw=0.004/0.000rad route=inner_lower_cut
[gazebo_track_car-3] [WARN] [1780953349.614117094] [gazebo_track_car]: JITTER events=1 reasons=yaw_step_error=0.106rad pos=(-0.527,+0.261) step=0.0032/0.0156m yaw=0.015/0.121rad route=inner_lower_cut
[gazebo_track_car-3] [INFO] [1780953349.995854036] [gazebo_track_car]: ROUTE_PROGRESS_SYNC actual=(-0.572,+0.311) cmd_error=0.060m route_dist=0.040m yaw_error=0.374rad segment=inner_lower_cut@2.474m->inner_lower_cut@2.550m
[gazebo_track_car-3] [INFO] [1780953350.317194537] [gazebo_track_car]: MOTION pos=(-0.630,+0.343) yaw=+2.957 v=0.214 step_err=0.0166m/0.010rad track_err=0.0251m footprint=road:8.00px route=inner_lower_cut cmd_vel=(0.223,+0.431)
[gazebo_track_car-3] [INFO] [1780953352.333114390] [gazebo_track_car]: MOTION pos=(-1.153,+0.357) yaw=-3.113 v=0.275 step_err=0.0220m/0.001rad track_err=0.0279m footprint=road:8.00px route=inner_lower_cut cmd_vel=(0.275,-0.036)
[gazebo_track_car-3] [WARN] [1780953354.052816096] [gazebo_track_car]: JITTER events=8 reasons=speed_delta=0.055m/s pos=(-1.628,+0.351) step=0.0048/0.0000m yaw=0.003/0.000rad route=inner_lower_cut
[gazebo_track_car-3] [INFO] [1780953354.331722660] [gazebo_track_car]: MOTION pos=(-1.696,+0.354) yaw=-3.070 v=0.232 step_err=0.0184m/0.006rad track_err=0.0308m footprint=road:8.00px route=inner_lower_cut cmd_vel=(0.223,+0.422)
[gazebo_track_car-3] [WARN] [1780953355.032272643] [gazebo_track_car]: JITTER events=2 reasons=yaw_step_error=0.114rad pos=(-1.847,+0.346) step=0.0044/0.0227m yaw=0.009/0.123rad route=inner_lower_cut
[gazebo_track_car-3] [INFO] [1780953356.354083081] [gazebo_track_car]: MOTION pos=(-2.105,+0.200) yaw=-2.242 v=0.222 step_err=0.0181m/0.008rad track_err=0.0127m footprint=road:7.80px route=inner_lower_cut cmd_vel=(0.216,+0.454)
[gazebo_track_car-3] [WARN] [1780953356.857432936] [gazebo_track_car]: JITTER events=4 reasons=yaw_step_error=0.236rad pos=(-2.176,+0.115) step=0.0050/0.0250m yaw=0.003/0.239rad route=inner_lower_cut
[gazebo_track_car-3] [INFO] [1780953357.415983881] [gazebo_track_car]: ROUTE_PROGRESS_SYNC actual=(-2.183,+0.016) cmd_error=0.060m route_dist=0.047m yaw_error=0.776rad segment=inner_lower_cut@4.334m->outer_left_mid_to_middle_entry@0.000m
[gazebo_track_car-3] [INFO] [1780953357.445071699] [gazebo_track_car]: route segment=outer_left_mid_to_middle_entry; previous=inner_lower_cut; distance=0.005m; decision=route/progress_sync: outer_left_mid_to_middle_entry
[gazebo_track_car-3] [INFO] [1780953357.746590646] [gazebo_track_car]: route segment=outer_left_lower_to_mid; previous=outer_left_mid_to_middle_entry; distance=1.761m; decision=route/progress_sync: outer_left_lower_to_mid
[gazebo_track_car-3] [WARN] [1780953357.854963640] [gazebo_track_car]: JITTER events=40 reasons=yaw_step_error=0.407rad pos=(-2.204,-0.059) step=0.0035/0.0100m yaw=0.035/0.441rad route=outer_left_lower_to_mid
[gazebo_track_car-3] [INFO] [1780953358.248846366] [gazebo_track_car]: route segment=outer_left_mid_to_middle_entry; previous=outer_left_lower_to_mid; distance=0.004m; decision=route/default: outer_left_mid_to_middle_entry
[gazebo_track_car-3] [INFO] [1780953358.349399409] [gazebo_track_car]: route segment=outer_left_middle_entry_to_upper; previous=outer_left_mid_to_middle_entry; distance=0.046m; decision=route/progress_sync: outer_left_middle_entry_to_upper
[gazebo_track_car-3] [INFO] [1780953358.358026021] [gazebo_track_car]: MOTION pos=(-2.276,-0.051) yaw=+1.807 v=0.117 step_err=0.0026m/0.027rad track_err=0.0259m footprint=road:6.00px route=outer_left_middle_entry_to_upper cmd_vel=(0.179,-0.811)
[gazebo_track_car-3] [INFO] [1780953358.755489670] [gazebo_track_car]: ROUTE_PROGRESS_SYNC actual=(-2.303,+0.023) cmd_error=0.062m route_dist=0.053m yaw_error=0.015rad segment=outer_left_middle_entry_to_upper@0.084m->outer_left_middle_entry_to_upper@0.117m
[gazebo_track_car-3] [WARN] [1780953358.859381911] [gazebo_track_car]: JITTER events=37 reasons=cmd_xy_error=0.0549m pos=(-2.305,+0.046) step=0.0048/0.0213m yaw=0.006/0.000rad route=outer_left_middle_entry_to_upper
[gazebo_track_car-3] [INFO] [1780953360.377836944] [gazebo_track_car]: MOTION pos=(-2.260,+0.443) yaw=+1.505 v=0.263 step_err=0.0206m/0.002rad track_err=0.0102m footprint=road:8.00px route=outer_left_middle_entry_to_upper cmd_vel=(0.265,+0.103)
[gazebo_track_car-3] [INFO] [1780953362.069338066] [gazebo_track_car]: route segment=outer_left_upper_to_top; previous=outer_left_middle_entry_to_upper; distance=0.019m; decision=route/default: outer_left_upper_to_top
[gazebo_track_car-3] [INFO] [1780953362.384794324] [gazebo_track_car]: MOTION pos=(-2.246,+0.992) yaw=+1.553 v=0.278 step_err=0.0220m/0.000rad track_err=0.0015m footprint=road:8.00px route=outer_left_upper_to_top cmd_vel=(0.278,-0.011)
[gazebo_track_car-3] [INFO] [1780953364.384238858] [gazebo_track_car]: MOTION pos=(-2.233,+1.550) yaw=+1.546 v=0.278 step_err=0.0217m/0.000rad track_err=0.0045m footprint=road:7.00px route=outer_left_upper_to_top cmd_vel=(0.278,+0.016)
[gazebo_track_car-3] [INFO] [1780953365.390880622] [gazebo_track_car]: route segment=outer_top_left_corner; previous=outer_left_upper_to_top; distance=0.000m; decision=route/default: outer_top_left_corner
[gazebo_track_car-3] [WARN] [1780953365.908379713] [gazebo_track_car]: JITTER events=26 reasons=yaw_step_error=0.171rad pos=(-2.218,+1.910) step=0.0042/0.0206m yaw=0.011/0.181rad route=outer_top_left_corner
[gazebo_track_car-3] [INFO] [1780953366.407088367] [gazebo_track_car]: MOTION pos=(-2.181,+2.006) yaw=+0.820 v=0.199 step_err=0.0155m/0.013rad track_err=0.0197m footprint=road:9.00px route=outer_top_left_corner cmd_vel=(0.188,-0.678)
[gazebo_track_car-3] [WARN] [1780953367.006430123] [gazebo_track_car]: JITTER events=4 reasons=yaw_step_error=0.070rad pos=(-2.100,+2.100) step=0.0042/0.0206m yaw=0.011/0.081rad route=outer_top_left_corner
[gazebo_track_car-3] [WARN] [1780953368.010019426] [gazebo_track_car]: JITTER events=9 reasons=yaw_step_error=0.204rad pos=(-1.898,+2.184) step=0.0048/0.0231m yaw=0.005/0.209rad route=outer_top_left_corner
[gazebo_track_car-3] [INFO] [1780953368.410063898] [gazebo_track_car]: MOTION pos=(-1.797,+2.191) yaw=-0.010 v=0.259 step_err=0.0202m/0.003rad track_err=0.0383m footprint=road:9.00px route=outer_top_left_corner cmd_vel=(0.264,-0.102)
[gazebo_track_car-3] [INFO] [1780953368.505584323] [gazebo_track_car]: route segment=outer_top_left_to_top_mid; previous=outer_top_left_corner; distance=0.021m; decision=route/default: outer_top_left_to_top_mid
[gazebo_track_car-3] [INFO] [1780953369.007143982] [gazebo_track_car]: ROUTE_PROGRESS_SYNC actual=(-1.633,+2.189) cmd_error=0.064m route_dist=0.009m yaw_error=0.037rad segment=outer_top_left_to_top_mid@0.132m->outer_top_left_to_top_mid@0.195m
[gazebo_track_car-3] [INFO] [1780953370.433036671] [gazebo_track_car]: MOTION pos=(-1.241,+2.179) yaw=-0.003 v=0.278 step_err=0.0228m/0.000rad track_err=0.0233m footprint=road:8.00px route=outer_top_left_to_top_mid cmd_vel=(0.278,+0.011)
[gazebo_track_car-3] [INFO] [1780953372.432826297] [gazebo_track_car]: MOTION pos=(-0.683,+2.180) yaw=+0.002 v=0.279 step_err=0.0226m/0.000rad track_err=0.0277m footprint=road:8.00px route=outer_top_left_to_top_mid cmd_vel=(0.279,-0.008)
[gazebo_track_car-3] [INFO] [1780953374.455896965] [gazebo_track_car]: MOTION pos=(-0.120,+2.180) yaw=-0.000 v=0.279 step_err=0.0226m/0.000rad track_err=0.0238m footprint=road:8.00px route=outer_top_left_to_top_mid cmd_vel=(0.279,-0.006)
[gazebo_track_car-3] [INFO] [1780953374.640031628] [gazebo_track_car]: route segment=outer_top_mid_to_gap; previous=outer_top_left_to_top_mid; distance=0.007m; decision=route/default: outer_top_mid_to_gap
[gazebo_track_car-3] [WARN] [1780953375.377050999] [gazebo_track_car]: JITTER events=21 reasons=speed_delta=0.058m/s,yaw_rate_delta=0.417rad/s pos=(+0.136,+2.181) step=0.0048/0.0000m yaw=0.003/0.000rad route=outer_top_mid_to_gap
[gazebo_track_car-3] [INFO] [1780953376.459174912] [gazebo_track_car]: MOTION pos=(+0.332,+2.188) yaw=-0.653 v=0.148 step_err=0.0100m/0.016rad track_err=0.0193m footprint=road:6.00px route=outer_top_mid_to_gap cmd_vel=(0.134,-0.829)
[gazebo_track_car-3] [WARN] [1780953376.639566664] [gazebo_track_car]: JITTER events=2 reasons=yaw_step_error=0.033rad pos=(+0.359,+2.180) step=0.0062/0.0000m yaw=0.033/0.000rad route=outer_top_mid_to_gap
[gazebo_track_car-3] [INFO] [1780953377.157449926] [gazebo_track_car]: ROUTE_PROGRESS_SYNC actual=(+0.430,+2.126) cmd_error=0.061m route_dist=0.054m yaw_error=1.185rad segment=outer_top_mid_to_gap@0.506m->outer_top_mid_to_gap@0.477m
[gazebo_track_car-3] [INFO] [1780953377.456601176] [gazebo_track_car]: route segment=inner_top_cut; previous=outer_top_mid_to_gap; distance=0.018m; decision=route/explore_branch visit=1: inner_top_cut
[gazebo_track_car-3] [INFO] [1780953378.466609532] [gazebo_track_car]: MOTION pos=(+0.488,+1.834) yaw=-1.619 v=0.269 step_err=0.0219m/0.001rad track_err=0.0196m footprint=road:8.00px route=inner_top_cut cmd_vel=(0.274,-0.041)
[gazebo_track_car-3] [INFO] [1780953380.467831931] [gazebo_track_car]: MOTION pos=(+0.468,+1.284) yaw=-1.573 v=0.278 step_err=0.0222m/0.000rad track_err=0.0028m footprint=road:8.00px route=inner_top_cut cmd_vel=(0.278,+0.014)
[gazebo_track_car-3] [INFO] [1780953382.489626286] [gazebo_track_car]: MOTION pos=(+0.469,+0.720) yaw=-1.569 v=0.278 step_err=0.0234m/0.000rad track_err=0.0006m footprint=road:8.00px route=inner_top_cut cmd_vel=(0.279,-0.008)
[gazebo_track_car-3] [WARN] [1780953382.709694419] [gazebo_track_car]: JITTER events=22 reasons=speed_delta=0.035m/s pos=(+0.469,+0.660) step=0.0050/0.0000m yaw=0.002/0.000rad route=inner_top_cut
[gazebo_track_car-3] [WARN] [1780953384.192192773] [gazebo_track_car]: JITTER events=2 reasons=yaw_step_error=0.038rad pos=(+0.479,+0.423) step=0.0031/0.0148m yaw=0.015/0.054rad route=inner_top_cut
[gazebo_track_car-3] [INFO] [1780953384.490893994] [gazebo_track_car]: MOTION pos=(+0.516,+0.384) yaw=-0.351 v=0.195 step_err=0.0150m/0.434rad track_err=0.0485m footprint=road:8.79px route=inner_top_cut cmd_vel=(0.189,+0.633)
[gazebo_track_car-3] [INFO] [1780953384.571957874] [gazebo_track_car]: ROUTE_PROGRESS_SYNC actual=(+0.529,+0.376) cmd_error=0.060m route_dist=0.024m yaw_error=0.299rad segment=inner_top_cut@1.804m->inner_top_cut@1.888m
[gazebo_track_car-3] [INFO] [1780953386.514983272] [gazebo_track_car]: MOTION pos=(+1.016,+0.343) yaw=+0.039 v=0.275 step_err=0.0225m/0.001rad track_err=0.0222m footprint=road:8.59px route=inner_top_cut cmd_vel=(0.274,-0.041)
[gazebo_track_car-3] [INFO] [1780953388.517519350] [gazebo_track_car]: MOTION pos=(+1.569,+0.353) yaw=-0.001 v=0.279 step_err=0.0229m/0.000rad track_err=0.0226m footprint=road:7.00px route=inner_top_cut cmd_vel=(0.279,-0.007)
[gazebo_track_car-3] [WARN] [1780953389.558128126] [gazebo_track_car]: JITTER events=8 reasons=speed_delta=0.045m/s pos=(+1.859,+0.352) step=0.0049/0.0000m yaw=0.001/0.000rad route=inner_top_cut
[gazebo_track_car-3] [INFO] [1780953390.535311478] [gazebo_track_car]: MOTION pos=(+2.038,+0.362) yaw=-0.582 v=0.148 step_err=0.0109m/0.015rad track_err=0.0169m footprint=road:10.60px route=inner_top_cut cmd_vel=(0.136,-0.828)
[gazebo_track_car-3] [WARN] [1780953390.943396007] [gazebo_track_car]: JITTER events=2 reasons=yaw_step_error=0.089rad pos=(+2.098,+0.341) step=0.0034/0.0152m yaw=0.016/0.105rad route=inner_top_cut
[gazebo_track_car-3] [INFO] [1780953391.340062873] [gazebo_track_car]: ROUTE_PROGRESS_SYNC actual=(+2.152,+0.292) cmd_error=0.065m route_dist=0.031m yaw_error=0.335rad segment=inner_top_cut@3.537m->inner_top_cut@3.597m
[gazebo_track_car-3] [INFO] [1780953392.540632321] [gazebo_track_car]: MOTION pos=(+2.219,+0.022) yaw=-1.561 v=0.266 step_err=0.0212m/0.002rad track_err=0.0232m footprint=road:8.00px route=inner_top_cut cmd_vel=(0.270,-0.070)
[gazebo_track_car-3] [WARN] [1780953393.664222444] [gazebo_track_car]: JITTER events=9 reasons=speed_delta=0.070m/s pos=(+2.221,-0.286) step=0.0046/0.0000m yaw=0.001/0.000rad route=inner_top_cut
[gazebo_track_car-3] [INFO] [1780953394.544955514] [gazebo_track_car]: MOTION pos=(+2.218,-0.485) yaw=-1.407 v=0.222 step_err=0.0174m/2.934rad track_err=0.0068m footprint=road:7.00px route=inner_top_cut cmd_vel=(0.216,-0.469)
[gazebo_track_car-3] [WARN] [1780953394.662308003] [gazebo_track_car]: JITTER events=15 reasons=yaw_step_error=0.059rad pos=(+2.226,-0.510) step=0.0044/0.0221m yaw=0.009/0.068rad route=inner_top_cut
[gazebo_track_car-3] [INFO] [1780953394.846156759] [gazebo_track_car]: route segment=outer_right_mid_to_lower; previous=inner_top_cut; distance=0.014m; decision=route/explore_branch visit=1: outer_right_mid_to_lower
[gazebo_track_car-3] [INFO] [1780953396.564848658] [gazebo_track_car]: MOTION pos=(+2.226,-0.952) yaw=-1.680 v=0.269 step_err=0.0215m/0.001rad track_err=0.0158m footprint=road:7.00px route=outer_right_mid_to_lower cmd_vel=(0.269,+0.076)
[gazebo_track_car-3] [INFO] [1780953398.569086198] [gazebo_track_car]: MOTION pos=(+2.189,-1.498) yaw=-1.603 v=0.279 step_err=0.0221m/0.000rad track_err=0.0015m footprint=road:7.00px route=outer_right_mid_to_lower cmd_vel=(0.261,-0.124)
[gazebo_track_car-3] [WARN] [1780953399.887349910] [gazebo_track_car]: JITTER events=10 reasons=yaw_step_error=0.078rad pos=(+2.177,-1.746) step=0.0031/0.0148m yaw=0.016/0.093rad route=outer_right_mid_to_lower
[gazebo_track_car-3] [INFO] [1780953400.373518277] [gazebo_track_car]: route segment=outer_bottom_right_corner; previous=outer_right_mid_to_lower; distance=0.008m; decision=route/default: outer_bottom_right_corner
[gazebo_track_car-3] [INFO] [1780953400.450131293] [gazebo_track_car]: ROUTE_PROGRESS_SYNC actual=(+2.113,-1.821) cmd_error=0.060m route_dist=0.019m yaw_error=0.101rad segment=outer_bottom_right_corner@0.008m->outer_bottom_right_corner@0.065m
[gazebo_track_car-3] [INFO] [1780953400.591495306] [gazebo_track_car]: MOTION pos=(+2.089,-1.836) yaw=-2.897 v=0.211 step_err=0.0147m/0.039rad track_err=0.0170m footprint=road:7.00px route=outer_bottom_right_corner cmd_vel=(0.209,-0.528)
[gazebo_track_car-3] [INFO] [1780953401.783376079] [gazebo_track_car]: route segment=outer_bottom_right_to_bottom_right_mid; previous=outer_bottom_right_corner; distance=0.004m; decision=route/default: outer_bottom_right_to_bottom_right_mid
[gazebo_track_car-3] [INFO] [1780953402.590760235] [gazebo_track_car]: MOTION pos=(+1.578,-1.858) yaw=+3.107 v=0.273 step_err=0.0224m/0.001rad track_err=0.0063m footprint=road:8.00px route=outer_bottom_right_to_bottom_right_mid cmd_vel=(0.273,+0.047)
[gazebo_track_car-3] [INFO] [1780953404.614777054] [gazebo_track_car]: MOTION pos=(+1.019,-1.851) yaw=-3.138 v=0.279 step_err=0.0227m/0.000rad track_err=0.0032m footprint=road:8.00px route=outer_bottom_right_to_bottom_right_mid cmd_vel=(0.280,-0.003)
[gazebo_track_car-3] [INFO] [1780953405.003151440] [gazebo_track_car]: route segment=outer_bottom_right_mid_to_bottom_mid; previous=outer_bottom_right_to_bottom_right_mid; distance=0.027m; decision=route/default: outer_bottom_right_mid_to_bottom_mid
[gazebo_track_car-3] [INFO] [1780953406.615578802] [gazebo_track_car]: MOTION pos=(+0.461,-1.852) yaw=-3.142 v=0.279 step_err=0.0232m/0.000rad track_err=0.0007m footprint=road:8.00px route=outer_bottom_right_mid_to_bottom_mid cmd_vel=(0.279,-0.006)
[gazebo_track_car-3] [INFO] [1780953408.525959277] [gazebo_track_car]: route segment=outer_bottom_mid_to_bottom_left_mid; previous=outer_bottom_right_mid_to_bottom_mid; distance=0.024m; decision=route/explore_branch visit=0: outer_bottom_mid_to_bottom_left_mid
[gazebo_track_car-3] [INFO] [1780953408.640271400] [gazebo_track_car]: MOTION pos=(-0.102,-1.852) yaw=+3.140 v=0.280 step_err=0.0232m/0.000rad track_err=0.0027m footprint=road:8.00px route=outer_bottom_mid_to_bottom_left_mid cmd_vel=(0.280,-0.001)
[gazebo_track_car-3] [INFO] [1780953410.642177925] [gazebo_track_car]: MOTION pos=(-0.662,-1.851) yaw=+3.141 v=0.279 step_err=0.0227m/0.000rad track_err=0.0006m footprint=road:8.00px route=outer_bottom_mid_to_bottom_left_mid cmd_vel=(0.280,+0.002)
[gazebo_track_car-3] [INFO] [1780953412.047761913] [gazebo_track_car]: route segment=outer_bottom_left_mid_to_bottom_left; previous=outer_bottom_mid_to_bottom_left_mid; distance=0.027m; decision=route/default: outer_bottom_left_mid_to_bottom_left
[gazebo_track_car-3] [INFO] [1780953412.652456555] [gazebo_track_car]: MOTION pos=(-1.227,-1.852) yaw=-3.141 v=0.280 step_err=0.0056m/0.000rad track_err=0.0265m footprint=road:8.00px route=outer_bottom_left_mid_to_bottom_left cmd_vel=(0.280,-0.003)
[gazebo_track_car-3] [INFO] [1780953414.676733742] [gazebo_track_car]: MOTION pos=(-1.790,-1.852) yaw=-3.142 v=0.279 step_err=0.0234m/0.000rad track_err=0.0020m footprint=road:8.00px route=outer_bottom_left_mid_to_bottom_left cmd_vel=(0.279,-0.006)
[gazebo_track_car-3] [WARN] [1780953414.796718551] [gazebo_track_car]: JITTER events=12 reasons=speed_delta=0.049m/s pos=(-1.823,-1.852) step=0.0048/0.0000m yaw=0.004/0.000rad route=outer_bottom_left_mid_to_bottom_left
[gazebo_track_car-3] [INFO] [1780953414.863587630] [gazebo_track_car]: route segment=outer_bottom_left_corner; previous=outer_bottom_left_mid_to_bottom_left; distance=0.014m; decision=route/default: outer_bottom_left_corner
[gazebo_track_car-3] [WARN] [1780953415.975803558] [gazebo_track_car]: JITTER events=1 reasons=yaw_step_error=0.066rad pos=(-2.050,-1.854) step=0.0031/0.0134m yaw=0.017/0.082rad route=outer_bottom_left_corner
[gazebo_track_car-3] [INFO] [1780953416.685594165] [gazebo_track_car]: MOTION pos=(-2.148,-1.788) yaw=+1.944 v=0.198 step_err=0.0138m/0.165rad track_err=0.0373m footprint=road:8.00px route=outer_bottom_left_corner cmd_vel=(0.190,-0.633)
[gazebo_track_car-3] [INFO] [1780953416.950332831] [gazebo_track_car]: ROUTE_PROGRESS_SYNC actual=(-2.174,-1.743) cmd_error=0.063m route_dist=0.007m yaw_error=0.191rad segment=outer_bottom_left_corner@0.359m->outer_left_lower_to_mid@0.062m
[gazebo_track_car-3] [INFO] [1780953416.975472226] [gazebo_track_car]: route segment=outer_left_lower_to_mid; previous=outer_bottom_left_corner; distance=0.082m; decision=route/progress_sync: outer_left_lower_to_mid
[gazebo_track_car-3] [INFO] [1780953418.688913938] [gazebo_track_car]: MOTION pos=(-2.202,-1.294) yaw=+1.556 v=0.274 step_err=0.0222m/0.001rad track_err=0.0184m footprint=road:6.00px route=outer_left_lower_to_mid cmd_vel=(0.274,+0.040)
[gazebo_track_car-3] [INFO] [1780953420.696645397] [gazebo_track_car]: MOTION pos=(-2.207,-0.741) yaw=+1.600 v=0.279 step_err=0.0221m/0.000rad track_err=0.0173m footprint=road:6.00px route=outer_left_lower_to_mid cmd_vel=(0.279,-0.006)
[gazebo_track_car-3] [WARN] [1780953422.241451763] [gazebo_track_car]: JITTER events=14 reasons=speed_delta=0.048m/s pos=(-2.219,-0.312) step=0.0048/0.0000m yaw=0.001/0.000rad route=outer_left_lower_to_mid
[gazebo_track_car-3] [INFO] [1780953422.722251383] [gazebo_track_car]: MOTION pos=(-2.217,-0.202) yaw=+1.734 v=0.196 step_err=0.0156m/0.009rad track_err=0.0141m footprint=road:6.00px route=outer_left_lower_to_mid cmd_vel=(0.196,+0.448)
[gazebo_track_car-3] [WARN] [1780953423.220769720] [gazebo_track_car]: JITTER events=3 reasons=yaw_step_error=0.057rad pos=(-2.240,-0.092) step=0.0042/0.0209m yaw=0.007/0.064rad route=outer_left_lower_to_mid
[gazebo_track_car-3] [INFO] [1780953423.609311890] [gazebo_track_car]: route segment=outer_left_mid_to_middle_entry; previous=outer_left_lower_to_mid; distance=0.002m; decision=route/default: outer_left_mid_to_middle_entry
[gazebo_track_car-3] [INFO] [1780953424.022490426] [gazebo_track_car]: ROUTE_PROGRESS_SYNC actual=(-2.289,+0.032) cmd_error=0.064m route_dist=0.039m yaw_error=0.474rad segment=outer_left_mid_to_middle_entry@0.041m->outer_left_middle_entry_to_upper@0.126m
[gazebo_track_car-3] [INFO] [1780953424.111152502] [gazebo_track_car]: route segment=outer_left_middle_entry_to_upper; previous=outer_left_mid_to_middle_entry; distance=0.136m; decision=route/progress_sync: outer_left_middle_entry_to_upper
[gazebo_track_car-3] [INFO] [1780953424.725646170] [gazebo_track_car]: MOTION pos=(-2.228,+0.125) yaw=+1.432 v=0.202 step_err=0.0159m/0.013rad track_err=0.0289m footprint=road:8.59px route=outer_left_middle_entry_to_upper cmd_vel=(0.210,+0.541)
[gazebo_track_car-3] [INFO] [1780953426.728073745] [gazebo_track_car]: MOTION pos=(-2.243,+0.640) yaw=+1.612 v=0.268 step_err=0.0209m/0.002rad track_err=0.0245m footprint=road:8.20px route=outer_left_middle_entry_to_upper cmd_vel=(0.268,-0.080)
[gazebo_track_car-3] [INFO] [1780953427.630853281] [gazebo_track_car]: route segment=outer_left_upper_to_top; previous=outer_left_middle_entry_to_upper; distance=0.019m; decision=route/default: outer_left_upper_to_top
[gazebo_track_car-3] [INFO] [1780953428.740177130] [gazebo_track_car]: MOTION pos=(-2.244,+1.194) yaw=+1.540 v=0.280 step_err=0.0215m/0.000rad track_err=0.0225m footprint=road:8.00px route=outer_left_upper_to_top cmd_vel=(0.280,+0.002)
[gazebo_track_car-3] [INFO] [1780953430.757794074] [gazebo_track_car]: MOTION pos=(-2.233,+1.743) yaw=+1.460 v=0.227 step_err=0.0188m/0.000rad track_err=0.0205m footprint=road:7.39px route=outer_left_upper_to_top cmd_vel=(0.218,-0.454)
[gazebo_track_car-3] [INFO] [1780953430.945434664] [gazebo_track_car]: route segment=outer_top_left_corner; previous=outer_left_upper_to_top; distance=0.002m; decision=route/default: outer_top_left_corner
[gazebo_track_car-3] [WARN] [1780953431.460229280] [gazebo_track_car]: JITTER events=18 reasons=yaw_step_error=0.203rad pos=(-2.218,+1.895) step=0.0043/0.0222m yaw=0.010/0.214rad route=outer_top_left_corner
[gazebo_track_car-3] [WARN] [1780953432.566677216] [gazebo_track_car]: JITTER events=4 reasons=yaw_step_error=0.134rad pos=(-2.103,+2.090) step=0.0042/0.0203m yaw=0.011/0.145rad route=outer_top_left_corner
[gazebo_track_car-3] [INFO] [1780953432.770978521] [gazebo_track_car]: MOTION pos=(-2.070,+2.116) yaw=+0.405 v=0.208 step_err=0.0162m/0.010rad track_err=0.0097m footprint=road:9.00px route=outer_top_left_corner cmd_vel=(0.208,-0.513)
[gazebo_track_car-3] [WARN] [1780953433.675025476] [gazebo_track_car]: JITTER events=6 reasons=yaw_step_error=0.055rad pos=(-1.878,+2.183) step=0.0049/0.0228m yaw=0.005/0.060rad route=outer_top_left_corner
[gazebo_track_car-3] [INFO] [1780953434.062777264] [gazebo_track_car]: route segment=outer_top_left_to_top_mid; previous=outer_top_left_corner; distance=0.027m; decision=route/default: outer_top_left_to_top_mid
[gazebo_track_car-3] [INFO] [1780953434.518931758] [gazebo_track_car]: ROUTE_PROGRESS_SYNC actual=(-1.657,+2.190) cmd_error=0.065m route_dist=0.010m yaw_error=0.033rad segment=outer_top_left_to_top_mid@0.107m->outer_top_left_to_top_mid@0.171m
[gazebo_track_car-3] [INFO] [1780953434.775978974] [gazebo_track_car]: MOTION pos=(-1.586,+2.187) yaw=-0.032 v=0.276 step_err=0.0224m/0.001rad track_err=0.0400m footprint=road:8.00px route=outer_top_left_to_top_mid cmd_vel=(0.276,+0.030)
[gazebo_track_car-3] [INFO] [1780953436.794290964] [gazebo_track_car]: MOTION pos=(-1.026,+2.179) yaw=+0.001 v=0.279 step_err=0.0226m/0.000rad track_err=0.0379m footprint=road:8.00px route=outer_top_left_to_top_mid cmd_vel=(0.280,+0.003)
[gazebo_track_car-3] [INFO] [1780953438.903057710] [gazebo_track_car]: MOTION pos=(-0.439,+2.180) yaw=+0.001 v=0.279 step_err=0.0226m/0.000rad track_err=0.0380m footprint=road:8.00px route=outer_top_left_to_top_mid cmd_vel=(0.279,-0.007)
[gazebo_track_car-3] [INFO] [1780953440.197226923] [gazebo_track_car]: route segment=outer_top_mid_to_gap; previous=outer_top_left_to_top_mid; distance=0.011m; decision=route/default: outer_top_mid_to_gap
[gazebo_track_car-3] [INFO] [1780953440.903598299] [gazebo_track_car]: MOTION pos=(+0.119,+2.180) yaw=-0.000 v=0.279 step_err=0.0223m/0.000rad track_err=0.0418m footprint=road:8.39px route=outer_top_mid_to_gap cmd_vel=(0.266,-0.101)
[gazebo_track_car-3] [WARN] [1780953440.924994199] [gazebo_track_car]: JITTER events=3 reasons=speed_delta=0.063m/s,yaw_rate_delta=0.433rad/s pos=(+0.124,+2.181) step=0.0047/0.0000m yaw=0.004/0.000rad route=outer_top_mid_to_gap
[gazebo_track_car-3] [WARN] [1780953441.943400207] [gazebo_track_car]: JITTER events=9 reasons=yaw_rate_delta=0.786rad/s pos=(+0.312,+2.183) step=0.0037/0.0000m yaw=0.008/0.000rad route=outer_top_mid_to_gap
[gazebo_track_car-3] [INFO] [1780953442.726210190] [gazebo_track_car]: ROUTE_PROGRESS_SYNC actual=(+0.402,+2.134) cmd_error=0.067m route_dist=0.046m yaw_error=0.196rad segment=outer_top_mid_to_gap@0.498m->outer_top_mid_to_gap@0.449m
[gazebo_track_car-3] [WARN] [1780953442.925989325] [gazebo_track_car]: JITTER events=28 reasons=yaw_step_error=0.147rad pos=(+0.423,+2.156) step=0.0040/0.0000m yaw=0.051/0.198rad route=outer_top_mid_to_gap
[gazebo_track_car-3] [INFO] [1780953442.926270527] [gazebo_track_car]: MOTION pos=(+0.423,+2.156) yaw=-0.541 v=0.202 step_err=0.0040m/0.147rad track_err=0.0316m footprint=road:8.00px route=outer_top_mid_to_gap cmd_vel=(0.100,+1.136)
[gazebo_track_car-3] [INFO] [1780953443.718168899] [gazebo_track_car]: route segment=inner_top_cut; previous=outer_top_mid_to_gap; distance=0.012m; decision=route/explore_branch visit=2: inner_top_cut
