[INFO] [launch]: All log files can be found below /home/quocbao/.ros/log/2026-06-10-12-21-33-558072-ubuntu-21236
[INFO] [launch]: Default logging verbosity is set to INFO
[INFO] [gzserver-1]: process started with pid [21238]
[INFO] [gazebo_track_car-2]: process started with pid [21240]
[gazebo_track_car-2] [INFO] [1781119294.127258316] [gazebo_track_car]: [MAP_TRANSFORM] image=256x256 path=/home/quocbao/my_robot_vision_full_project/my_robot_vision/models/autonomous_map_3d/materials/textures/autonomous_map_visual.png map_size=6.000x6.000m px_per_m_x=42.667 px_per_m_y=42.667 route_offset=(+0.000,+0.300)m map_visual_offset=(+0.000,+0.300)m
[gazebo_track_car-2] [INFO] [1781119294.252988211] [gazebo_track_car]: [FOOTPRINT_CHECK] samples=1588 center_off_road=0 center_outside_safe=1005 failures=0 min_footprint_clearance=3.20px footprint=front:0.165m rear:0.145m half_width:0.115m
[gazebo_track_car-2] [INFO] [1781119294.253266938] [gazebo_track_car]: [FOOTPRINT_CHECK] overlays=/tmp/gazebo_route_mask_debug.png, /tmp/gazebo_route_centerline_debug.png, /tmp/gazebo_route_footprint_debug.png
[gazebo_track_car-2] [INFO] [1781119294.339757283] [gazebo_track_car]: SAFE_ROUTE_VERSION=semantic_parking_spawn_turn_guard_v31; direction=reversed to match map arrows; clearance=12px; drive_wheels=True; route_offset=(+0.000,+0.300)m; start_distance=0.000m; route_explore=False branch_probability=0.00; sign_detection=camera action_dist<=0.95m parking_action_dist<=1.35m roi=0.08-0.82; map_visual_offset=(+0.000,+0.300)m; base_speed=0.28m/s speed_limit=0.14m/s; traffic_light=cycle state=green green=5.0s yellow=1.0s red=8.0s trigger_distance=1.70m stop_distance=0.85m min_stop=2.0s camera=on topic=/track_preview_car/camera/image_raw fill>=0.42 slow_area>=45px stop_area>=160px distance_gate=on; camera_sign_templates=5 sign_score>=0.32 sign_stable=2; parking_auto_route=False; wheel_controller lookahead=0.32m parking_lookahead=0.20m heading_gain=3.80 max_wz=2.80rad/s rotate_heading>1.05rad; nearest_route=True nearest_dist<=0.65m; yaw_limits=1.80rad/s/4.00rad/s2; route_rejoin=False outer_only=True cmd_error>0.30m max_route_dist=0.55m; progress_sync=True cmd_error>0.06m route_dist<=0.20m yaw<=1.20rad; initial_pose_reset=False override=False tol=0.12m/0.35rad; segments=19; route_points=39.
[gazebo_track_car-2] [INFO] [1781119294.340088900] [gazebo_track_car]: Motion log uses /model_states and /track_preview_car/cmd_vel: MOTION every 2.00s, JITTER at most every 1.00s, verbose=False; jitter thresholds xy_step_delta=0.0060m, cmd_error=0.050m, z_delta=0.0005m, tilt=0.0030rad, speed_delta=0.030m/s, yaw_step_error=0.025rad, yaw_rate_delta=0.400rad/s.
[gzserver-1] [INFO] [1781119295.796872901] [track_preview_car.front_camera_controller]: Publishing camera info to [/track_preview_car/camera/camera_info]
[gzserver-1] [INFO] [1781119295.810358775] [gazebo_ros_state]: Publishing states of gazebo models at [/model_states]
[gzserver-1] [INFO] [1781119295.810609830] [gazebo_ros_state]: Publishing states of gazebo links at [/link_states]
[gzserver-1] [INFO] [1781119295.823891208] [track_preview_car.track_preview_car_diff_drive]: Wheel pair 1 separation set to [0.176000m]
[gzserver-1] [INFO] [1781119295.824370914] [track_preview_car.track_preview_car_diff_drive]: Wheel pair 1 diameter set to [0.060000m]
[gzserver-1] [INFO] [1781119295.825005304] [track_preview_car.track_preview_car_diff_drive]: Subscribed to [/track_preview_car/cmd_vel]
[gzserver-1] [INFO] [1781119295.825664059] [track_preview_car.track_preview_car_diff_drive]: Advertise odometry on [/track_preview_car/odom]
[gazebo_track_car-2] [INFO] [1781119295.856743944] [gazebo_track_car]: wheel controller synced route progress from initial model pose; segment=flat_top_left_to_top_center_reverse@0.272m route_dist=0.001m startup_gate=1.250m
[gazebo_track_car-2] [INFO] [1781119295.900841999] [gazebo_track_car]: traffic light is now RED.
[gazebo_track_car-2] [WARN] [1781119295.905237268] [gazebo_track_car]: JITTER events=2 reasons=speed_delta=0.042m/s pos=(+0.767,+2.481) step=0.0002/0.0000m yaw=0.002/0.000rad route=flat_top_left_to_top_center_reverse
[gazebo_track_car-2] [INFO] [1781119295.905522517] [gazebo_track_car]: MOTION pos=(+0.767,+2.481) yaw=-0.006 v=0.000 step_err=0.0000m/0.000rad track_err=0.0023m footprint=road:8.39px route=flat_top_left_to_top_center_reverse cmd_vel=(0.280,+0.003)
[gazebo_track_car-2] [INFO] [1781119296.139001617] [gazebo_track_car]: camera traffic light is GREEN score=1926.3 area=3513px bbox=102x62px fill=0.56 center=(778,212)
[gazebo_track_car-2] [INFO] [1781119296.141649232] [gazebo_track_car]: camera_sign=camera_sign_go_straight source=camera kind=go_straight_sign maneuver=straight score=0.42 area=13416px bbox=172x78px center=(778,202)
[gazebo_track_car-2] [INFO] [1781119296.201127653] [gazebo_track_car]: camera sign seen but action is waiting until closer; detected=go_straight_sign sign=camera_sign_go_straight scene_sign=palette_go_straight_03_yaw_270 sign_dist=1.484m action_dist<=0.95m
[gazebo_track_car-2] [INFO] [1781119296.340662596] [gazebo_track_car]: camera turn sign ignored as left/right ambiguous; segment=flat_top_left_to_top_center_reverse best=camera_sign_turn_left:0.45 opposite=turn_right_sign:0.42
[gazebo_track_car-2] [INFO] [1781119296.586617682] [gazebo_track_car]: camera_sign=camera_sign_turn_left source=camera kind=turn_left_sign maneuver=left score=0.45 area=20230px bbox=238x85px center=(851,188)
[gazebo_track_car-2] [INFO] [1781119296.662200867] [gazebo_track_car]: camera sign action blocked; no matching facing 3D sign is close enough; detected=turn_left_sign sign=camera_sign_turn_left detection_dist<=3.40m action_dist<=0.95m
[gazebo_track_car-2] [INFO] [1781119297.209850218] [gazebo_track_car]: camera turn sign ignored as left/right ambiguous; segment=flat_top_left_to_top_center_reverse best=camera_sign_turn_right:0.50 opposite=turn_left_sign:0.47
[gazebo_track_car-2] [INFO] [1781119297.230106572] [gazebo_track_car]: camera turn sign ignored as left/right ambiguous; segment=flat_top_left_to_top_center_reverse best=camera_sign_turn_left:0.48 opposite=turn_right_sign:0.48
[gazebo_track_car-2] [INFO] [1781119297.231242569] [gazebo_track_car]: camera turn sign ignored as left/right ambiguous; segment=flat_top_left_to_top_center_reverse best=camera_sign_turn_right:0.48 opposite=turn_left_sign:0.45
[gazebo_track_car-2] [INFO] [1781119297.263596062] [gazebo_track_car]: camera turn sign ignored as left/right ambiguous; segment=flat_top_left_to_top_center_reverse best=camera_sign_turn_left:0.48 opposite=turn_right_sign:0.48
[gazebo_track_car-2] [INFO] [1781119297.264659232] [gazebo_track_car]: camera turn sign ignored as left/right ambiguous; segment=flat_top_left_to_top_center_reverse best=camera_sign_turn_right:0.49 opposite=turn_left_sign:0.47
[gazebo_track_car-2] [INFO] [1781119297.311066272] [gazebo_track_car]: camera turn sign ignored as left/right ambiguous; segment=flat_top_left_to_top_center_reverse best=camera_sign_turn_left:0.48 opposite=turn_right_sign:0.48
[gazebo_track_car-2] [INFO] [1781119297.312155551] [gazebo_track_car]: camera turn sign ignored as left/right ambiguous; segment=flat_top_left_to_top_center_reverse best=camera_sign_turn_right:0.49 opposite=turn_left_sign:0.46
[gazebo_track_car-2] [INFO] [1781119297.340623628] [gazebo_track_car]: camera turn sign ignored as left/right ambiguous; segment=flat_top_left_to_top_center_reverse best=camera_sign_turn_left:0.48 opposite=turn_right_sign:0.48
[gazebo_track_car-2] [INFO] [1781119297.341724079] [gazebo_track_car]: camera turn sign ignored as left/right ambiguous; segment=flat_top_left_to_top_center_reverse best=camera_sign_turn_right:0.48 opposite=turn_left_sign:0.45
[gazebo_track_car-2] [INFO] [1781119297.407853042] [gazebo_track_car]: camera traffic light lost for 0.2s.
[gazebo_track_car-2] [INFO] [1781119297.431744447] [gazebo_track_car]: camera turn sign ignored as left/right ambiguous; segment=flat_top_left_to_top_center_reverse best=camera_sign_turn_left:0.49 opposite=turn_right_sign:0.49
[gazebo_track_car-2] [INFO] [1781119297.432800203] [gazebo_track_car]: camera turn sign ignored as left/right ambiguous; segment=flat_top_left_to_top_center_reverse best=camera_sign_turn_right:0.49 opposite=turn_left_sign:0.46
[gazebo_track_car-2] [INFO] [1781119298.019382085] [gazebo_track_car]: MOTION pos=(+1.341,+2.480) yaw=+0.001 v=0.280 step_err=0.0230m/0.000rad track_err=0.0056m footprint=road:8.00px route=flat_top_left_to_top_center_reverse cmd_vel=(0.280,-0.000)
[gazebo_track_car-2] [INFO] [1781119299.564612752] [gazebo_track_car]: camera traffic light is YELLOW score=340.2 area=849px bbox=42x32px fill=0.63 center=(918,310)
[gazebo_track_car-2] [INFO] [1781119299.564974606] [gazebo_track_car]: camera traffic light ignored outside distance gate; state=yellow segment=flat_top_left_to_top_center_reverse gate<=1.70m nearby_target=- area=849px bbox=42x32px center=(918,310)
[gazebo_track_car-2] [INFO] [1781119299.663750266] [gazebo_track_car]: camera traffic light is GREEN score=784.6 area=2543px bbox=81x42px fill=0.75 center=(921,311)
[gazebo_track_car-2] [INFO] [1781119299.709898327] [gazebo_track_car]: camera_sign=camera_sign_turn_left source=camera kind=turn_left_sign maneuver=left score=0.48 area=494px bbox=19x26px center=(926,232)
[gazebo_track_car-2] [INFO] [1781119299.837742880] [gazebo_track_car]: camera turn sign ignored as left/right ambiguous; segment=flat_top_left_corner_reverse best=camera_sign_turn_right:0.47 opposite=turn_left_sign:0.47
[gazebo_track_car-2] [WARN] [1781119299.839620499] [gazebo_track_car]: JITTER events=4 reasons=yaw_step_error=0.206rad pos=(+1.780,+2.468) step=0.0042/0.0216m yaw=0.010/0.216rad route=flat_top_left_corner_reverse
[gazebo_track_car-2] [INFO] [1781119299.920878584] [gazebo_track_car]: route segment=flat_top_left_corner_reverse; previous=flat_top_left_to_top_center_reverse; distance=0.022m; decision=route/wheel_nearest: flat_top_left_corner_reverse
[gazebo_track_car-2] [INFO] [1781119299.975192321] [gazebo_track_car]: camera turn sign ignored as left/right ambiguous; segment=flat_top_left_corner_reverse best=camera_sign_turn_left:0.48 opposite=turn_right_sign:0.48
[gazebo_track_car-2] [INFO] [1781119299.976329691] [gazebo_track_car]: camera turn sign ignored as left/right ambiguous; segment=flat_top_left_corner_reverse best=camera_sign_turn_right:0.49 opposite=turn_left_sign:0.46
[gazebo_track_car-2] [INFO] [1781119300.002816503] [gazebo_track_car]: camera turn sign ignored as left/right ambiguous; segment=flat_top_left_corner_reverse best=camera_sign_turn_left:0.48 opposite=turn_right_sign:0.47
[gazebo_track_car-2] [INFO] [1781119300.024619941] [gazebo_track_car]: MOTION pos=(+1.817,+2.453) yaw=-0.590 v=0.224 step_err=0.0042m/0.009rad track_err=0.0276m footprint=road:7.19px route=flat_top_left_corner_reverse cmd_vel=(0.223,-0.409)
[gazebo_track_car-2] [INFO] [1781119300.252864115] [gazebo_track_car]: camera turn sign ignored as left/right ambiguous; segment=flat_top_left_corner_reverse best=camera_sign_turn_right:0.49 opposite=turn_left_sign:0.46
[gazebo_track_car-2] [INFO] [1781119300.253151939] [gazebo_track_car]: camera_sign=camera_sign_turn_left source=camera kind=turn_left_sign maneuver=left score=0.45 area=27348px bbox=212x129px center=(873,174)
[gazebo_track_car-2] [INFO] [1781119300.340362937] [gazebo_track_car]: camera sign action blocked; no matching facing 3D sign is close enough; detected=turn_left_sign sign=camera_sign_turn_left detection_dist<=3.40m action_dist<=0.95m
[gazebo_track_car-2] [INFO] [1781119300.624707285] [gazebo_track_car]: traffic light is now GREEN.
[gazebo_track_car-2] [WARN] [1781119300.967965396] [gazebo_track_car]: JITTER events=2 reasons=speed_delta=0.036m/s pos=(+1.998,+2.315) step=0.0047/0.0000m yaw=0.006/0.000rad route=flat_top_left_corner_reverse
[gazebo_track_car-2] [INFO] [1781119301.270604600] [gazebo_track_car]: camera_sign=camera_sign_go_straight source=camera kind=go_straight_sign maneuver=straight score=0.48 area=37127px bbox=271x137px center=(854,177)
[gazebo_track_car-2] [INFO] [1781119301.373502283] [gazebo_track_car]: camera sign seen but action is waiting until closer; detected=go_straight_sign sign=camera_sign_go_straight scene_sign=palette_go_straight_03_yaw_270 sign_dist=1.059m action_dist<=0.95m
[gazebo_track_car-2] [INFO] [1781119301.405632924] [gazebo_track_car]: camera turn sign ignored as left/right ambiguous; segment=flat_top_left_corner_reverse best=camera_sign_turn_left:0.47 opposite=turn_right_sign:0.45
[gazebo_track_car-2] [WARN] [1781119301.953031142] [gazebo_track_car]: JITTER events=1 reasons=yaw_step_error=0.103rad pos=(+2.136,+2.151) step=0.0044/0.0211m yaw=0.009/0.112rad route=flat_top_left_corner_reverse
[gazebo_track_car-2] [INFO] [1781119302.045893845] [gazebo_track_car]: MOTION pos=(+2.145,+2.130) yaw=-1.316 v=0.224 step_err=0.0174m/0.202rad track_err=0.0085m footprint=road:5.79px route=flat_left_mid_to_top_reverse cmd_vel=(0.225,-0.415)
[gazebo_track_car-2] [INFO] [1781119302.132388959] [gazebo_track_car]: route segment=flat_left_mid_to_top_reverse; previous=flat_top_left_corner_reverse; distance=0.023m; decision=route/wheel_nearest: flat_left_mid_to_top_reverse
[gazebo_track_car-2] [INFO] [1781119302.289915354] [gazebo_track_car]: queued scene maneuver 'straight' from camera sign camera_sign_go_straight; scene_sign=palette_go_straight_03_yaw_270 sign_dist=0.944m next_branch=1.51m
[gazebo_track_car-2] [INFO] [1781119303.779732197] [gazebo_track_car]: camera turn sign ignored as left/right ambiguous; segment=flat_left_mid_to_top_reverse best=camera_sign_turn_left:0.47 opposite=turn_right_sign:0.45
[gazebo_track_car-2] [INFO] [1781119303.819262857] [gazebo_track_car]: camera_sign=camera_sign_turn_left source=camera kind=turn_left_sign maneuver=left score=0.56 area=558px bbox=18x31px center=(738,153)
[gazebo_track_car-2] [INFO] [1781119303.945288362] [gazebo_track_car]: camera turn sign ignored as left/right ambiguous; segment=flat_left_mid_to_top_reverse best=camera_sign_turn_right:0.55 opposite=turn_left_sign:0.55
[gazebo_track_car-2] [INFO] [1781119303.946316516] [gazebo_track_car]: camera sign ignored because scene sign context disagrees; detected=turn_left_sign scene_ahead=go_straight_sign
[gazebo_track_car-2] [INFO] [1781119303.979378388] [gazebo_track_car]: camera turn sign ignored as left/right ambiguous; segment=flat_left_mid_to_top_reverse best=camera_sign_turn_left:0.54 opposite=turn_right_sign:0.51
[gazebo_track_car-2] [INFO] [1781119304.048265485] [gazebo_track_car]: MOTION pos=(+2.185,+1.616) yaw=-1.595 v=0.276 step_err=0.0227m/0.000rad track_err=0.0074m footprint=road:6.00px route=flat_left_mid_to_top_reverse cmd_vel=(0.277,+0.022)
[gazebo_track_car-2] [INFO] [1781119304.075775772] [gazebo_track_car]: camera turn sign ignored as left/right ambiguous; segment=flat_left_mid_to_top_reverse best=camera_sign_turn_right:0.56 opposite=turn_left_sign:0.52
[gazebo_track_car-2] [INFO] [1781119304.086821423] [gazebo_track_car]: camera turn sign ignored as left/right ambiguous; segment=flat_left_mid_to_top_reverse best=camera_sign_turn_left:0.58 opposite=turn_right_sign:0.57
[gazebo_track_car-2] [INFO] [1781119304.089649890] [gazebo_track_car]: camera turn sign ignored as left/right ambiguous; segment=flat_left_mid_to_top_reverse best=camera_sign_turn_right:0.50 opposite=turn_left_sign:0.47
[gazebo_track_car-2] [INFO] [1781119304.089966329] [gazebo_track_car]: camera_sign=camera_sign_go_straight source=camera kind=go_straight_sign maneuver=straight score=0.47 area=10920px bbox=65x168px center=(838,148)
[gazebo_track_car-2] [INFO] [1781119304.107414614] [gazebo_track_car]: camera turn sign ignored as left/right ambiguous; segment=flat_left_mid_to_top_reverse best=camera_sign_turn_left:0.48 opposite=turn_right_sign:0.46
[gazebo_track_car-2] [INFO] [1781119304.110141468] [gazebo_track_car]: camera turn sign ignored as left/right ambiguous; segment=flat_left_mid_to_top_reverse best=camera_sign_turn_right:0.53 opposite=turn_left_sign:0.49
[gazebo_track_car-2] [INFO] [1781119304.152593492] [gazebo_track_car]: camera turn sign ignored as left/right ambiguous; segment=flat_left_mid_to_top_reverse best=camera_sign_turn_left:0.46 opposite=turn_right_sign:0.45
[gazebo_track_car-2] [INFO] [1781119304.155461634] [gazebo_track_car]: camera turn sign ignored as left/right ambiguous; segment=flat_left_mid_to_top_reverse best=camera_sign_turn_right:0.53 opposite=turn_left_sign:0.49
[gazebo_track_car-2] [INFO] [1781119304.199379238] [gazebo_track_car]: camera sign ignored as parking/turn confusion; segment=flat_left_mid_to_top_reverse best=camera_sign_turn_left:0.48 parking=camera_sign_parking:0.34
[gazebo_track_car-2] [INFO] [1781119304.200856601] [gazebo_track_car]: camera turn sign ignored as left/right ambiguous; segment=flat_left_mid_to_top_reverse best=camera_sign_turn_left:0.62 opposite=turn_right_sign:0.61
[gazebo_track_car-2] [INFO] [1781119304.201866600] [gazebo_track_car]: camera turn sign ignored as left/right ambiguous; segment=flat_left_mid_to_top_reverse best=camera_sign_turn_right:0.50 opposite=turn_left_sign:0.48
[gazebo_track_car-2] [INFO] [1781119304.203014080] [gazebo_track_car]: camera_sign=camera_sign_turn_left source=camera kind=turn_left_sign maneuver=left score=0.47 area=735px bbox=21x35px center=(862,241)
[gazebo_track_car-2] [INFO] [1781119304.218948072] [gazebo_track_car]: camera turn sign ignored as left/right ambiguous; segment=flat_left_mid_to_top_reverse best=camera_sign_turn_left:0.45 opposite=turn_right_sign:0.42
[gazebo_track_car-2] [INFO] [1781119304.220843906] [gazebo_track_car]: camera sign ignored as parking/turn confusion; segment=flat_left_mid_to_top_reverse best=camera_sign_turn_right:0.48 parking=camera_sign_parking:0.33
[gazebo_track_car-2] [INFO] [1781119305.652752327] [gazebo_track_car]: traffic light is now YELLOW.
[gazebo_track_car-2] [INFO] [1781119306.068284660] [gazebo_track_car]: MOTION pos=(+2.179,+1.055) yaw=-1.569 v=0.280 step_err=0.0229m/0.000rad track_err=0.0053m footprint=road:6.00px route=flat_left_mid_to_top_reverse cmd_vel=(0.280,+0.001)
[gazebo_track_car-2] [WARN] [1781119306.287537546] [gazebo_track_car]: JITTER events=3 reasons=speed_delta=0.082m/s pos=(+2.179,+0.995) step=0.0045/0.0000m yaw=0.003/0.000rad route=flat_left_mid_to_top_reverse
[gazebo_track_car-2] [INFO] [1781119306.654996937] [gazebo_track_car]: traffic light is now RED.
[gazebo_track_car-2] [INFO] [1781119308.074324178] [gazebo_track_car]: MOTION pos=(+2.179,+0.780) yaw=-1.570 v=0.059 step_err=0.0045m/0.000rad track_err=0.0015m footprint=road:10.60px route=flat_left_mid_to_top_reverse cmd_vel=(0.055,+0.001)
[gazebo_track_car-2] [INFO] [1781119310.092109634] [gazebo_track_car]: MOTION pos=(+2.179,+0.706) yaw=-1.569 v=0.028 step_err=0.0028m/0.000rad track_err=0.0007m footprint=road:11.00px route=flat_left_mid_to_top_reverse cmd_vel=(0.028,-0.000)
[gazebo_track_car-2] [INFO] [1781119310.659121904] [gazebo_track_car]: camera_sign=camera_sign_speed_limit source=camera kind=speed_limit_sign maneuver=- score=0.49 area=572px bbox=22x26px center=(726,208)
[gazebo_track_car-2] [INFO] [1781119310.714747301] [gazebo_track_car]: camera sign action blocked; no matching facing 3D sign is close enough; detected=speed_limit_sign sign=camera_sign_speed_limit detection_dist<=3.40m action_dist<=0.95m
[gazebo_track_car-2] [INFO] [1781119312.213725217] [gazebo_track_car]: MOTION pos=(+2.179,+0.647) yaw=-1.568 v=0.028 step_err=0.0079m/0.000rad track_err=0.0023m footprint=road:11.00px route=flat_left_mid_to_top_reverse cmd_vel=(0.028,-0.002)
[gazebo_track_car-2] [INFO] [1781119312.994074340] [gazebo_track_car]: route segment=flat_left_lower_to_mid_reverse; previous=flat_left_mid_to_top_reverse; distance=0.000m; decision=route/straight from palette_go_straight_03_yaw_270: flat_left_lower_to_mid_reverse delta=+0.0deg
[gazebo_track_car-2] [WARN] [1781119313.018311921] [gazebo_track_car]: JITTER events=2 reasons=speed_delta=0.105m/s pos=(+2.179,+0.624) step=0.0016/0.0000m yaw=0.000/0.000rad route=flat_left_lower_to_mid_reverse
[gazebo_track_car-2] [INFO] [1781119313.255005609] [gazebo_track_car]: camera traffic light is RED score=404.6 area=451px bbox=31x19px fill=0.77 center=(757,204)
[gazebo_track_car-2] [INFO] [1781119313.255295667] [gazebo_track_car]: camera traffic light ignored outside distance gate; state=red segment=flat_left_lower_to_mid_reverse gate<=1.70m nearby_target=palette_traffic_light_02_yaw_180 dist=2.54m forward=1.47m lateral=2.07m area=451px bbox=31x19px center=(757,204)
[gazebo_track_car-2] [INFO] [1781119314.219093972] [gazebo_track_car]: MOTION pos=(+2.180,+0.290) yaw=-1.571 v=0.280 step_err=0.0215m/0.000rad track_err=0.0059m footprint=road:6.00px route=flat_left_lower_to_mid_reverse cmd_vel=(0.280,+0.001)
[gazebo_track_car-2] [INFO] [1781119314.602613748] [gazebo_track_car]: traffic light is now GREEN.
[gazebo_track_car-2] [INFO] [1781119314.629733697] [gazebo_track_car]: camera traffic light is GREEN score=427.2 area=1079px bbox=57x24px fill=0.79 center=(862,228)
[gazebo_track_car-2] [INFO] [1781119316.222852796] [gazebo_track_car]: MOTION pos=(+2.180,-0.269) yaw=-1.569 v=0.279 step_err=0.0218m/0.000rad track_err=0.0061m footprint=road:6.00px route=flat_left_lower_to_mid_reverse cmd_vel=(0.279,-0.005)
[gazebo_track_car-2] [WARN] [1781119317.003962265] [gazebo_track_car]: JITTER events=4 reasons=cmd_xy_error=0.0544m pos=(+2.180,-0.487) step=0.0056/0.0000m yaw=0.000/0.000rad route=flat_left_lower_to_mid_reverse
[gazebo_track_car-2] [INFO] [1781119318.226384583] [gazebo_track_car]: MOTION pos=(+2.180,-0.827) yaw=-1.571 v=0.279 step_err=0.0234m/0.000rad track_err=0.0050m footprint=road:6.00px route=flat_left_lower_to_mid_reverse cmd_vel=(0.279,-0.006)
[gazebo_track_car-2] [INFO] [1781119318.629957039] [gazebo_track_car]: camera turn sign ignored as left/right ambiguous; segment=flat_left_lower_to_mid_reverse best=camera_sign_turn_right:0.50 opposite=turn_left_sign:0.49
[gazebo_track_car-2] [WARN] [1781119318.750863036] [gazebo_track_car]: JITTER events=2 reasons=speed_delta=0.032m/s pos=(+2.181,-0.971) step=0.0049/0.0000m yaw=0.004/0.000rad route=flat_left_lower_to_mid_reverse
[gazebo_track_car-2] [INFO] [1781119318.791964376] [gazebo_track_car]: camera_sign=camera_sign_turn_right source=camera kind=turn_right_sign maneuver=right score=0.51 area=1144px bbox=44x26px center=(601,232)
[gazebo_track_car-2] [INFO] [1781119319.236847459] [gazebo_track_car]: camera_sign=camera_sign_go_straight source=camera kind=go_straight_sign maneuver=straight score=0.42 area=572px bbox=22x26px center=(484,232)
[gazebo_track_car-2] [INFO] [1781119319.468638840] [gazebo_track_car]: camera traffic light is YELLOW score=1143.2 area=2367px bbox=56x60px fill=0.70 center=(919,359)
[gazebo_track_car-2] [INFO] [1781119319.468943576] [gazebo_track_car]: camera traffic light ignored outside distance gate; state=yellow segment=flat_left_lower_to_mid_reverse gate<=1.70m nearby_target=- area=2367px bbox=56x60px center=(919,359)
[gazebo_track_car-2] [INFO] [1781119319.569821772] [gazebo_track_car]: camera traffic light is GREEN score=1395.0 area=4663px bbox=94x66px fill=0.75 center=(916,356)
[gazebo_track_car-2] [INFO] [1781119319.602792922] [gazebo_track_car]: camera sign seen but action is waiting until closer; detected=go_straight_sign sign=camera_sign_go_straight scene_sign=palette_go_straight_02_yaw_180 sign_dist=3.330m action_dist<=0.95m
[gazebo_track_car-2] [INFO] [1781119319.629957736] [gazebo_track_car]: traffic light is now YELLOW.
[gazebo_track_car-2] [WARN] [1781119319.844091684] [gazebo_track_car]: JITTER events=2 reasons=yaw_step_error=0.229rad pos=(+2.168,-1.191) step=0.0040/0.0191m yaw=0.013/0.241rad route=flat_bottom_left_corner_reverse
[gazebo_track_car-2] [INFO] [1781119319.860451725] [gazebo_track_car]: camera turn sign ignored as left/right ambiguous; segment=flat_bottom_left_corner_reverse best=camera_sign_turn_right:0.48 opposite=turn_left_sign:0.44
[gazebo_track_car-2] [INFO] [1781119319.934893974] [gazebo_track_car]: camera_sign=camera_sign_turn_right source=camera kind=turn_right_sign maneuver=right score=0.48 area=510px bbox=17x30px center=(386,230)
[gazebo_track_car-2] [INFO] [1781119319.935505000] [gazebo_track_car]: route segment=flat_bottom_left_corner_reverse; previous=flat_left_lower_to_mid_reverse; distance=0.020m; decision=route/wheel_nearest: flat_bottom_left_corner_reverse
[gazebo_track_car-2] [INFO] [1781119320.031576028] [gazebo_track_car]: camera sign ignored because scene sign context disagrees; detected=turn_right_sign scene_ahead=go_straight_sign,turn_left_sign
[gazebo_track_car-2] [INFO] [1781119320.194765900] [gazebo_track_car]: camera_sign=camera_sign_speed_limit source=camera kind=speed_limit_sign maneuver=- score=0.52 area=754px bbox=29x26px center=(675,226)
[gazebo_track_car-2] [INFO] [1781119320.200863457] [gazebo_track_car]: camera_sign=camera_sign_turn_right source=camera kind=turn_right_sign maneuver=right score=0.49 area=648px bbox=18x36px center=(346,229)
[gazebo_track_car-2] [INFO] [1781119320.243487016] [gazebo_track_car]: MOTION pos=(+2.123,-1.262) yaw=-2.456 v=0.218 step_err=0.0165m/0.009rad track_err=0.0137m footprint=road:5.60px route=flat_bottom_left_corner_reverse cmd_vel=(0.221,-0.427)
[gazebo_track_car-2] [INFO] [1781119320.633696499] [gazebo_track_car]: traffic light is now RED.
[gazebo_track_car-2] [INFO] [1781119320.850375421] [gazebo_track_car]: camera sign ignored because scene sign context disagrees; detected=turn_right_sign scene_ahead=go_straight_sign
[gazebo_track_car-2] [INFO] [1781119320.875048024] [gazebo_track_car]: camera_sign=camera_sign_speed_limit source=camera kind=speed_limit_sign maneuver=- score=0.41 area=1240px bbox=40x31px center=(638,205)
[gazebo_track_car-2] [INFO] [1781119320.901375094] [gazebo_track_car]: camera_sign=camera_sign_turn_right source=camera kind=turn_right_sign maneuver=right score=0.49 area=961px bbox=31x31px center=(365,231)
[gazebo_track_car-2] [INFO] [1781119321.205089212] [gazebo_track_car]: camera_sign=camera_sign_speed_limit source=camera kind=speed_limit_sign maneuver=- score=0.42 area=1020px bbox=34x30px center=(601,207)
[gazebo_track_car-2] [INFO] [1781119321.239420133] [gazebo_track_car]: camera_sign=camera_sign_turn_right source=camera kind=turn_right_sign maneuver=right score=0.50 area=1131px bbox=39x29px center=(56,233)
[gazebo_track_car-2] [INFO] [1781119321.301570115] [gazebo_track_car]: camera turn sign ignored as left/right ambiguous; segment=flat_bottom_left_corner_reverse best=camera_sign_turn_left:0.51 opposite=turn_right_sign:0.48
[gazebo_track_car-2] [INFO] [1781119321.302695963] [gazebo_track_car]: camera turn sign ignored as left/right ambiguous; segment=flat_bottom_left_corner_reverse best=camera_sign_turn_right:0.50 opposite=turn_left_sign:0.47
[gazebo_track_car-2] [INFO] [1781119321.348272313] [gazebo_track_car]: camera turn sign ignored as left/right ambiguous; segment=flat_bottom_left_corner_reverse best=camera_sign_turn_left:0.52 opposite=turn_right_sign:0.49
[gazebo_track_car-2] [INFO] [1781119321.349342627] [gazebo_track_car]: camera turn sign ignored as left/right ambiguous; segment=flat_bottom_left_corner_reverse best=camera_sign_turn_right:0.50 opposite=turn_left_sign:0.47
[gazebo_track_car-2] [INFO] [1781119321.349599562] [gazebo_track_car]: camera_sign=camera_sign_speed_limit source=camera kind=speed_limit_sign maneuver=- score=0.40 area=899px bbox=31x29px center=(591,207)
[gazebo_track_car-2] [INFO] [1781119321.377027524] [gazebo_track_car]: camera turn sign ignored as left/right ambiguous; segment=flat_bottom_left_corner_reverse best=camera_sign_turn_left:0.50 opposite=turn_right_sign:0.49
[gazebo_track_car-2] [INFO] [1781119321.377393336] [gazebo_track_car]: camera_sign=camera_sign_turn_right source=camera kind=turn_right_sign maneuver=right score=0.50 area=1728px bbox=48x36px center=(297,228)
[gazebo_track_car-2] [INFO] [1781119321.396407030] [gazebo_track_car]: camera turn sign ignored as left/right ambiguous; segment=flat_bottom_left_corner_reverse best=camera_sign_turn_right:0.47 opposite=turn_left_sign:0.46
[gazebo_track_car-2] [INFO] [1781119321.544725300] [gazebo_track_car]: route segment=flat_bottom_center_to_bottom_left_reverse; previous=flat_bottom_left_corner_reverse; distance=0.000m; decision=route/wheel_nearest: flat_bottom_center_to_bottom_left_reverse
[gazebo_track_car-2] [WARN] [1781119321.548556733] [gazebo_track_car]: JITTER events=2 reasons=yaw_step_error=0.477rad,cmd_xy_error=0.0518m pos=(+1.876,-1.415) step=0.0047/0.0788m yaw=0.006/0.483rad route=flat_bottom_center_to_bottom_left_reverse
[gazebo_track_car-2] [INFO] [1781119321.577709234] [gazebo_track_car]: camera turn sign ignored as left/right ambiguous; segment=flat_bottom_center_to_bottom_left_reverse best=camera_sign_turn_right:0.48 opposite=turn_left_sign:0.47
[gazebo_track_car-2] [INFO] [1781119321.724654958] [gazebo_track_car]: camera sign action blocked; no matching facing 3D sign is close enough; detected=turn_right_sign sign=camera_sign_turn_right detection_dist<=3.40m action_dist<=0.95m
[gazebo_track_car-2] [INFO] [1781119322.223434169] [gazebo_track_car]: camera turn sign ignored as left/right ambiguous; segment=flat_bottom_center_to_bottom_left_reverse best=camera_sign_turn_left:0.51 opposite=turn_right_sign:0.50
[gazebo_track_car-2] [INFO] [1781119322.247824157] [gazebo_track_car]: MOTION pos=(+1.703,-1.441) yaw=-3.127 v=0.261 step_err=0.0199m/0.002rad track_err=0.0081m footprint=road:4.00px route=flat_bottom_center_to_bottom_left_reverse cmd_vel=(0.264,-0.109)
[gazebo_track_car-2] [INFO] [1781119322.300400721] [gazebo_track_car]: camera turn sign ignored as left/right ambiguous; segment=flat_bottom_center_to_bottom_left_reverse best=camera_sign_turn_right:0.48 opposite=turn_left_sign:0.46
[gazebo_track_car-2] [INFO] [1781119322.443916351] [gazebo_track_car]: camera turn sign ignored as left/right ambiguous; segment=flat_bottom_center_to_bottom_left_reverse best=camera_sign_turn_left:0.51 opposite=turn_right_sign:0.50
[gazebo_track_car-2] [INFO] [1781119322.452804414] [gazebo_track_car]: camera turn sign ignored as left/right ambiguous; segment=flat_bottom_center_to_bottom_left_reverse best=camera_sign_turn_right:0.47 opposite=turn_left_sign:0.45
[gazebo_track_car-2] [INFO] [1781119322.454715346] [gazebo_track_car]: camera turn sign ignored as left/right ambiguous; segment=flat_bottom_center_to_bottom_left_reverse best=camera_sign_turn_left:0.49 opposite=turn_right_sign:0.47
[gazebo_track_car-2] [INFO] [1781119322.464979611] [gazebo_track_car]: camera turn sign ignored as left/right ambiguous; segment=flat_bottom_center_to_bottom_left_reverse best=camera_sign_turn_right:0.47 opposite=turn_left_sign:0.47
[gazebo_track_car-2] [INFO] [1781119322.929552325] [gazebo_track_car]: camera turn sign ignored as left/right ambiguous; segment=flat_bottom_center_to_bottom_left_reverse best=camera_sign_turn_left:0.50 opposite=turn_right_sign:0.50
[gazebo_track_car-2] [INFO] [1781119322.974806256] [gazebo_track_car]: camera turn sign ignored as left/right ambiguous; segment=flat_bottom_center_to_bottom_left_reverse best=camera_sign_turn_right:0.50 opposite=turn_left_sign:0.47
[gazebo_track_car-2] [INFO] [1781119322.976703723] [gazebo_track_car]: camera turn sign ignored as left/right ambiguous; segment=flat_bottom_center_to_bottom_left_reverse best=camera_sign_turn_left:0.48 opposite=turn_right_sign:0.47
[gazebo_track_car-2] [INFO] [1781119323.023693775] [gazebo_track_car]: camera turn sign ignored as left/right ambiguous; segment=flat_bottom_center_to_bottom_left_reverse best=camera_sign_turn_right:0.49 opposite=turn_left_sign:0.47
[gazebo_track_car-2] [INFO] [1781119323.025597053] [gazebo_track_car]: camera turn sign ignored as left/right ambiguous; segment=flat_bottom_center_to_bottom_left_reverse best=camera_sign_turn_left:0.46 opposite=turn_right_sign:0.46
[gazebo_track_car-2] [INFO] [1781119323.043942545] [gazebo_track_car]: camera turn sign ignored as left/right ambiguous; segment=flat_bottom_center_to_bottom_left_reverse best=camera_sign_turn_right:0.49 opposite=turn_left_sign:0.47
[gazebo_track_car-2] [INFO] [1781119323.311086419] [gazebo_track_car]: camera turn sign ignored as left/right ambiguous; segment=flat_bottom_center_to_bottom_left_reverse best=camera_sign_turn_left:0.53 opposite=turn_right_sign:0.52
[gazebo_track_car-2] [INFO] [1781119323.341901734] [gazebo_track_car]: camera turn sign ignored as left/right ambiguous; segment=flat_bottom_center_to_bottom_left_reverse best=camera_sign_turn_right:0.50 opposite=turn_left_sign:0.47
[gazebo_track_car-2] [INFO] [1781119323.343738927] [gazebo_track_car]: camera turn sign ignored as left/right ambiguous; segment=flat_bottom_center_to_bottom_left_reverse best=camera_sign_turn_left:0.50 opposite=turn_right_sign:0.49
[gazebo_track_car-2] [INFO] [1781119323.350488927] [gazebo_track_car]: camera turn sign ignored as left/right ambiguous; segment=flat_bottom_center_to_bottom_left_reverse best=camera_sign_turn_right:0.49 opposite=turn_left_sign:0.46
[gazebo_track_car-2] [INFO] [1781119323.352348142] [gazebo_track_car]: camera turn sign ignored as left/right ambiguous; segment=flat_bottom_center_to_bottom_left_reverse best=camera_sign_turn_left:0.49 opposite=turn_right_sign:0.48
[gazebo_track_car-2] [INFO] [1781119323.387105931] [gazebo_track_car]: camera turn sign ignored as left/right ambiguous; segment=flat_bottom_center_to_bottom_left_reverse best=camera_sign_turn_right:0.50 opposite=turn_left_sign:0.47
[gazebo_track_car-2] [INFO] [1781119323.423525861] [gazebo_track_car]: camera_sign=camera_sign_speed_limit source=camera kind=speed_limit_sign maneuver=- score=0.41 area=1560px bbox=39x40px center=(563,197)
[gazebo_track_car-2] [INFO] [1781119323.443140622] [gazebo_track_car]: camera sign seen but action is waiting until closer; detected=speed_limit_sign sign=camera_sign_speed_limit scene_sign=palette_speed_limit_03_yaw_270 sign_dist=2.635m action_dist<=0.95m
[gazebo_track_car-2] [INFO] [1781119323.535859523] [gazebo_track_car]: camera_sign=camera_sign_turn_right source=camera kind=turn_right_sign maneuver=right score=0.49 area=1040px bbox=40x26px center=(261,226)
[gazebo_track_car-2] [INFO] [1781119323.632315038] [gazebo_track_car]: camera_sign=camera_sign_speed_limit source=camera kind=speed_limit_sign maneuver=- score=0.39 area=1640px bbox=41x40px center=(570,194)
[gazebo_track_car-2] [INFO] [1781119324.191528086] [gazebo_track_car]: camera traffic light is RED score=624.4 area=694px bbox=30x28px fill=0.83 center=(590,186)
[gazebo_track_car-2] [INFO] [1781119324.265004681] [gazebo_track_car]: MOTION pos=(+1.147,-1.435) yaw=+3.136 v=0.278 step_err=0.0244m/0.000rad track_err=0.0044m footprint=road:4.00px route=flat_bottom_center_to_bottom_left_reverse cmd_vel=(0.139,+0.010)
[gazebo_track_car-2] [WARN] [1781119324.284267085] [gazebo_track_car]: JITTER events=2 reasons=speed_delta=0.129m/s pos=(+1.143,-1.435) step=0.0041/0.0000m yaw=0.000/0.000rad route=flat_bottom_center_to_bottom_left_reverse
[gazebo_track_car-2] [INFO] [1781119325.208982491] [gazebo_track_car]: camera turn sign ignored as left/right ambiguous; segment=flat_bottom_center_to_bottom_left_reverse best=camera_sign_turn_left:0.51 opposite=turn_right_sign:0.51
[gazebo_track_car-2] [INFO] [1781119325.247745782] [gazebo_track_car]: camera turn sign ignored as left/right ambiguous; segment=flat_bottom_center_to_bottom_left_reverse best=camera_sign_turn_right:0.51 opposite=turn_left_sign:0.51
[gazebo_track_car-2] [INFO] [1781119325.302229050] [gazebo_track_car]: camera turn sign ignored as left/right ambiguous; segment=flat_bottom_center_to_bottom_left_reverse best=camera_sign_turn_left:0.54 opposite=turn_right_sign:0.54
[gazebo_track_car-2] [INFO] [1781119325.326193965] [gazebo_track_car]: camera turn sign ignored as left/right ambiguous; segment=flat_bottom_center_to_bottom_left_reverse best=camera_sign_turn_right:0.56 opposite=turn_left_sign:0.55
[gazebo_track_car-2] [INFO] [1781119325.380695557] [gazebo_track_car]: camera turn sign ignored as left/right ambiguous; segment=flat_bottom_center_to_bottom_left_reverse best=camera_sign_turn_left:0.56 opposite=turn_right_sign:0.56
[gazebo_track_car-2] [INFO] [1781119325.381815184] [gazebo_track_car]: camera_sign=camera_sign_turn_right source=camera kind=turn_right_sign maneuver=right score=0.51 area=624px bbox=24x26px center=(328,232)
[gazebo_track_car-2] [INFO] [1781119325.426702662] [gazebo_track_car]: camera turn sign ignored as left/right ambiguous; segment=flat_bottom_center_to_bottom_left_reverse best=camera_sign_turn_right:0.58 opposite=turn_left_sign:0.57
[gazebo_track_car-2] [INFO] [1781119325.447875045] [gazebo_track_car]: camera turn sign ignored as left/right ambiguous; segment=flat_bottom_center_to_bottom_left_reverse best=camera_sign_turn_left:0.57 opposite=turn_right_sign:0.57
[gazebo_track_car-2] [INFO] [1781119325.458944033] [gazebo_track_car]: camera turn sign ignored as left/right ambiguous; segment=flat_bottom_center_to_bottom_left_reverse best=camera_sign_turn_right:0.57 opposite=turn_left_sign:0.56
[gazebo_track_car-2] [INFO] [1781119325.460104076] [gazebo_track_car]: camera sign action blocked; no matching facing 3D sign is close enough; detected=turn_right_sign sign=camera_sign_turn_right detection_dist<=3.40m action_dist<=0.95m
[gazebo_track_car-2] [INFO] [1781119325.560616310] [gazebo_track_car]: camera turn sign ignored as left/right ambiguous; segment=flat_bottom_center_to_bottom_left_reverse best=camera_sign_turn_left:0.56 opposite=turn_right_sign:0.54
[gazebo_track_car-2] [INFO] [1781119326.270364880] [gazebo_track_car]: MOTION pos=(+0.867,-1.434) yaw=-3.140 v=0.140 step_err=0.0028m/0.000rad track_err=0.0165m footprint=road:4.00px route=flat_bottom_center_to_bottom_left_reverse cmd_vel=(0.140,+0.001)
[gazebo_track_car-2] [INFO] [1781119326.606072923] [gazebo_track_car]: camera turn sign ignored as left/right ambiguous; segment=flat_bottom_center_to_bottom_left_reverse best=camera_sign_turn_right:0.51 opposite=turn_left_sign:0.48
[gazebo_track_car-2] [INFO] [1781119326.862818128] [gazebo_track_car]: camera turn sign ignored as left/right ambiguous; segment=flat_bottom_center_to_bottom_left_reverse best=camera_sign_turn_left:0.54 opposite=turn_right_sign:0.53
[gazebo_track_car-2] [WARN] [1781119326.970419184] [gazebo_track_car]: red traffic light stop latched from camera; target=palette_traffic_light_02_yaw_180 dist=0.85m forward=0.66m lateral=0.53m area=3322px bbox=74x62px fill=0.72 center=(699,135) min_stop=2.0s
[gazebo_track_car-2] [WARN] [1781119327.003288151] [gazebo_track_car]: JITTER events=1 reasons=speed_delta=0.130m/s pos=(+0.765,-1.434) step=0.0014/0.0000m yaw=0.001/0.000rad route=flat_bottom_center_to_bottom_left_reverse
[gazebo_track_car-2] [INFO] [1781119328.282046071] [gazebo_track_car]: MOTION pos=(+0.765,-1.434) yaw=-3.139 v=0.000 step_err=0.0000m/0.000rad track_err=0.0040m footprint=road:4.00px route=flat_bottom_center_to_bottom_left_reverse cmd_vel=(0.000,+0.000)
