[INFO] [launch]: All log files can be found below /home/quocbao/.ros/log/2026-06-11-02-24-04-787550-ubuntu-13945
[INFO] [launch]: Default logging verbosity is set to INFO
[INFO] [gzserver-1]: process started with pid [13947]
[INFO] [gazebo_track_car-2]: process started with pid [13949]
[gazebo_track_car-2] [INFO] [1781169845.372978862] [gazebo_track_car]: [MAP_TRANSFORM] image=256x256 path=/home/quocbao/my_robot_vision_full_project/my_robot_vision/models/autonomous_map_3d/materials/textures/autonomous_map_visual.png map_size=6.000x6.000m px_per_m_x=42.667 px_per_m_y=42.667 route_offset=(+0.000,+0.300)m map_visual_offset=(+0.000,+0.300)m
[gazebo_track_car-2] [INFO] [1781169845.500421770] [gazebo_track_car]: [FOOTPRINT_CHECK] samples=1588 center_off_road=0 center_outside_safe=1005 failures=0 min_footprint_clearance=3.20px footprint=front:0.165m rear:0.145m half_width:0.115m
[gazebo_track_car-2] [INFO] [1781169845.500712553] [gazebo_track_car]: [FOOTPRINT_CHECK] overlays=/tmp/gazebo_route_mask_debug.png, /tmp/gazebo_route_centerline_debug.png, /tmp/gazebo_route_footprint_debug.png
[gazebo_track_car-2] [INFO] [1781169845.592365292] [gazebo_track_car]: SAFE_ROUTE_VERSION=semantic_parking_spawn_turn_guard_v31; direction=reversed to match map arrows; clearance=12px; drive_wheels=True; route_offset=(+0.000,+0.300)m; start_distance=0.000m; route_explore=False branch_probability=0.00; sign_detection=camera action_dist<=0.50m parking_action_dist<=1.35m roi=0.08-0.82; map_visual_offset=(+0.000,+0.300)m; base_speed=0.28m/s speed_limit=0.14m/s; traffic_light=cycle state=green green=5.0s yellow=1.0s red=8.0s trigger_distance=1.70m stop_distance=0.85m min_stop=2.0s camera=on topic=/track_preview_car/camera/image_raw fill>=0.42 slow_area>=45px stop_area>=160px distance_gate=on; camera_sign_templates=5 sign_score>=0.32 sign_stable=2; parking_auto_route=False; wheel_controller lookahead=0.32m parking_lookahead=0.20m heading_gain=3.80 max_wz=2.80rad/s rotate_heading>1.05rad; nearest_route=True nearest_dist<=0.65m; yaw_limits=1.80rad/s/4.00rad/s2; route_rejoin=False outer_only=True cmd_error>0.30m max_route_dist=0.55m; progress_sync=True cmd_error>0.06m route_dist<=0.20m yaw<=1.20rad; initial_pose_reset=True override=True tol=0.12m/0.35rad; segments=23; route_points=47.
[gazebo_track_car-2] [INFO] [1781169845.592693065] [gazebo_track_car]: Motion log uses /model_states and /track_preview_car/cmd_vel: MOTION every 2.00s, JITTER at most every 1.00s, verbose=False; jitter thresholds xy_step_delta=0.0060m, cmd_error=0.050m, z_delta=0.0005m, tilt=0.0030rad, speed_delta=0.030m/s, yaw_step_error=0.025rad, yaw_rate_delta=0.400rad/s.
[gzserver-1] [INFO] [1781169847.152963749] [track_preview_car.front_camera_controller]: Publishing camera info to [/track_preview_car/camera/camera_info]
[gzserver-1] [INFO] [1781169847.169056965] [gazebo_ros_state]: Publishing states of gazebo models at [/model_states]
[gzserver-1] [INFO] [1781169847.169322900] [gazebo_ros_state]: Publishing states of gazebo links at [/link_states]
[gzserver-1] [INFO] [1781169847.187094346] [track_preview_car.track_preview_car_diff_drive]: Wheel pair 1 separation set to [0.176000m]
[gzserver-1] [INFO] [1781169847.187127529] [track_preview_car.track_preview_car_diff_drive]: Wheel pair 1 diameter set to [0.060000m]
[gzserver-1] [INFO] [1781169847.187989988] [track_preview_car.track_preview_car_diff_drive]: Subscribed to [/track_preview_car/cmd_vel]
[gzserver-1] [INFO] [1781169847.188885861] [track_preview_car.track_preview_car_diff_drive]: Advertise odometry on [/track_preview_car/odom]
[gazebo_track_car-2] [INFO] [1781169847.225789268] [gazebo_track_car]: initial pose reset to configured route start; actual=(-2.075,-1.133) yaw=+1.710 target=(+1.633,-1.436) yaw=+3.141 error=3.720m/1.431rad segment=flat_bottom_center_to_bottom_left_reverse
[gazebo_track_car-2] [INFO] [1781169847.259387132] [gazebo_track_car]: traffic light is now YELLOW.
[gazebo_track_car-2] [WARN] [1781169847.260562756] [gazebo_track_car]: Waiting for /model_states pose before publishing wheel commands.
[gazebo_track_car-2] [INFO] [1781169847.274238277] [gazebo_track_car]: wheel controller synced route progress from initial model pose; segment=flat_bottom_center_to_bottom_left_reverse@0.195m route_dist=0.002m startup_gate=1.250m
[gazebo_track_car-2] [INFO] [1781169847.274738448] [gazebo_track_car]: MOTION pos=(+1.633,-1.436) yaw=+3.141 v=0.000 step_err=0.0000m/0.000rad track_err=0.0000m footprint=road:4.00px route=flat_bottom_center_to_bottom_left_reverse cmd_vel=(0.000,+0.000)
[gazebo_track_car-2] [WARN] [1781169847.298384037] [gazebo_track_car]: JITTER events=1 reasons=z_delta=0.0093m pos=(+1.633,-1.436) step=0.0000/0.0000m yaw=0.000/0.000rad route=flat_bottom_center_to_bottom_left_reverse
[gazebo_track_car-2] [INFO] [1781169847.781570245] [gazebo_track_car]: camera traffic light is YELLOW score=251.7 area=279px bbox=19x18px fill=0.82 center=(553,217)
[gazebo_track_car-2] [INFO] [1781169847.787453146] [gazebo_track_car]: camera_sign=camera_sign_turn_right source=camera kind=turn_right_sign maneuver=right score=0.49 area=1050px bbox=35x30px center=(291,230)
[gazebo_track_car-2] [INFO] [1781169847.841731405] [gazebo_track_car]: camera sign action blocked; no matching facing 3D sign is close enough; detected=turn_right_sign sign=camera_sign_turn_right detection_dist<=3.40m action_dist<=0.50m
[gazebo_track_car-2] [INFO] [1781169848.163953474] [gazebo_track_car]: traffic light is now RED.
[gazebo_track_car-2] [INFO] [1781169848.191074709] [gazebo_track_car]: camera traffic light is RED score=326.4 area=369px bbox=22x21px fill=0.80 center=(561,199)
[gazebo_track_car-2] [INFO] [1781169849.385937325] [gazebo_track_car]: MOTION pos=(+1.290,-1.435) yaw=+3.139 v=0.140 step_err=0.0110m/0.000rad track_err=0.0028m footprint=road:4.00px route=flat_bottom_center_to_bottom_left_reverse cmd_vel=(0.140,+0.003)
[gazebo_track_car-2] [INFO] [1781169851.386953353] [gazebo_track_car]: MOTION pos=(+1.010,-1.434) yaw=+3.141 v=0.140 step_err=0.0028m/0.000rad track_err=0.0165m footprint=road:4.00px route=flat_bottom_center_to_bottom_left_reverse cmd_vel=(0.140,+0.002)
[gazebo_track_car-2] [WARN] [1781169853.094012801] [gazebo_track_car]: red traffic light stop latched from camera; target=palette_traffic_light_02_yaw_180 dist=0.85m forward=0.67m lateral=0.53m area=3157px bbox=72x60px fill=0.73 center=(694,137) min_stop=2.0s
[gazebo_track_car-2] [WARN] [1781169853.133573099] [gazebo_track_car]: JITTER events=6 reasons=speed_delta=0.127m/s pos=(+0.768,-1.434) step=0.0014/0.0000m yaw=0.000/0.000rad route=flat_bottom_center_to_bottom_left_reverse
[gazebo_track_car-2] [INFO] [1781169853.299546267] [gazebo_track_car]: camera traffic light lost for 0.2s.
[gazebo_track_car-2] [INFO] [1781169853.327633269] [gazebo_track_car]: camera speed-limit candidate ignored as solid red lamp-like blob; segment=flat_bottom_center_to_bottom_left_reverse component_bbox=75x63px red_fill=0.72
[gazebo_track_car-2] [INFO] [1781169853.412164829] [gazebo_track_car]: MOTION pos=(+0.768,-1.434) yaw=+3.141 v=0.000 step_err=0.0000m/0.000rad track_err=0.0041m footprint=road:4.00px route=flat_bottom_center_to_bottom_left_reverse cmd_vel=(0.000,+0.000)
[gazebo_track_car-2] [INFO] [1781169855.421691073] [gazebo_track_car]: MOTION pos=(+0.768,-1.434) yaw=+3.141 v=0.000 step_err=0.0000m/0.000rad track_err=0.0041m footprint=road:4.00px route=flat_bottom_center_to_bottom_left_reverse cmd_vel=(0.000,+0.000)
[gazebo_track_car-2] [INFO] [1781169856.207355324] [gazebo_track_car]: traffic light is now GREEN.
[gazebo_track_car-2] [INFO] [1781169856.208819301] [gazebo_track_car]: released red traffic light stop latch; reason=cycle_green_after_min_stop_camera_not_red elapsed=3.1s light=palette_traffic_light_02_yaw_180
[gazebo_track_car-2] [WARN] [1781169856.234732257] [gazebo_track_car]: JITTER events=1 reasons=speed_delta=0.115m/s pos=(+0.767,-1.434) step=0.0011/0.0000m yaw=0.000/0.000rad route=flat_bottom_center_to_bottom_left_reverse
[gazebo_track_car-2] [INFO] [1781169856.246616574] [gazebo_track_car]: camera traffic-light green candidate ignored as non-lamp-shaped color patch; reason=area bbox=67x46px
[gazebo_track_car-2] [INFO] [1781169856.246882129] [gazebo_track_car]: camera traffic-light green candidate ignored as non-lamp-shaped color patch; reason=aspect bbox=136x15px
[gazebo_track_car-2] [INFO] [1781169856.835463476] [gazebo_track_car]: camera traffic light is GREEN score=43.9 area=137px bbox=28x7px fill=0.70 center=(704,272)
[gazebo_track_car-2] [INFO] [1781169857.105919499] [gazebo_track_car]: camera traffic-light green candidate ignored as non-lamp-shaped color patch; reason=fill bbox=151x39px
[gazebo_track_car-2] [INFO] [1781169857.111803152] [gazebo_track_car]: camera traffic light lost for 0.2s.
[gazebo_track_car-2] [INFO] [1781169857.418577514] [gazebo_track_car]: MOTION pos=(+0.440,-1.434) yaw=-3.141 v=0.280 step_err=0.0056m/0.000rad track_err=0.0336m footprint=road:4.00px route=flat_bottom_center_to_bottom_left_reverse cmd_vel=(0.280,+0.001)
[gazebo_track_car-2] [INFO] [1781169858.339290474] [gazebo_track_car]: camera traffic light is GREEN score=37.2 area=127px bbox=13x12px fill=0.81 center=(520,282)
[gazebo_track_car-2] [INFO] [1781169859.053386497] [gazebo_track_car]: camera sign seen but action is waiting until closer; detected=turn_right_sign sign=camera_sign_turn_right scene_sign=palette_turn_right_03_yaw_270 sign_dist=2.229m action_dist<=0.50m
[gazebo_track_car-2] [INFO] [1781169859.437065211] [gazebo_track_car]: MOTION pos=(-0.125,-1.435) yaw=-3.140 v=0.279 step_err=0.0226m/0.000rad track_err=0.0053m footprint=road:4.00px route=flat_bottom_center_to_bottom_left_reverse cmd_vel=(0.279,-0.006)
[gazebo_track_car-2] [INFO] [1781169860.145149134] [gazebo_track_car]: camera speed-limit candidate ignored because it overlaps the traffic-light bbox; segment=flat_bottom_center_to_bottom_left_reverse light=green candidate_bbox=95x104px light_bbox=84x76px
[gazebo_track_car-2] [INFO] [1781169860.932940204] [gazebo_track_car]: camera traffic light lost for 0.2s.
[gazebo_track_car-2] [INFO] [1781169860.933262928] [gazebo_track_car]: route segment=flat_bottom_right_to_bottom_center_reverse; previous=flat_bottom_center_to_bottom_left_reverse; distance=0.022m; decision=route/default: flat_bottom_right_to_bottom_center_reverse
[gazebo_track_car-2] [INFO] [1781169861.074262629] [gazebo_track_car]: camera_sign=camera_sign_speed_limit source=camera kind=speed_limit_sign maneuver=- score=0.51 area=23373px bbox=147x159px center=(611,197)
[gazebo_track_car-2] [INFO] [1781169861.134912673] [gazebo_track_car]: camera sign seen but action is waiting until closer; detected=speed_limit_sign sign=camera_sign_speed_limit scene_sign=palette_speed_limit_03_yaw_270 sign_dist=0.732m action_dist<=0.50m
[gazebo_track_car-2] [INFO] [1781169861.229358980] [gazebo_track_car]: traffic light is now YELLOW.
[gazebo_track_car-2] [INFO] [1781169861.273976966] [gazebo_track_car]: camera turn sign ignored as left/right ambiguous; segment=flat_bottom_right_to_bottom_center_reverse best=camera_sign_turn_left:0.47 opposite=turn_right_sign:0.46
[gazebo_track_car-2] [INFO] [1781169861.275110661] [gazebo_track_car]: camera turn sign ignored as left/right ambiguous; segment=flat_bottom_right_to_bottom_center_reverse best=camera_sign_turn_right:0.50 opposite=turn_left_sign:0.49
[gazebo_track_car-2] [INFO] [1781169861.330401147] [gazebo_track_car]: camera turn sign ignored as left/right ambiguous; segment=flat_bottom_right_to_bottom_center_reverse best=camera_sign_turn_left:0.47 opposite=turn_right_sign:0.46
[gazebo_track_car-2] [INFO] [1781169861.331518162] [gazebo_track_car]: camera turn sign ignored as left/right ambiguous; segment=flat_bottom_right_to_bottom_center_reverse best=camera_sign_turn_right:0.48 opposite=turn_left_sign:0.48
[gazebo_track_car-2] [INFO] [1781169861.339028717] [gazebo_track_car]: camera turn sign ignored as left/right ambiguous; segment=flat_bottom_right_to_bottom_center_reverse best=camera_sign_turn_left:0.47 opposite=turn_right_sign:0.46
[gazebo_track_car-2] [INFO] [1781169861.340140981] [gazebo_track_car]: camera turn sign ignored as left/right ambiguous; segment=flat_bottom_right_to_bottom_center_reverse best=camera_sign_turn_right:0.47 opposite=turn_left_sign:0.47
[gazebo_track_car-2] [INFO] [1781169861.386894984] [gazebo_track_car]: camera turn sign ignored as left/right ambiguous; segment=flat_bottom_right_to_bottom_center_reverse best=camera_sign_turn_left:0.47 opposite=turn_right_sign:0.46
[gazebo_track_car-2] [INFO] [1781169861.388057494] [gazebo_track_car]: camera turn sign ignored as left/right ambiguous; segment=flat_bottom_right_to_bottom_center_reverse best=camera_sign_turn_right:0.47 opposite=turn_left_sign:0.46
[gazebo_track_car-2] [INFO] [1781169861.394021129] [gazebo_track_car]: camera turn sign ignored as left/right ambiguous; segment=flat_bottom_right_to_bottom_center_reverse best=camera_sign_turn_left:0.48 opposite=turn_right_sign:0.46
[gazebo_track_car-2] [INFO] [1781169861.395190732] [gazebo_track_car]: camera turn sign ignored as left/right ambiguous; segment=flat_bottom_right_to_bottom_center_reverse best=camera_sign_turn_right:0.50 opposite=turn_left_sign:0.49
[gazebo_track_car-2] [INFO] [1781169861.434547916] [gazebo_track_car]: MOTION pos=(-0.683,-1.435) yaw=+3.141 v=0.279 step_err=0.0206m/0.000rad track_err=0.0056m footprint=road:7.80px route=flat_bottom_right_to_bottom_center_reverse cmd_vel=(0.279,-0.005)
[gazebo_track_car-2] [INFO] [1781169861.999479875] [gazebo_track_car]: camera sign action blocked; no matching facing 3D sign is close enough; detected=speed_limit_sign sign=camera_sign_speed_limit detection_dist<=3.40m action_dist<=0.50m
[gazebo_track_car-2] [INFO] [1781169862.212269035] [gazebo_track_car]: camera_sign=camera_sign_turn_right source=camera kind=turn_right_sign maneuver=right score=0.49 area=3200px bbox=50x64px center=(944,223)
[gazebo_track_car-2] [INFO] [1781169862.234056055] [gazebo_track_car]: traffic light is now RED.
[gazebo_track_car-2] [INFO] [1781169862.246423641] [gazebo_track_car]: camera_sign=camera_sign_speed_limit source=camera kind=speed_limit_sign maneuver=- score=0.57 area=1600px bbox=32x50px center=(951,177)
[gazebo_track_car-2] [INFO] [1781169862.345867901] [gazebo_track_car]: camera traffic light is RED score=2019.9 area=3022px bbox=121x37px fill=0.68 center=(904,245)
[gazebo_track_car-2] [INFO] [1781169862.346148154] [gazebo_track_car]: camera traffic light ignored outside distance gate; state=red segment=flat_bottom_right_to_bottom_center_reverse gate<=1.70m nearby_target=- area=3022px bbox=121x37px center=(904,245)
[gazebo_track_car-2] [INFO] [1781169862.604017683] [gazebo_track_car]: camera_sign=camera_sign_turn_right source=camera kind=turn_right_sign maneuver=right score=0.51 area=1302px bbox=42x31px center=(948,189)
[gazebo_track_car-2] [INFO] [1781169862.635831864] [gazebo_track_car]: camera traffic light lost for 0.2s.
[gazebo_track_car-2] [INFO] [1781169862.701649932] [gazebo_track_car]: camera sign action blocked; no matching facing 3D sign is close enough; detected=turn_right_sign sign=camera_sign_turn_right detection_dist<=3.40m action_dist<=0.50m
[gazebo_track_car-2] [INFO] [1781169863.544819715] [gazebo_track_car]: MOTION pos=(-1.269,-1.435) yaw=+3.140 v=0.280 step_err=0.0221m/0.000rad track_err=0.0053m footprint=road:4.00px route=flat_bottom_right_to_bottom_center_reverse cmd_vel=(0.280,+0.002)
[gazebo_track_car-2] [WARN] [1781169865.353865951] [gazebo_track_car]: JITTER events=3 reasons=yaw_step_error=0.066rad pos=(-1.738,-1.431) step=0.0047/0.0232m yaw=0.006/0.072rad route=flat_bottom_right_to_bottom_center_reverse
[gazebo_track_car-2] [INFO] [1781169865.565784301] [gazebo_track_car]: MOTION pos=(-1.789,-1.421) yaw=+2.826 v=0.242 step_err=0.0233m/0.160rad track_err=0.0137m footprint=road:4.00px route=flat_bottom_right_corner_reverse cmd_vel=(0.243,-0.261)
[gazebo_track_car-2] [INFO] [1781169865.650104957] [gazebo_track_car]: route segment=flat_bottom_right_corner_reverse; previous=flat_bottom_right_to_bottom_center_reverse; distance=0.024m; decision=route/wheel_nearest: flat_bottom_right_corner_reverse
[gazebo_track_car-2] [INFO] [1781169866.572997447] [gazebo_track_car]: camera_sign=camera_sign_turn_right source=camera kind=turn_right_sign maneuver=right score=0.49 area=4472px bbox=43x104px center=(947,206)
[gazebo_track_car-2] [INFO] [1781169866.683051105] [gazebo_track_car]: camera sign action blocked; no matching facing 3D sign is close enough; detected=turn_right_sign sign=camera_sign_turn_right detection_dist<=3.40m action_dist<=0.50m
[gazebo_track_car-2] [INFO] [1781169866.937732976] [gazebo_track_car]: camera sign seen but action is waiting until closer; detected=turn_right_sign sign=camera_sign_turn_right scene_sign=palette_turn_right_03_yaw_270 sign_dist=1.454m action_dist<=0.50m
[gazebo_track_car-2] [INFO] [1781169867.148650796] [gazebo_track_car]: camera traffic light is RED score=75.9 area=85px bbox=20x7px fill=0.61 center=(814,209)
[gazebo_track_car-2] [INFO] [1781169867.148964011] [gazebo_track_car]: camera traffic light ignored outside distance gate; state=red segment=flat_bottom_right_corner_reverse gate<=1.70m nearby_target=- area=85px bbox=20x7px center=(814,209)
[gazebo_track_car-2] [WARN] [1781169867.268801767] [gazebo_track_car]: JITTER events=4 reasons=yaw_step_error=0.162rad pos=(-2.121,-1.270) step=0.0039/0.0192m yaw=0.012/0.174rad route=flat_right_mid_to_lower_reverse
[gazebo_track_car-2] [INFO] [1781169867.294701063] [gazebo_track_car]: camera traffic light ignored outside distance gate; state=red segment=flat_right_mid_to_lower_reverse gate<=1.70m nearby_target=- area=173px bbox=18x12px center=(756,216)
[gazebo_track_car-2] [INFO] [1781169867.356287471] [gazebo_track_car]: route segment=flat_right_mid_to_lower_reverse; previous=flat_bottom_right_corner_reverse; distance=0.020m; decision=route/wheel_nearest: flat_right_mid_to_lower_reverse
[gazebo_track_car-2] [INFO] [1781169867.569736182] [gazebo_track_car]: MOTION pos=(-2.155,-1.217) yaw=+1.823 v=0.213 step_err=0.0037m/0.011rad track_err=0.0247m footprint=road:5.39px route=flat_right_mid_to_lower_reverse cmd_vel=(0.215,-0.480)
[gazebo_track_car-2] [INFO] [1781169868.462034383] [gazebo_track_car]: camera traffic light lost for 0.2s.
[gazebo_track_car-2] [INFO] [1781169869.576280500] [gazebo_track_car]: MOTION pos=(-2.186,-0.705) yaw=+1.540 v=0.274 step_err=0.0206m/0.001rad track_err=0.0088m footprint=road:5.00px route=flat_right_mid_to_lower_reverse cmd_vel=(0.274,+0.037)
[gazebo_track_car-2] [INFO] [1781169870.171600342] [gazebo_track_car]: traffic light is now GREEN.
[gazebo_track_car-2] [INFO] [1781169870.222673548] [gazebo_track_car]: camera traffic light is GREEN score=58.5 area=68px bbox=8x10px fill=0.85 center=(622,234)
[gazebo_track_car-2] [INFO] [1781169870.433716812] [gazebo_track_car]: camera sign action blocked; no matching facing 3D sign is close enough; detected=turn_right_sign sign=camera_sign_turn_right detection_dist<=3.40m action_dist<=0.50m
[gazebo_track_car-2] [INFO] [1781169870.854320852] [gazebo_track_car]: camera_sign=camera_sign_turn_left source=camera kind=turn_left_sign maneuver=left score=0.46 area=855px bbox=19x45px center=(768,114)
[gazebo_track_car-2] [INFO] [1781169870.927356102] [gazebo_track_car]: camera_sign=camera_sign_turn_right source=camera kind=turn_right_sign maneuver=right score=0.48 area=61542px bbox=234x263px center=(862,157)
[gazebo_track_car-2] [INFO] [1781169871.598494532] [gazebo_track_car]: MOTION pos=(-2.179,-0.146) yaw=+1.574 v=0.280 step_err=0.0224m/0.000rad track_err=0.0056m footprint=road:5.00px route=flat_right_mid_to_lower_reverse cmd_vel=(0.280,-0.001)
[gazebo_track_car-2] [INFO] [1781169873.597404157] [gazebo_track_car]: MOTION pos=(-2.180,+0.412) yaw=+1.571 v=0.279 step_err=0.0232m/0.000rad track_err=0.0050m footprint=road:5.79px route=flat_right_mid_to_lower_reverse cmd_vel=(0.279,-0.006)
[gazebo_track_car-2] [INFO] [1781169873.793080016] [gazebo_track_car]: camera traffic light lost for 0.2s.
[gazebo_track_car-2] [INFO] [1781169874.297044054] [gazebo_track_car]: route segment=flat_right_top_to_mid_reverse; previous=flat_right_mid_to_lower_reverse; distance=0.021m; decision=route/default: flat_right_top_to_mid_reverse
[gazebo_track_car-2] [INFO] [1781169874.676554096] [gazebo_track_car]: camera traffic light is GREEN score=35.5 area=50px bbox=14x4px fill=0.89 center=(791,238)
[gazebo_track_car-2] [INFO] [1781169874.999169567] [gazebo_track_car]: camera traffic light lost for 0.2s.
[gazebo_track_car-2] [INFO] [1781169875.200828900] [gazebo_track_car]: traffic light is now YELLOW.
[gazebo_track_car-2] [INFO] [1781169875.606572932] [gazebo_track_car]: MOTION pos=(-2.180,+0.976) yaw=+1.569 v=0.280 step_err=0.0229m/0.000rad track_err=0.0050m footprint=road:5.00px route=flat_right_top_to_mid_reverse cmd_vel=(0.280,-0.001)
[gazebo_track_car-2] [INFO] [1781169876.206025066] [gazebo_track_car]: traffic light is now RED.
[gazebo_track_car-2] [INFO] [1781169877.631464241] [gazebo_track_car]: MOTION pos=(-2.180,+1.541) yaw=+1.571 v=0.279 step_err=0.0226m/0.000rad track_err=0.0056m footprint=road:5.00px route=flat_right_top_to_mid_reverse cmd_vel=(0.280,+0.002)
[gazebo_track_car-2] [WARN] [1781169878.654285554] [gazebo_track_car]: JITTER events=2 reasons=speed_delta=0.074m/s pos=(-2.180,+1.825) step=0.0046/0.0000m yaw=0.002/0.000rad route=flat_right_top_to_mid_reverse
[gazebo_track_car-2] [INFO] [1781169879.613136570] [gazebo_track_car]: camera_sign=camera_sign_parking source=camera kind=parking_sign maneuver=parking score=0.35 area=697px bbox=17x41px center=(955,331)
[gazebo_track_car-2] [WARN] [1781169879.638776425] [gazebo_track_car]: JITTER events=2 reasons=yaw_step_error=0.084rad pos=(-2.173,+2.039) step=0.0043/0.0221m yaw=0.010/0.094rad route=flat_right_top_to_mid_reverse
[gazebo_track_car-2] [INFO] [1781169879.639050406] [gazebo_track_car]: MOTION pos=(-2.173,+2.039) yaw=+1.129 v=0.219 step_err=0.0178m/0.084rad track_err=0.0080m footprint=road:4.20px route=flat_right_top_to_mid_reverse cmd_vel=(0.213,-0.482)
[gazebo_track_car-2] [INFO] [1781169879.716477658] [gazebo_track_car]: camera speed-limit candidate ignored as solid red lamp-like blob; segment=flat_right_top_to_mid_reverse component_bbox=23x28px red_fill=0.74
[gazebo_track_car-2] [INFO] [1781169879.727835167] [gazebo_track_car]: camera speed-limit candidate ignored as solid red lamp-like blob; segment=flat_right_top_to_mid_reverse component_bbox=40x34px red_fill=0.73
[gazebo_track_car-2] [INFO] [1781169879.783717857] [gazebo_track_car]: camera speed-limit candidate ignored as solid red lamp-like blob; segment=flat_top_right_corner_reverse component_bbox=55x39px red_fill=0.71
[gazebo_track_car-2] [INFO] [1781169879.824754158] [gazebo_track_car]: route segment=flat_top_right_corner_reverse; previous=flat_right_top_to_mid_reverse; distance=0.022m; decision=route/wheel_nearest: flat_top_right_corner_reverse
[gazebo_track_car-2] [INFO] [1781169879.832053100] [gazebo_track_car]: camera speed-limit candidate ignored as solid red lamp-like blob; segment=flat_top_right_corner_reverse component_bbox=71x39px red_fill=0.72
[gazebo_track_car-2] [INFO] [1781169879.837861433] [gazebo_track_car]: camera traffic light is RED score=2110.0 area=2256px bbox=84x37px fill=0.73 center=(919,175)
[gazebo_track_car-2] [INFO] [1781169879.838147036] [gazebo_track_car]: camera traffic light ignored outside distance gate; state=red segment=flat_top_right_corner_reverse gate<=1.70m nearby_target=- area=2256px bbox=84x37px center=(919,175)
[gazebo_track_car-2] [INFO] [1781169880.010422494] [gazebo_track_car]: camera_sign=camera_sign_turn_right source=camera kind=turn_right_sign maneuver=right score=0.47 area=319px bbox=11x29px center=(957,232)
[gazebo_track_car-2] [INFO] [1781169880.099342112] [gazebo_track_car]: camera sign action blocked; no matching facing 3D sign is close enough; detected=turn_right_sign sign=camera_sign_turn_right detection_dist<=3.40m action_dist<=0.50m
[gazebo_track_car-2] [WARN] [1781169880.868406643] [gazebo_track_car]: JITTER events=3 reasons=speed_delta=0.054m/s,yaw_rate_delta=0.474rad/s pos=(-2.017,+2.283) step=0.0044/0.0000m yaw=0.007/0.000rad route=flat_top_right_corner_reverse
[gazebo_track_car-2] [INFO] [1781169881.648986156] [gazebo_track_car]: MOTION pos=(-1.894,+2.405) yaw=+0.429 v=0.215 step_err=0.0166m/0.011rad track_err=0.0117m footprint=road:6.20px route=flat_top_right_corner_reverse cmd_vel=(0.211,-0.494)
[gazebo_track_car-2] [INFO] [1781169881.943932931] [gazebo_track_car]: camera traffic light ignored outside distance gate; state=red segment=flat_top_center_to_top_right_reverse gate<=1.70m nearby_target=palette_traffic_light_03_yaw_270 dist=1.73m forward=1.46m lateral=0.92m area=340px bbox=23x19px center=(609,203)
[gazebo_track_car-2] [WARN] [1781169881.949398991] [gazebo_track_car]: JITTER events=2 reasons=yaw_step_error=0.204rad pos=(-1.838,+2.438) step=0.0045/0.0221m yaw=0.008/0.212rad route=flat_top_center_to_top_right_reverse
[gazebo_track_car-2] [INFO] [1781169882.038981419] [gazebo_track_car]: route segment=flat_top_center_to_top_right_reverse; previous=flat_top_right_corner_reverse; distance=0.023m; decision=route/wheel_nearest: flat_top_center_to_top_right_reverse
[gazebo_track_car-2] [INFO] [1781169883.648917780] [gazebo_track_car]: MOTION pos=(-1.607,+2.485) yaw=+0.004 v=0.135 step_err=0.0105m/0.001rad track_err=0.0049m footprint=road:8.00px route=flat_top_center_to_top_right_reverse cmd_vel=(0.135,-0.044)
[gazebo_track_car-2] [INFO] [1781169884.250606458] [gazebo_track_car]: traffic light is now GREEN.
[gazebo_track_car-2] [INFO] [1781169884.297671971] [gazebo_track_car]: camera traffic light is GREEN score=305.6 area=333px bbox=21x20px fill=0.79 center=(556,230)
[gazebo_track_car-2] [WARN] [1781169884.392030129] [gazebo_track_car]: JITTER events=3 reasons=speed_delta=0.098m/s pos=(-1.504,+2.485) step=0.0039/0.0000m yaw=0.000/0.000rad route=flat_top_center_to_top_right_reverse
[gazebo_track_car-2] [INFO] [1781169885.673830416] [gazebo_track_car]: MOTION pos=(-1.148,+2.480) yaw=-0.005 v=0.278 step_err=0.0217m/0.000rad track_err=0.0056m footprint=road:8.00px route=flat_top_center_to_top_right_reverse cmd_vel=(0.278,+0.010)
[gazebo_track_car-2] [INFO] [1781169886.140426885] [gazebo_track_car]: camera_sign=camera_sign_turn_right source=camera kind=turn_right_sign maneuver=right score=0.46 area=580px bbox=20x29px center=(563,232)
[gazebo_track_car-2] [INFO] [1781169886.360803915] [gazebo_track_car]: camera sign action blocked; no matching facing 3D sign is close enough; detected=turn_right_sign sign=camera_sign_turn_right detection_dist<=3.40m action_dist<=0.50m
[gazebo_track_car-2] [INFO] [1781169887.569519487] [gazebo_track_car]: camera traffic light lost for 0.2s.
[gazebo_track_car-2] [INFO] [1781169887.677189690] [gazebo_track_car]: MOTION pos=(-0.589,+2.480) yaw=+0.002 v=0.280 step_err=0.0229m/0.000rad track_err=0.0053m footprint=road:8.00px route=flat_top_center_to_top_right_reverse cmd_vel=(0.279,-0.004)
[gazebo_track_car-2] [INFO] [1781169889.179858775] [gazebo_track_car]: traffic light is now YELLOW.
