[INFO] [launch]: All log files can be found below /home/quocbao/.ros/log/2026-06-10-13-05-42-343491-ubuntu-34853
[INFO] [launch]: Default logging verbosity is set to INFO
[INFO] [gzserver-1]: process started with pid [34855]
[INFO] [gazebo_track_car-2]: process started with pid [34857]
[gazebo_track_car-2] [INFO] [1781121942.920180329] [gazebo_track_car]: [MAP_TRANSFORM] image=256x256 path=/home/quocbao/my_robot_vision_full_project/my_robot_vision/models/autonomous_map_3d/materials/textures/autonomous_map_visual.png map_size=6.000x6.000m px_per_m_x=42.667 px_per_m_y=42.667 route_offset=(+0.000,+0.300)m map_visual_offset=(+0.000,+0.300)m
[gazebo_track_car-2] [INFO] [1781121943.049874399] [gazebo_track_car]: [FOOTPRINT_CHECK] samples=1588 center_off_road=0 center_outside_safe=1005 failures=0 min_footprint_clearance=3.20px footprint=front:0.165m rear:0.145m half_width:0.115m
[gazebo_track_car-2] [INFO] [1781121943.050144609] [gazebo_track_car]: [FOOTPRINT_CHECK] overlays=/tmp/gazebo_route_mask_debug.png, /tmp/gazebo_route_centerline_debug.png, /tmp/gazebo_route_footprint_debug.png
[gazebo_track_car-2] [INFO] [1781121943.122305713] [gazebo_track_car]: SAFE_ROUTE_VERSION=semantic_parking_spawn_turn_guard_v31; direction=reversed to match map arrows; clearance=12px; drive_wheels=True; route_offset=(+0.000,+0.300)m; start_distance=0.000m; route_explore=False branch_probability=0.00; sign_detection=camera action_dist<=0.95m parking_action_dist<=1.35m roi=0.08-0.82; map_visual_offset=(+0.000,+0.300)m; base_speed=0.28m/s speed_limit=0.14m/s; traffic_light=cycle state=green green=5.0s yellow=1.0s red=8.0s trigger_distance=1.70m stop_distance=0.85m min_stop=2.0s camera=on topic=/track_preview_car/camera/image_raw fill>=0.42 slow_area>=45px stop_area>=160px distance_gate=on; camera_sign_templates=5 sign_score>=0.32 sign_stable=2; parking_auto_route=False; wheel_controller lookahead=0.32m parking_lookahead=0.20m heading_gain=3.80 max_wz=2.80rad/s rotate_heading>1.05rad; nearest_route=True nearest_dist<=0.65m; yaw_limits=1.80rad/s/4.00rad/s2; route_rejoin=False outer_only=True cmd_error>0.30m max_route_dist=0.55m; progress_sync=True cmd_error>0.06m route_dist<=0.20m yaw<=1.20rad; initial_pose_reset=True override=True tol=0.12m/0.35rad; segments=19; route_points=39.
[gazebo_track_car-2] [INFO] [1781121943.122645214] [gazebo_track_car]: Motion log uses /model_states and /track_preview_car/cmd_vel: MOTION every 2.00s, JITTER at most every 1.00s, verbose=False; jitter thresholds xy_step_delta=0.0060m, cmd_error=0.050m, z_delta=0.0005m, tilt=0.0030rad, speed_delta=0.030m/s, yaw_step_error=0.025rad, yaw_rate_delta=0.400rad/s.
[gzserver-1] [INFO] [1781121944.631158881] [track_preview_car.front_camera_controller]: Publishing camera info to [/track_preview_car/camera/camera_info]
[gzserver-1] [INFO] [1781121944.642841635] [gazebo_ros_state]: Publishing states of gazebo models at [/model_states]
[gzserver-1] [INFO] [1781121944.643102197] [gazebo_ros_state]: Publishing states of gazebo links at [/link_states]
[gzserver-1] [INFO] [1781121944.656298640] [track_preview_car.track_preview_car_diff_drive]: Wheel pair 1 separation set to [0.176000m]
[gzserver-1] [INFO] [1781121944.656348033] [track_preview_car.track_preview_car_diff_drive]: Wheel pair 1 diameter set to [0.060000m]
[gzserver-1] [INFO] [1781121944.657183969] [track_preview_car.track_preview_car_diff_drive]: Subscribed to [/track_preview_car/cmd_vel]
[gzserver-1] [INFO] [1781121944.657993337] [track_preview_car.track_preview_car_diff_drive]: Advertise odometry on [/track_preview_car/odom]
[gazebo_track_car-2] [INFO] [1781121944.689836817] [gazebo_track_car]: initial pose reset to configured route start; actual=(+0.765,+2.480) yaw=-0.000 target=(-1.773,+2.498) yaw=+0.003 error=2.538m/0.003rad segment=flat_top_center_to_top_right_reverse
[gazebo_track_car-2] [INFO] [1781121944.735381115] [gazebo_track_car]: traffic light is now RED.
[gazebo_track_car-2] [WARN] [1781121944.737898409] [gazebo_track_car]: Waiting for /model_states pose before publishing wheel commands.
[gazebo_track_car-2] [INFO] [1781121944.741093303] [gazebo_track_car]: wheel controller synced route progress from initial model pose; segment=flat_top_center_to_top_right_reverse@0.032m route_dist=0.018m startup_gate=1.250m
[gazebo_track_car-2] [INFO] [1781121944.741557460] [gazebo_track_car]: MOTION pos=(-1.773,+2.498) yaw=+0.003 v=0.000 step_err=0.0000m/0.000rad track_err=0.0000m footprint=road:8.00px route=flat_top_center_to_top_right_reverse cmd_vel=(0.000,+0.000)
[gazebo_track_car-2] [WARN] [1781121944.766222632] [gazebo_track_car]: JITTER events=1 reasons=z_delta=0.0095m pos=(-1.773,+2.498) step=0.0000/0.0000m yaw=0.000/0.000rad route=flat_top_center_to_top_right_reverse
[gazebo_track_car-2] [INFO] [1781121944.971331421] [gazebo_track_car]: camera_sign=camera_sign_turn_right source=camera kind=turn_right_sign maneuver=right score=0.50 area=2650px bbox=50x53px center=(559,224)
[gazebo_track_car-2] [INFO] [1781121944.985469900] [gazebo_track_car]: camera traffic light is GREEN score=6975.6 area=21979px bbox=422x106px fill=0.49 center=(712,345)
[gazebo_track_car-2] [INFO] [1781121945.025584112] [gazebo_track_car]: armed preview maneuver 'right' from camera sign camera_sign_turn_right; scene_sign=palette_turn_right_03_yaw_270 sign_dist=1.604m action_dist<=0.95m next_branch=5.63m
[gazebo_track_car-2] [INFO] [1781121945.025847650] [gazebo_track_car]: camera sign seen but action is waiting until closer; detected=turn_right_sign sign=camera_sign_turn_right scene_sign=palette_turn_right_03_yaw_270 sign_dist=1.604m action_dist<=0.95m
[gazebo_track_car-2] [INFO] [1781121945.114648870] [gazebo_track_car]: camera_sign=camera_sign_turn_left source=camera kind=turn_left_sign maneuver=left score=0.55 area=1248px bbox=48x26px center=(943,232)
[gazebo_track_car-2] [INFO] [1781121945.148713966] [gazebo_track_car]: camera_sign=camera_sign_turn_right source=camera kind=turn_right_sign maneuver=right score=0.53 area=1352px bbox=52x26px center=(941,232)
[gazebo_track_car-2] [INFO] [1781121945.439240183] [gazebo_track_car]: camera traffic light lost for 0.2s.
[gazebo_track_car-2] [INFO] [1781121945.536767964] [gazebo_track_car]: camera traffic light is GREEN score=35.8 area=119px bbox=23x6px fill=0.86 center=(538,287)
[gazebo_track_car-2] [INFO] [1781121946.854610874] [gazebo_track_car]: MOTION pos=(-1.242,+2.480) yaw=-0.011 v=0.274 step_err=0.0201m/0.001rad track_err=0.0063m footprint=road:8.00px route=flat_top_center_to_top_right_reverse cmd_vel=(0.275,+0.030)
[gazebo_track_car-2] [INFO] [1781121948.857078438] [gazebo_track_car]: MOTION pos=(-0.685,+2.480) yaw=+0.003 v=0.278 step_err=0.0056m/0.000rad track_err=0.0331m footprint=road:8.00px route=flat_top_center_to_top_right_reverse cmd_vel=(0.279,-0.009)
[gazebo_track_car-2] [INFO] [1781121949.011666233] [gazebo_track_car]: camera turn sign ignored as left/right ambiguous; segment=flat_top_center_to_top_right_reverse best=camera_sign_turn_left:0.50 opposite=turn_right_sign:0.48
[gazebo_track_car-2] [INFO] [1781121949.015236586] [gazebo_track_car]: camera turn sign ignored as left/right ambiguous; segment=flat_top_center_to_top_right_reverse best=camera_sign_turn_right:0.48 opposite=turn_left_sign:0.48
[gazebo_track_car-2] [INFO] [1781121949.015505353] [gazebo_track_car]: camera_sign=camera_sign_turn_left source=camera kind=turn_left_sign maneuver=left score=0.46 area=780px bbox=20x39px center=(876,71)
[gazebo_track_car-2] [INFO] [1781121949.066932098] [gazebo_track_car]: camera turn sign ignored as left/right ambiguous; segment=flat_top_center_to_top_right_reverse best=camera_sign_turn_left:0.48 opposite=turn_right_sign:0.46
[gazebo_track_car-2] [INFO] [1781121949.077633478] [gazebo_track_car]: camera turn sign ignored as left/right ambiguous; segment=flat_top_center_to_top_right_reverse best=camera_sign_turn_right:0.48 opposite=turn_left_sign:0.47
[gazebo_track_car-2] [INFO] [1781121949.077928656] [gazebo_track_car]: camera_sign=camera_sign_go_straight source=camera kind=go_straight_sign maneuver=straight score=0.44 area=25440px bbox=96x265px center=(928,165)
[gazebo_track_car-2] [INFO] [1781121949.115120647] [gazebo_track_car]: camera_sign=camera_sign_turn_left source=camera kind=turn_left_sign maneuver=left score=0.44 area=6519px bbox=53x123px center=(889,174)
[gazebo_track_car-2] [INFO] [1781121949.213315428] [gazebo_track_car]: camera turn sign ignored as left/right ambiguous; segment=flat_top_center_to_top_right_reverse best=camera_sign_turn_left:0.44 opposite=turn_right_sign:0.41
[gazebo_track_car-2] [INFO] [1781121949.220713019] [gazebo_track_car]: camera turn sign ignored as left/right ambiguous; segment=flat_top_center_to_top_right_reverse best=camera_sign_turn_right:0.48 opposite=turn_left_sign:0.47
[gazebo_track_car-2] [INFO] [1781121949.251623978] [gazebo_track_car]: camera turn sign ignored as left/right ambiguous; segment=flat_top_center_to_top_right_reverse best=camera_sign_turn_left:0.47 opposite=turn_right_sign:0.44
[gazebo_track_car-2] [INFO] [1781121949.333005465] [gazebo_track_car]: camera turn sign ignored as left/right ambiguous; segment=flat_top_center_to_top_right_reverse best=camera_sign_turn_right:0.48 opposite=turn_left_sign:0.48
[gazebo_track_car-2] [INFO] [1781121949.354431410] [gazebo_track_car]: camera turn sign ignored as left/right ambiguous; segment=flat_top_center_to_top_right_reverse best=camera_sign_turn_left:0.48 opposite=turn_right_sign:0.47
[gazebo_track_car-2] [INFO] [1781121949.366902283] [gazebo_track_car]: camera turn sign ignored as left/right ambiguous; segment=flat_top_center_to_top_right_reverse best=camera_sign_turn_right:0.48 opposite=turn_left_sign:0.48
[gazebo_track_car-2] [INFO] [1781121949.460328328] [gazebo_track_car]: traffic light is now GREEN.
[gazebo_track_car-2] [INFO] [1781121949.528428502] [gazebo_track_car]: camera turn sign ignored as left/right ambiguous; segment=flat_top_center_to_top_right_reverse best=camera_sign_turn_left:0.48 opposite=turn_right_sign:0.48
[gazebo_track_car-2] [INFO] [1781121949.623715672] [gazebo_track_car]: camera turn sign ignored as left/right ambiguous; segment=flat_top_center_to_top_right_reverse best=camera_sign_turn_right:0.49 opposite=turn_left_sign:0.48
[gazebo_track_car-2] [INFO] [1781121949.645146586] [gazebo_track_car]: camera turn sign ignored as left/right ambiguous; segment=flat_top_center_to_top_right_reverse best=camera_sign_turn_left:0.48 opposite=turn_right_sign:0.48
[gazebo_track_car-2] [INFO] [1781121949.666799450] [gazebo_track_car]: camera turn sign ignored as left/right ambiguous; segment=flat_top_center_to_top_right_reverse best=camera_sign_turn_right:0.48 opposite=turn_left_sign:0.48
[gazebo_track_car-2] [INFO] [1781121949.732884959] [gazebo_track_car]: camera turn sign ignored as left/right ambiguous; segment=flat_top_center_to_top_right_reverse best=camera_sign_turn_left:0.49 opposite=turn_right_sign:0.49
[gazebo_track_car-2] [INFO] [1781121949.765701757] [gazebo_track_car]: camera turn sign ignored as left/right ambiguous; segment=flat_top_center_to_top_right_reverse best=camera_sign_turn_right:0.49 opposite=turn_left_sign:0.48
[gazebo_track_car-2] [INFO] [1781121949.811648783] [gazebo_track_car]: camera turn sign ignored as left/right ambiguous; segment=flat_top_center_to_top_right_reverse best=camera_sign_turn_left:0.48 opposite=turn_right_sign:0.48
[gazebo_track_car-2] [INFO] [1781121949.846905749] [gazebo_track_car]: camera turn sign ignored as left/right ambiguous; segment=flat_top_center_to_top_right_reverse best=camera_sign_turn_right:0.50 opposite=turn_left_sign:0.49
[gazebo_track_car-2] [INFO] [1781121949.870020965] [gazebo_track_car]: camera turn sign ignored as left/right ambiguous; segment=flat_top_center_to_top_right_reverse best=camera_sign_turn_left:0.48 opposite=turn_right_sign:0.47
[gazebo_track_car-2] [INFO] [1781121949.913123448] [gazebo_track_car]: camera turn sign ignored as left/right ambiguous; segment=flat_top_center_to_top_right_reverse best=camera_sign_turn_right:0.49 opposite=turn_left_sign:0.48
[gazebo_track_car-2] [INFO] [1781121949.933502636] [gazebo_track_car]: camera turn sign ignored as left/right ambiguous; segment=flat_top_center_to_top_right_reverse best=camera_sign_turn_left:0.48 opposite=turn_right_sign:0.48
[gazebo_track_car-2] [INFO] [1781121949.991684699] [gazebo_track_car]: camera turn sign ignored as left/right ambiguous; segment=flat_top_center_to_top_right_reverse best=camera_sign_turn_right:0.49 opposite=turn_left_sign:0.48
[gazebo_track_car-2] [INFO] [1781121950.043791398] [gazebo_track_car]: camera turn sign ignored as left/right ambiguous; segment=flat_top_center_to_top_right_reverse best=camera_sign_turn_left:0.47 opposite=turn_right_sign:0.47
[gazebo_track_car-2] [INFO] [1781121950.089039093] [gazebo_track_car]: camera turn sign ignored as left/right ambiguous; segment=flat_top_center_to_top_right_reverse best=camera_sign_turn_right:0.47 opposite=turn_left_sign:0.47
[gazebo_track_car-2] [INFO] [1781121950.123465461] [gazebo_track_car]: camera turn sign ignored as left/right ambiguous; segment=flat_top_center_to_top_right_reverse best=camera_sign_turn_left:0.48 opposite=turn_right_sign:0.48
[gazebo_track_car-2] [INFO] [1781121950.214124330] [gazebo_track_car]: camera turn sign ignored as left/right ambiguous; segment=flat_top_center_to_top_right_reverse best=camera_sign_turn_right:0.48 opposite=turn_left_sign:0.48
[gazebo_track_car-2] [INFO] [1781121950.279043867] [gazebo_track_car]: camera turn sign ignored as left/right ambiguous; segment=flat_top_center_to_top_right_reverse best=camera_sign_turn_left:0.48 opposite=turn_right_sign:0.47
[gazebo_track_car-2] [INFO] [1781121950.284473902] [gazebo_track_car]: camera turn sign ignored as left/right ambiguous; segment=flat_top_center_to_top_right_reverse best=camera_sign_turn_right:0.48 opposite=turn_left_sign:0.48
[gazebo_track_car-2] [INFO] [1781121950.302170133] [gazebo_track_car]: camera turn sign ignored as left/right ambiguous; segment=flat_top_center_to_top_right_reverse best=camera_sign_turn_left:0.48 opposite=turn_right_sign:0.48
[gazebo_track_car-2] [INFO] [1781121950.368068580] [gazebo_track_car]: camera turn sign ignored as left/right ambiguous; segment=flat_top_center_to_top_right_reverse best=camera_sign_turn_right:0.48 opposite=turn_left_sign:0.48
[gazebo_track_car-2] [INFO] [1781121950.379160527] [gazebo_track_car]: camera turn sign ignored as left/right ambiguous; segment=flat_top_center_to_top_right_reverse best=camera_sign_turn_left:0.48 opposite=turn_right_sign:0.48
[gazebo_track_car-2] [INFO] [1781121950.423506620] [gazebo_track_car]: camera turn sign ignored as left/right ambiguous; segment=flat_top_center_to_top_right_reverse best=camera_sign_turn_right:0.48 opposite=turn_left_sign:0.48
[gazebo_track_car-2] [INFO] [1781121950.456566767] [gazebo_track_car]: camera turn sign ignored as left/right ambiguous; segment=flat_top_center_to_top_right_reverse best=camera_sign_turn_left:0.49 opposite=turn_right_sign:0.48
[gazebo_track_car-2] [INFO] [1781121950.514781713] [gazebo_track_car]: camera turn sign ignored as left/right ambiguous; segment=flat_top_center_to_top_right_reverse best=camera_sign_turn_right:0.48 opposite=turn_left_sign:0.48
[gazebo_track_car-2] [INFO] [1781121950.559515016] [gazebo_track_car]: camera turn sign ignored as left/right ambiguous; segment=flat_top_center_to_top_right_reverse best=camera_sign_turn_left:0.47 opposite=turn_right_sign:0.47
[gazebo_track_car-2] [INFO] [1781121950.652709734] [gazebo_track_car]: camera turn sign ignored as left/right ambiguous; segment=flat_top_center_to_top_right_reverse best=camera_sign_turn_right:0.48 opposite=turn_left_sign:0.47
[gazebo_track_car-2] [INFO] [1781121950.704856679] [gazebo_track_car]: camera turn sign ignored as left/right ambiguous; segment=flat_top_center_to_top_right_reverse best=camera_sign_turn_left:0.47 opposite=turn_right_sign:0.47
[gazebo_track_car-2] [INFO] [1781121950.880378640] [gazebo_track_car]: camera turn sign ignored as left/right ambiguous; segment=flat_top_center_to_top_right_reverse best=camera_sign_turn_right:0.48 opposite=turn_left_sign:0.48
[gazebo_track_car-2] [INFO] [1781121950.881931102] [gazebo_track_car]: MOTION pos=(-0.122,+2.480) yaw=-0.000 v=0.279 step_err=0.0212m/0.000rad track_err=0.0059m footprint=road:8.00px route=flat_top_center_to_top_right_reverse cmd_vel=(0.279,-0.005)
[gazebo_track_car-2] [INFO] [1781121950.993570696] [gazebo_track_car]: camera turn sign ignored as left/right ambiguous; segment=flat_top_center_to_top_right_reverse best=camera_sign_turn_left:0.46 opposite=turn_right_sign:0.46
[gazebo_track_car-2] [INFO] [1781121951.030600720] [gazebo_track_car]: camera turn sign ignored as left/right ambiguous; segment=flat_top_center_to_top_right_reverse best=camera_sign_turn_right:0.48 opposite=turn_left_sign:0.48
[gazebo_track_car-2] [INFO] [1781121951.037973104] [gazebo_track_car]: camera turn sign ignored as left/right ambiguous; segment=flat_top_center_to_top_right_reverse best=camera_sign_turn_left:0.47 opposite=turn_right_sign:0.47
[gazebo_track_car-2] [INFO] [1781121951.082066389] [gazebo_track_car]: camera turn sign ignored as left/right ambiguous; segment=flat_top_center_to_top_right_reverse best=camera_sign_turn_right:0.47 opposite=turn_left_sign:0.47
[gazebo_track_car-2] [INFO] [1781121951.115811540] [gazebo_track_car]: camera turn sign ignored as left/right ambiguous; segment=flat_top_center_to_top_right_reverse best=camera_sign_turn_left:0.47 opposite=turn_right_sign:0.47
[gazebo_track_car-2] [INFO] [1781121951.173324791] [gazebo_track_car]: camera turn sign ignored as left/right ambiguous; segment=flat_top_center_to_top_right_reverse best=camera_sign_turn_right:0.47 opposite=turn_left_sign:0.47
[gazebo_track_car-2] [INFO] [1781121951.216798665] [gazebo_track_car]: camera turn sign ignored as left/right ambiguous; segment=flat_top_center_to_top_right_reverse best=camera_sign_turn_left:0.47 opposite=turn_right_sign:0.47
[gazebo_track_car-2] [INFO] [1781121951.293714098] [gazebo_track_car]: camera turn sign ignored as left/right ambiguous; segment=flat_top_center_to_top_right_reverse best=camera_sign_turn_right:0.48 opposite=turn_left_sign:0.48
[gazebo_track_car-2] [INFO] [1781121951.351161664] [gazebo_track_car]: camera turn sign ignored as left/right ambiguous; segment=flat_top_center_to_top_right_reverse best=camera_sign_turn_left:0.47 opposite=turn_right_sign:0.47
[gazebo_track_car-2] [INFO] [1781121951.407233130] [gazebo_track_car]: camera turn sign ignored as left/right ambiguous; segment=flat_top_center_to_top_right_reverse best=camera_sign_turn_right:0.47 opposite=turn_left_sign:0.47
[gazebo_track_car-2] [INFO] [1781121951.457003397] [gazebo_track_car]: camera turn sign ignored as left/right ambiguous; segment=flat_top_center_to_top_right_reverse best=camera_sign_turn_left:0.48 opposite=turn_right_sign:0.48
[gazebo_track_car-2] [INFO] [1781121951.555112316] [gazebo_track_car]: camera turn sign ignored as left/right ambiguous; segment=flat_top_center_to_top_right_reverse best=camera_sign_turn_right:0.48 opposite=turn_left_sign:0.48
[gazebo_track_car-2] [INFO] [1781121951.627352509] [gazebo_track_car]: camera turn sign ignored as left/right ambiguous; segment=flat_top_center_to_top_right_reverse best=camera_sign_turn_left:0.47 opposite=turn_right_sign:0.46
[gazebo_track_car-2] [INFO] [1781121951.715166115] [gazebo_track_car]: camera turn sign ignored as left/right ambiguous; segment=flat_top_center_to_top_right_reverse best=camera_sign_turn_right:0.47 opposite=turn_left_sign:0.47
[gazebo_track_car-2] [INFO] [1781121951.784695518] [gazebo_track_car]: camera turn sign ignored as left/right ambiguous; segment=flat_top_center_to_top_right_reverse best=camera_sign_turn_left:0.47 opposite=turn_right_sign:0.47
[gazebo_track_car-2] [INFO] [1781121952.125461290] [gazebo_track_car]: camera turn sign ignored as left/right ambiguous; segment=flat_top_center_to_top_right_reverse best=camera_sign_turn_right:0.47 opposite=turn_left_sign:0.47
[gazebo_track_car-2] [INFO] [1781121952.159053853] [gazebo_track_car]: camera turn sign ignored as left/right ambiguous; segment=flat_top_center_to_top_right_reverse best=camera_sign_turn_left:0.47 opposite=turn_right_sign:0.47
[gazebo_track_car-2] [INFO] [1781121952.886435581] [gazebo_track_car]: MOTION pos=(+0.437,+2.480) yaw=-0.001 v=0.279 step_err=0.0226m/0.000rad track_err=0.0056m footprint=road:9.00px route=flat_top_center_to_top_right_reverse cmd_vel=(0.280,+0.003)
[gazebo_track_car-2] [INFO] [1781121952.976361505] [gazebo_track_car]: camera_sign=camera_sign_go_straight source=camera kind=go_straight_sign maneuver=straight score=0.43 area=5056px bbox=79x64px center=(679,219)
[gazebo_track_car-2] [INFO] [1781121953.139247593] [gazebo_track_car]: camera_sign=camera_sign_turn_right source=camera kind=turn_right_sign maneuver=right score=0.46 area=5632px bbox=88x64px center=(688,218)
[gazebo_track_car-2] [INFO] [1781121953.180056195] [gazebo_track_car]: route segment=flat_top_left_to_top_center_reverse; previous=flat_top_center_to_top_right_reverse; distance=0.029m; decision=route/wheel_nearest: flat_top_left_to_top_center_reverse
[gazebo_track_car-2] [INFO] [1781121953.217148097] [gazebo_track_car]: camera sign ignored because scene sign context disagrees; detected=turn_right_sign scene_ahead=go_straight_sign
[gazebo_track_car-2] [WARN] [1781121954.145593415] [gazebo_track_car]: JITTER events=5 reasons=cmd_xy_error=0.0500m pos=(+0.789,+2.480) step=0.0056/0.0000m yaw=0.000/0.000rad route=flat_top_left_to_top_center_reverse
[gazebo_track_car-2] [INFO] [1781121954.192649355] [gazebo_track_car]: ROUTE_PROGRESS_SYNC actual=(+0.800,+2.480) cmd_error=0.061m route_dist=0.000m yaw_error=0.000rad segment=flat_top_left_to_top_center_reverse@0.246m->flat_top_left_to_top_center_reverse@0.308m
[gazebo_track_car-2] [INFO] [1781121954.486794740] [gazebo_track_car]: camera sign action allowed by route branch context; detected=turn_right_sign sign=camera_sign_turn_right next_branch=3.01m area=16960px matching 3D sign is not route-adjacent
[gazebo_track_car-2] [INFO] [1781121954.493701354] [gazebo_track_car]: traffic light is now YELLOW.
[gazebo_track_car-2] [INFO] [1781121954.650485348] [gazebo_track_car]: camera_sign=camera_sign_turn_left source=camera kind=turn_left_sign maneuver=left score=0.45 area=20315px bbox=239x85px center=(848,189)
[gazebo_track_car-2] [INFO] [1781121954.739743982] [gazebo_track_car]: camera sign action blocked; no matching facing 3D sign is close enough; detected=turn_left_sign sign=camera_sign_turn_left detection_dist<=3.40m action_dist<=0.95m
[gazebo_track_car-2] [INFO] [1781121954.906322234] [gazebo_track_car]: MOTION pos=(+1.002,+2.480) yaw=+0.000 v=0.280 step_err=0.0218m/0.000rad track_err=0.0062m footprint=road:8.00px route=flat_top_left_to_top_center_reverse cmd_vel=(0.280,+0.000)
[gazebo_track_car-2] [INFO] [1781121955.079944839] [gazebo_track_car]: camera_sign=camera_sign_turn_right source=camera kind=turn_right_sign maneuver=right score=0.43 area=15865px bbox=167x95px center=(893,177)
[gazebo_track_car-2] [INFO] [1781121955.184145242] [gazebo_track_car]: camera sign action allowed by route branch context; detected=turn_right_sign sign=camera_sign_turn_right next_branch=2.81m area=12870px matching 3D sign is not route-adjacent
[gazebo_track_car-2] [INFO] [1781121955.493238498] [gazebo_track_car]: traffic light is now RED.
[gazebo_track_car-2] [INFO] [1781121955.593674139] [gazebo_track_car]: camera traffic light lost for 0.2s.
[gazebo_track_car-2] [WARN] [1781121956.828529411] [gazebo_track_car]: JITTER events=2 reasons=speed_delta=0.042m/s pos=(+1.537,+2.480) step=0.0049/0.0000m yaw=0.004/0.000rad route=flat_top_left_to_top_center_reverse
[gazebo_track_car-2] [INFO] [1781121956.911018200] [gazebo_track_car]: MOTION pos=(+1.558,+2.481) yaw=-0.014 v=0.261 step_err=0.0208m/0.058rad track_err=0.0057m footprint=road:8.00px route=flat_top_left_to_top_center_reverse cmd_vel=(0.239,-0.283)
[gazebo_track_car-2] [INFO] [1781121957.679702655] [gazebo_track_car]: camera traffic light is YELLOW score=324.0 area=810px bbox=41x32px fill=0.62 center=(911,309)
[gazebo_track_car-2] [INFO] [1781121957.679992763] [gazebo_track_car]: camera traffic light ignored outside distance gate; state=yellow segment=flat_top_left_to_top_center_reverse gate<=1.70m nearby_target=- area=810px bbox=41x32px center=(911,309)
[gazebo_track_car-2] [WARN] [1781121957.809999645] [gazebo_track_car]: JITTER events=10 reasons=yaw_step_error=0.049rad pos=(+1.753,+2.476) step=0.0042/0.0211m yaw=0.011/0.059rad route=flat_top_left_to_top_center_reverse
[gazebo_track_car-2] [INFO] [1781121957.822629208] [gazebo_track_car]: camera traffic light is GREEN score=843.0 area=2720px bbox=87x42px fill=0.74 center=(918,310)
[gazebo_track_car-2] [INFO] [1781121957.830303441] [gazebo_track_car]: camera_sign=camera_sign_turn_left source=camera kind=turn_left_sign maneuver=left score=0.49 area=494px bbox=19x26px center=(918,232)
[gazebo_track_car-2] [INFO] [1781121957.887418660] [gazebo_track_car]: camera_sign=camera_sign_turn_right source=camera kind=turn_right_sign maneuver=right score=0.47 area=4830px bbox=42x115px center=(947,199)
[gazebo_track_car-2] [INFO] [1781121958.015675136] [gazebo_track_car]: camera sign action allowed by route branch context; detected=turn_right_sign sign=camera_sign_turn_right next_branch=2.04m area=15648px matching 3D sign is not route-adjacent
[gazebo_track_car-2] [INFO] [1781121958.108086756] [gazebo_track_car]: route segment=flat_top_left_corner_reverse; previous=flat_top_left_to_top_center_reverse; distance=0.022m; decision=route/wheel_nearest: flat_top_left_corner_reverse
[gazebo_track_car-2] [INFO] [1781121958.347628166] [gazebo_track_car]: camera_sign=camera_sign_turn_left source=camera kind=turn_left_sign maneuver=left score=0.45 area=27477px bbox=213x129px center=(872,174)
[gazebo_track_car-2] [INFO] [1781121958.453626075] [gazebo_track_car]: camera sign action blocked; no matching facing 3D sign is close enough; detected=turn_left_sign sign=camera_sign_turn_left detection_dist<=3.40m action_dist<=0.95m
[gazebo_track_car-2] [INFO] [1781121958.930942039] [gazebo_track_car]: MOTION pos=(+1.973,+2.339) yaw=-0.810 v=0.257 step_err=0.0161m/0.003rad track_err=0.0137m footprint=road:5.60px route=flat_top_left_corner_reverse cmd_vel=(0.260,-0.137)
[gazebo_track_car-2] [WARN] [1781121959.051436617] [gazebo_track_car]: JITTER events=4 reasons=speed_delta=0.033m/s pos=(+1.995,+2.318) step=0.0046/0.0000m yaw=0.007/0.000rad route=flat_top_left_corner_reverse
[gazebo_track_car-2] [INFO] [1781121959.387062293] [gazebo_track_car]: camera_sign=camera_sign_go_straight source=camera kind=go_straight_sign maneuver=straight score=0.47 area=36582px bbox=273x134px center=(850,178)
[gazebo_track_car-2] [INFO] [1781121959.507528838] [gazebo_track_car]: camera_sign=camera_sign_turn_right source=camera kind=turn_right_sign maneuver=right score=0.45 area=37224px bbox=282x132px center=(822,182)
[gazebo_track_car-2] [WARN] [1781121960.034204534] [gazebo_track_car]: JITTER events=10 reasons=yaw_step_error=0.049rad pos=(+2.134,+2.153) step=0.0044/0.0226m yaw=0.009/0.058rad route=flat_top_left_corner_reverse
[gazebo_track_car-2] [INFO] [1781121960.219105460] [gazebo_track_car]: route segment=flat_left_mid_to_top_reverse; previous=flat_top_left_corner_reverse; distance=0.022m; decision=route/wheel_nearest: flat_left_mid_to_top_reverse
[gazebo_track_car-2] [INFO] [1781121960.932317261] [gazebo_track_car]: MOTION pos=(+2.185,+1.945) yaw=-1.539 v=0.255 step_err=0.0202m/0.004rad track_err=0.0077m footprint=road:6.00px route=flat_left_mid_to_top_reverse cmd_vel=(0.257,-0.152)
[gazebo_track_car-2] [INFO] [1781121961.957586479] [gazebo_track_car]: camera_sign=camera_sign_turn_left source=camera kind=turn_left_sign maneuver=left score=0.56 area=741px bbox=19x39px center=(752,148)
[gazebo_track_car-2] [INFO] [1781121962.013017606] [gazebo_track_car]: camera_sign=camera_sign_turn_right source=camera kind=turn_right_sign maneuver=right score=0.51 area=58696px bbox=253x232px center=(842,141)
[gazebo_track_car-2] [INFO] [1781121962.288001722] [gazebo_track_car]: camera sign action allowed by route branch context; detected=turn_right_sign sign=camera_sign_turn_right next_branch=1.01m area=18746px matching 3D sign is not route-adjacent
[gazebo_track_car-2] [INFO] [1781121962.344132314] [gazebo_track_car]: camera_sign=camera_sign_turn_left source=camera kind=turn_left_sign maneuver=left score=0.47 area=1125px bbox=25x45px center=(895,241)
[gazebo_track_car-2] [INFO] [1781121962.352063964] [gazebo_track_car]: camera_sign=camera_sign_turn_right source=camera kind=turn_right_sign maneuver=right score=0.41 area=2040px bbox=34x60px center=(921,242)
[gazebo_track_car-2] [INFO] [1781121962.939308182] [gazebo_track_car]: MOTION pos=(+2.180,+1.398) yaw=-1.579 v=0.276 step_err=0.0216m/0.000rad track_err=0.0061m footprint=road:6.00px route=flat_left_mid_to_top_reverse cmd_vel=(0.277,+0.019)
[gazebo_track_car-2] [INFO] [1781121963.435407793] [gazebo_track_car]: traffic light is now GREEN.
[gazebo_track_car-2] [WARN] [1781121964.379832388] [gazebo_track_car]: JITTER events=3 reasons=speed_delta=0.067m/s pos=(+2.179,+0.998) step=0.0046/0.0000m yaw=0.002/0.000rad route=flat_left_mid_to_top_reverse
[gazebo_track_car-2] [INFO] [1781121964.961003998] [gazebo_track_car]: MOTION pos=(+2.179,+0.887) yaw=-1.571 v=0.145 step_err=0.0115m/0.000rad track_err=0.0034m footprint=road:7.99px route=flat_left_mid_to_top_reverse cmd_vel=(0.132,-0.076)
[gazebo_track_car-2] [WARN] [1781121965.360705891] [gazebo_track_car]: JITTER events=5 reasons=yaw_step_error=0.038rad pos=(+2.184,+0.840) step=0.0021/0.0104m yaw=0.006/0.043rad route=flat_left_mid_to_top_reverse
[gazebo_track_car-2] [WARN] [1781121966.360488989] [gazebo_track_car]: JITTER events=10 reasons=yaw_step_error=0.031rad pos=(+2.197,+0.762) step=0.0012/0.0063m yaw=0.008/0.040rad route=flat_left_mid_to_top_reverse
[gazebo_track_car-2] [INFO] [1781121966.963768904] [gazebo_track_car]: MOTION pos=(+2.198,+0.732) yaw=-2.267 v=0.044 step_err=0.0009m/0.007rad track_err=0.0195m footprint=road:7.00px route=flat_left_mid_to_top_reverse cmd_vel=(0.034,-0.335)
[gazebo_track_car-2] [INFO] [1781121968.463246845] [gazebo_track_car]: traffic light is now YELLOW.
[gazebo_track_car-2] [INFO] [1781121968.984238610] [gazebo_track_car]: MOTION pos=(+2.171,+0.671) yaw=-2.683 v=0.030 step_err=0.0023m/0.014rad track_err=0.0086m footprint=road:9.00px route=flat_left_mid_to_top_reverse cmd_vel=(0.028,-0.120)
[gazebo_track_car-2] [INFO] [1781121969.468459479] [gazebo_track_car]: traffic light is now RED.
[gazebo_track_car-2] [WARN] [1781121970.589212005] [gazebo_track_car]: JITTER events=6 reasons=cmd_xy_error=0.0503m pos=(+2.133,+0.644) step=0.0006/0.0028m yaw=0.001/0.012rad route=flat_left_mid_to_top_reverse
[gazebo_track_car-2] [INFO] [1781121970.988203739] [gazebo_track_car]: MOTION pos=(+2.123,+0.639) yaw=-2.839 v=0.028 step_err=0.0023m/0.011rad track_err=0.0622m footprint=road:10.60px route=flat_left_mid_to_top_reverse cmd_vel=(0.028,-0.049)
[gazebo_track_car-2] [INFO] [1781121971.413908585] [gazebo_track_car]: camera_sign=camera_sign_turn_right source=camera kind=turn_right_sign maneuver=right score=0.50 area=624px bbox=24x26px center=(41,232)
[gazebo_track_car-2] [INFO] [1781121971.508550658] [gazebo_track_car]: camera sign action allowed by route branch context; detected=turn_right_sign sign=camera_sign_turn_right next_branch=0.02m area=624px matching 3D sign is not route-adjacent
[gazebo_track_car-2] [WARN] [1781121971.591435065] [gazebo_track_car]: JITTER events=50 reasons=cmd_xy_error=0.0806m pos=(+2.108,+0.632) step=0.0006/0.0029m yaw=0.001/0.011rad route=flat_left_mid_to_top_reverse
[gazebo_track_car-2] [INFO] [1781121972.179272818] [gazebo_track_car]: route segment=flat_left_mid_to_mid_top_right_entry; previous=flat_left_mid_to_top_reverse; distance=0.002m; decision=route/right from palette_turn_right_03_yaw_270: flat_left_mid_to_mid_top_right_entry delta=-90.0deg
[gazebo_track_car-2] [INFO] [1781121972.442303824] [gazebo_track_car]: queued scene maneuver 'right' from camera sign camera_sign_turn_right; scene_sign=palette_turn_right_03_yaw_270 sign_dist=2.635m next_branch=1.56m
[gazebo_track_car-2] [INFO] [1781121972.598077432] [gazebo_track_car]: camera_sign=camera_sign_parking source=camera kind=parking_sign maneuver=parking score=0.32 area=1320px bbox=44x30px center=(20,230)
[gazebo_track_car-2] [INFO] [1781121972.699914494] [gazebo_track_car]: parking stub armed from camera sign camera_sign_parking; next_branch=1.49m
[gazebo_track_car-2] [INFO] [1781121972.966032951] [gazebo_track_car]: camera_sign=camera_sign_turn_right source=camera kind=turn_right_sign maneuver=right score=0.46 area=1566px bbox=54x29px center=(21,232)
[gazebo_track_car-2] [INFO] [1781121972.988072015] [gazebo_track_car]: MOTION pos=(+1.908,+0.582) yaw=-3.086 v=0.254 step_err=0.0269m/0.004rad track_err=0.0010m footprint=road:5.20px route=flat_left_mid_to_mid_top_right_entry cmd_vel=(0.256,-0.165)
[gazebo_track_car-2] [INFO] [1781121973.064823379] [gazebo_track_car]: camera sign action allowed by route branch context; detected=turn_right_sign sign=camera_sign_turn_right next_branch=1.42m area=435px matching 3D sign is not route-adjacent
[gazebo_track_car-2] [INFO] [1781121973.393653245] [gazebo_track_car]: camera_sign=camera_sign_speed_limit source=camera kind=speed_limit_sign maneuver=- score=0.39 area=884px bbox=34x26px center=(304,208)
[gazebo_track_car-2] [INFO] [1781121973.440946764] [gazebo_track_car]: camera sign action blocked; no matching facing 3D sign is close enough; detected=speed_limit_sign sign=camera_sign_speed_limit detection_dist<=3.40m action_dist<=0.95m
[gazebo_track_car-2] [INFO] [1781121973.595780817] [gazebo_track_car]: camera traffic light is RED score=253.6 area=284px bbox=21x17px fill=0.80 center=(291,207)
[gazebo_track_car-2] [INFO] [1781121973.596083389] [gazebo_track_car]: camera traffic light ignored outside distance gate; state=red segment=flat_left_mid_to_mid_top_right_entry gate<=1.70m nearby_target=palette_traffic_light_02_yaw_180 dist=2.21m forward=1.63m lateral=1.50m area=284px bbox=21x17px center=(291,207)
[gazebo_track_car-2] [INFO] [1781121973.664147867] [gazebo_track_car]: camera sign seen but action is waiting until closer; detected=speed_limit_sign sign=camera_sign_speed_limit scene_sign=palette_speed_limit_03_yaw_270 sign_dist=3.391m action_dist<=0.95m
[gazebo_track_car-2] [INFO] [1781121973.852385818] [gazebo_track_car]: camera_sign=camera_sign_turn_right source=camera kind=turn_right_sign maneuver=right score=0.44 area=4830px bbox=42x115px center=(14,158)
[gazebo_track_car-2] [INFO] [1781121973.872756400] [gazebo_track_car]: camera_sign=camera_sign_speed_limit source=camera kind=speed_limit_sign maneuver=- score=0.42 area=1271px bbox=41x31px center=(277,204)
[gazebo_track_car-2] [INFO] [1781121974.015746665] [gazebo_track_car]: camera_sign=camera_sign_turn_right source=camera kind=turn_right_sign maneuver=right score=0.50 area=464px bbox=16x29px center=(5,232)
[gazebo_track_car-2] [INFO] [1781121974.098204787] [gazebo_track_car]: camera sign action allowed by route branch context; detected=turn_right_sign sign=camera_sign_turn_right next_branch=1.15m area=1066px matching 3D sign is not route-adjacent
[gazebo_track_car-2] [INFO] [1781121974.621437647] [gazebo_track_car]: camera_sign=camera_sign_parking source=camera kind=parking_sign maneuver=parking score=0.33 area=1110px bbox=37x30px center=(16,231)
[gazebo_track_car-2] [INFO] [1781121974.629824477] [gazebo_track_car]: camera_sign=camera_sign_turn_right source=camera kind=turn_right_sign maneuver=right score=0.52 area=1140px bbox=38x30px center=(14,231)
[gazebo_track_car-2] [INFO] [1781121974.675870952] [gazebo_track_car]: camera_sign=camera_sign_parking source=camera kind=parking_sign maneuver=parking score=0.32 area=1050px bbox=35x30px center=(13,231)
[gazebo_track_car-2] [INFO] [1781121974.733412175] [gazebo_track_car]: camera_sign=camera_sign_turn_right source=camera kind=turn_right_sign maneuver=right score=0.53 area=899px bbox=31x29px center=(11,232)
[gazebo_track_car-2] [INFO] [1781121974.768441523] [gazebo_track_car]: camera_sign=camera_sign_speed_limit source=camera kind=speed_limit_sign maneuver=- score=0.43 area=2106px bbox=54x39px center=(232,197)
[gazebo_track_car-2] [INFO] [1781121974.804237718] [gazebo_track_car]: camera_sign=camera_sign_turn_right source=camera kind=turn_right_sign maneuver=right score=0.52 area=810px bbox=27x30px center=(9,232)
[gazebo_track_car-2] [INFO] [1781121975.006306790] [gazebo_track_car]: MOTION pos=(+1.356,+0.580) yaw=+3.133 v=0.277 step_err=0.0236m/0.000rad track_err=0.0048m footprint=road:4.00px route=flat_left_mid_to_mid_top_right_entry cmd_vel=(0.278,+0.016)
[gazebo_track_car-2] [INFO] [1781121975.074720979] [gazebo_track_car]: camera_sign=camera_sign_speed_limit source=camera kind=speed_limit_sign maneuver=- score=0.43 area=2419px bbox=59x41px center=(213,194)
[gazebo_track_car-2] [INFO] [1781121975.103319090] [gazebo_track_car]: camera sign seen but action is waiting until closer; detected=speed_limit_sign sign=camera_sign_speed_limit scene_sign=palette_speed_limit_03_yaw_270 sign_dist=3.051m action_dist<=0.95m
[gazebo_track_car-2] [INFO] [1781121975.463660520] [gazebo_track_car]: camera_sign=camera_sign_turn_right source=camera kind=turn_right_sign maneuver=right score=0.49 area=1274px bbox=49x26px center=(28,232)
[gazebo_track_car-2] [INFO] [1781121975.507478816] [gazebo_track_car]: camera_sign=camera_sign_parking source=camera kind=parking_sign maneuver=parking score=0.33 area=1274px bbox=49x26px center=(26,232)
[gazebo_track_car-2] [INFO] [1781121975.550941200] [gazebo_track_car]: camera_sign=camera_sign_speed_limit source=camera kind=speed_limit_sign maneuver=- score=0.44 area=3504px bbox=73x48px center=(177,188)
[gazebo_track_car-2] [INFO] [1781121975.674220008] [gazebo_track_car]: camera_sign=camera_sign_turn_right source=camera kind=turn_right_sign maneuver=right score=0.52 area=1044px bbox=36x29px center=(15,232)
[gazebo_track_car-2] [INFO] [1781121975.707608466] [gazebo_track_car]: camera_sign=camera_sign_speed_limit source=camera kind=speed_limit_sign maneuver=- score=0.44 area=4000px bbox=80x50px center=(160,185)
[gazebo_track_car-2] [INFO] [1781121975.796551216] [gazebo_track_car]: camera_sign=camera_sign_turn_right source=camera kind=turn_right_sign maneuver=right score=0.58 area=690px bbox=23x30px center=(8,232)
[gazebo_track_car-2] [INFO] [1781121975.910766195] [gazebo_track_car]: camera sign action allowed by route branch context; detected=turn_right_sign sign=camera_sign_turn_right next_branch=0.62m area=434px matching 3D sign is not route-adjacent
[gazebo_track_car-2] [INFO] [1781121975.942377997] [gazebo_track_car]: camera_sign=camera_sign_speed_limit source=camera kind=speed_limit_sign maneuver=- score=0.45 area=4950px bbox=90x55px center=(133,180)
[gazebo_track_car-2] [INFO] [1781121975.966174851] [gazebo_track_car]: camera sign seen but action is waiting until closer; detected=speed_limit_sign sign=camera_sign_speed_limit scene_sign=palette_speed_limit_03_yaw_270 sign_dist=2.854m action_dist<=0.95m
[gazebo_track_car-2] [INFO] [1781121976.499978126] [gazebo_track_car]: camera traffic light is GREEN score=2205.2 area=7047px bbox=240x60px fill=0.49 center=(622,300)
[gazebo_track_car-2] [INFO] [1781121976.598518892] [gazebo_track_car]: camera traffic light is RED score=35.2 area=41px bbox=5x9px fill=0.91 center=(436,220)
[gazebo_track_car-2] [INFO] [1781121976.642676790] [gazebo_track_car]: camera traffic light is GREEN score=2410.9 area=7713px bbox=252x63px fill=0.49 center=(628,303)
[gazebo_track_car-2] [INFO] [1781121977.024019704] [gazebo_track_car]: MOTION pos=(+0.798,+0.582) yaw=-3.139 v=0.280 step_err=0.0210m/0.000rad track_err=0.0073m footprint=road:7.80px route=flat_left_mid_to_mid_top_right_entry cmd_vel=(0.279,-0.004)
[gazebo_track_car-2] [INFO] [1781121977.503362363] [gazebo_track_car]: traffic light is now GREEN.
[gazebo_track_car-2] [WARN] [1781121977.644007820] [gazebo_track_car]: JITTER events=32 reasons=speed_delta=0.075m/s pos=(+0.628,+0.580) step=0.0044/0.0000m yaw=0.004/0.000rad route=flat_left_mid_to_mid_top_right_entry
[gazebo_track_car-2] [INFO] [1781121977.731839210] [gazebo_track_car]: camera_sign=camera_sign_parking source=camera kind=parking_sign maneuver=parking score=0.33 area=2340px bbox=78x30px center=(31,231)
[gazebo_track_car-2] [INFO] [1781121977.995821735] [gazebo_track_car]: ROUTE_PROGRESS_SYNC actual=(+0.593,+0.522) cmd_error=0.063m route_dist=0.059m yaw_error=0.838rad segment=flat_left_mid_to_mid_top_right_entry@1.573m->flat_left_mid_to_mid_top_right_entry@1.586m
[gazebo_track_car-2] [WARN] [1781121978.141019489] [gazebo_track_car]: GAZEBO_FOOTPRINT_OFFROAD actual pose=(+0.5693,+0.5074) yaw=+1.9480 origin_pixel=(152.3,119.2) min_clearance=0.00px cmd_error=0.0777m/1.194rad
[gazebo_track_car-2] [WARN] [1781121978.616560559] [gazebo_track_car]: JITTER events=49 reasons=yaw_step_error=0.026rad,cmd_xy_error=0.1019m pos=(+0.497,+0.527) step=0.0024/0.0050m yaw=0.026/0.000rad route=flat_left_mid_to_mid_top_right_entry
[gazebo_track_car-2] [INFO] [1781121978.795124800] [gazebo_track_car]: camera_sign=camera_sign_go_straight source=camera kind=go_straight_sign maneuver=straight score=0.47 area=3870px bbox=43x90px center=(948,166)
[gazebo_track_car-2] [INFO] [1781121978.809237354] [gazebo_track_car]: route segment=aaa_flat_parking_stub_stop; previous=flat_left_mid_to_mid_top_right_entry; distance=0.001m; decision=route/parking from camera_sign_parking: aaa_flat_parking_stub_stop
[gazebo_track_car-2] [INFO] [1781121978.820588922] [gazebo_track_car]: camera_sign=camera_sign_turn_left source=camera kind=turn_left_sign maneuver=left score=0.46 area=11655px bbox=111x105px center=(910,167)
[gazebo_track_car-2] [INFO] [1781121978.885400688] [gazebo_track_car]: camera turn sign ignored as left/right ambiguous; segment=aaa_flat_parking_stub_stop best=camera_sign_turn_left:0.46 opposite=turn_right_sign:0.42
[gazebo_track_car-2] [INFO] [1781121978.909431844] [gazebo_track_car]: camera_sign=camera_sign_go_straight source=camera kind=go_straight_sign maneuver=straight score=0.42 area=24276px bbox=204x119px center=(873,170)
[gazebo_track_car-2] [INFO] [1781121978.964692159] [gazebo_track_car]: camera turn sign ignored as left/right ambiguous; segment=aaa_flat_parking_stub_stop best=camera_sign_turn_right:0.45 opposite=turn_left_sign:0.45
[gazebo_track_car-2] [INFO] [1781121978.965887948] [gazebo_track_car]: camera sign ignored as parking/turn confusion; segment=aaa_flat_parking_stub_stop best=camera_sign_turn_left:0.46 parking=camera_sign_parking:0.32
[gazebo_track_car-2] [INFO] [1781121979.020761654] [gazebo_track_car]: MOTION pos=(+0.503,+0.578) yaw=+0.479 v=0.138 step_err=0.0087m/0.020rad track_err=0.0129m footprint=road:3.00px route=aaa_flat_parking_stub_stop cmd_vel=(0.126,-1.003)
[gazebo_track_car-2] [INFO] [1781121979.173788424] [gazebo_track_car]: camera_sign=camera_sign_turn_right source=camera kind=turn_right_sign maneuver=right score=0.51 area=11997px bbox=129x93px center=(696,208)
[gazebo_track_car-2] [INFO] [1781121979.722179391] [gazebo_track_car]: ROUTE_PROGRESS_SYNC actual=(+0.615,+0.639) cmd_error=0.061m route_dist=0.057m yaw_error=0.057rad segment=aaa_flat_parking_stub_stop@0.144m->aaa_flat_parking_stub_stop@0.123m
[gazebo_track_car-2] [WARN] [1781121979.722621145] [gazebo_track_car]: JITTER events=21 reasons=cmd_xy_error=0.0574m pos=(+0.615,+0.639) step=0.0040/0.0019m yaw=0.012/0.000rad route=aaa_flat_parking_stub_stop
[gazebo_track_car-2] [INFO] [1781121979.871715128] [gazebo_track_car]: camera sign ignored as parking/turn confusion; segment=aaa_flat_parking_stub_stop best=camera_sign_turn_right:0.53 parking=camera_sign_parking:0.37
[gazebo_track_car-2] [INFO] [1781121979.926241718] [gazebo_track_car]: camera turn sign ignored as left/right ambiguous; segment=aaa_flat_parking_stub_stop best=camera_sign_turn_left:0.50 opposite=turn_right_sign:0.47
[gazebo_track_car-2] [INFO] [1781121980.198077114] [gazebo_track_car]: camera turn sign ignored as left/right ambiguous; segment=aaa_flat_parking_stub_stop best=camera_sign_turn_right:0.50 opposite=turn_left_sign:0.48
[gazebo_track_car-2] [INFO] [1781121980.210673044] [gazebo_track_car]: camera sign action blocked; no matching facing 3D sign is close enough; detected=turn_right_sign sign=camera_sign_turn_right detection_dist<=3.40m action_dist<=0.95m
[gazebo_track_car-2] [INFO] [1781121980.250914835] [gazebo_track_car]: camera turn sign ignored as left/right ambiguous; segment=aaa_flat_parking_stub_stop best=camera_sign_turn_left:0.54 opposite=turn_right_sign:0.52
[gazebo_track_car-2] [INFO] [1781121980.336147738] [gazebo_track_car]: camera turn sign ignored as left/right ambiguous; segment=aaa_flat_parking_stub_stop best=camera_sign_turn_right:0.50 opposite=turn_left_sign:0.49
[gazebo_track_car-2] [INFO] [1781121980.425456660] [gazebo_track_car]: camera sign ignored as parking/turn confusion; segment=aaa_flat_parking_stub_stop best=camera_sign_turn_left:0.49 parking=camera_sign_parking:0.33
[gazebo_track_car-2] [INFO] [1781121980.459769915] [gazebo_track_car]: camera turn sign ignored as left/right ambiguous; segment=aaa_flat_parking_stub_stop best=camera_sign_turn_left:0.50 opposite=turn_right_sign:0.49
[gazebo_track_car-2] [INFO] [1781121980.553944716] [gazebo_track_car]: camera turn sign ignored as left/right ambiguous; segment=aaa_flat_parking_stub_stop best=camera_sign_turn_right:0.51 opposite=turn_left_sign:0.50
[gazebo_track_car-2] [INFO] [1781121980.555098024] [gazebo_track_car]: camera turn sign ignored as left/right ambiguous; segment=aaa_flat_parking_stub_stop best=camera_sign_turn_left:0.49 opposite=turn_right_sign:0.49
[gazebo_track_car-2] [INFO] [1781121980.562531864] [gazebo_track_car]: camera turn sign ignored as left/right ambiguous; segment=aaa_flat_parking_stub_stop best=camera_sign_turn_right:0.49 opposite=turn_left_sign:0.48
[gazebo_track_car-2] [INFO] [1781121980.570377372] [gazebo_track_car]: camera sign ignored as parking/turn confusion; segment=aaa_flat_parking_stub_stop best=camera_sign_turn_right:0.52 parking=camera_sign_parking:0.36
[gazebo_track_car-2] [INFO] [1781121980.601552770] [gazebo_track_car]: camera turn sign ignored as left/right ambiguous; segment=aaa_flat_parking_stub_stop best=camera_sign_turn_left:0.49 opposite=turn_right_sign:0.49
[gazebo_track_car-2] [WARN] [1781121981.037653713] [gazebo_track_car]: JITTER events=50 reasons=yaw_step_error=0.298rad pos=(+0.826,+0.595) step=0.0039/0.0195m yaw=0.015/0.313rad route=aaa_flat_parking_stub_stop
[gazebo_track_car-2] [INFO] [1781121981.037974569] [gazebo_track_car]: MOTION pos=(+0.826,+0.595) yaw=-1.090 v=0.190 step_err=0.0156m/0.298rad track_err=0.0146m footprint=road:10.59px route=aaa_flat_parking_stub_stop cmd_vel=(0.188,-0.673)
[gazebo_track_car-2] [INFO] [1781121981.165406580] [gazebo_track_car]: camera turn sign ignored as left/right ambiguous; segment=aaa_flat_parking_stub_stop best=camera_sign_turn_right:0.48 opposite=turn_left_sign:0.44
[gazebo_track_car-2] [INFO] [1781121981.660610747] [gazebo_track_car]: camera turn sign ignored as left/right ambiguous; segment=aaa_flat_parking_stub_stop best=camera_sign_turn_left:0.50 opposite=turn_right_sign:0.48
[gazebo_track_car-2] [INFO] [1781121981.705145367] [gazebo_track_car]: camera turn sign ignored as left/right ambiguous; segment=aaa_flat_parking_stub_stop best=camera_sign_turn_right:0.55 opposite=turn_left_sign:0.53
[gazebo_track_car-2] [INFO] [1781121981.729487490] [gazebo_track_car]: camera turn sign ignored as left/right ambiguous; segment=aaa_flat_parking_stub_stop best=camera_sign_turn_left:0.60 opposite=turn_right_sign:0.60
[gazebo_track_car-2] [INFO] [1781121981.771030469] [gazebo_track_car]: camera turn sign ignored as left/right ambiguous; segment=aaa_flat_parking_stub_stop best=camera_sign_turn_right:0.60 opposite=turn_left_sign:0.59
[gazebo_track_car-2] [INFO] [1781121981.960867602] [gazebo_track_car]: camera turn sign ignored as left/right ambiguous; segment=aaa_flat_parking_stub_stop best=camera_sign_turn_left:0.50 opposite=turn_right_sign:0.47
[gazebo_track_car-2] [INFO] [1781121982.530170264] [gazebo_track_car]: traffic light is now YELLOW.
[gazebo_track_car-2] [INFO] [1781121982.543341469] [gazebo_track_car]: camera traffic light is YELLOW score=331.1 area=363px bbox=23x19px fill=0.83 center=(599,211)
[gazebo_track_car-2] [WARN] [1781121982.561878699] [gazebo_track_car]: JITTER events=5 reasons=speed_delta=0.061m/s pos=(+0.909,+0.262) step=0.0044/0.0000m yaw=0.006/0.000rad route=aaa_flat_parking_stub_stop
[gazebo_track_car-2] [INFO] [1781121983.045824003] [gazebo_track_car]: MOTION pos=(+0.907,+0.199) yaw=-1.651 v=0.096 step_err=0.0079m/0.001rad track_err=0.0169m footprint=road:7.00px route=aaa_flat_parking_stub_stop cmd_vel=(0.091,-0.030)
[gazebo_track_car-2] [INFO] [1781121983.537300451] [gazebo_track_car]: traffic light is now RED.
[gazebo_track_car-2] [INFO] [1781121983.590384657] [gazebo_track_car]: camera traffic light is RED score=457.2 area=513px bbox=26x26px fill=0.76 center=(600,192)
[gazebo_track_car-2] [INFO] [1781121983.593788396] [gazebo_track_car]: camera_sign=camera_sign_speed_limit source=camera kind=speed_limit_sign maneuver=- score=0.38 area=1936px bbox=44x44px center=(601,191)
[gazebo_track_car-2] [INFO] [1781121983.628463925] [gazebo_track_car]: camera sign seen but action is waiting until closer; detected=speed_limit_sign sign=camera_sign_speed_limit scene_sign=palette_speed_limit_03_yaw_270 sign_dist=2.462m action_dist<=0.95m
