[INFO] [launch]: All log files can be found below /home/quocbao/.ros/log/2026-06-10-12-00-35-212250-ubuntu-14928
[INFO] [launch]: Default logging verbosity is set to INFO
[INFO] [gzserver-1]: process started with pid [14930]
[INFO] [gazebo_track_car-2]: process started with pid [14932]
[gazebo_track_car-2] [INFO] [1781118035.781714795] [gazebo_track_car]: [MAP_TRANSFORM] image=256x256 path=/home/quocbao/my_robot_vision_full_project/my_robot_vision/models/autonomous_map_3d/materials/textures/autonomous_map_visual.png map_size=6.000x6.000m px_per_m_x=42.667 px_per_m_y=42.667 route_offset=(+0.000,+0.300)m map_visual_offset=(+0.000,+0.300)m
[gazebo_track_car-2] [INFO] [1781118035.907187241] [gazebo_track_car]: [FOOTPRINT_CHECK] samples=1588 center_off_road=0 center_outside_safe=1005 failures=0 min_footprint_clearance=3.20px footprint=front:0.165m rear:0.145m half_width:0.115m
[gazebo_track_car-2] [INFO] [1781118035.907451701] [gazebo_track_car]: [FOOTPRINT_CHECK] overlays=/tmp/gazebo_route_mask_debug.png, /tmp/gazebo_route_centerline_debug.png, /tmp/gazebo_route_footprint_debug.png
[gazebo_track_car-2] [INFO] [1781118035.987241154] [gazebo_track_car]: SAFE_ROUTE_VERSION=semantic_parking_spawn_turn_guard_v31; direction=reversed to match map arrows; clearance=12px; drive_wheels=True; route_offset=(+0.000,+0.300)m; start_distance=0.000m; route_explore=False branch_probability=0.00; sign_detection=camera action_dist<=0.95m parking_action_dist<=1.35m roi=0.08-0.82; map_visual_offset=(+0.000,+0.300)m; base_speed=0.28m/s speed_limit=0.14m/s; traffic_light=cycle state=green green=5.0s yellow=1.0s red=8.0s trigger_distance=1.70m stop_distance=0.85m min_stop=2.0s camera=on topic=/track_preview_car/camera/image_raw fill>=0.42 slow_area>=45px stop_area>=160px distance_gate=on; camera_sign_templates=5 sign_score>=0.32 sign_stable=2; parking_auto_route=False; wheel_controller lookahead=0.32m parking_lookahead=0.20m heading_gain=3.80 max_wz=2.80rad/s rotate_heading>1.05rad; nearest_route=True nearest_dist<=0.65m; yaw_limits=1.80rad/s/4.00rad/s2; route_rejoin=False outer_only=True cmd_error>0.30m max_route_dist=0.55m; progress_sync=True cmd_error>0.06m route_dist<=0.20m yaw<=1.20rad; initial_pose_reset=False override=False tol=0.12m/0.35rad; segments=19; route_points=39.
[gazebo_track_car-2] [INFO] [1781118035.987502077] [gazebo_track_car]: Motion log uses /model_states and /track_preview_car/cmd_vel: MOTION every 2.00s, JITTER at most every 1.00s, verbose=False; jitter thresholds xy_step_delta=0.0060m, cmd_error=0.050m, z_delta=0.0005m, tilt=0.0030rad, speed_delta=0.030m/s, yaw_step_error=0.025rad, yaw_rate_delta=0.400rad/s.
[gzserver-1] [INFO] [1781118037.449349762] [track_preview_car.front_camera_controller]: Publishing camera info to [/track_preview_car/camera/camera_info]
[gzserver-1] [INFO] [1781118037.462848877] [gazebo_ros_state]: Publishing states of gazebo models at [/model_states]
[gzserver-1] [INFO] [1781118037.463272538] [gazebo_ros_state]: Publishing states of gazebo links at [/link_states]
[gzserver-1] [INFO] [1781118037.478268170] [track_preview_car.track_preview_car_diff_drive]: Wheel pair 1 separation set to [0.176000m]
[gzserver-1] [INFO] [1781118037.478704725] [track_preview_car.track_preview_car_diff_drive]: Wheel pair 1 diameter set to [0.060000m]
[gzserver-1] [INFO] [1781118037.479381494] [track_preview_car.track_preview_car_diff_drive]: Subscribed to [/track_preview_car/cmd_vel]
[gzserver-1] [INFO] [1781118037.480122564] [track_preview_car.track_preview_car_diff_drive]: Advertise odometry on [/track_preview_car/odom]
[gazebo_track_car-2] [INFO] [1781118037.511713392] [gazebo_track_car]: wheel controller synced route progress from initial model pose; segment=flat_right_mid_to_lower_reverse@0.114m route_dist=0.105m startup_gate=1.250m
[gazebo_track_car-2] [INFO] [1781118037.552884720] [gazebo_track_car]: traffic light is now YELLOW.
[gazebo_track_car-2] [INFO] [1781118037.561210882] [gazebo_track_car]: ROUTE_PROGRESS_SYNC actual=(-2.075,-1.133) cmd_error=0.105m route_dist=0.105m yaw_error=0.139rad segment=flat_right_mid_to_lower_reverse@0.114m->flat_right_mid_to_lower_reverse@0.114m
[gazebo_track_car-2] [WARN] [1781118037.561716056] [gazebo_track_car]: JITTER events=1 reasons=cmd_xy_error=0.1050m pos=(-2.075,-1.133) step=0.0000/0.0000m yaw=0.000/0.000rad route=flat_right_mid_to_lower_reverse
[gazebo_track_car-2] [INFO] [1781118037.561921224] [gazebo_track_car]: MOTION pos=(-2.075,-1.133) yaw=+1.710 v=0.000 step_err=0.0000m/0.000rad track_err=0.1050m footprint=road:1.00px route=flat_right_mid_to_lower_reverse cmd_vel=(0.218,+0.465)
[gazebo_track_car-2] [INFO] [1781118037.785064089] [gazebo_track_car]: camera traffic light is YELLOW score=67.8 area=77px bbox=11x9px fill=0.78 center=(647,227)
[gazebo_track_car-2] [INFO] [1781118037.785376560] [gazebo_track_car]: camera traffic light ignored outside distance gate; state=yellow segment=flat_right_mid_to_lower_reverse gate<=1.70m nearby_target=- area=77px bbox=11x9px center=(647,227)
[gazebo_track_car-2] [INFO] [1781118037.788344477] [gazebo_track_car]: camera_sign=camera_sign_turn_right source=camera kind=turn_right_sign maneuver=right score=0.50 area=6240px bbox=80x78px center=(602,218)
[gazebo_track_car-2] [WARN] [1781118037.807245466] [gazebo_track_car]: GAZEBO_FOOTPRINT_OFFROAD actual pose=(-2.0769,-1.0883) yaw=+1.7882 origin_pixel=(39.4,187.2) min_clearance=0.00px cmd_error=0.1040m/0.217rad
[gazebo_track_car-2] [INFO] [1781118037.862654368] [gazebo_track_car]: camera sign seen but action is waiting until closer; detected=turn_right_sign sign=camera_sign_turn_right scene_sign=palette_turn_right_03_yaw_270 sign_dist=1.231m action_dist<=0.95m
[gazebo_track_car-2] [INFO] [1781118038.456849331] [gazebo_track_car]: traffic light is now RED.
[gazebo_track_car-2] [INFO] [1781118038.557275767] [gazebo_track_car]: camera traffic light lost for 0.2s.
[gazebo_track_car-2] [INFO] [1781118039.336738187] [gazebo_track_car]: switched to sign-local maneuver 'right' from camera sign camera_sign_turn_right; scene_sign=palette_turn_right_03_yaw_270 sign_dist=0.944m segment=flat_mid_center_to_right_mid_reverse@0.527m route_dist=0.505m search_radius=0.85m delta=-95.3deg
[gazebo_track_car-2] [INFO] [1781118039.348755853] [gazebo_track_car]: switched to sign-local maneuver 'right' from camera sign camera_sign_turn_right; scene_sign=palette_turn_right_03_yaw_270 sign_dist=0.941m segment=flat_mid_center_to_right_mid_reverse@0.527m route_dist=0.505m search_radius=0.85m delta=-95.1deg
[gazebo_track_car-2] [INFO] [1781118039.374154071] [gazebo_track_car]: ROUTE_PROGRESS_SYNC actual=(-2.170,-0.700) cmd_error=1.392m route_dist=0.010m yaw_error=0.083rad segment=flat_right_mid_to_lower_reverse@0.542m->flat_right_mid_to_lower_reverse@0.547m
[gazebo_track_car-2] [INFO] [1781118039.460992804] [gazebo_track_car]: route segment=flat_right_mid_to_lower_reverse; previous=flat_mid_center_to_right_mid_reverse; distance=0.570m; decision=route/progress_sync: flat_right_mid_to_lower_reverse
[gazebo_track_car-2] [INFO] [1781118039.674074152] [gazebo_track_car]: MOTION pos=(-2.178,-0.623) yaw=+1.613 v=0.262 step_err=0.0192m/0.002rad track_err=0.0053m footprint=road:5.00px route=flat_right_mid_to_lower_reverse cmd_vel=(0.264,-0.109)
[gazebo_track_car-2] [INFO] [1781118039.981709131] [gazebo_track_car]: camera traffic light is GREEN score=511.9 area=1712px bbox=73x41px fill=0.57 center=(620,365)
[gazebo_track_car-2] [INFO] [1781118040.422992468] [gazebo_track_car]: camera traffic light is RED score=91.8 area=106px bbox=13x10px fill=0.82 center=(634,218)
[gazebo_track_car-2] [INFO] [1781118040.423295871] [gazebo_track_car]: camera traffic light ignored outside distance gate; state=red segment=flat_right_mid_to_lower_reverse gate<=1.70m nearby_target=palette_traffic_light_03_yaw_270 dist=3.12m forward=2.40m lateral=1.99m area=106px bbox=13x10px center=(634,218)
[gazebo_track_car-2] [INFO] [1781118040.455841283] [gazebo_track_car]: camera traffic light is YELLOW score=842.9 area=1631px bbox=116x32px fill=0.44 center=(632,366)
[gazebo_track_car-2] [INFO] [1781118040.456126742] [gazebo_track_car]: camera traffic light ignored outside distance gate; state=yellow segment=flat_right_mid_to_lower_reverse gate<=1.70m nearby_target=palette_traffic_light_03_yaw_270 dist=3.11m forward=2.39m lateral=1.99m area=1631px bbox=116x32px center=(632,366)
[gazebo_track_car-2] [INFO] [1781118040.520804536] [gazebo_track_car]: camera traffic light is RED score=96.0 area=112px bbox=13x11px fill=0.78 center=(635,218)
[gazebo_track_car-2] [INFO] [1781118040.521097590] [gazebo_track_car]: camera traffic light ignored outside distance gate; state=red segment=flat_right_mid_to_lower_reverse gate<=1.70m nearby_target=palette_traffic_light_03_yaw_270 dist=3.10m forward=2.38m lateral=1.99m area=112px bbox=13x11px center=(635,218)
[gazebo_track_car-2] [INFO] [1781118040.994252295] [gazebo_track_car]: camera turn sign ignored as left/right ambiguous; segment=flat_right_mid_to_lower_reverse best=camera_sign_turn_left:0.51 opposite=turn_right_sign:0.48
[gazebo_track_car-2] [INFO] [1781118040.995448185] [gazebo_track_car]: camera_sign=camera_sign_turn_left source=camera kind=turn_left_sign maneuver=left score=0.45 area=6027px bbox=49x123px center=(855,171)
[gazebo_track_car-2] [INFO] [1781118041.676907528] [gazebo_track_car]: MOTION pos=(-2.181,-0.072) yaw=+1.564 v=0.278 step_err=0.0211m/0.000rad track_err=0.0062m footprint=road:5.00px route=flat_right_mid_to_lower_reverse cmd_vel=(0.278,+0.011)
[gazebo_track_car-2] [INFO] [1781118042.486934593] [gazebo_track_car]: camera_sign=camera_sign_speed_limit source=camera kind=speed_limit_sign maneuver=- score=0.42 area=910px bbox=35x26px center=(690,211)
[gazebo_track_car-2] [INFO] [1781118042.630696151] [gazebo_track_car]: camera sign action blocked; no matching facing 3D sign is close enough; detected=speed_limit_sign sign=camera_sign_speed_limit detection_dist<=3.40m action_dist<=0.95m
[gazebo_track_car-2] [INFO] [1781118043.698592436] [gazebo_track_car]: MOTION pos=(-2.179,+0.492) yaw=+1.572 v=0.279 step_err=0.0232m/0.000rad track_err=0.0047m footprint=road:7.80px route=flat_right_mid_to_lower_reverse cmd_vel=(0.280,-0.001)
[gazebo_track_car-2] [INFO] [1781118044.091653249] [gazebo_track_car]: route segment=flat_right_top_to_mid_reverse; previous=flat_right_mid_to_lower_reverse; distance=0.016m; decision=route/default: flat_right_top_to_mid_reverse
[gazebo_track_car-2] [INFO] [1781118044.134528690] [gazebo_track_car]: camera traffic light ignored outside distance gate; state=red segment=flat_right_top_to_mid_reverse gate<=1.70m nearby_target=- area=581px bbox=37x20px center=(775,201)
[gazebo_track_car-2] [INFO] [1781118045.570106358] [gazebo_track_car]: camera_sign=camera_sign_speed_limit source=camera kind=speed_limit_sign maneuver=- score=0.57 area=5088px bbox=96x53px center=(925,180)
[gazebo_track_car-2] [INFO] [1781118045.603430512] [gazebo_track_car]: camera sign action blocked; no matching facing 3D sign is close enough; detected=speed_limit_sign sign=camera_sign_speed_limit detection_dist<=3.40m action_dist<=0.95m
[gazebo_track_car-2] [INFO] [1781118045.705084472] [gazebo_track_car]: MOTION pos=(-2.180,+1.049) yaw=+1.571 v=0.279 step_err=0.0229m/0.000rad track_err=0.0053m footprint=road:5.00px route=flat_right_top_to_mid_reverse cmd_vel=(0.279,-0.006)
[gazebo_track_car-2] [INFO] [1781118045.794222443] [gazebo_track_car]: camera traffic light lost for 0.2s.
[gazebo_track_car-2] [INFO] [1781118046.498096877] [gazebo_track_car]: traffic light is now GREEN.
[gazebo_track_car-2] [INFO] [1781118047.709401881] [gazebo_track_car]: MOTION pos=(-2.180,+1.608) yaw=+1.570 v=0.279 step_err=0.0221m/0.000rad track_err=0.0059m footprint=road:5.00px route=flat_right_top_to_mid_reverse cmd_vel=(0.279,-0.003)
[gazebo_track_car-2] [WARN] [1781118048.431673554] [gazebo_track_car]: JITTER events=53 reasons=speed_delta=0.034m/s pos=(-2.180,+1.808) step=0.0051/0.0000m yaw=0.003/0.000rad route=flat_right_top_to_mid_reverse
[gazebo_track_car-2] [INFO] [1781118049.394902681] [gazebo_track_car]: camera traffic light is YELLOW score=1088.4 area=2325px bbox=48x59px fill=0.82 center=(905,360)
[gazebo_track_car-2] [INFO] [1781118049.395239096] [gazebo_track_car]: camera traffic light ignored outside distance gate; state=yellow segment=flat_right_top_to_mid_reverse gate<=1.70m nearby_target=- area=2325px bbox=48x59px center=(905,360)
[gazebo_track_car-2] [INFO] [1781118049.463445640] [gazebo_track_car]: camera_sign=camera_sign_parking source=camera kind=parking_sign maneuver=parking score=0.35 area=624px bbox=16x39px center=(955,331)
[gazebo_track_car-2] [WARN] [1781118049.531028085] [gazebo_track_car]: JITTER events=1 reasons=yaw_step_error=0.183rad pos=(-2.171,+2.050) step=0.0043/0.0203m yaw=0.010/0.193rad route=flat_right_top_to_mid_reverse
[gazebo_track_car-2] [INFO] [1781118049.539379505] [gazebo_track_car]: camera traffic light is GREEN score=1120.6 area=3769px bbox=91x54px fill=0.77 center=(917,363)
[gazebo_track_car-2] [INFO] [1781118049.713328466] [gazebo_track_car]: route segment=flat_top_right_corner_reverse; previous=flat_right_top_to_mid_reverse; distance=0.022m; decision=route/wheel_nearest: flat_top_right_corner_reverse
[gazebo_track_car-2] [INFO] [1781118049.731265477] [gazebo_track_car]: MOTION pos=(-2.156,+2.092) yaw=+1.012 v=0.220 step_err=0.0496m/0.349rad track_err=0.0293m footprint=road:4.20px route=flat_top_right_corner_reverse cmd_vel=(0.224,-0.406)
[gazebo_track_car-2] [INFO] [1781118049.882802752] [gazebo_track_car]: camera turn sign ignored as left/right ambiguous; segment=flat_top_right_corner_reverse best=camera_sign_turn_right:0.53 opposite=turn_left_sign:0.53
[gazebo_track_car-2] [INFO] [1781118049.897878046] [gazebo_track_car]: camera turn sign ignored as left/right ambiguous; segment=flat_top_right_corner_reverse best=camera_sign_turn_left:0.48 opposite=turn_right_sign:0.47
[gazebo_track_car-2] [WARN] [1781118050.755127815] [gazebo_track_car]: JITTER events=3 reasons=speed_delta=0.039m/s pos=(-2.009,+2.292) step=0.0045/0.0000m yaw=0.007/0.000rad route=flat_top_right_corner_reverse
[gazebo_track_car-2] [INFO] [1781118051.520885828] [gazebo_track_car]: traffic light is now YELLOW.
[gazebo_track_car-2] [INFO] [1781118051.740590715] [gazebo_track_car]: MOTION pos=(-1.848,+2.433) yaw=+0.315 v=0.218 step_err=0.0169m/0.107rad track_err=0.0046m footprint=road:6.59px route=flat_top_right_corner_reverse cmd_vel=(0.217,-0.447)
[gazebo_track_car-2] [WARN] [1781118051.827515958] [gazebo_track_car]: JITTER events=2 reasons=yaw_step_error=0.190rad pos=(-1.832,+2.441) step=0.0044/0.0199m yaw=0.009/0.199rad route=flat_top_center_to_top_right_reverse
[gazebo_track_car-2] [INFO] [1781118051.925237912] [gazebo_track_car]: route segment=flat_top_center_to_top_right_reverse; previous=flat_top_right_corner_reverse; distance=0.023m; decision=route/wheel_nearest: flat_top_center_to_top_right_reverse
[gazebo_track_car-2] [INFO] [1781118052.530895652] [gazebo_track_car]: traffic light is now RED.
[gazebo_track_car-2] [INFO] [1781118052.566879422] [gazebo_track_car]: camera traffic light is RED score=277.6 area=301px bbox=20x18px fill=0.84 center=(563,203)
[gazebo_track_car-2] [INFO] [1781118052.571291600] [gazebo_track_car]: camera_sign=camera_sign_speed_limit source=camera kind=speed_limit_sign maneuver=- score=0.39 area=1156px bbox=34x34px center=(563,203)
[gazebo_track_car-2] [INFO] [1781118052.627640089] [gazebo_track_car]: camera sign action blocked; no matching facing 3D sign is close enough; detected=speed_limit_sign sign=camera_sign_speed_limit detection_dist<=3.40m action_dist<=0.95m
[gazebo_track_car-2] [INFO] [1781118053.740962227] [gazebo_track_car]: MOTION pos=(-1.494,+2.490) yaw=-0.027 v=0.137 step_err=0.0028m/0.000rad track_err=0.0195m footprint=road:8.00px route=flat_top_center_to_top_right_reverse cmd_vel=(0.138,-0.015)
[gazebo_track_car-2] [INFO] [1781118055.746575035] [gazebo_track_car]: MOTION pos=(-1.216,+2.482) yaw=-0.013 v=0.139 step_err=0.0028m/0.000rad track_err=0.0139m footprint=road:8.00px route=flat_top_center_to_top_right_reverse cmd_vel=(0.139,+0.012)
[gazebo_track_car-2] [INFO] [1781118056.355217527] [gazebo_track_car]: camera turn sign ignored as left/right ambiguous; segment=flat_top_center_to_top_right_reverse best=camera_sign_turn_right:0.52 opposite=turn_left_sign:0.50
[gazebo_track_car-2] [INFO] [1781118056.634177584] [gazebo_track_car]: camera turn sign ignored as left/right ambiguous; segment=flat_top_center_to_top_right_reverse best=camera_sign_turn_left:0.47 opposite=turn_right_sign:0.46
[gazebo_track_car-2] [INFO] [1781118057.568478654] [gazebo_track_car]: camera turn sign ignored as left/right ambiguous; segment=flat_top_center_to_top_right_reverse best=camera_sign_turn_right:0.47 opposite=turn_left_sign:0.47
[gazebo_track_car-2] [INFO] [1781118057.604252326] [gazebo_track_car]: camera turn sign ignored as left/right ambiguous; segment=flat_top_center_to_top_right_reverse best=camera_sign_turn_left:0.46 opposite=turn_right_sign:0.46
[gazebo_track_car-2] [INFO] [1781118057.645495529] [gazebo_track_car]: camera turn sign ignored as left/right ambiguous; segment=flat_top_center_to_top_right_reverse best=camera_sign_turn_right:0.47 opposite=turn_left_sign:0.47
[gazebo_track_car-2] [INFO] [1781118057.734799309] [gazebo_track_car]: camera turn sign ignored as left/right ambiguous; segment=flat_top_center_to_top_right_reverse best=camera_sign_turn_left:0.48 opposite=turn_right_sign:0.47
[gazebo_track_car-2] [INFO] [1781118057.770533770] [gazebo_track_car]: MOTION pos=(-0.935,+2.480) yaw=-0.001 v=0.140 step_err=0.0103m/0.000rad track_err=0.0029m footprint=road:8.00px route=flat_top_center_to_top_right_reverse cmd_vel=(0.140,+0.003)
[gazebo_track_car-2] [INFO] [1781118057.984106509] [gazebo_track_car]: camera turn sign ignored as left/right ambiguous; segment=flat_top_center_to_top_right_reverse best=camera_sign_turn_right:0.47 opposite=turn_left_sign:0.47
[gazebo_track_car-2] [INFO] [1781118057.992951471] [gazebo_track_car]: camera turn sign ignored as left/right ambiguous; segment=flat_top_center_to_top_right_reverse best=camera_sign_turn_left:0.47 opposite=turn_right_sign:0.47
[gazebo_track_car-2] [INFO] [1781118057.993967321] [gazebo_track_car]: camera turn sign ignored as left/right ambiguous; segment=flat_top_center_to_top_right_reverse best=camera_sign_turn_right:0.48 opposite=turn_left_sign:0.48
[gazebo_track_car-2] [INFO] [1781118058.037244874] [gazebo_track_car]: camera turn sign ignored as left/right ambiguous; segment=flat_top_center_to_top_right_reverse best=camera_sign_turn_left:0.48 opposite=turn_right_sign:0.48
[gazebo_track_car-2] [INFO] [1781118058.038396611] [gazebo_track_car]: camera turn sign ignored as left/right ambiguous; segment=flat_top_center_to_top_right_reverse best=camera_sign_turn_right:0.48 opposite=turn_left_sign:0.48
[gazebo_track_car-2] [INFO] [1781118058.047880891] [gazebo_track_car]: camera turn sign ignored as left/right ambiguous; segment=flat_top_center_to_top_right_reverse best=camera_sign_turn_left:0.48 opposite=turn_right_sign:0.48
[gazebo_track_car-2] [INFO] [1781118058.048975870] [gazebo_track_car]: camera turn sign ignored as left/right ambiguous; segment=flat_top_center_to_top_right_reverse best=camera_sign_turn_right:0.48 opposite=turn_left_sign:0.48
[gazebo_track_car-2] [INFO] [1781118058.114979145] [gazebo_track_car]: camera turn sign ignored as left/right ambiguous; segment=flat_top_center_to_top_right_reverse best=camera_sign_turn_left:0.48 opposite=turn_right_sign:0.48
[gazebo_track_car-2] [INFO] [1781118058.116246109] [gazebo_track_car]: camera turn sign ignored as left/right ambiguous; segment=flat_top_center_to_top_right_reverse best=camera_sign_turn_right:0.49 opposite=turn_left_sign:0.48
[gazebo_track_car-2] [INFO] [1781118058.157409447] [gazebo_track_car]: camera turn sign ignored as left/right ambiguous; segment=flat_top_center_to_top_right_reverse best=camera_sign_turn_left:0.47 opposite=turn_right_sign:0.47
[gazebo_track_car-2] [INFO] [1781118058.158540234] [gazebo_track_car]: camera turn sign ignored as left/right ambiguous; segment=flat_top_center_to_top_right_reverse best=camera_sign_turn_right:0.49 opposite=turn_left_sign:0.48
[gazebo_track_car-2] [INFO] [1781118058.189951776] [gazebo_track_car]: camera turn sign ignored as left/right ambiguous; segment=flat_top_center_to_top_right_reverse best=camera_sign_turn_left:0.47 opposite=turn_right_sign:0.47
[gazebo_track_car-2] [INFO] [1781118058.191081541] [gazebo_track_car]: camera turn sign ignored as left/right ambiguous; segment=flat_top_center_to_top_right_reverse best=camera_sign_turn_right:0.49 opposite=turn_left_sign:0.48
[gazebo_track_car-2] [INFO] [1781118058.286551523] [gazebo_track_car]: camera turn sign ignored as left/right ambiguous; segment=flat_top_center_to_top_right_reverse best=camera_sign_turn_left:0.48 opposite=turn_right_sign:0.48
[gazebo_track_car-2] [INFO] [1781118058.287629029] [gazebo_track_car]: camera turn sign ignored as left/right ambiguous; segment=flat_top_center_to_top_right_reverse best=camera_sign_turn_right:0.49 opposite=turn_left_sign:0.48
[gazebo_track_car-2] [INFO] [1781118058.322297266] [gazebo_track_car]: camera turn sign ignored as left/right ambiguous; segment=flat_top_center_to_top_right_reverse best=camera_sign_turn_left:0.47 opposite=turn_right_sign:0.46
[gazebo_track_car-2] [INFO] [1781118058.323592951] [gazebo_track_car]: camera turn sign ignored as left/right ambiguous; segment=flat_top_center_to_top_right_reverse best=camera_sign_turn_right:0.49 opposite=turn_left_sign:0.48
[gazebo_track_car-2] [WARN] [1781118058.350655429] [gazebo_track_car]: red traffic light stop latched from camera; target=palette_traffic_light_03_yaw_270 dist=0.85m forward=0.68m lateral=0.51m area=2952px bbox=68x59px fill=0.74 center=(686,138) min_stop=2.0s
[gazebo_track_car-2] [INFO] [1781118058.354844795] [gazebo_track_car]: camera turn sign ignored as left/right ambiguous; segment=flat_top_center_to_top_right_reverse best=camera_sign_turn_left:0.47 opposite=turn_right_sign:0.47
[gazebo_track_car-2] [INFO] [1781118058.356020346] [gazebo_track_car]: camera turn sign ignored as left/right ambiguous; segment=flat_top_center_to_top_right_reverse best=camera_sign_turn_right:0.48 opposite=turn_left_sign:0.48
[gazebo_track_car-2] [WARN] [1781118058.401022929] [gazebo_track_car]: JITTER events=3 reasons=speed_delta=0.129m/s pos=(-0.847,+2.480) step=0.0014/0.0000m yaw=0.001/0.000rad route=flat_top_center_to_top_right_reverse
[gazebo_track_car-2] [INFO] [1781118058.421770381] [gazebo_track_car]: camera turn sign ignored as left/right ambiguous; segment=flat_top_center_to_top_right_reverse best=camera_sign_turn_left:0.47 opposite=turn_right_sign:0.47
[gazebo_track_car-2] [INFO] [1781118058.422912630] [gazebo_track_car]: camera turn sign ignored as left/right ambiguous; segment=flat_top_center_to_top_right_reverse best=camera_sign_turn_right:0.49 opposite=turn_left_sign:0.48
[gazebo_track_car-2] [INFO] [1781118058.471392488] [gazebo_track_car]: camera turn sign ignored as left/right ambiguous; segment=flat_top_center_to_top_right_reverse best=camera_sign_turn_left:0.47 opposite=turn_right_sign:0.47
[gazebo_track_car-2] [INFO] [1781118058.473250544] [gazebo_track_car]: camera turn sign ignored as left/right ambiguous; segment=flat_top_center_to_top_right_reverse best=camera_sign_turn_right:0.49 opposite=turn_left_sign:0.48
[gazebo_track_car-2] [INFO] [1781118058.482295655] [gazebo_track_car]: camera turn sign ignored as left/right ambiguous; segment=flat_top_center_to_top_right_reverse best=camera_sign_turn_left:0.47 opposite=turn_right_sign:0.47
[gazebo_track_car-2] [INFO] [1781118058.483629976] [gazebo_track_car]: camera turn sign ignored as left/right ambiguous; segment=flat_top_center_to_top_right_reverse best=camera_sign_turn_right:0.49 opposite=turn_left_sign:0.48
[gazebo_track_car-2] [INFO] [1781118058.534776839] [gazebo_track_car]: camera turn sign ignored as left/right ambiguous; segment=flat_top_center_to_top_right_reverse best=camera_sign_turn_left:0.47 opposite=turn_right_sign:0.47
[gazebo_track_car-2] [INFO] [1781118058.535859545] [gazebo_track_car]: camera turn sign ignored as left/right ambiguous; segment=flat_top_center_to_top_right_reverse best=camera_sign_turn_right:0.49 opposite=turn_left_sign:0.48
[gazebo_track_car-2] [INFO] [1781118058.554564629] [gazebo_track_car]: camera turn sign ignored as left/right ambiguous; segment=flat_top_center_to_top_right_reverse best=camera_sign_turn_left:0.47 opposite=turn_right_sign:0.47
[gazebo_track_car-2] [INFO] [1781118058.555776568] [gazebo_track_car]: camera turn sign ignored as left/right ambiguous; segment=flat_top_center_to_top_right_reverse best=camera_sign_turn_right:0.49 opposite=turn_left_sign:0.48
[gazebo_track_car-2] [INFO] [1781118058.586840714] [gazebo_track_car]: camera turn sign ignored as left/right ambiguous; segment=flat_top_center_to_top_right_reverse best=camera_sign_turn_left:0.47 opposite=turn_right_sign:0.47
[gazebo_track_car-2] [INFO] [1781118058.587987692] [gazebo_track_car]: camera turn sign ignored as left/right ambiguous; segment=flat_top_center_to_top_right_reverse best=camera_sign_turn_right:0.49 opposite=turn_left_sign:0.48
[gazebo_track_car-2] [INFO] [1781118058.629084996] [gazebo_track_car]: camera turn sign ignored as left/right ambiguous; segment=flat_top_center_to_top_right_reverse best=camera_sign_turn_left:0.47 opposite=turn_right_sign:0.47
[gazebo_track_car-2] [INFO] [1781118058.630248865] [gazebo_track_car]: camera turn sign ignored as left/right ambiguous; segment=flat_top_center_to_top_right_reverse best=camera_sign_turn_right:0.49 opposite=turn_left_sign:0.48
[gazebo_track_car-2] [INFO] [1781118058.652994884] [gazebo_track_car]: camera turn sign ignored as left/right ambiguous; segment=flat_top_center_to_top_right_reverse best=camera_sign_turn_left:0.47 opposite=turn_right_sign:0.47
[gazebo_track_car-2] [INFO] [1781118058.654234146] [gazebo_track_car]: camera turn sign ignored as left/right ambiguous; segment=flat_top_center_to_top_right_reverse best=camera_sign_turn_right:0.49 opposite=turn_left_sign:0.48
[gazebo_track_car-2] [INFO] [1781118058.687543915] [gazebo_track_car]: camera turn sign ignored as left/right ambiguous; segment=flat_top_center_to_top_right_reverse best=camera_sign_turn_left:0.47 opposite=turn_right_sign:0.47
[gazebo_track_car-2] [INFO] [1781118058.688650896] [gazebo_track_car]: camera turn sign ignored as left/right ambiguous; segment=flat_top_center_to_top_right_reverse best=camera_sign_turn_right:0.49 opposite=turn_left_sign:0.48
[gazebo_track_car-2] [INFO] [1781118058.731714957] [gazebo_track_car]: camera turn sign ignored as left/right ambiguous; segment=flat_top_center_to_top_right_reverse best=camera_sign_turn_left:0.47 opposite=turn_right_sign:0.47
[gazebo_track_car-2] [INFO] [1781118058.732902661] [gazebo_track_car]: camera turn sign ignored as left/right ambiguous; segment=flat_top_center_to_top_right_reverse best=camera_sign_turn_right:0.49 opposite=turn_left_sign:0.48
[gazebo_track_car-2] [INFO] [1781118058.741098687] [gazebo_track_car]: camera turn sign ignored as left/right ambiguous; segment=flat_top_center_to_top_right_reverse best=camera_sign_turn_left:0.47 opposite=turn_right_sign:0.47
[gazebo_track_car-2] [INFO] [1781118058.742156596] [gazebo_track_car]: camera turn sign ignored as left/right ambiguous; segment=flat_top_center_to_top_right_reverse best=camera_sign_turn_right:0.49 opposite=turn_left_sign:0.48
[gazebo_track_car-2] [INFO] [1781118058.785524521] [gazebo_track_car]: camera turn sign ignored as left/right ambiguous; segment=flat_top_center_to_top_right_reverse best=camera_sign_turn_left:0.47 opposite=turn_right_sign:0.47
[gazebo_track_car-2] [INFO] [1781118058.786809148] [gazebo_track_car]: camera turn sign ignored as left/right ambiguous; segment=flat_top_center_to_top_right_reverse best=camera_sign_turn_right:0.49 opposite=turn_left_sign:0.48
[gazebo_track_car-2] [INFO] [1781118058.808848532] [gazebo_track_car]: camera turn sign ignored as left/right ambiguous; segment=flat_top_center_to_top_right_reverse best=camera_sign_turn_left:0.47 opposite=turn_right_sign:0.47
[gazebo_track_car-2] [INFO] [1781118058.810017080] [gazebo_track_car]: camera turn sign ignored as left/right ambiguous; segment=flat_top_center_to_top_right_reverse best=camera_sign_turn_right:0.49 opposite=turn_left_sign:0.48
[gazebo_track_car-2] [INFO] [1781118058.844154313] [gazebo_track_car]: camera turn sign ignored as left/right ambiguous; segment=flat_top_center_to_top_right_reverse best=camera_sign_turn_left:0.47 opposite=turn_right_sign:0.47
[gazebo_track_car-2] [INFO] [1781118058.845298685] [gazebo_track_car]: camera turn sign ignored as left/right ambiguous; segment=flat_top_center_to_top_right_reverse best=camera_sign_turn_right:0.49 opposite=turn_left_sign:0.48
[gazebo_track_car-2] [INFO] [1781118058.886670478] [gazebo_track_car]: camera turn sign ignored as left/right ambiguous; segment=flat_top_center_to_top_right_reverse best=camera_sign_turn_left:0.47 opposite=turn_right_sign:0.47
[gazebo_track_car-2] [INFO] [1781118058.887782048] [gazebo_track_car]: camera turn sign ignored as left/right ambiguous; segment=flat_top_center_to_top_right_reverse best=camera_sign_turn_right:0.49 opposite=turn_left_sign:0.48
[gazebo_track_car-2] [INFO] [1781118058.924943295] [gazebo_track_car]: camera turn sign ignored as left/right ambiguous; segment=flat_top_center_to_top_right_reverse best=camera_sign_turn_left:0.47 opposite=turn_right_sign:0.47
[gazebo_track_car-2] [INFO] [1781118058.926059124] [gazebo_track_car]: camera turn sign ignored as left/right ambiguous; segment=flat_top_center_to_top_right_reverse best=camera_sign_turn_right:0.49 opposite=turn_left_sign:0.48
[gazebo_track_car-2] [INFO] [1781118058.964271526] [gazebo_track_car]: camera turn sign ignored as left/right ambiguous; segment=flat_top_center_to_top_right_reverse best=camera_sign_turn_left:0.47 opposite=turn_right_sign:0.47
[gazebo_track_car-2] [INFO] [1781118058.965418694] [gazebo_track_car]: camera turn sign ignored as left/right ambiguous; segment=flat_top_center_to_top_right_reverse best=camera_sign_turn_right:0.49 opposite=turn_left_sign:0.48
[gazebo_track_car-2] [INFO] [1781118058.995645118] [gazebo_track_car]: camera turn sign ignored as left/right ambiguous; segment=flat_top_center_to_top_right_reverse best=camera_sign_turn_left:0.47 opposite=turn_right_sign:0.47
[gazebo_track_car-2] [INFO] [1781118058.996696955] [gazebo_track_car]: camera turn sign ignored as left/right ambiguous; segment=flat_top_center_to_top_right_reverse best=camera_sign_turn_right:0.49 opposite=turn_left_sign:0.48
[gazebo_track_car-2] [INFO] [1781118059.015883458] [gazebo_track_car]: camera turn sign ignored as left/right ambiguous; segment=flat_top_center_to_top_right_reverse best=camera_sign_turn_left:0.47 opposite=turn_right_sign:0.47
[gazebo_track_car-2] [INFO] [1781118059.017061033] [gazebo_track_car]: camera turn sign ignored as left/right ambiguous; segment=flat_top_center_to_top_right_reverse best=camera_sign_turn_right:0.49 opposite=turn_left_sign:0.48
[gazebo_track_car-2] [INFO] [1781118059.059139992] [gazebo_track_car]: camera turn sign ignored as left/right ambiguous; segment=flat_top_center_to_top_right_reverse best=camera_sign_turn_left:0.47 opposite=turn_right_sign:0.47
[gazebo_track_car-2] [INFO] [1781118059.060207550] [gazebo_track_car]: camera turn sign ignored as left/right ambiguous; segment=flat_top_center_to_top_right_reverse best=camera_sign_turn_right:0.49 opposite=turn_left_sign:0.48
[gazebo_track_car-2] [INFO] [1781118059.096019717] [gazebo_track_car]: camera turn sign ignored as left/right ambiguous; segment=flat_top_center_to_top_right_reverse best=camera_sign_turn_left:0.47 opposite=turn_right_sign:0.47
[gazebo_track_car-2] [INFO] [1781118059.097088547] [gazebo_track_car]: camera turn sign ignored as left/right ambiguous; segment=flat_top_center_to_top_right_reverse best=camera_sign_turn_right:0.49 opposite=turn_left_sign:0.48
[gazebo_track_car-2] [INFO] [1781118059.136532688] [gazebo_track_car]: camera turn sign ignored as left/right ambiguous; segment=flat_top_center_to_top_right_reverse best=camera_sign_turn_left:0.47 opposite=turn_right_sign:0.47
[gazebo_track_car-2] [INFO] [1781118059.137775787] [gazebo_track_car]: camera turn sign ignored as left/right ambiguous; segment=flat_top_center_to_top_right_reverse best=camera_sign_turn_right:0.49 opposite=turn_left_sign:0.48
[gazebo_track_car-2] [INFO] [1781118059.168568801] [gazebo_track_car]: camera turn sign ignored as left/right ambiguous; segment=flat_top_center_to_top_right_reverse best=camera_sign_turn_left:0.47 opposite=turn_right_sign:0.47
[gazebo_track_car-2] [INFO] [1781118059.169981199] [gazebo_track_car]: camera turn sign ignored as left/right ambiguous; segment=flat_top_center_to_top_right_reverse best=camera_sign_turn_right:0.49 opposite=turn_left_sign:0.48
[gazebo_track_car-2] [INFO] [1781118059.189541048] [gazebo_track_car]: camera turn sign ignored as left/right ambiguous; segment=flat_top_center_to_top_right_reverse best=camera_sign_turn_left:0.47 opposite=turn_right_sign:0.47
[gazebo_track_car-2] [INFO] [1781118059.190668649] [gazebo_track_car]: camera turn sign ignored as left/right ambiguous; segment=flat_top_center_to_top_right_reverse best=camera_sign_turn_right:0.49 opposite=turn_left_sign:0.48
[gazebo_track_car-2] [INFO] [1781118059.210945883] [gazebo_track_car]: camera turn sign ignored as left/right ambiguous; segment=flat_top_center_to_top_right_reverse best=camera_sign_turn_left:0.47 opposite=turn_right_sign:0.47
[gazebo_track_car-2] [INFO] [1781118059.211944480] [gazebo_track_car]: camera turn sign ignored as left/right ambiguous; segment=flat_top_center_to_top_right_reverse best=camera_sign_turn_right:0.49 opposite=turn_left_sign:0.48
[gazebo_track_car-2] [INFO] [1781118059.256811948] [gazebo_track_car]: camera turn sign ignored as left/right ambiguous; segment=flat_top_center_to_top_right_reverse best=camera_sign_turn_left:0.47 opposite=turn_right_sign:0.47
[gazebo_track_car-2] [INFO] [1781118059.257886098] [gazebo_track_car]: camera turn sign ignored as left/right ambiguous; segment=flat_top_center_to_top_right_reverse best=camera_sign_turn_right:0.49 opposite=turn_left_sign:0.48
[gazebo_track_car-2] [INFO] [1781118059.278732608] [gazebo_track_car]: camera turn sign ignored as left/right ambiguous; segment=flat_top_center_to_top_right_reverse best=camera_sign_turn_left:0.47 opposite=turn_right_sign:0.47
[gazebo_track_car-2] [INFO] [1781118059.279821575] [gazebo_track_car]: camera turn sign ignored as left/right ambiguous; segment=flat_top_center_to_top_right_reverse best=camera_sign_turn_right:0.49 opposite=turn_left_sign:0.48
[gazebo_track_car-2] [INFO] [1781118059.325888580] [gazebo_track_car]: camera turn sign ignored as left/right ambiguous; segment=flat_top_center_to_top_right_reverse best=camera_sign_turn_left:0.47 opposite=turn_right_sign:0.47
[gazebo_track_car-2] [INFO] [1781118059.327039895] [gazebo_track_car]: camera turn sign ignored as left/right ambiguous; segment=flat_top_center_to_top_right_reverse best=camera_sign_turn_right:0.49 opposite=turn_left_sign:0.48
[gazebo_track_car-2] [INFO] [1781118059.357805508] [gazebo_track_car]: camera turn sign ignored as left/right ambiguous; segment=flat_top_center_to_top_right_reverse best=camera_sign_turn_left:0.47 opposite=turn_right_sign:0.47
[gazebo_track_car-2] [INFO] [1781118059.358903603] [gazebo_track_car]: camera turn sign ignored as left/right ambiguous; segment=flat_top_center_to_top_right_reverse best=camera_sign_turn_right:0.49 opposite=turn_left_sign:0.48
[gazebo_track_car-2] [INFO] [1781118059.381153103] [gazebo_track_car]: camera turn sign ignored as left/right ambiguous; segment=flat_top_center_to_top_right_reverse best=camera_sign_turn_left:0.47 opposite=turn_right_sign:0.47
[gazebo_track_car-2] [INFO] [1781118059.382240839] [gazebo_track_car]: camera turn sign ignored as left/right ambiguous; segment=flat_top_center_to_top_right_reverse best=camera_sign_turn_right:0.49 opposite=turn_left_sign:0.48
[gazebo_track_car-2] [INFO] [1781118059.426908609] [gazebo_track_car]: camera turn sign ignored as left/right ambiguous; segment=flat_top_center_to_top_right_reverse best=camera_sign_turn_left:0.47 opposite=turn_right_sign:0.47
[gazebo_track_car-2] [INFO] [1781118059.428124206] [gazebo_track_car]: camera turn sign ignored as left/right ambiguous; segment=flat_top_center_to_top_right_reverse best=camera_sign_turn_right:0.49 opposite=turn_left_sign:0.48
[gazebo_track_car-2] [INFO] [1781118059.457139899] [gazebo_track_car]: camera turn sign ignored as left/right ambiguous; segment=flat_top_center_to_top_right_reverse best=camera_sign_turn_left:0.47 opposite=turn_right_sign:0.47
[gazebo_track_car-2] [INFO] [1781118059.458305481] [gazebo_track_car]: camera turn sign ignored as left/right ambiguous; segment=flat_top_center_to_top_right_reverse best=camera_sign_turn_right:0.49 opposite=turn_left_sign:0.48
[gazebo_track_car-2] [INFO] [1781118059.501301466] [gazebo_track_car]: camera turn sign ignored as left/right ambiguous; segment=flat_top_center_to_top_right_reverse best=camera_sign_turn_left:0.47 opposite=turn_right_sign:0.47
[gazebo_track_car-2] [INFO] [1781118059.502371959] [gazebo_track_car]: camera turn sign ignored as left/right ambiguous; segment=flat_top_center_to_top_right_reverse best=camera_sign_turn_right:0.49 opposite=turn_left_sign:0.48
[gazebo_track_car-2] [INFO] [1781118059.517483573] [gazebo_track_car]: camera turn sign ignored as left/right ambiguous; segment=flat_top_center_to_top_right_reverse best=camera_sign_turn_left:0.47 opposite=turn_right_sign:0.47
[gazebo_track_car-2] [INFO] [1781118059.518632934] [gazebo_track_car]: camera turn sign ignored as left/right ambiguous; segment=flat_top_center_to_top_right_reverse best=camera_sign_turn_right:0.49 opposite=turn_left_sign:0.48
[gazebo_track_car-2] [INFO] [1781118059.556682150] [gazebo_track_car]: camera turn sign ignored as left/right ambiguous; segment=flat_top_center_to_top_right_reverse best=camera_sign_turn_left:0.47 opposite=turn_right_sign:0.47
[gazebo_track_car-2] [INFO] [1781118059.557787679] [gazebo_track_car]: camera turn sign ignored as left/right ambiguous; segment=flat_top_center_to_top_right_reverse best=camera_sign_turn_right:0.49 opposite=turn_left_sign:0.48
[gazebo_track_car-2] [INFO] [1781118059.590640675] [gazebo_track_car]: camera turn sign ignored as left/right ambiguous; segment=flat_top_center_to_top_right_reverse best=camera_sign_turn_left:0.47 opposite=turn_right_sign:0.47
[gazebo_track_car-2] [INFO] [1781118059.591710326] [gazebo_track_car]: camera turn sign ignored as left/right ambiguous; segment=flat_top_center_to_top_right_reverse best=camera_sign_turn_right:0.49 opposite=turn_left_sign:0.48
[gazebo_track_car-2] [INFO] [1781118059.611119821] [gazebo_track_car]: camera turn sign ignored as left/right ambiguous; segment=flat_top_center_to_top_right_reverse best=camera_sign_turn_left:0.47 opposite=turn_right_sign:0.47
[gazebo_track_car-2] [INFO] [1781118059.612207626] [gazebo_track_car]: camera turn sign ignored as left/right ambiguous; segment=flat_top_center_to_top_right_reverse best=camera_sign_turn_right:0.49 opposite=turn_left_sign:0.48
[gazebo_track_car-2] [INFO] [1781118059.655682834] [gazebo_track_car]: camera turn sign ignored as left/right ambiguous; segment=flat_top_center_to_top_right_reverse best=camera_sign_turn_left:0.47 opposite=turn_right_sign:0.47
[gazebo_track_car-2] [INFO] [1781118059.656788984] [gazebo_track_car]: camera turn sign ignored as left/right ambiguous; segment=flat_top_center_to_top_right_reverse best=camera_sign_turn_right:0.49 opposite=turn_left_sign:0.48
[gazebo_track_car-2] [INFO] [1781118059.687151564] [gazebo_track_car]: camera turn sign ignored as left/right ambiguous; segment=flat_top_center_to_top_right_reverse best=camera_sign_turn_left:0.47 opposite=turn_right_sign:0.47
[gazebo_track_car-2] [INFO] [1781118059.688275067] [gazebo_track_car]: camera turn sign ignored as left/right ambiguous; segment=flat_top_center_to_top_right_reverse best=camera_sign_turn_right:0.49 opposite=turn_left_sign:0.48
[gazebo_track_car-2] [INFO] [1781118059.723425915] [gazebo_track_car]: camera turn sign ignored as left/right ambiguous; segment=flat_top_center_to_top_right_reverse best=camera_sign_turn_left:0.47 opposite=turn_right_sign:0.47
[gazebo_track_car-2] [INFO] [1781118059.724486309] [gazebo_track_car]: camera turn sign ignored as left/right ambiguous; segment=flat_top_center_to_top_right_reverse best=camera_sign_turn_right:0.49 opposite=turn_left_sign:0.48
[gazebo_track_car-2] [INFO] [1781118059.758005935] [gazebo_track_car]: camera turn sign ignored as left/right ambiguous; segment=flat_top_center_to_top_right_reverse best=camera_sign_turn_left:0.47 opposite=turn_right_sign:0.47
[gazebo_track_car-2] [INFO] [1781118059.759185985] [gazebo_track_car]: camera turn sign ignored as left/right ambiguous; segment=flat_top_center_to_top_right_reverse best=camera_sign_turn_right:0.49 opposite=turn_left_sign:0.48
[gazebo_track_car-2] [INFO] [1781118059.784086956] [gazebo_track_car]: MOTION pos=(-0.847,+2.480) yaw=-0.001 v=0.000 step_err=0.0000m/0.000rad track_err=0.0036m footprint=road:8.00px route=flat_top_center_to_top_right_reverse cmd_vel=(0.000,+0.000)
[gazebo_track_car-2] [INFO] [1781118059.792295386] [gazebo_track_car]: camera turn sign ignored as left/right ambiguous; segment=flat_top_center_to_top_right_reverse best=camera_sign_turn_left:0.47 opposite=turn_right_sign:0.47
[gazebo_track_car-2] [INFO] [1781118059.793421614] [gazebo_track_car]: camera turn sign ignored as left/right ambiguous; segment=flat_top_center_to_top_right_reverse best=camera_sign_turn_right:0.49 opposite=turn_left_sign:0.48
[gazebo_track_car-2] [INFO] [1781118059.823806356] [gazebo_track_car]: camera turn sign ignored as left/right ambiguous; segment=flat_top_center_to_top_right_reverse best=camera_sign_turn_left:0.47 opposite=turn_right_sign:0.47
[gazebo_track_car-2] [INFO] [1781118059.824863474] [gazebo_track_car]: camera turn sign ignored as left/right ambiguous; segment=flat_top_center_to_top_right_reverse best=camera_sign_turn_right:0.49 opposite=turn_left_sign:0.48
[gazebo_track_car-2] [INFO] [1781118059.867758816] [gazebo_track_car]: camera turn sign ignored as left/right ambiguous; segment=flat_top_center_to_top_right_reverse best=camera_sign_turn_left:0.47 opposite=turn_right_sign:0.47
[gazebo_track_car-2] [INFO] [1781118059.868925079] [gazebo_track_car]: camera turn sign ignored as left/right ambiguous; segment=flat_top_center_to_top_right_reverse best=camera_sign_turn_right:0.49 opposite=turn_left_sign:0.48
[gazebo_track_car-2] [INFO] [1781118059.878811751] [gazebo_track_car]: camera turn sign ignored as left/right ambiguous; segment=flat_top_center_to_top_right_reverse best=camera_sign_turn_left:0.47 opposite=turn_right_sign:0.47
[gazebo_track_car-2] [INFO] [1781118059.879865482] [gazebo_track_car]: camera turn sign ignored as left/right ambiguous; segment=flat_top_center_to_top_right_reverse best=camera_sign_turn_right:0.49 opposite=turn_left_sign:0.48
[gazebo_track_car-2] [INFO] [1781118059.932795404] [gazebo_track_car]: camera turn sign ignored as left/right ambiguous; segment=flat_top_center_to_top_right_reverse best=camera_sign_turn_left:0.47 opposite=turn_right_sign:0.47
[gazebo_track_car-2] [INFO] [1781118059.933893920] [gazebo_track_car]: camera turn sign ignored as left/right ambiguous; segment=flat_top_center_to_top_right_reverse best=camera_sign_turn_right:0.49 opposite=turn_left_sign:0.48
[gazebo_track_car-2] [INFO] [1781118059.957130365] [gazebo_track_car]: camera turn sign ignored as left/right ambiguous; segment=flat_top_center_to_top_right_reverse best=camera_sign_turn_left:0.47 opposite=turn_right_sign:0.47
[gazebo_track_car-2] [INFO] [1781118059.958186421] [gazebo_track_car]: camera turn sign ignored as left/right ambiguous; segment=flat_top_center_to_top_right_reverse best=camera_sign_turn_right:0.49 opposite=turn_left_sign:0.48
[gazebo_track_car-2] [INFO] [1781118059.991018097] [gazebo_track_car]: camera turn sign ignored as left/right ambiguous; segment=flat_top_center_to_top_right_reverse best=camera_sign_turn_left:0.47 opposite=turn_right_sign:0.47
[gazebo_track_car-2] [INFO] [1781118059.992112395] [gazebo_track_car]: camera turn sign ignored as left/right ambiguous; segment=flat_top_center_to_top_right_reverse best=camera_sign_turn_right:0.49 opposite=turn_left_sign:0.48
[gazebo_track_car-2] [INFO] [1781118060.024983756] [gazebo_track_car]: camera turn sign ignored as left/right ambiguous; segment=flat_top_center_to_top_right_reverse best=camera_sign_turn_left:0.47 opposite=turn_right_sign:0.47
[gazebo_track_car-2] [INFO] [1781118060.026087111] [gazebo_track_car]: camera turn sign ignored as left/right ambiguous; segment=flat_top_center_to_top_right_reverse best=camera_sign_turn_right:0.49 opposite=turn_left_sign:0.48
[gazebo_track_car-2] [INFO] [1781118060.070553831] [gazebo_track_car]: camera turn sign ignored as left/right ambiguous; segment=flat_top_center_to_top_right_reverse best=camera_sign_turn_left:0.47 opposite=turn_right_sign:0.47
[gazebo_track_car-2] [INFO] [1781118060.071644893] [gazebo_track_car]: camera turn sign ignored as left/right ambiguous; segment=flat_top_center_to_top_right_reverse best=camera_sign_turn_right:0.49 opposite=turn_left_sign:0.48
[gazebo_track_car-2] [INFO] [1781118060.104055674] [gazebo_track_car]: camera turn sign ignored as left/right ambiguous; segment=flat_top_center_to_top_right_reverse best=camera_sign_turn_left:0.47 opposite=turn_right_sign:0.47
[gazebo_track_car-2] [INFO] [1781118060.105142598] [gazebo_track_car]: camera turn sign ignored as left/right ambiguous; segment=flat_top_center_to_top_right_reverse best=camera_sign_turn_right:0.49 opposite=turn_left_sign:0.48
[gazebo_track_car-2] [INFO] [1781118060.139296623] [gazebo_track_car]: camera turn sign ignored as left/right ambiguous; segment=flat_top_center_to_top_right_reverse best=camera_sign_turn_left:0.47 opposite=turn_right_sign:0.47
[gazebo_track_car-2] [INFO] [1781118060.140469850] [gazebo_track_car]: camera turn sign ignored as left/right ambiguous; segment=flat_top_center_to_top_right_reverse best=camera_sign_turn_right:0.49 opposite=turn_left_sign:0.48
[gazebo_track_car-2] [INFO] [1781118060.181079112] [gazebo_track_car]: camera turn sign ignored as left/right ambiguous; segment=flat_top_center_to_top_right_reverse best=camera_sign_turn_left:0.47 opposite=turn_right_sign:0.47
[gazebo_track_car-2] [INFO] [1781118060.182159613] [gazebo_track_car]: camera turn sign ignored as left/right ambiguous; segment=flat_top_center_to_top_right_reverse best=camera_sign_turn_right:0.49 opposite=turn_left_sign:0.48
[gazebo_track_car-2] [INFO] [1781118060.211913905] [gazebo_track_car]: camera turn sign ignored as left/right ambiguous; segment=flat_top_center_to_top_right_reverse best=camera_sign_turn_left:0.47 opposite=turn_right_sign:0.47
[gazebo_track_car-2] [INFO] [1781118060.212989487] [gazebo_track_car]: camera turn sign ignored as left/right ambiguous; segment=flat_top_center_to_top_right_reverse best=camera_sign_turn_right:0.49 opposite=turn_left_sign:0.48
[gazebo_track_car-2] [INFO] [1781118060.247627908] [gazebo_track_car]: camera turn sign ignored as left/right ambiguous; segment=flat_top_center_to_top_right_reverse best=camera_sign_turn_left:0.47 opposite=turn_right_sign:0.47
[gazebo_track_car-2] [INFO] [1781118060.248719831] [gazebo_track_car]: camera turn sign ignored as left/right ambiguous; segment=flat_top_center_to_top_right_reverse best=camera_sign_turn_right:0.49 opposite=turn_left_sign:0.48
[gazebo_track_car-2] [INFO] [1781118060.282188751] [gazebo_track_car]: camera turn sign ignored as left/right ambiguous; segment=flat_top_center_to_top_right_reverse best=camera_sign_turn_left:0.47 opposite=turn_right_sign:0.47
[gazebo_track_car-2] [INFO] [1781118060.283414878] [gazebo_track_car]: camera turn sign ignored as left/right ambiguous; segment=flat_top_center_to_top_right_reverse best=camera_sign_turn_right:0.49 opposite=turn_left_sign:0.48
[gazebo_track_car-2] [INFO] [1781118060.471116315] [gazebo_track_car]: traffic light is now GREEN.
[gazebo_track_car-2] [INFO] [1781118060.533268554] [gazebo_track_car]: camera traffic light is GREEN score=2184.5 area=2427px bbox=63x49px fill=0.79 center=(673,217)
[gazebo_track_car-2] [INFO] [1781118060.533567458] [gazebo_track_car]: released red traffic light stop latch; reason=camera_green_after_min_stop elapsed=2.2s light=palette_traffic_light_03_yaw_270
[gazebo_track_car-2] [WARN] [1781118060.605985554] [gazebo_track_car]: JITTER events=1 reasons=speed_delta=0.099m/s pos=(-0.846,+2.480) step=0.0010/0.0000m yaw=0.000/0.000rad route=flat_top_center_to_top_right_reverse
[gazebo_track_car-2] [INFO] [1781118060.613149831] [gazebo_track_car]: camera turn sign ignored as left/right ambiguous; segment=flat_top_center_to_top_right_reverse best=camera_sign_turn_left:0.47 opposite=turn_right_sign:0.47
[gazebo_track_car-2] [INFO] [1781118060.614280086] [gazebo_track_car]: camera turn sign ignored as left/right ambiguous; segment=flat_top_center_to_top_right_reverse best=camera_sign_turn_right:0.49 opposite=turn_left_sign:0.48
[gazebo_track_car-2] [INFO] [1781118060.656627664] [gazebo_track_car]: camera turn sign ignored as left/right ambiguous; segment=flat_top_center_to_top_right_reverse best=camera_sign_turn_left:0.49 opposite=turn_right_sign:0.49
[gazebo_track_car-2] [INFO] [1781118060.692073416] [gazebo_track_car]: camera turn sign ignored as left/right ambiguous; segment=flat_top_center_to_top_right_reverse best=camera_sign_turn_right:0.47 opposite=turn_left_sign:0.47
[gazebo_track_car-2] [INFO] [1781118060.693385165] [gazebo_track_car]: camera turn sign ignored as left/right ambiguous; segment=flat_top_center_to_top_right_reverse best=camera_sign_turn_left:0.53 opposite=turn_right_sign:0.51
[gazebo_track_car-2] [INFO] [1781118060.758209405] [gazebo_track_car]: camera turn sign ignored as left/right ambiguous; segment=flat_top_center_to_top_right_reverse best=camera_sign_turn_right:0.50 opposite=turn_left_sign:0.49
[gazebo_track_car-2] [INFO] [1781118060.759362774] [gazebo_track_car]: camera turn sign ignored as left/right ambiguous; segment=flat_top_center_to_top_right_reverse best=camera_sign_turn_left:0.52 opposite=turn_right_sign:0.49
[gazebo_track_car-2] [INFO] [1781118060.781173156] [gazebo_track_car]: camera turn sign ignored as left/right ambiguous; segment=flat_top_center_to_top_right_reverse best=camera_sign_turn_right:0.48 opposite=turn_left_sign:0.47
[gazebo_track_car-2] [INFO] [1781118060.783197751] [gazebo_track_car]: camera_sign=camera_sign_go_straight source=camera kind=go_straight_sign maneuver=straight score=0.45 area=667px bbox=23x29px center=(951,232)
[gazebo_track_car-2] [INFO] [1781118060.823988667] [gazebo_track_car]: camera turn sign ignored as left/right ambiguous; segment=flat_top_center_to_top_right_reverse best=camera_sign_turn_left:0.52 opposite=turn_right_sign:0.51
[gazebo_track_car-2] [INFO] [1781118060.900916113] [gazebo_track_car]: camera turn sign ignored as left/right ambiguous; segment=flat_top_center_to_top_right_reverse best=camera_sign_turn_right:0.48 opposite=turn_left_sign:0.48
[gazebo_track_car-2] [INFO] [1781118060.946610114] [gazebo_track_car]: camera turn sign ignored as left/right ambiguous; segment=flat_top_center_to_top_right_reverse best=camera_sign_turn_left:0.47 opposite=turn_right_sign:0.47
[gazebo_track_car-2] [INFO] [1781118060.982488117] [gazebo_track_car]: camera turn sign ignored as left/right ambiguous; segment=flat_top_center_to_top_right_reverse best=camera_sign_turn_right:0.48 opposite=turn_left_sign:0.48
[gazebo_track_car-2] [INFO] [1781118061.046538411] [gazebo_track_car]: camera turn sign ignored as left/right ambiguous; segment=flat_top_center_to_top_right_reverse best=camera_sign_turn_left:0.48 opposite=turn_right_sign:0.47
[gazebo_track_car-2] [INFO] [1781118061.097188556] [gazebo_track_car]: camera turn sign ignored as left/right ambiguous; segment=flat_top_center_to_top_right_reverse best=camera_sign_turn_right:0.48 opposite=turn_left_sign:0.48
[gazebo_track_car-2] [INFO] [1781118061.131372188] [gazebo_track_car]: camera turn sign ignored as left/right ambiguous; segment=flat_top_center_to_top_right_reverse best=camera_sign_turn_left:0.48 opposite=turn_right_sign:0.48
[gazebo_track_car-2] [INFO] [1781118061.148779249] [gazebo_track_car]: camera turn sign ignored as left/right ambiguous; segment=flat_top_center_to_top_right_reverse best=camera_sign_turn_right:0.47 opposite=turn_left_sign:0.47
[gazebo_track_car-2] [INFO] [1781118061.249726091] [gazebo_track_car]: camera turn sign ignored as left/right ambiguous; segment=flat_top_center_to_top_right_reverse best=camera_sign_turn_left:0.48 opposite=turn_right_sign:0.48
[gazebo_track_car-2] [INFO] [1781118061.321222273] [gazebo_track_car]: camera turn sign ignored as left/right ambiguous; segment=flat_top_center_to_top_right_reverse best=camera_sign_turn_right:0.48 opposite=turn_left_sign:0.48
[gazebo_track_car-2] [INFO] [1781118061.358478593] [gazebo_track_car]: camera turn sign ignored as left/right ambiguous; segment=flat_top_center_to_top_right_reverse best=camera_sign_turn_left:0.48 opposite=turn_right_sign:0.48
[gazebo_track_car-2] [INFO] [1781118061.382762078] [gazebo_track_car]: camera turn sign ignored as left/right ambiguous; segment=flat_top_center_to_top_right_reverse best=camera_sign_turn_right:0.49 opposite=turn_left_sign:0.48
[gazebo_track_car-2] [INFO] [1781118061.427693877] [gazebo_track_car]: camera turn sign ignored as left/right ambiguous; segment=flat_top_center_to_top_right_reverse best=camera_sign_turn_left:0.49 opposite=turn_right_sign:0.48
[gazebo_track_car-2] [INFO] [1781118061.471483199] [gazebo_track_car]: camera turn sign ignored as left/right ambiguous; segment=flat_top_center_to_top_right_reverse best=camera_sign_turn_right:0.48 opposite=turn_left_sign:0.47
[gazebo_track_car-2] [INFO] [1781118061.527417538] [gazebo_track_car]: camera turn sign ignored as left/right ambiguous; segment=flat_top_center_to_top_right_reverse best=camera_sign_turn_left:0.47 opposite=turn_right_sign:0.47
[gazebo_track_car-2] [INFO] [1781118061.547746380] [gazebo_track_car]: camera turn sign ignored as left/right ambiguous; segment=flat_top_center_to_top_right_reverse best=camera_sign_turn_right:0.48 opposite=turn_left_sign:0.47
[gazebo_track_car-2] [INFO] [1781118061.659202821] [gazebo_track_car]: camera turn sign ignored as left/right ambiguous; segment=flat_top_center_to_top_right_reverse best=camera_sign_turn_left:0.47 opposite=turn_right_sign:0.47
[gazebo_track_car-2] [INFO] [1781118061.667068163] [gazebo_track_car]: camera turn sign ignored as left/right ambiguous; segment=flat_top_center_to_top_right_reverse best=camera_sign_turn_right:0.48 opposite=turn_left_sign:0.48
[gazebo_track_car-2] [INFO] [1781118061.682853089] [gazebo_track_car]: camera turn sign ignored as left/right ambiguous; segment=flat_top_center_to_top_right_reverse best=camera_sign_turn_left:0.48 opposite=turn_right_sign:0.48
[gazebo_track_car-2] [INFO] [1781118061.736936388] [gazebo_track_car]: camera turn sign ignored as left/right ambiguous; segment=flat_top_center_to_top_right_reverse best=camera_sign_turn_right:0.48 opposite=turn_left_sign:0.48
[gazebo_track_car-2] [INFO] [1781118061.787702836] [gazebo_track_car]: MOTION pos=(-0.519,+2.480) yaw=+0.001 v=0.279 step_err=0.0221m/0.000rad track_err=0.0059m footprint=road:8.00px route=flat_top_center_to_top_right_reverse cmd_vel=(0.280,-0.001)
[gazebo_track_car-2] [INFO] [1781118061.850223321] [gazebo_track_car]: camera turn sign ignored as left/right ambiguous; segment=flat_top_center_to_top_right_reverse best=camera_sign_turn_left:0.49 opposite=turn_right_sign:0.48
[gazebo_track_car-2] [INFO] [1781118061.883765059] [gazebo_track_car]: camera turn sign ignored as left/right ambiguous; segment=flat_top_center_to_top_right_reverse best=camera_sign_turn_right:0.48 opposite=turn_left_sign:0.48
[gazebo_track_car-2] [INFO] [1781118062.297140557] [gazebo_track_car]: camera turn sign ignored as left/right ambiguous; segment=flat_top_center_to_top_right_reverse best=camera_sign_turn_left:0.48 opposite=turn_right_sign:0.48
[gazebo_track_car-2] [INFO] [1781118062.333854249] [gazebo_track_car]: camera turn sign ignored as left/right ambiguous; segment=flat_top_center_to_top_right_reverse best=camera_sign_turn_right:0.47 opposite=turn_left_sign:0.47
[gazebo_track_car-2] [INFO] [1781118062.384603832] [gazebo_track_car]: camera turn sign ignored as left/right ambiguous; segment=flat_top_center_to_top_right_reverse best=camera_sign_turn_left:0.48 opposite=turn_right_sign:0.47
[gazebo_track_car-2] [INFO] [1781118062.407321307] [gazebo_track_car]: camera turn sign ignored as left/right ambiguous; segment=flat_top_center_to_top_right_reverse best=camera_sign_turn_right:0.47 opposite=turn_left_sign:0.47
[gazebo_track_car-2] [INFO] [1781118062.462378537] [gazebo_track_car]: camera turn sign ignored as left/right ambiguous; segment=flat_top_center_to_top_right_reverse best=camera_sign_turn_left:0.48 opposite=turn_right_sign:0.48
[gazebo_track_car-2] [INFO] [1781118062.563424200] [gazebo_track_car]: camera turn sign ignored as left/right ambiguous; segment=flat_top_center_to_top_right_reverse best=camera_sign_turn_right:0.47 opposite=turn_left_sign:0.47
[gazebo_track_car-2] [INFO] [1781118062.628063218] [gazebo_track_car]: camera turn sign ignored as left/right ambiguous; segment=flat_top_center_to_top_right_reverse best=camera_sign_turn_left:0.48 opposite=turn_right_sign:0.48
[gazebo_track_car-2] [INFO] [1781118062.695229993] [gazebo_track_car]: camera turn sign ignored as left/right ambiguous; segment=flat_top_center_to_top_right_reverse best=camera_sign_turn_right:0.49 opposite=turn_left_sign:0.48
[gazebo_track_car-2] [INFO] [1781118062.747034248] [gazebo_track_car]: camera turn sign ignored as left/right ambiguous; segment=flat_top_center_to_top_right_reverse best=camera_sign_turn_left:0.48 opposite=turn_right_sign:0.48
[gazebo_track_car-2] [INFO] [1781118062.755526686] [gazebo_track_car]: camera turn sign ignored as left/right ambiguous; segment=flat_top_center_to_top_right_reverse best=camera_sign_turn_right:0.49 opposite=turn_left_sign:0.48
[gazebo_track_car-2] [INFO] [1781118062.786578539] [gazebo_track_car]: camera turn sign ignored as left/right ambiguous; segment=flat_top_center_to_top_right_reverse best=camera_sign_turn_left:0.47 opposite=turn_right_sign:0.47
[gazebo_track_car-2] [INFO] [1781118062.819463757] [gazebo_track_car]: camera turn sign ignored as left/right ambiguous; segment=flat_top_center_to_top_right_reverse best=camera_sign_turn_right:0.48 opposite=turn_left_sign:0.48
[gazebo_track_car-2] [INFO] [1781118062.882255614] [gazebo_track_car]: camera turn sign ignored as left/right ambiguous; segment=flat_top_center_to_top_right_reverse best=camera_sign_turn_left:0.47 opposite=turn_right_sign:0.47
[gazebo_track_car-2] [INFO] [1781118062.961560895] [gazebo_track_car]: camera turn sign ignored as left/right ambiguous; segment=flat_top_center_to_top_right_reverse best=camera_sign_turn_right:0.48 opposite=turn_left_sign:0.47
[gazebo_track_car-2] [INFO] [1781118062.989684175] [gazebo_track_car]: camera turn sign ignored as left/right ambiguous; segment=flat_top_center_to_top_right_reverse best=camera_sign_turn_left:0.47 opposite=turn_right_sign:0.47
[gazebo_track_car-2] [INFO] [1781118063.206176336] [gazebo_track_car]: camera turn sign ignored as left/right ambiguous; segment=flat_top_center_to_top_right_reverse best=camera_sign_turn_right:0.48 opposite=turn_left_sign:0.48
[gazebo_track_car-2] [INFO] [1781118063.265507675] [gazebo_track_car]: camera turn sign ignored as left/right ambiguous; segment=flat_top_center_to_top_right_reverse best=camera_sign_turn_left:0.48 opposite=turn_right_sign:0.48
[gazebo_track_car-2] [INFO] [1781118063.299650901] [gazebo_track_car]: camera turn sign ignored as left/right ambiguous; segment=flat_top_center_to_top_right_reverse best=camera_sign_turn_right:0.48 opposite=turn_left_sign:0.48
[gazebo_track_car-2] [INFO] [1781118063.352484822] [gazebo_track_car]: camera turn sign ignored as left/right ambiguous; segment=flat_top_center_to_top_right_reverse best=camera_sign_turn_left:0.47 opposite=turn_right_sign:0.47
[gazebo_track_car-2] [INFO] [1781118063.386469969] [gazebo_track_car]: camera turn sign ignored as left/right ambiguous; segment=flat_top_center_to_top_right_reverse best=camera_sign_turn_right:0.47 opposite=turn_left_sign:0.47
[gazebo_track_car-2] [INFO] [1781118063.431168900] [gazebo_track_car]: camera turn sign ignored as left/right ambiguous; segment=flat_top_center_to_top_right_reverse best=camera_sign_turn_left:0.47 opposite=turn_right_sign:0.47
[gazebo_track_car-2] [INFO] [1781118063.792668479] [gazebo_track_car]: MOTION pos=(+0.040,+2.480) yaw=+0.000 v=0.279 step_err=0.0229m/0.000rad track_err=0.0050m footprint=road:8.00px route=flat_top_center_to_top_right_reverse cmd_vel=(0.279,-0.006)
[gazebo_track_car-2] [INFO] [1781118063.874883177] [gazebo_track_car]: camera turn sign ignored as left/right ambiguous; segment=flat_top_center_to_top_right_reverse best=camera_sign_turn_right:0.48 opposite=turn_left_sign:0.48
[gazebo_track_car-2] [INFO] [1781118063.908247831] [gazebo_track_car]: camera turn sign ignored as left/right ambiguous; segment=flat_top_center_to_top_right_reverse best=camera_sign_turn_left:0.47 opposite=turn_right_sign:0.47
[gazebo_track_car-2] [INFO] [1781118065.193636948] [gazebo_track_car]: camera_sign=camera_sign_go_straight source=camera kind=go_straight_sign maneuver=straight score=0.43 area=4800px bbox=75x64px center=(675,220)
[gazebo_track_car-2] [INFO] [1781118065.493150756] [gazebo_track_car]: traffic light is now YELLOW.
[gazebo_track_car-2] [INFO] [1781118065.495596848] [gazebo_track_car]: route segment=flat_top_left_to_top_center_reverse; previous=flat_top_center_to_top_right_reverse; distance=0.022m; decision=route/default: flat_top_left_to_top_center_reverse
[gazebo_track_car-2] [37;1m2026-06-10 12:01:05.506 [31;1m[[37;1mSUBSCRIBER[31;1m Error] [37mDeserialization of data failed[34;1m -> Function [36mdeserialize_change[m
[gazebo_track_car-2] [37;1m2026-06-10 12:01:05.506 [31;1m[[37;1mSUBSCRIBER[31;1m Error] [37mDeserialization of data failed[34;1m -> Function [36mdeserialize_change[m
[gazebo_track_car-2] [37;1m2026-06-10 12:01:05.506 [31;1m[[37;1mSUBSCRIBER[31;1m Error] [37mDeserialization of data failed[34;1m -> Function [36mdeserialize_change[m
[gazebo_track_car-2] [37;1m2026-06-10 12:01:05.506 [31;1m[[37;1mSUBSCRIBER[31;1m Error] [37mDeserialization of data failed[34;1m -> Function [36mdeserialize_change[m
[gazebo_track_car-2] [INFO] [1781118065.517979451] [gazebo_track_car]: camera turn sign ignored as left/right ambiguous; segment=flat_top_left_to_top_center_reverse best=camera_sign_turn_left:0.47 opposite=turn_right_sign:0.47
[gazebo_track_car-2] [INFO] [1781118065.646304158] [gazebo_track_car]: camera sign seen but action is waiting until closer; detected=go_straight_sign sign=camera_sign_go_straight scene_sign=palette_go_straight_03_yaw_270 sign_dist=1.660m action_dist<=0.95m
[gazebo_track_car-2] [INFO] [1781118065.805032453] [gazebo_track_car]: MOTION pos=(+0.603,+2.480) yaw=-0.001 v=0.279 step_err=0.0235m/0.000rad track_err=0.0048m footprint=road:9.00px route=flat_top_left_to_top_center_reverse cmd_vel=(0.279,-0.004)
[gazebo_track_car-2] [INFO] [1781118066.498381678] [gazebo_track_car]: traffic light is now RED.
[gazebo_track_car-2] [INFO] [1781118067.003696331] [gazebo_track_car]: camera_sign=camera_sign_turn_left source=camera kind=turn_left_sign maneuver=left score=0.45 area=20230px bbox=238x85px center=(849,189)
[gazebo_track_car-2] [INFO] [1781118067.091776864] [gazebo_track_car]: camera sign action blocked; no matching facing 3D sign is close enough; detected=turn_left_sign sign=camera_sign_turn_left detection_dist<=3.40m action_dist<=0.95m
[gazebo_track_car-2] [INFO] [1781118067.618372582] [gazebo_track_car]: camera turn sign ignored as left/right ambiguous; segment=flat_top_left_to_top_center_reverse best=camera_sign_turn_right:0.50 opposite=turn_left_sign:0.46
[gazebo_track_car-2] [INFO] [1781118067.687264938] [gazebo_track_car]: camera turn sign ignored as left/right ambiguous; segment=flat_top_left_to_top_center_reverse best=camera_sign_turn_left:0.48 opposite=turn_right_sign:0.47
[gazebo_track_car-2] [INFO] [1781118067.688500373] [gazebo_track_car]: camera turn sign ignored as left/right ambiguous; segment=flat_top_left_to_top_center_reverse best=camera_sign_turn_right:0.49 opposite=turn_left_sign:0.46
[gazebo_track_car-2] [INFO] [1781118067.696159665] [gazebo_track_car]: camera turn sign ignored as left/right ambiguous; segment=flat_top_left_to_top_center_reverse best=camera_sign_turn_left:0.49 opposite=turn_right_sign:0.48
[gazebo_track_car-2] [INFO] [1781118067.697299088] [gazebo_track_car]: camera turn sign ignored as left/right ambiguous; segment=flat_top_left_to_top_center_reverse best=camera_sign_turn_right:0.48 opposite=turn_left_sign:0.45
[gazebo_track_car-2] [INFO] [1781118067.717440827] [gazebo_track_car]: camera turn sign ignored as left/right ambiguous; segment=flat_top_left_to_top_center_reverse best=camera_sign_turn_left:0.48 opposite=turn_right_sign:0.48
[gazebo_track_car-2] [INFO] [1781118067.718815695] [gazebo_track_car]: camera turn sign ignored as left/right ambiguous; segment=flat_top_left_to_top_center_reverse best=camera_sign_turn_right:0.48 opposite=turn_left_sign:0.45
[gazebo_track_car-2] [INFO] [1781118067.756228927] [gazebo_track_car]: camera turn sign ignored as left/right ambiguous; segment=flat_top_left_to_top_center_reverse best=camera_sign_turn_left:0.48 opposite=turn_right_sign:0.48
[gazebo_track_car-2] [INFO] [1781118067.757591966] [gazebo_track_car]: camera turn sign ignored as left/right ambiguous; segment=flat_top_left_to_top_center_reverse best=camera_sign_turn_right:0.48 opposite=turn_left_sign:0.45
[gazebo_track_car-2] [INFO] [1781118067.785080847] [gazebo_track_car]: camera turn sign ignored as left/right ambiguous; segment=flat_top_left_to_top_center_reverse best=camera_sign_turn_left:0.48 opposite=turn_right_sign:0.48
[gazebo_track_car-2] [INFO] [1781118067.786507854] [gazebo_track_car]: camera turn sign ignored as left/right ambiguous; segment=flat_top_left_to_top_center_reverse best=camera_sign_turn_right:0.48 opposite=turn_left_sign:0.46
[gazebo_track_car-2] [INFO] [1781118067.813144936] [gazebo_track_car]: MOTION pos=(+1.162,+2.480) yaw=-0.001 v=0.280 step_err=0.0215m/0.000rad track_err=0.0064m footprint=road:8.00px route=flat_top_left_to_top_center_reverse cmd_vel=(0.280,+0.003)
[gazebo_track_car-2] [INFO] [1781118067.875942837] [gazebo_track_car]: camera turn sign ignored as left/right ambiguous; segment=flat_top_left_to_top_center_reverse best=camera_sign_turn_left:0.50 opposite=turn_right_sign:0.49
[gazebo_track_car-2] [INFO] [1781118067.906331669] [gazebo_track_car]: camera traffic light lost for 0.2s.
[gazebo_track_car-2] [INFO] [1781118069.829546905] [gazebo_track_car]: MOTION pos=(+1.688,+2.485) yaw=-0.268 v=0.206 step_err=0.0173m/0.011rad track_err=0.0072m footprint=road:7.00px route=flat_top_left_to_top_center_reverse cmd_vel=(0.202,-0.572)
[gazebo_track_car-2] [INFO] [1781118070.019510537] [gazebo_track_car]: camera traffic light is YELLOW score=325.2 area=812px bbox=40x31px fill=0.65 center=(911,309)
[gazebo_track_car-2] [INFO] [1781118070.019814251] [gazebo_track_car]: camera traffic light ignored outside distance gate; state=yellow segment=flat_top_left_to_top_center_reverse gate<=1.70m nearby_target=- area=812px bbox=40x31px center=(911,309)
[gazebo_track_car-2] [INFO] [1781118070.141496139] [gazebo_track_car]: camera traffic light is GREEN score=850.8 area=2745px bbox=88x42px fill=0.74 center=(917,310)
[gazebo_track_car-2] [INFO] [1781118070.167641111] [gazebo_track_car]: camera_sign=camera_sign_turn_left source=camera kind=turn_left_sign maneuver=left score=0.49 area=494px bbox=19x26px center=(916,232)
[gazebo_track_car-2] [WARN] [1781118070.219578111] [gazebo_track_car]: JITTER events=3 reasons=yaw_step_error=0.164rad pos=(+1.767,+2.472) step=0.0042/0.0190m yaw=0.010/0.174rad route=flat_top_left_to_top_center_reverse
[gazebo_track_car-2] [INFO] [1781118070.262603841] [gazebo_track_car]: camera turn sign ignored as left/right ambiguous; segment=flat_top_left_to_top_center_reverse best=camera_sign_turn_right:0.47 opposite=turn_left_sign:0.47
[gazebo_track_car-2] [INFO] [1781118070.341542252] [gazebo_track_car]: camera turn sign ignored as left/right ambiguous; segment=flat_top_left_corner_reverse best=camera_sign_turn_right:0.47 opposite=turn_left_sign:0.47
[gazebo_track_car-2] [INFO] [1781118070.398740813] [gazebo_track_car]: camera turn sign ignored as left/right ambiguous; segment=flat_top_left_corner_reverse best=camera_sign_turn_left:0.49 opposite=turn_right_sign:0.48
[gazebo_track_car-2] [INFO] [1781118070.400464961] [gazebo_track_car]: camera turn sign ignored as left/right ambiguous; segment=flat_top_left_corner_reverse best=camera_sign_turn_right:0.49 opposite=turn_left_sign:0.46
[gazebo_track_car-2] [INFO] [1781118070.417077803] [gazebo_track_car]: route segment=flat_top_left_corner_reverse; previous=flat_top_left_to_top_center_reverse; distance=0.021m; decision=route/wheel_nearest: flat_top_left_corner_reverse
[gazebo_track_car-2] [INFO] [1781118070.430590537] [gazebo_track_car]: camera turn sign ignored as left/right ambiguous; segment=flat_top_left_corner_reverse best=camera_sign_turn_left:0.48 opposite=turn_right_sign:0.47
[gazebo_track_car-2] [INFO] [1781118070.687681621] [gazebo_track_car]: camera turn sign ignored as left/right ambiguous; segment=flat_top_left_corner_reverse best=camera_sign_turn_right:0.49 opposite=turn_left_sign:0.47
[gazebo_track_car-2] [INFO] [1781118070.719047329] [gazebo_track_car]: camera_sign=camera_sign_turn_left source=camera kind=turn_left_sign maneuver=left score=0.45 area=27392px bbox=214x128px center=(872,174)
[gazebo_track_car-2] [INFO] [1781118070.797921909] [gazebo_track_car]: camera sign action blocked; no matching facing 3D sign is close enough; detected=turn_left_sign sign=camera_sign_turn_left detection_dist<=3.40m action_dist<=0.95m
[gazebo_track_car-2] [WARN] [1781118071.347835528] [gazebo_track_car]: JITTER events=3 reasons=speed_delta=0.051m/s,yaw_rate_delta=0.430rad/s pos=(+1.986,+2.328) step=0.0044/0.0000m yaw=0.007/0.000rad route=flat_top_left_corner_reverse
[gazebo_track_car-2] [INFO] [1781118071.755895152] [gazebo_track_car]: camera_sign=camera_sign_go_straight source=camera kind=go_straight_sign maneuver=straight score=0.47 area=37538px bbox=274x137px center=(847,178)
[gazebo_track_car-2] [INFO] [1781118071.834085870] [gazebo_track_car]: camera turn sign ignored as left/right ambiguous; segment=flat_top_left_corner_reverse best=camera_sign_turn_left:0.47 opposite=turn_right_sign:0.45
[gazebo_track_car-2] [INFO] [1781118071.945082377] [gazebo_track_car]: MOTION pos=(+2.083,+2.231) yaw=-1.063 v=0.217 step_err=0.0178m/0.010rad track_err=0.0162m footprint=road:5.79px route=flat_top_left_corner_reverse cmd_vel=(0.211,-0.496)
[gazebo_track_car-2] [INFO] [1781118072.176754162] [gazebo_track_car]: camera sign seen but action is waiting until closer; detected=go_straight_sign sign=camera_sign_go_straight scene_sign=palette_go_straight_03_yaw_270 sign_dist=1.022m action_dist<=0.95m
[gazebo_track_car-2] [WARN] [1781118072.446814897] [gazebo_track_car]: JITTER events=2 reasons=yaw_step_error=0.183rad pos=(+2.141,+2.139) step=0.0045/0.0223m yaw=0.009/0.192rad route=flat_left_mid_to_top_reverse
[gazebo_track_car-2] [INFO] [1781118072.528943346] [gazebo_track_car]: route segment=flat_left_mid_to_top_reverse; previous=flat_top_left_corner_reverse; distance=0.022m; decision=route/wheel_nearest: flat_left_mid_to_top_reverse
[gazebo_track_car-2] [INFO] [1781118072.753387825] [gazebo_track_car]: queued scene maneuver 'straight' from camera sign camera_sign_go_straight; scene_sign=palette_go_straight_03_yaw_270 sign_dist=0.944m next_branch=1.50m
[gazebo_track_car-2] [INFO] [1781118073.950054653] [gazebo_track_car]: MOTION pos=(+2.189,+1.766) yaw=-1.593 v=0.275 step_err=0.0217m/0.001rad track_err=0.0107m footprint=road:6.00px route=flat_left_mid_to_top_reverse cmd_vel=(0.277,-0.020)
[gazebo_track_car-2] [INFO] [1781118074.221834718] [gazebo_track_car]: camera turn sign ignored as left/right ambiguous; segment=flat_left_mid_to_top_reverse best=camera_sign_turn_left:0.47 opposite=turn_right_sign:0.45
[gazebo_track_car-2] [INFO] [1781118074.248817235] [gazebo_track_car]: camera_sign=camera_sign_turn_left source=camera kind=turn_left_sign maneuver=left score=0.58 area=558px bbox=18x31px center=(736,158)
[gazebo_track_car-2] [INFO] [1781118074.378434680] [gazebo_track_car]: camera turn sign ignored as left/right ambiguous; segment=flat_left_mid_to_top_reverse best=camera_sign_turn_right:0.55 opposite=turn_left_sign:0.55
[gazebo_track_car-2] [INFO] [1781118074.436890809] [gazebo_track_car]: camera turn sign ignored as left/right ambiguous; segment=flat_left_mid_to_top_reverse best=camera_sign_turn_left:0.56 opposite=turn_right_sign:0.55
[gazebo_track_car-2] [INFO] [1781118074.439449474] [gazebo_track_car]: camera sign ignored because scene sign context disagrees; detected=turn_left_sign scene_ahead=go_straight_sign
[gazebo_track_car-2] [INFO] [1781118074.477718296] [gazebo_track_car]: camera turn sign ignored as left/right ambiguous; segment=flat_left_mid_to_top_reverse best=camera_sign_turn_right:0.55 opposite=turn_left_sign:0.52
[gazebo_track_car-2] [INFO] [1781118074.478853712] [gazebo_track_car]: camera turn sign ignored as left/right ambiguous; segment=flat_left_mid_to_top_reverse best=camera_sign_turn_left:0.56 opposite=turn_right_sign:0.54
[gazebo_track_car-2] [INFO] [1781118074.538463000] [gazebo_track_car]: camera turn sign ignored as left/right ambiguous; segment=flat_left_mid_to_top_reverse best=camera_sign_turn_right:0.50 opposite=turn_left_sign:0.48
[gazebo_track_car-2] [INFO] [1781118074.538772244] [gazebo_track_car]: camera_sign=camera_sign_go_straight source=camera kind=go_straight_sign maneuver=straight score=0.47 area=10920px bbox=65x168px center=(836,147)
[gazebo_track_car-2] [INFO] [1781118074.546189590] [gazebo_track_car]: camera turn sign ignored as left/right ambiguous; segment=flat_left_mid_to_top_reverse best=camera_sign_turn_left:0.61 opposite=turn_right_sign:0.59
[gazebo_track_car-2] [INFO] [1781118074.548204537] [gazebo_track_car]: camera turn sign ignored as left/right ambiguous; segment=flat_left_mid_to_top_reverse best=camera_sign_turn_right:0.53 opposite=turn_left_sign:0.49
[gazebo_track_car-2] [INFO] [1781118074.549847923] [gazebo_track_car]: traffic light is now GREEN.
[gazebo_track_car-2] [INFO] [1781118074.578199737] [gazebo_track_car]: camera sign ignored as parking/turn confusion; segment=flat_left_mid_to_top_reverse best=camera_sign_turn_left:0.44 parking=camera_sign_parking:0.33
[gazebo_track_car-2] [INFO] [1781118074.579574184] [gazebo_track_car]: camera turn sign ignored as left/right ambiguous; segment=flat_left_mid_to_top_reverse best=camera_sign_turn_left:0.63 opposite=turn_right_sign:0.62
[gazebo_track_car-2] [INFO] [1781118074.581392570] [gazebo_track_car]: camera turn sign ignored as left/right ambiguous; segment=flat_left_mid_to_top_reverse best=camera_sign_turn_right:0.53 opposite=turn_left_sign:0.49
[gazebo_track_car-2] [INFO] [1781118074.632623556] [gazebo_track_car]: camera turn sign ignored as left/right ambiguous; segment=flat_left_mid_to_top_reverse best=camera_sign_turn_left:0.62 opposite=turn_right_sign:0.61
[gazebo_track_car-2] [INFO] [1781118074.633687346] [gazebo_track_car]: camera turn sign ignored as left/right ambiguous; segment=flat_left_mid_to_top_reverse best=camera_sign_turn_right:0.51 opposite=turn_left_sign:0.48
[gazebo_track_car-2] [INFO] [1781118074.634888766] [gazebo_track_car]: camera_sign=camera_sign_turn_left source=camera kind=turn_left_sign maneuver=left score=0.48 area=600px bbox=20x30px center=(859,241)
[gazebo_track_car-2] [INFO] [1781118074.665977612] [gazebo_track_car]: camera turn sign ignored as left/right ambiguous; segment=flat_left_mid_to_top_reverse best=camera_sign_turn_left:0.44 opposite=turn_right_sign:0.42
[gazebo_track_car-2] [INFO] [1781118074.668014060] [gazebo_track_car]: camera sign ignored as parking/turn confusion; segment=flat_left_mid_to_top_reverse best=camera_sign_turn_right:0.47 parking=camera_sign_parking:0.32
[gazebo_track_car-2] [INFO] [1781118075.953112020] [gazebo_track_car]: MOTION pos=(+2.179,+1.211) yaw=-1.571 v=0.279 step_err=0.0223m/0.000rad track_err=0.0059m footprint=road:6.00px route=flat_left_mid_to_top_reverse cmd_vel=(0.279,+0.007)
[gazebo_track_car-2] [WARN] [1781118076.672374408] [gazebo_track_car]: JITTER events=2 reasons=speed_delta=0.057m/s pos=(+2.179,+1.011) step=0.0047/0.0000m yaw=0.003/0.000rad route=flat_left_mid_to_top_reverse
[gazebo_track_car-2] [INFO] [1781118077.957322349] [gazebo_track_car]: MOTION pos=(+2.179,+0.818) yaw=-1.569 v=0.083 step_err=0.0017m/0.000rad track_err=0.0085m footprint=road:9.80px route=flat_left_mid_to_top_reverse cmd_vel=(0.083,+0.002)
[gazebo_track_car-2] [INFO] [1781118079.561075841] [gazebo_track_car]: traffic light is now YELLOW.
[WARNING] [launch]: user interrupted with ctrl-c (SIGINT)
[WARNING] [launch]: user interrupted with ctrl-c (SIGINT) again, ignoring...
[INFO] [gazebo_track_car-2]: sending signal 'SIGINT' to process[gazebo_track_car-2]
[INFO] [gzserver-1]: sending signal 'SIGINT' to process[gzserver-1]
[INFO] [gazebo_track_car-2]: process has finished cleanly [pid 14932]
[ERROR] [gzserver-1]: process has died [pid 14930, exit code -2, cmd 'gzserver /home/quocbao/my_robot_vision_full_project/my_robot_vision/mirrored_world_lab/generated/map_2.world                                                                      -s libgazebo_ros_init.so   -s libgazebo_ros_factory.so   -s libgazebo_ros_force_system.so       '].
