[INFO] [launch]: All log files can be found below /home/quocbao/.ros/log/2026-06-11-01-42-41-125849-ubuntu-5272
[INFO] [launch]: Default logging verbosity is set to INFO
[INFO] [gzserver-1]: process started with pid [5289]
[INFO] [gazebo_track_car-2]: process started with pid [5291]
[INFO] [gazebo_camera_viewer-3]: process started with pid [5294]
[gazebo_camera_viewer-3] [INFO] [1781167361.954829723] [gazebo_camera_viewer]: Camera viewer listening on /track_preview_car/camera/image_raw; sign_overlay=on topic=/gazebo_track_car/camera_sign_detection; traffic_light_overlay=on topic=/gazebo_track_car/camera_traffic_light_state
[gazebo_track_car-2] [INFO] [1781167361.990269506] [gazebo_track_car]: [MAP_TRANSFORM] image=256x256 path=/home/quocbao/my_robot_vision_full_project/my_robot_vision/models/autonomous_map_3d/materials/textures/autonomous_map_visual.png map_size=6.000x6.000m px_per_m_x=42.667 px_per_m_y=42.667 route_offset=(+0.000,+0.300)m map_visual_offset=(+0.000,+0.300)m
[gazebo_track_car-2] [INFO] [1781167362.121340668] [gazebo_track_car]: [FOOTPRINT_CHECK] samples=1588 center_off_road=0 center_outside_safe=1005 failures=0 min_footprint_clearance=3.20px footprint=front:0.165m rear:0.145m half_width:0.115m
[gazebo_track_car-2] [INFO] [1781167362.121616506] [gazebo_track_car]: [FOOTPRINT_CHECK] overlays=/tmp/gazebo_route_mask_debug.png, /tmp/gazebo_route_centerline_debug.png, /tmp/gazebo_route_footprint_debug.png
[gazebo_track_car-2] [INFO] [1781167362.214886417] [gazebo_track_car]: SAFE_ROUTE_VERSION=semantic_parking_spawn_turn_guard_v31; direction=reversed to match map arrows; clearance=12px; drive_wheels=True; route_offset=(+0.000,+0.300)m; start_distance=0.000m; route_explore=False branch_probability=0.00; sign_detection=camera action_dist<=0.95m parking_action_dist<=1.35m roi=0.08-0.82; map_visual_offset=(+0.000,+0.300)m; base_speed=0.28m/s speed_limit=0.14m/s; traffic_light=cycle state=green green=5.0s yellow=1.0s red=8.0s trigger_distance=1.70m stop_distance=0.85m min_stop=2.0s camera=on topic=/track_preview_car/camera/image_raw fill>=0.42 slow_area>=45px stop_area>=160px distance_gate=on; camera_sign_templates=5 sign_score>=0.32 sign_stable=2; parking_auto_route=False; wheel_controller lookahead=0.32m parking_lookahead=0.20m heading_gain=3.80 max_wz=2.80rad/s rotate_heading>1.05rad; nearest_route=True nearest_dist<=0.65m; yaw_limits=1.80rad/s/4.00rad/s2; route_rejoin=False outer_only=True cmd_error>0.30m max_route_dist=0.55m; progress_sync=True cmd_error>0.06m route_dist<=0.20m yaw<=1.20rad; initial_pose_reset=True override=True tol=0.12m/0.35rad; segments=23; route_points=47.
[gazebo_track_car-2] [INFO] [1781167362.215146625] [gazebo_track_car]: Motion log uses /model_states and /track_preview_car/cmd_vel: MOTION every 2.00s, JITTER at most every 1.00s, verbose=False; jitter thresholds xy_step_delta=0.0060m, cmd_error=0.050m, z_delta=0.0005m, tilt=0.0030rad, speed_delta=0.030m/s, yaw_step_error=0.025rad, yaw_rate_delta=0.400rad/s.
[gzserver-1] [INFO] [1781167364.047611036] [track_preview_car.front_camera_controller]: Publishing camera info to [/track_preview_car/camera/camera_info]
[gzserver-1] [INFO] [1781167364.073619869] [gazebo_ros_state]: Publishing states of gazebo models at [/model_states]
[gzserver-1] [INFO] [1781167364.074161317] [gazebo_ros_state]: Publishing states of gazebo links at [/link_states]
[gzserver-1] [INFO] [1781167364.104367423] [track_preview_car.track_preview_car_diff_drive]: Wheel pair 1 separation set to [0.176000m]
[gzserver-1] [INFO] [1781167364.104421908] [track_preview_car.track_preview_car_diff_drive]: Wheel pair 1 diameter set to [0.060000m]
[gzserver-1] [INFO] [1781167364.105182182] [track_preview_car.track_preview_car_diff_drive]: Subscribed to [/track_preview_car/cmd_vel]
[gzserver-1] [INFO] [1781167364.106835134] [track_preview_car.track_preview_car_diff_drive]: Advertise odometry on [/track_preview_car/odom]
[gazebo_track_car-2] [INFO] [1781167364.140048974] [gazebo_track_car]: initial pose reset to configured route start; actual=(+0.765,+2.480) yaw=-0.000 target=(-1.773,+2.498) yaw=+0.003 error=2.538m/0.003rad segment=flat_top_center_to_top_right_reverse
[gazebo_track_car-2] [INFO] [1781167364.156122604] [gazebo_track_car]: traffic light is now RED.
[gazebo_track_car-2] [WARN] [1781167364.157539394] [gazebo_track_car]: Waiting for /model_states pose before publishing wheel commands.
[gazebo_track_car-2] [INFO] [1781167364.167099843] [gazebo_track_car]: wheel controller synced route progress from initial model pose; segment=flat_top_center_to_top_right_reverse@0.032m route_dist=0.018m startup_gate=1.250m
[gazebo_track_car-2] [INFO] [1781167364.167548371] [gazebo_track_car]: MOTION pos=(-1.773,+2.498) yaw=+0.003 v=0.000 step_err=0.0000m/0.000rad track_err=0.0000m footprint=road:8.00px route=flat_top_center_to_top_right_reverse cmd_vel=(0.000,+0.000)
[gazebo_track_car-2] [WARN] [1781167364.189834847] [gazebo_track_car]: JITTER events=1 reasons=z_delta=0.0054m pos=(-1.773,+2.498) step=0.0000/0.0000m yaw=0.000/0.000rad route=flat_top_center_to_top_right_reverse
[gazebo_track_car-2] [INFO] [1781167365.143200274] [gazebo_track_car]: camera_sign=camera_sign_turn_right source=camera kind=turn_right_sign maneuver=right score=0.50 area=2970px bbox=54x55px center=(554,223)
[gazebo_track_car-2] [INFO] [1781167365.148730544] [gazebo_track_car]: camera traffic light is GREEN score=40.2 area=133px bbox=25x7px fill=0.76 center=(540,289)
[gazebo_camera_viewer-3] [INFO] [1781167365.167244222] [gazebo_camera_viewer]: Receiving Gazebo camera frames.
[gazebo_track_car-2] [INFO] [1781167365.197754140] [gazebo_track_car]: camera sign action allowed by route branch context; detected=turn_right_sign sign=camera_sign_turn_right next_branch=2.04m area=3480px matching 3D sign is not route-adjacent
[gazebo_track_car-2] [INFO] [1781167365.198166950] [gazebo_track_car]: queued scene maneuver 'right' from camera sign camera_sign_turn_right; scene_sign=palette_turn_right_03_yaw_270 sign_dist=1.418m next_branch=2.04m
[gazebo_track_car-2] [INFO] [1781167366.281826410] [gazebo_track_car]: MOTION pos=(-1.242,+2.480) yaw=-0.011 v=0.275 step_err=0.0217m/0.001rad track_err=0.0058m footprint=road:8.00px route=flat_top_center_to_top_right_reverse cmd_vel=(0.276,+0.029)
[gazebo_track_car-2] [INFO] [1781167368.282376869] [gazebo_track_car]: MOTION pos=(-0.685,+2.480) yaw=+0.003 v=0.278 step_err=0.0220m/0.000rad track_err=0.0056m footprint=road:8.00px route=flat_top_center_to_top_right_reverse cmd_vel=(0.279,-0.009)
[gazebo_track_car-2] [INFO] [1781167368.519496060] [gazebo_track_car]: camera_sign=camera_sign_turn_left source=camera kind=turn_left_sign maneuver=left score=0.47 area=700px bbox=20x35px center=(863,227)
[gazebo_track_car-2] [INFO] [1781167368.554134722] [gazebo_track_car]: camera_sign=camera_sign_turn_right source=camera kind=turn_right_sign maneuver=right score=0.41 area=13806px bbox=78x177px center=(898,186)
[gazebo_track_car-2] [INFO] [1781167368.878345328] [gazebo_track_car]: traffic light is now GREEN.
[gazebo_track_car-2] [INFO] [1781167370.303052599] [gazebo_track_car]: MOTION pos=(-0.122,+2.480) yaw=-0.000 v=0.279 step_err=0.0279m/0.000rad track_err=0.0048m footprint=road:8.00px route=flat_top_center_to_top_right_reverse cmd_vel=(0.279,-0.005)
[gazebo_track_car-2] [WARN] [1781167371.021644146] [gazebo_track_car]: JITTER events=6 reasons=speed_delta=0.055m/s pos=(+0.078,+2.480) step=0.0047/0.0000m yaw=0.002/0.000rad route=flat_top_center_to_top_right_reverse
[gazebo_track_car-2] [INFO] [1781167371.966162832] [gazebo_track_car]: camera_sign=camera_sign_turn_right source=camera kind=turn_right_sign maneuver=right score=0.51 area=1274px bbox=49x26px center=(625,217)
[gazebo_track_car-2] [WARN] [1781167372.004224648] [gazebo_track_car]: JITTER events=3 reasons=yaw_step_error=0.038rad pos=(+0.235,+2.485) step=0.0021/0.0104m yaw=0.006/0.044rad route=flat_top_center_to_top_right_reverse
[gazebo_track_car-2] [INFO] [1781167372.055934589] [gazebo_track_car]: camera sign ignored because scene sign context disagrees; detected=turn_right_sign scene_ahead=go_straight_sign
[gazebo_track_car-2] [INFO] [1781167372.306525097] [gazebo_track_car]: MOTION pos=(+0.262,+2.490) yaw=-0.191 v=0.089 step_err=0.0067m/0.035rad track_err=0.0107m footprint=road:8.00px route=flat_top_center_to_top_right_reverse cmd_vel=(0.074,-0.418)
[gazebo_track_car-2] [WARN] [1781167373.110048588] [gazebo_track_car]: JITTER events=10 reasons=yaw_step_error=0.030rad pos=(+0.317,+2.498) step=0.0012/0.0060m yaw=0.008/0.038rad route=flat_top_center_to_top_right_reverse
[gazebo_track_car-2] [INFO] [1781167373.903538880] [gazebo_track_car]: traffic light is now YELLOW.
[gazebo_track_car-2] [INFO] [1781167374.310571784] [gazebo_track_car]: MOTION pos=(+0.368,+2.494) yaw=-0.890 v=0.034 step_err=0.0027m/0.017rad track_err=0.0145m footprint=road:5.00px route=flat_top_center_to_top_right_reverse cmd_vel=(0.028,-0.230)
[gazebo_track_car-2] [INFO] [1781167374.907691569] [gazebo_track_car]: traffic light is now RED.
[gazebo_track_car-2] [INFO] [1781167376.329418819] [gazebo_track_car]: MOTION pos=(+0.416,+2.456) yaw=-1.184 v=0.028 step_err=0.0023m/0.013rad track_err=0.0250m footprint=road:7.00px route=flat_top_center_to_top_right_reverse cmd_vel=(0.028,-0.085)
[gazebo_track_car-2] [WARN] [1781167377.251283431] [gazebo_track_car]: JITTER events=4 reasons=cmd_xy_error=0.0502m pos=(+0.429,+2.434) step=0.0006/0.0000m yaw=0.001/0.000rad route=flat_top_center_to_top_right_reverse
[gazebo_track_car-2] [WARN] [1781167378.234900149] [gazebo_track_car]: JITTER events=49 reasons=cmd_xy_error=0.0800m pos=(+0.441,+2.408) step=0.0006/0.0028m yaw=0.001/0.010rad route=flat_top_center_to_top_right_reverse
[gazebo_track_car-2] [INFO] [1781167378.333614873] [gazebo_track_car]: MOTION pos=(+0.442,+2.406) yaw=-1.297 v=0.028 step_err=0.0023m/0.010rad track_err=0.0831m footprint=road:10.00px route=flat_top_center_to_top_right_reverse cmd_vel=(0.028,-0.041)
[gazebo_track_car-2] [INFO] [1781167378.831538800] [gazebo_track_car]: route segment=flat_top_center_to_mid_top_right_entry; previous=flat_top_center_to_top_right_reverse; distance=0.002m; decision=route/right from palette_turn_right_03_yaw_270: flat_top_center_to_mid_top_right_entry delta=-90.0deg
[gazebo_track_car-2] [INFO] [1781167378.835841424] [gazebo_track_car]: ROUTE_PROGRESS_SYNC actual=(+0.447,+2.393) cmd_error=0.096m route_dist=0.045m yaw_error=0.256rad segment=flat_top_center_to_mid_top_right_entry@0.087m->flat_top_center_to_mid_top_right_entry@0.087m
[gazebo_track_car-2] [INFO] [1781167380.336296000] [gazebo_track_car]: camera_sign=camera_sign_turn_right source=camera kind=turn_right_sign maneuver=right score=0.48 area=12008px bbox=152x79px center=(113,188)
[gazebo_track_car-2] [INFO] [1781167380.354716111] [gazebo_track_car]: MOTION pos=(+0.499,+2.017) yaw=-1.584 v=0.274 step_err=0.0240m/0.001rad track_err=0.0084m footprint=road:7.00px route=flat_top_center_to_mid_top_right_entry cmd_vel=(0.275,-0.031)
[gazebo_track_car-2] [INFO] [1781167380.441176401] [gazebo_track_car]: camera sign action allowed by route branch context; detected=turn_right_sign sign=camera_sign_turn_right next_branch=1.44m area=12087px matching 3D sign is not route-adjacent
[gazebo_track_car-2] [INFO] [1781167380.441575315] [gazebo_track_car]: queued maneuver 'right' from camera sign camera_sign_turn_right; next_branch=1.44m
[gazebo_track_car-2] [INFO] [1781167380.745772082] [gazebo_track_car]: camera traffic light is RED score=35.8 area=43px bbox=6x9px fill=0.80 center=(683,214)
[gazebo_track_car-2] [INFO] [1781167380.748870171] [gazebo_track_car]: camera turn sign ignored as left/right ambiguous; segment=flat_top_center_to_mid_top_right_entry best=camera_sign_turn_right:0.48 opposite=turn_left_sign:0.45
[gazebo_track_car-2] [INFO] [1781167380.765697053] [gazebo_track_car]: camera traffic light is GREEN score=65.3 area=212px bbox=30x12px fill=0.59 center=(359,280)
[gazebo_track_car-2] [INFO] [1781167380.769425167] [gazebo_track_car]: camera turn sign ignored as left/right ambiguous; segment=flat_top_center_to_mid_top_right_entry best=camera_sign_turn_left:0.52 opposite=turn_right_sign:0.49
[gazebo_track_car-2] [INFO] [1781167380.797631807] [gazebo_track_car]: camera traffic light is RED score=39.1 area=47px bbox=6x10px fill=0.78 center=(685,214)
[gazebo_track_car-2] [INFO] [1781167380.800548830] [gazebo_track_car]: camera turn sign ignored as left/right ambiguous; segment=flat_top_center_to_mid_top_right_entry best=camera_sign_turn_right:0.48 opposite=turn_left_sign:0.47
[gazebo_track_car-2] [INFO] [1781167380.801730230] [gazebo_track_car]: camera turn sign ignored as left/right ambiguous; segment=flat_top_center_to_mid_top_right_entry best=camera_sign_turn_left:0.49 opposite=turn_right_sign:0.47
[gazebo_track_car-2] [INFO] [1781167380.847477087] [gazebo_track_car]: camera turn sign ignored as left/right ambiguous; segment=flat_top_center_to_mid_top_right_entry best=camera_sign_turn_right:0.50 opposite=turn_left_sign:0.49
[gazebo_track_car-2] [INFO] [1781167380.924900253] [gazebo_track_car]: camera_sign=camera_sign_parking source=camera kind=parking_sign maneuver=parking score=0.33 area=1189px bbox=29x41px center=(8,178)
[gazebo_track_car-2] [INFO] [1781167380.946465633] [gazebo_track_car]: camera traffic light is GREEN score=67.0 area=217px bbox=31x12px fill=0.58 center=(356,281)
[gazebo_track_car-2] [INFO] [1781167380.976281853] [gazebo_track_car]: camera traffic light is RED score=41.2 area=49px bbox=6x10px fill=0.82 center=(692,213)
[gazebo_track_car-2] [INFO] [1781167380.999291156] [gazebo_track_car]: camera traffic light is GREEN score=71.6 area=234px bbox=32x12px fill=0.61 center=(354,282)
[gazebo_track_car-2] [INFO] [1781167381.002595770] [gazebo_track_car]: camera sign seen but action is waiting until closer; detected=parking_sign sign=camera_sign_parking scene_sign=palette_parking_03_yaw_270 sign_dist=1.917m action_dist<=1.35m
[gazebo_track_car-2] [INFO] [1781167381.042576864] [gazebo_track_car]: camera traffic light is RED score=44.0 area=52px bbox=7x10px fill=0.74 center=(694,213)
[gazebo_track_car-2] [INFO] [1781167381.099368790] [gazebo_track_car]: camera traffic light is GREEN score=74.3 area=243px bbox=32x13px fill=0.58 center=(352,283)
[gazebo_track_car-2] [INFO] [1781167381.129878999] [gazebo_track_car]: camera traffic light is RED score=45.2 area=54px bbox=7x10px fill=0.77 center=(698,212)
[gazebo_track_car-2] [INFO] [1781167381.175886056] [gazebo_track_car]: camera traffic light is GREEN score=72.7 area=236px bbox=32x12px fill=0.61 center=(351,283)
[gazebo_track_car-2] [INFO] [1781167381.206937772] [gazebo_track_car]: camera traffic light is RED score=48.9 area=57px bbox=7x11px fill=0.74 center=(701,212)
[gazebo_track_car-2] [INFO] [1781167381.239496200] [gazebo_track_car]: camera traffic light is GREEN score=78.5 area=259px bbox=34x13px fill=0.59 center=(349,284)
[gazebo_track_car-2] [INFO] [1781167381.261301470] [gazebo_track_car]: camera traffic light is RED score=54.6 area=66px bbox=8x12px fill=0.69 center=(704,211)
[gazebo_track_car-2] [INFO] [1781167381.261602356] [gazebo_track_car]: camera traffic light ignored outside distance gate; state=red segment=flat_top_center_to_mid_top_right_entry gate<=1.70m nearby_target=palette_traffic_light_02_yaw_180 dist=2.70m forward=2.68m lateral=0.35m area=66px bbox=8x12px center=(704,211)
[gazebo_track_car-2] [INFO] [1781167381.306030699] [gazebo_track_car]: camera traffic light is GREEN score=77.2 area=253px bbox=33x13px fill=0.59 center=(348,284)
[gazebo_track_car-2] [INFO] [1781167382.040591996] [gazebo_track_car]: camera speed-limit candidate ignored as solid red lamp-like blob; segment=flat_top_center_to_mid_top_right_entry component_bbox=12x16px red_fill=0.64
[gazebo_track_car-2] [INFO] [1781167382.107309210] [gazebo_track_car]: camera traffic light is RED score=106.4 area=123px bbox=12x16px fill=0.64 center=(750,207)
[gazebo_track_car-2] [INFO] [1781167382.350620098] [gazebo_track_car]: MOTION pos=(+0.492,+1.467) yaw=-1.572 v=0.279 step_err=0.0056m/0.000rad track_err=0.0284m footprint=road:7.00px route=flat_top_center_to_mid_top_right_entry cmd_vel=(0.279,+0.008)
[gazebo_track_car-2] [INFO] [1781167382.951541735] [gazebo_track_car]: traffic light is now GREEN.
[gazebo_track_car-2] [INFO] [1781167382.965011128] [gazebo_track_car]: camera traffic light is GREEN score=159.3 area=533px bbox=48x19px fill=0.58 center=(294,304)
[gazebo_track_car-2] [INFO] [1781167383.543667971] [gazebo_track_car]: parking stub armed from camera sign camera_sign_parking; next_branch=0.58m
[gazebo_track_car-2] [INFO] [1781167383.767470994] [gazebo_track_car]: camera sign ignored as parking/turn confusion; segment=flat_top_center_to_mid_top_right_entry best=camera_sign_turn_right:0.47 parking=camera_sign_parking:0.32
[gazebo_track_car-2] [INFO] [1781167384.037293200] [gazebo_track_car]: camera_sign=camera_sign_speed_limit source=camera kind=speed_limit_sign maneuver=- score=0.55 area=598px bbox=23x26px center=(645,223)
[gazebo_track_car-2] [INFO] [1781167384.110529957] [gazebo_track_car]: camera_sign=camera_sign_turn_right source=camera kind=turn_right_sign maneuver=right score=0.47 area=10416px bbox=124x84px center=(219,206)
[gazebo_track_car-2] [INFO] [1781167384.187593386] [gazebo_track_car]: camera sign action allowed by route branch context; detected=turn_right_sign sign=camera_sign_turn_right next_branch=0.38m area=11645px matching 3D sign is not route-adjacent
[gazebo_track_car-2] [INFO] [1781167384.362969755] [gazebo_track_car]: MOTION pos=(+0.492,+0.903) yaw=-1.569 v=0.279 step_err=0.0170m/0.000rad track_err=0.0058m footprint=road:8.59px route=flat_top_center_to_mid_top_right_entry cmd_vel=(0.279,-0.007)
[gazebo_track_car-2] [INFO] [1781167384.405532765] [gazebo_track_car]: camera_sign=camera_sign_parking source=camera kind=parking_sign maneuver=parking score=0.34 area=1248px bbox=48x26px center=(180,198)
[gazebo_track_car-2] [WARN] [1781167384.479897600] [gazebo_track_car]: JITTER events=32 reasons=speed_delta=0.074m/s pos=(+0.493,+0.870) step=0.0045/0.0000m yaw=0.001/0.000rad route=flat_top_center_to_mid_top_right_entry
[gazebo_track_car-2] [INFO] [1781167384.775375097] [gazebo_track_car]: camera_sign=camera_sign_turn_right source=camera kind=turn_right_sign maneuver=right score=0.46 area=16137px bbox=163x99px center=(199,200)
[gazebo_track_car-2] [INFO] [1781167384.925044836] [gazebo_track_car]: camera_sign=camera_sign_parking source=camera kind=parking_sign maneuver=parking score=0.32 area=12408px bbox=132x94px center=(245,208)
[gazebo_track_car-2] [INFO] [1781167385.869496652] [gazebo_track_car]: camera turn sign ignored as left/right ambiguous; segment=flat_top_center_to_mid_top_right_entry best=camera_sign_turn_left:0.50 opposite=turn_right_sign:0.50
[gazebo_track_car-2] [WARN] [1781167385.878894609] [gazebo_track_car]: JITTER events=3 reasons=yaw_step_error=0.070rad pos=(+0.499,+0.654) step=0.0031/0.0148m yaw=0.015/0.085rad route=flat_top_center_to_mid_top_right_entry
[gazebo_track_car-2] [INFO] [1781167386.085470421] [gazebo_track_car]: camera turn sign ignored as left/right ambiguous; segment=flat_top_center_to_mid_top_right_entry best=camera_sign_turn_right:0.50 opposite=turn_left_sign:0.49
[gazebo_track_car-2] [INFO] [1781167386.283003039] [gazebo_track_car]: camera turn sign ignored as left/right ambiguous; segment=flat_top_center_to_mid_top_right_entry best=camera_sign_turn_left:0.49 opposite=turn_right_sign:0.47
[gazebo_track_car-2] [INFO] [1781167386.371818817] [gazebo_track_car]: route segment=aaa_flat_parking_stub_stop; previous=flat_top_center_to_mid_top_right_entry; distance=0.017m; decision=route/parking from camera_sign_parking: aaa_flat_parking_stub_stop
[gazebo_track_car-2] [INFO] [1781167386.380702541] [gazebo_track_car]: camera sign ignored as parking/turn confusion; segment=aaa_flat_parking_stub_stop best=camera_sign_turn_right:0.54 parking=camera_sign_parking:0.39
[gazebo_track_car-2] [INFO] [1781167386.382294357] [gazebo_track_car]: camera turn sign ignored as left/right ambiguous; segment=aaa_flat_parking_stub_stop best=camera_sign_turn_left:0.51 opposite=turn_right_sign:0.48
[gazebo_track_car-2] [INFO] [1781167386.383718012] [gazebo_track_car]: ROUTE_PROGRESS_SYNC actual=(+0.568,+0.596) cmd_error=0.061m route_dist=0.015m yaw_error=0.237rad segment=aaa_flat_parking_stub_stop@0.017m->aaa_flat_parking_stub_stop@0.076m
[gazebo_track_car-2] [INFO] [1781167386.384151742] [gazebo_track_car]: MOTION pos=(+0.568,+0.596) yaw=-0.237 v=0.193 step_err=0.0720m/0.027rad track_err=0.0148m footprint=road:6.00px route=aaa_flat_parking_stub_stop cmd_vel=(0.210,+0.519)
[gazebo_track_car-2] [INFO] [1781167386.449032821] [gazebo_track_car]: camera_sign=camera_sign_turn_right source=camera kind=turn_right_sign maneuver=right score=0.54 area=4080px bbox=60x68px center=(530,216)
[gazebo_track_car-2] [WARN] [1781167387.009604579] [gazebo_track_car]: JITTER events=15 reasons=speed_delta=0.035m/s pos=(+0.702,+0.575) step=0.0031/0.0000m yaw=0.013/0.000rad route=aaa_flat_parking_stub_stop
[gazebo_track_car-2] [INFO] [1781167387.132790475] [gazebo_track_car]: camera sign action blocked; no matching facing 3D sign is close enough; detected=turn_right_sign sign=camera_sign_turn_right detection_dist<=3.40m action_dist<=0.95m
[gazebo_track_car-2] [INFO] [1781167387.211493883] [gazebo_track_car]: camera turn sign ignored as left/right ambiguous; segment=aaa_flat_parking_stub_stop best=camera_sign_turn_right:0.50 opposite=turn_left_sign:0.50
[gazebo_track_car-2] [INFO] [1781167387.289872188] [gazebo_track_car]: camera turn sign ignored as left/right ambiguous; segment=aaa_flat_parking_stub_stop best=camera_sign_turn_left:0.55 opposite=turn_right_sign:0.52
[gazebo_track_car-2] [INFO] [1781167387.313388007] [gazebo_track_car]: camera turn sign ignored as left/right ambiguous; segment=aaa_flat_parking_stub_stop best=camera_sign_turn_right:0.49 opposite=turn_left_sign:0.49
[gazebo_track_car-2] [INFO] [1781167387.412192127] [gazebo_track_car]: camera sign ignored as parking/turn confusion; segment=aaa_flat_parking_stub_stop best=camera_sign_turn_left:0.49 parking=camera_sign_parking:0.33
[gazebo_track_car-2] [INFO] [1781167387.464057497] [gazebo_track_car]: camera sign ignored as parking/turn confusion; segment=aaa_flat_parking_stub_stop best=camera_sign_turn_right:0.53 parking=camera_sign_parking:0.37
[gazebo_track_car-2] [INFO] [1781167387.465216976] [gazebo_track_car]: camera sign ignored as parking/turn confusion; segment=aaa_flat_parking_stub_stop best=camera_sign_turn_left:0.49 parking=camera_sign_parking:0.34
[gazebo_track_car-2] [INFO] [1781167387.513614548] [gazebo_track_car]: camera sign ignored as parking/turn confusion; segment=aaa_flat_parking_stub_stop best=camera_sign_turn_right:0.52 parking=camera_sign_parking:0.37
[gazebo_track_car-2] [INFO] [1781167387.514712300] [gazebo_track_car]: camera sign ignored as parking/turn confusion; segment=aaa_flat_parking_stub_stop best=camera_sign_turn_left:0.48 parking=camera_sign_parking:0.32
[gazebo_track_car-2] [INFO] [1781167387.543224802] [gazebo_track_car]: camera sign ignored as parking/turn confusion; segment=aaa_flat_parking_stub_stop best=camera_sign_turn_right:0.52 parking=camera_sign_parking:0.36
[gazebo_track_car-2] [INFO] [1781167387.544712680] [gazebo_track_car]: camera turn sign ignored as left/right ambiguous; segment=aaa_flat_parking_stub_stop best=camera_sign_turn_left:0.50 opposite=turn_right_sign:0.49
[gazebo_track_car-2] [INFO] [1781167387.546105966] [gazebo_track_car]: camera sign ignored as parking/turn confusion; segment=aaa_flat_parking_stub_stop best=camera_sign_turn_left:0.46 parking=camera_sign_parking:0.30
[gazebo_track_car-2] [INFO] [1781167387.588691885] [gazebo_track_car]: camera sign ignored as parking/turn confusion; segment=aaa_flat_parking_stub_stop best=camera_sign_turn_right:0.52 parking=camera_sign_parking:0.36
[gazebo_track_car-2] [INFO] [1781167387.589801699] [gazebo_track_car]: camera turn sign ignored as left/right ambiguous; segment=aaa_flat_parking_stub_stop best=camera_sign_turn_right:0.50 opposite=turn_left_sign:0.47
[gazebo_track_car-2] [INFO] [1781167387.653419193] [gazebo_track_car]: camera turn sign ignored as left/right ambiguous; segment=aaa_flat_parking_stub_stop best=camera_sign_turn_left:0.49 opposite=turn_right_sign:0.49
[gazebo_track_car-2] [INFO] [1781167387.880840745] [gazebo_track_car]: traffic light is now YELLOW.
[gazebo_track_car-2] [INFO] [1781167387.911032732] [gazebo_track_car]: camera traffic light is YELLOW score=1248.3 area=1340px bbox=65x31px fill=0.67 center=(849,194)
[gazebo_track_car-2] [INFO] [1781167387.911394004] [gazebo_track_car]: camera traffic light ignored outside distance gate; state=yellow segment=aaa_flat_parking_stub_stop gate<=1.70m nearby_target=- area=1340px bbox=65x31px center=(849,194)
[gazebo_track_car-2] [WARN] [1781167387.986570431] [gazebo_track_car]: JITTER events=1 reasons=yaw_step_error=0.335rad pos=(+0.834,+0.550) step=0.0031/0.0211m yaw=0.015/0.351rad route=aaa_flat_parking_stub_stop
[gazebo_track_car-2] [INFO] [1781167388.085552324] [gazebo_track_car]: camera turn sign ignored as left/right ambiguous; segment=aaa_flat_parking_stub_stop best=camera_sign_turn_right:0.48 opposite=turn_left_sign:0.44
[gazebo_track_car-2] [INFO] [1781167388.393396456] [gazebo_track_car]: MOTION pos=(+0.869,+0.517) yaw=-1.280 v=0.107 step_err=0.0037m/0.010rad track_err=0.0214m footprint=road:7.99px route=aaa_flat_parking_stub_stop cmd_vel=(0.101,-0.449)
[gazebo_track_car-2] [INFO] [1781167388.778598753] [gazebo_track_car]: camera turn sign ignored as left/right ambiguous; segment=aaa_flat_parking_stub_stop best=camera_sign_turn_left:0.50 opposite=turn_right_sign:0.47
[gazebo_track_car-2] [INFO] [1781167388.788231691] [gazebo_track_car]: camera turn sign ignored as left/right ambiguous; segment=aaa_flat_parking_stub_stop best=camera_sign_turn_right:0.56 opposite=turn_left_sign:0.54
[gazebo_track_car-2] [INFO] [1781167388.812613678] [gazebo_track_car]: camera turn sign ignored as left/right ambiguous; segment=aaa_flat_parking_stub_stop best=camera_sign_turn_left:0.61 opposite=turn_right_sign:0.59
[gazebo_track_car-2] [INFO] [1781167388.892182896] [gazebo_track_car]: camera turn sign ignored as left/right ambiguous; segment=aaa_flat_parking_stub_stop best=camera_sign_turn_right:0.60 opposite=turn_left_sign:0.59
[gazebo_track_car-2] [INFO] [1781167388.894106137] [gazebo_track_car]: traffic light is now RED.
[gazebo_track_car-2] [INFO] [1781167388.920151288] [gazebo_track_car]: camera traffic light is RED score=328.7 area=369px bbox=22x21px fill=0.80 center=(620,198)
[gazebo_track_car-2] [INFO] [1781167389.266858113] [gazebo_track_car]: camera turn sign ignored as left/right ambiguous; segment=aaa_flat_parking_stub_stop best=camera_sign_turn_left:0.49 opposite=turn_right_sign:0.48
[gazebo_track_car-2] [INFO] [1781167390.409663801] [gazebo_track_car]: MOTION pos=(+0.906,+0.271) yaw=-1.621 v=0.134 step_err=0.0128m/0.001rad track_err=0.0157m footprint=road:7.00px route=aaa_flat_parking_stub_stop cmd_vel=(0.128,-0.027)
[gazebo_track_car-2] [INFO] [1781167392.316856007] [gazebo_track_car]: camera traffic light is GREEN score=1659.9 area=5259px bbox=223x56px fill=0.42 center=(872,316)
[gazebo_track_car-2] [INFO] [1781167392.320302343] [gazebo_track_car]: camera speed-limit candidate ignored as solid red lamp-like blob; segment=aaa_flat_parking_stub_stop component_bbox=29x28px red_fill=0.76
[gazebo_track_car-2] [INFO] [1781167392.353051150] [gazebo_track_car]: camera speed-limit candidate ignored as solid red lamp-like blob; segment=aaa_flat_parking_stub_stop component_bbox=28x28px red_fill=0.78
[gazebo_track_car-2] [INFO] [1781167392.378381357] [gazebo_track_car]: camera speed-limit candidate ignored as solid red lamp-like blob; segment=aaa_flat_parking_stub_stop component_bbox=29x28px red_fill=0.77
[gazebo_track_car-2] [INFO] [1781167392.406307753] [gazebo_track_car]: MOTION pos=(+0.898,+0.108) yaw=-1.648 v=0.049 step_err=0.0040m/0.000rad track_err=0.0072m footprint=road:7.00px route=aaa_flat_parking_stub_stop cmd_vel=(0.098,-0.008)
[gazebo_track_car-2] [WARN] [1781167392.424586960] [gazebo_track_car]: JITTER events=8 reasons=speed_delta=0.076m/s pos=(+0.898,+0.106) step=0.0019/0.0000m yaw=0.002/0.000rad route=aaa_flat_parking_stub_stop
[gazebo_track_car-2] [INFO] [1781167392.473167774] [gazebo_track_car]: camera speed-limit candidate ignored as solid red lamp-like blob; segment=aaa_flat_parking_stub_stop component_bbox=30x29px red_fill=0.73
[gazebo_track_car-2] [INFO] [1781167392.517085911] [gazebo_track_car]: camera speed-limit candidate ignored as solid red lamp-like blob; segment=aaa_flat_parking_stub_stop component_bbox=29x28px red_fill=0.77
[gazebo_track_car-2] [INFO] [1781167392.539006511] [gazebo_track_car]: camera traffic light is RED score=558.8 area=627px bbox=30x28px fill=0.75 center=(613,188)
[gazebo_track_car-2] [INFO] [1781167392.813085666] [gazebo_track_car]: camera traffic light is GREEN score=1644.8 area=5211px bbox=220x55px fill=0.43 center=(873,317)
[gazebo_track_car-2] [INFO] [1781167392.815781226] [gazebo_track_car]: camera speed-limit candidate ignored as solid red lamp-like blob; segment=aaa_flat_parking_stub_stop component_bbox=30x29px red_fill=0.77
[gazebo_track_car-2] [INFO] [1781167392.848957911] [gazebo_track_car]: camera speed-limit candidate ignored as solid red lamp-like blob; segment=aaa_flat_parking_stub_stop component_bbox=31x29px red_fill=0.75
[gazebo_track_car-2] [INFO] [1781167392.882554070] [gazebo_track_car]: camera speed-limit candidate ignored as solid red lamp-like blob; segment=aaa_flat_parking_stub_stop component_bbox=31x30px red_fill=0.73
[gazebo_track_car-2] [INFO] [1781167392.904302912] [gazebo_track_car]: camera traffic light is RED score=590.3 area=657px bbox=30x28px fill=0.78 center=(615,187)
[gazebo_track_car-2] [INFO] [1781167393.150277291] [gazebo_track_car]: camera traffic light is GREEN score=1642.3 area=5205px bbox=221x56px fill=0.42 center=(873,317)
[gazebo_track_car-2] [INFO] [1781167393.153233149] [gazebo_track_car]: camera speed-limit candidate ignored as solid red lamp-like blob; segment=aaa_flat_parking_stub_stop component_bbox=31x29px red_fill=0.77
[gazebo_track_car-2] [INFO] [1781167393.178581083] [gazebo_track_car]: camera speed-limit candidate ignored as solid red lamp-like blob; segment=aaa_flat_parking_stub_stop component_bbox=31x30px red_fill=0.75
[gazebo_track_car-2] [INFO] [1781167393.281129151] [gazebo_track_car]: camera speed-limit candidate ignored as solid red lamp-like blob; segment=aaa_flat_parking_stub_stop component_bbox=32x30px red_fill=0.74
[gazebo_track_car-2] [INFO] [1781167393.407576686] [gazebo_track_car]: camera speed-limit candidate ignored as solid red lamp-like blob; segment=aaa_flat_parking_stub_stop component_bbox=32x31px red_fill=0.74
[gazebo_track_car-2] [INFO] [1781167393.453487361] [gazebo_track_car]: camera speed-limit candidate ignored as solid red lamp-like blob; segment=aaa_flat_parking_stub_stop component_bbox=32x30px red_fill=0.76
[gazebo_track_car-2] [INFO] [1781167393.541366019] [gazebo_track_car]: camera speed-limit candidate ignored as solid red lamp-like blob; segment=aaa_flat_parking_stub_stop component_bbox=31x30px red_fill=0.78
[gazebo_track_car-2] [INFO] [1781167393.605072123] [gazebo_track_car]: camera traffic light is RED score=636.0 area=713px bbox=31x30px fill=0.77 center=(613,185)
[gazebo_track_car-2] [WARN] [1781167393.648743802] [gazebo_track_car]: JITTER events=3 reasons=yaw_rate_delta=0.590rad/s pos=(+0.895,+0.016) step=0.0019/0.0000m yaw=0.012/0.000rad route=aaa_flat_parking_stub_stop
[gazebo_track_car-2] [WARN] [1781167393.708212588] [gazebo_track_car]: parking complete; stopped at segment=aaa_flat_parking_stub_stop pose=(+0.891,+0.019) yaw=-1.571
[gazebo_track_car-2] [INFO] [1781167393.716764568] [gazebo_track_car]: camera traffic light ignored outside distance gate; state=red segment=aaa_flat_parking_stub_stop gate<=1.70m nearby_target=- area=604px bbox=28x28px center=(590,187)
[gazebo_track_car-2] [INFO] [1781167393.766037715] [gazebo_track_car]: camera_sign=camera_sign_speed_limit source=camera kind=speed_limit_sign maneuver=- score=0.51 area=3520px bbox=80x44px center=(704,218)
[gazebo_track_car-2] [INFO] [1781167393.775669802] [gazebo_track_car]: camera sign seen but action is waiting until closer; detected=speed_limit_sign sign=camera_sign_speed_limit scene_sign=palette_speed_limit_03_yaw_270 sign_dist=2.394m action_dist<=0.95m
[gazebo_track_car-2] [INFO] [1781167394.411612287] [gazebo_track_car]: MOTION pos=(+0.903,+0.011) yaw=-1.831 v=0.000 step_err=0.0000m/0.000rad track_err=0.0148m footprint=road:3.00px route=aaa_flat_parking_stub_stop cmd_vel=(0.000,+0.000)
[gazebo_track_car-2] [INFO] [1781167396.421209450] [gazebo_track_car]: MOTION pos=(+0.903,+0.011) yaw=-1.831 v=0.000 step_err=0.0000m/0.000rad track_err=0.0148m footprint=road:3.00px route=aaa_flat_parking_stub_stop cmd_vel=(0.000,+0.000)
[gazebo_track_car-2] [INFO] [1781167396.923606303] [gazebo_track_car]: traffic light is now GREEN.
[gazebo_track_car-2] [INFO] [1781167396.953354954] [gazebo_track_car]: camera traffic light is GREEN score=450.7 area=508px bbox=25x25px fill=0.81 center=(572,228)
[gazebo_track_car-2] [INFO] [1781167398.443246650] [gazebo_track_car]: MOTION pos=(+0.903,+0.011) yaw=-1.831 v=0.000 step_err=0.0000m/0.000rad track_err=0.0148m footprint=road:3.00px route=aaa_flat_parking_stub_stop cmd_vel=(0.000,+0.000)
[gazebo_track_car-2] [INFO] [1781167400.463259134] [gazebo_track_car]: MOTION pos=(+0.903,+0.011) yaw=-1.831 v=0.000 step_err=0.0000m/0.000rad track_err=0.0148m footprint=road:3.00px route=aaa_flat_parking_stub_stop cmd_vel=(0.000,+0.000)
[gazebo_track_car-2] [INFO] [1781167401.953175018] [gazebo_track_car]: traffic light is now YELLOW.
[gazebo_track_car-2] [INFO] [1781167402.002747323] [gazebo_track_car]: camera traffic light is YELLOW score=459.6 area=506px bbox=25x25px fill=0.81 center=(574,209)
[gazebo_track_car-2] [INFO] [1781167402.003107072] [gazebo_track_car]: camera traffic light ignored outside distance gate; state=yellow segment=aaa_flat_parking_stub_stop gate<=1.70m nearby_target=- area=506px bbox=25x25px center=(574,209)
[gazebo_track_car-2] [INFO] [1781167402.465341599] [gazebo_track_car]: MOTION pos=(+0.903,+0.011) yaw=-1.831 v=0.000 step_err=0.0000m/0.000rad track_err=0.0148m footprint=road:3.00px route=aaa_flat_parking_stub_stop cmd_vel=(0.000,+0.000)
[gazebo_track_car-2] [INFO] [1781167402.957107223] [gazebo_track_car]: traffic light is now RED.
[gazebo_track_car-2] [INFO] [1781167402.994238562] [gazebo_track_car]: camera traffic light is RED score=494.4 area=555px bbox=26x27px fill=0.79 center=(576,189)
[gazebo_track_car-2] [INFO] [1781167402.994520281] [gazebo_track_car]: camera traffic light ignored outside distance gate; state=red segment=aaa_flat_parking_stub_stop gate<=1.70m nearby_target=- area=555px bbox=26x27px center=(576,189)
[gazebo_track_car-2] [INFO] [1781167404.467626615] [gazebo_track_car]: MOTION pos=(+0.903,+0.011) yaw=-1.831 v=0.000 step_err=0.0000m/0.000rad track_err=0.0148m footprint=road:3.00px route=aaa_flat_parking_stub_stop cmd_vel=(0.000,+0.000)
[WARNING] [launch]: user interrupted with ctrl-c (SIGINT)
[WARNING] [launch]: user interrupted with ctrl-c (SIGINT) again, ignoring...
[INFO] [gazebo_camera_viewer-3]: sending signal 'SIGINT' to process[gazebo_camera_viewer-3]
[INFO] [gazebo_track_car-2]: sending signal 'SIGINT' to process[gazebo_track_car-2]
[INFO] [gzserver-1]: sending signal 'SIGINT' to process[gzserver-1]
[INFO] [gazebo_camera_viewer-3]: process has finished cleanly [pid 5294]
[INFO] [gazebo_track_car-2]: process has finished cleanly [pid 5291]
[ERROR] [gzserver-1]: process has died [pid 5289, exit code -2, cmd 'gzserver /home/quocbao/Downloads/map_2                                                                      -s libgazebo_ros_init.so   -s libgazebo_ros_factory.so   -s libgazebo_ros_force_system.so       '].
