[INFO] [launch]: All log files can be found below /home/quocbao/.ros/log/2026-06-10-12-25-32-319983-ubuntu-21450
[INFO] [launch]: Default logging verbosity is set to INFO
[INFO] [gzserver-1]: process started with pid [21452]
[INFO] [gazebo_track_car-2]: process started with pid [21454]
[gazebo_track_car-2] [INFO] [1781119532.897732434] [gazebo_track_car]: [MAP_TRANSFORM] image=256x256 path=/home/quocbao/my_robot_vision_full_project/my_robot_vision/models/autonomous_map_3d/materials/textures/autonomous_map_visual.png map_size=6.000x6.000m px_per_m_x=42.667 px_per_m_y=42.667 route_offset=(+0.000,+0.300)m map_visual_offset=(+0.000,+0.300)m
[gazebo_track_car-2] [INFO] [1781119533.036345175] [gazebo_track_car]: [FOOTPRINT_CHECK] samples=1588 center_off_road=0 center_outside_safe=1005 failures=0 min_footprint_clearance=3.20px footprint=front:0.165m rear:0.145m half_width:0.115m
[gazebo_track_car-2] [INFO] [1781119533.036601550] [gazebo_track_car]: [FOOTPRINT_CHECK] overlays=/tmp/gazebo_route_mask_debug.png, /tmp/gazebo_route_centerline_debug.png, /tmp/gazebo_route_footprint_debug.png
[gazebo_track_car-2] [INFO] [1781119533.117565945] [gazebo_track_car]: SAFE_ROUTE_VERSION=semantic_parking_spawn_turn_guard_v31; direction=reversed to match map arrows; clearance=12px; drive_wheels=True; route_offset=(+0.000,+0.300)m; start_distance=0.000m; route_explore=False branch_probability=0.00; sign_detection=camera action_dist<=0.95m parking_action_dist<=1.35m roi=0.08-0.82; map_visual_offset=(+0.000,+0.300)m; base_speed=0.28m/s speed_limit=0.14m/s; traffic_light=cycle state=green green=5.0s yellow=1.0s red=8.0s trigger_distance=1.70m stop_distance=0.85m min_stop=2.0s camera=on topic=/track_preview_car/camera/image_raw fill>=0.42 slow_area>=45px stop_area>=160px distance_gate=on; camera_sign_templates=5 sign_score>=0.32 sign_stable=2; parking_auto_route=False; wheel_controller lookahead=0.32m parking_lookahead=0.20m heading_gain=3.80 max_wz=2.80rad/s rotate_heading>1.05rad; nearest_route=True nearest_dist<=0.65m; yaw_limits=1.80rad/s/4.00rad/s2; route_rejoin=False outer_only=True cmd_error>0.30m max_route_dist=0.55m; progress_sync=True cmd_error>0.06m route_dist<=0.20m yaw<=1.20rad; initial_pose_reset=False override=False tol=0.12m/0.35rad; segments=19; route_points=39.
[gazebo_track_car-2] [INFO] [1781119533.117862175] [gazebo_track_car]: Motion log uses /model_states and /track_preview_car/cmd_vel: MOTION every 2.00s, JITTER at most every 1.00s, verbose=False; jitter thresholds xy_step_delta=0.0060m, cmd_error=0.050m, z_delta=0.0005m, tilt=0.0030rad, speed_delta=0.030m/s, yaw_step_error=0.025rad, yaw_rate_delta=0.400rad/s.
[gzserver-1] [INFO] [1781119534.578769842] [track_preview_car.front_camera_controller]: Publishing camera info to [/track_preview_car/camera/camera_info]
[gzserver-1] [INFO] [1781119534.592240779] [gazebo_ros_state]: Publishing states of gazebo models at [/model_states]
[gzserver-1] [INFO] [1781119534.592556085] [gazebo_ros_state]: Publishing states of gazebo links at [/link_states]
[gzserver-1] [INFO] [1781119534.605956769] [track_preview_car.track_preview_car_diff_drive]: Wheel pair 1 separation set to [0.176000m]
[gzserver-1] [INFO] [1781119534.605977869] [track_preview_car.track_preview_car_diff_drive]: Wheel pair 1 diameter set to [0.060000m]
[gzserver-1] [INFO] [1781119534.606511668] [track_preview_car.track_preview_car_diff_drive]: Subscribed to [/track_preview_car/cmd_vel]
[gzserver-1] [INFO] [1781119534.607938095] [track_preview_car.track_preview_car_diff_drive]: Advertise odometry on [/track_preview_car/odom]
[gazebo_track_car-2] [INFO] [1781119534.640170110] [gazebo_track_car]: wheel controller synced route progress from initial model pose; segment=flat_top_left_to_top_center_reverse@0.272m route_dist=0.001m startup_gate=1.250m
[gazebo_track_car-2] [INFO] [1781119534.683272577] [gazebo_track_car]: traffic light is now RED.
[gazebo_track_car-2] [WARN] [1781119534.689258945] [gazebo_track_car]: JITTER events=2 reasons=speed_delta=0.042m/s pos=(+0.767,+2.481) step=0.0002/0.0000m yaw=0.002/0.000rad route=flat_top_left_to_top_center_reverse
[gazebo_track_car-2] [INFO] [1781119534.689514538] [gazebo_track_car]: MOTION pos=(+0.767,+2.481) yaw=-0.006 v=0.000 step_err=0.0000m/0.000rad track_err=0.0023m footprint=road:8.39px route=flat_top_left_to_top_center_reverse cmd_vel=(0.280,+0.003)
[gazebo_track_car-2] [INFO] [1781119534.923849324] [gazebo_track_car]: camera traffic light is GREEN score=1926.3 area=3513px bbox=102x62px fill=0.56 center=(778,212)
[gazebo_track_car-2] [INFO] [1781119534.926877409] [gazebo_track_car]: camera_sign=camera_sign_go_straight source=camera kind=go_straight_sign maneuver=straight score=0.42 area=13416px bbox=172x78px center=(778,202)
[gazebo_track_car-2] [INFO] [1781119534.985942092] [gazebo_track_car]: camera sign seen but action is waiting until closer; detected=go_straight_sign sign=camera_sign_go_straight scene_sign=palette_go_straight_03_yaw_270 sign_dist=1.484m action_dist<=0.95m
[gazebo_track_car-2] [INFO] [1781119535.114858102] [gazebo_track_car]: camera turn sign ignored as left/right ambiguous; segment=flat_top_left_to_top_center_reverse best=camera_sign_turn_left:0.45 opposite=turn_right_sign:0.42
[gazebo_track_car-2] [INFO] [1781119535.342367935] [gazebo_track_car]: camera_sign=camera_sign_turn_left source=camera kind=turn_left_sign maneuver=left score=0.45 area=20230px bbox=238x85px center=(851,188)
[gazebo_track_car-2] [INFO] [1781119535.472871316] [gazebo_track_car]: camera sign action blocked; no matching facing 3D sign is close enough; detected=turn_left_sign sign=camera_sign_turn_left detection_dist<=3.40m action_dist<=0.95m
[gazebo_track_car-2] [INFO] [1781119535.991917808] [gazebo_track_car]: camera turn sign ignored as left/right ambiguous; segment=flat_top_left_to_top_center_reverse best=camera_sign_turn_right:0.50 opposite=turn_left_sign:0.47
[gazebo_track_car-2] [INFO] [1781119536.027264892] [gazebo_track_car]: camera turn sign ignored as left/right ambiguous; segment=flat_top_left_to_top_center_reverse best=camera_sign_turn_left:0.48 opposite=turn_right_sign:0.48
[gazebo_track_car-2] [INFO] [1781119536.028312212] [gazebo_track_car]: camera turn sign ignored as left/right ambiguous; segment=flat_top_left_to_top_center_reverse best=camera_sign_turn_right:0.48 opposite=turn_left_sign:0.45
[gazebo_track_car-2] [INFO] [1781119536.049152792] [gazebo_track_car]: camera turn sign ignored as left/right ambiguous; segment=flat_top_left_to_top_center_reverse best=camera_sign_turn_left:0.48 opposite=turn_right_sign:0.48
[gazebo_track_car-2] [INFO] [1781119536.050405760] [gazebo_track_car]: camera turn sign ignored as left/right ambiguous; segment=flat_top_left_to_top_center_reverse best=camera_sign_turn_right:0.49 opposite=turn_left_sign:0.46
[gazebo_track_car-2] [INFO] [1781119536.113685112] [gazebo_track_car]: camera turn sign ignored as left/right ambiguous; segment=flat_top_left_to_top_center_reverse best=camera_sign_turn_left:0.48 opposite=turn_right_sign:0.48
[gazebo_track_car-2] [INFO] [1781119536.114801904] [gazebo_track_car]: camera turn sign ignored as left/right ambiguous; segment=flat_top_left_to_top_center_reverse best=camera_sign_turn_right:0.49 opposite=turn_left_sign:0.46
[gazebo_track_car-2] [INFO] [1781119536.124806998] [gazebo_track_car]: camera turn sign ignored as left/right ambiguous; segment=flat_top_left_to_top_center_reverse best=camera_sign_turn_left:0.48 opposite=turn_right_sign:0.48
[gazebo_track_car-2] [INFO] [1781119536.125917037] [gazebo_track_car]: camera turn sign ignored as left/right ambiguous; segment=flat_top_left_to_top_center_reverse best=camera_sign_turn_right:0.48 opposite=turn_left_sign:0.45
[gazebo_track_car-2] [INFO] [1781119536.192884150] [gazebo_track_car]: camera turn sign ignored as left/right ambiguous; segment=flat_top_left_to_top_center_reverse best=camera_sign_turn_left:0.49 opposite=turn_right_sign:0.49
[gazebo_track_car-2] [INFO] [1781119536.193996994] [gazebo_track_car]: camera turn sign ignored as left/right ambiguous; segment=flat_top_left_to_top_center_reverse best=camera_sign_turn_right:0.49 opposite=turn_left_sign:0.46
[gazebo_track_car-2] [INFO] [1781119536.194578984] [gazebo_track_car]: camera traffic light lost for 0.2s.
[gazebo_track_car-2] [INFO] [1781119536.806347409] [gazebo_track_car]: MOTION pos=(+1.341,+2.480) yaw=+0.001 v=0.280 step_err=0.0229m/0.000rad track_err=0.0056m footprint=road:8.00px route=flat_top_left_to_top_center_reverse cmd_vel=(0.280,-0.000)
[gazebo_track_car-2] [INFO] [1781119538.349138770] [gazebo_track_car]: camera traffic light is YELLOW score=334.4 area=835px bbox=41x32px fill=0.64 center=(915,310)
[gazebo_track_car-2] [INFO] [1781119538.349448296] [gazebo_track_car]: camera traffic light ignored outside distance gate; state=yellow segment=flat_top_left_to_top_center_reverse gate<=1.70m nearby_target=- area=835px bbox=41x32px center=(915,310)
[gazebo_track_car-2] [INFO] [1781119538.472777293] [gazebo_track_car]: camera traffic light is GREEN score=795.8 area=2576px bbox=82x42px fill=0.75 center=(920,311)
[gazebo_track_car-2] [INFO] [1781119538.487540212] [gazebo_track_car]: camera_sign=camera_sign_turn_left source=camera kind=turn_left_sign maneuver=left score=0.49 area=494px bbox=19x26px center=(923,232)
[gazebo_track_car-2] [WARN] [1781119538.608941566] [gazebo_track_car]: JITTER events=4 reasons=yaw_step_error=0.197rad pos=(+1.776,+2.469) step=0.0043/0.0206m yaw=0.010/0.206rad route=flat_top_left_corner_reverse
[gazebo_track_car-2] [INFO] [1781119538.621489157] [gazebo_track_car]: camera turn sign ignored as left/right ambiguous; segment=flat_top_left_corner_reverse best=camera_sign_turn_right:0.47 opposite=turn_left_sign:0.47
[gazebo_track_car-2] [INFO] [1781119538.705357943] [gazebo_track_car]: route segment=flat_top_left_corner_reverse; previous=flat_top_left_to_top_center_reverse; distance=0.022m; decision=route/wheel_nearest: flat_top_left_corner_reverse
[gazebo_track_car-2] [INFO] [1781119538.767629058] [gazebo_track_car]: camera turn sign ignored as left/right ambiguous; segment=flat_top_left_corner_reverse best=camera_sign_turn_left:0.48 opposite=turn_right_sign:0.47
[gazebo_track_car-2] [INFO] [1781119538.768796766] [gazebo_track_car]: camera turn sign ignored as left/right ambiguous; segment=flat_top_left_corner_reverse best=camera_sign_turn_right:0.49 opposite=turn_left_sign:0.46
[gazebo_track_car-2] [INFO] [1781119538.798682886] [gazebo_track_car]: camera turn sign ignored as left/right ambiguous; segment=flat_top_left_corner_reverse best=camera_sign_turn_left:0.48 opposite=turn_right_sign:0.47
[gazebo_track_car-2] [INFO] [1781119538.825057298] [gazebo_track_car]: MOTION pos=(+1.822,+2.451) yaw=-0.600 v=0.222 step_err=0.0040m/0.009rad track_err=0.0250m footprint=road:7.19px route=flat_top_left_corner_reverse cmd_vel=(0.225,-0.396)
[gazebo_track_car-2] [INFO] [1781119539.024293179] [gazebo_track_car]: camera turn sign ignored as left/right ambiguous; segment=flat_top_left_corner_reverse best=camera_sign_turn_right:0.48 opposite=turn_left_sign:0.46
[gazebo_track_car-2] [INFO] [1781119539.024581655] [gazebo_track_car]: camera_sign=camera_sign_turn_left source=camera kind=turn_left_sign maneuver=left score=0.45 area=27348px bbox=212x129px center=(873,174)
[gazebo_track_car-2] [INFO] [1781119539.126293033] [gazebo_track_car]: camera sign action blocked; no matching facing 3D sign is close enough; detected=turn_left_sign sign=camera_sign_turn_left detection_dist<=3.40m action_dist<=0.95m
[gazebo_track_car-2] [INFO] [1781119539.408279066] [gazebo_track_car]: traffic light is now GREEN.
[gazebo_track_car-2] [WARN] [1781119539.745985399] [gazebo_track_car]: JITTER events=2 reasons=speed_delta=0.047m/s pos=(+1.998,+2.315) step=0.0045/0.0000m yaw=0.007/0.000rad route=flat_top_left_corner_reverse
[gazebo_track_car-2] [INFO] [1781119540.053560780] [gazebo_track_car]: camera_sign=camera_sign_go_straight source=camera kind=go_straight_sign maneuver=straight score=0.47 area=36853px bbox=269x137px center=(860,176)
[gazebo_track_car-2] [INFO] [1781119540.154283379] [gazebo_track_car]: camera sign seen but action is waiting until closer; detected=go_straight_sign sign=camera_sign_go_straight scene_sign=palette_go_straight_03_yaw_270 sign_dist=1.059m action_dist<=0.95m
[gazebo_track_car-2] [INFO] [1781119540.196961483] [gazebo_track_car]: camera turn sign ignored as left/right ambiguous; segment=flat_top_left_corner_reverse best=camera_sign_turn_left:0.47 opposite=turn_right_sign:0.45
[gazebo_track_car-2] [WARN] [1781119540.733985974] [gazebo_track_car]: JITTER events=1 reasons=yaw_step_error=0.113rad pos=(+2.136,+2.150) step=0.0044/0.0221m yaw=0.009/0.122rad route=flat_top_left_corner_reverse
[gazebo_track_car-2] [INFO] [1781119540.821991882] [gazebo_track_car]: route segment=flat_left_mid_to_top_reverse; previous=flat_top_left_corner_reverse; distance=0.000m; decision=route/wheel_nearest: flat_left_mid_to_top_reverse
[gazebo_track_car-2] [INFO] [1781119540.826022820] [gazebo_track_car]: MOTION pos=(+2.145,+2.129) yaw=-1.317 v=0.225 step_err=0.0619m/0.622rad track_err=0.0426m footprint=road:5.79px route=flat_left_mid_to_top_reverse cmd_vel=(0.225,-0.413)
[gazebo_track_car-2] [INFO] [1781119541.068374586] [gazebo_track_car]: queued scene maneuver 'straight' from camera sign camera_sign_go_straight; scene_sign=palette_go_straight_03_yaw_270 sign_dist=0.947m next_branch=1.51m
[gazebo_track_car-2] [INFO] [1781119542.567535745] [gazebo_track_car]: camera turn sign ignored as left/right ambiguous; segment=flat_left_mid_to_top_reverse best=camera_sign_turn_left:0.47 opposite=turn_right_sign:0.45
[gazebo_track_car-2] [INFO] [1781119542.601543768] [gazebo_track_car]: camera_sign=camera_sign_turn_left source=camera kind=turn_left_sign maneuver=left score=0.58 area=741px bbox=19x39px center=(736,163)
[gazebo_track_car-2] [INFO] [1781119542.706416423] [gazebo_track_car]: camera sign ignored because scene sign context disagrees; detected=turn_left_sign scene_ahead=go_straight_sign
[gazebo_track_car-2] [INFO] [1781119542.758501621] [gazebo_track_car]: camera turn sign ignored as left/right ambiguous; segment=flat_left_mid_to_top_reverse best=camera_sign_turn_right:0.55 opposite=turn_left_sign:0.55
[gazebo_track_car-2] [INFO] [1781119542.768526574] [gazebo_track_car]: camera turn sign ignored as left/right ambiguous; segment=flat_left_mid_to_top_reverse best=camera_sign_turn_left:0.54 opposite=turn_right_sign:0.51
[gazebo_track_car-2] [INFO] [1781119542.829466653] [gazebo_track_car]: camera turn sign ignored as left/right ambiguous; segment=flat_left_mid_to_top_reverse best=camera_sign_turn_right:0.55 opposite=turn_left_sign:0.52
[gazebo_track_car-2] [INFO] [1781119542.831833016] [gazebo_track_car]: MOTION pos=(+2.185,+1.615) yaw=-1.595 v=0.277 step_err=0.0055m/0.000rad track_err=0.0334m footprint=road:6.00px route=flat_left_mid_to_top_reverse cmd_vel=(0.277,+0.019)
[gazebo_track_car-2] [INFO] [1781119542.862522797] [gazebo_track_car]: camera turn sign ignored as left/right ambiguous; segment=flat_left_mid_to_top_reverse best=camera_sign_turn_left:0.59 opposite=turn_right_sign:0.57
[gazebo_track_car-2] [INFO] [1781119542.865108805] [gazebo_track_car]: camera turn sign ignored as left/right ambiguous; segment=flat_left_mid_to_top_reverse best=camera_sign_turn_right:0.51 opposite=turn_left_sign:0.47
[gazebo_track_car-2] [INFO] [1781119542.865357696] [gazebo_track_car]: camera_sign=camera_sign_go_straight source=camera kind=go_straight_sign maneuver=straight score=0.47 area=11696px bbox=68x172px center=(840,148)
[gazebo_track_car-2] [INFO] [1781119542.917876414] [gazebo_track_car]: camera turn sign ignored as left/right ambiguous; segment=flat_left_mid_to_top_reverse best=camera_sign_turn_left:0.63 opposite=turn_right_sign:0.61
[gazebo_track_car-2] [INFO] [1781119542.985680089] [gazebo_track_car]: camera turn sign ignored as left/right ambiguous; segment=flat_left_mid_to_top_reverse best=camera_sign_turn_right:0.53 opposite=turn_left_sign:0.50
[gazebo_track_car-2] [INFO] [1781119542.986784006] [gazebo_track_car]: camera_sign=camera_sign_turn_left source=camera kind=turn_left_sign maneuver=left score=0.48 area=551px bbox=19x29px center=(844,240)
[gazebo_track_car-2] [INFO] [1781119542.993810770] [gazebo_track_car]: camera sign ignored as parking/turn confusion; segment=flat_left_mid_to_top_reverse best=camera_sign_turn_left:0.47 parking=camera_sign_parking:0.34
[gazebo_track_car-2] [INFO] [1781119543.065544395] [gazebo_track_car]: camera turn sign ignored as left/right ambiguous; segment=flat_left_mid_to_top_reverse best=camera_sign_turn_left:0.45 opposite=turn_right_sign:0.42
[gazebo_track_car-2] [INFO] [1781119543.067530349] [gazebo_track_car]: camera turn sign ignored as left/right ambiguous; segment=flat_left_mid_to_top_reverse best=camera_sign_turn_right:0.50 opposite=turn_left_sign:0.49
[gazebo_track_car-2] [INFO] [1781119543.075471713] [gazebo_track_car]: camera turn sign ignored as left/right ambiguous; segment=flat_left_mid_to_top_reverse best=camera_sign_turn_left:0.44 opposite=turn_right_sign:0.41
[gazebo_track_car-2] [INFO] [1781119544.433054965] [gazebo_track_car]: traffic light is now YELLOW.
[gazebo_track_car-2] [INFO] [1781119544.852982310] [gazebo_track_car]: MOTION pos=(+2.179,+1.054) yaw=-1.569 v=0.280 step_err=0.0229m/0.000rad track_err=0.0048m footprint=road:6.00px route=flat_left_mid_to_top_reverse cmd_vel=(0.280,+0.001)
[gazebo_track_car-2] [WARN] [1781119545.076328733] [gazebo_track_car]: JITTER events=2 reasons=speed_delta=0.079m/s pos=(+2.179,+0.994) step=0.0045/0.0000m yaw=0.002/0.000rad route=flat_left_mid_to_top_reverse
[gazebo_track_car-2] [INFO] [1781119545.438154446] [gazebo_track_car]: traffic light is now RED.
[gazebo_track_car-2] [INFO] [1781119546.857584212] [gazebo_track_car]: MOTION pos=(+2.179,+0.780) yaw=-1.570 v=0.059 step_err=0.0049m/0.000rad track_err=0.0012m footprint=road:10.60px route=flat_left_mid_to_top_reverse cmd_vel=(0.055,+0.000)
[gazebo_track_car-2] [INFO] [1781119548.878813460] [gazebo_track_car]: MOTION pos=(+2.179,+0.706) yaw=-1.570 v=0.028 step_err=0.0027m/0.000rad track_err=0.0006m footprint=road:11.00px route=flat_left_mid_to_top_reverse cmd_vel=(0.028,-0.000)
[gazebo_track_car-2] [INFO] [1781119549.459448696] [gazebo_track_car]: camera_sign=camera_sign_speed_limit source=camera kind=speed_limit_sign maneuver=- score=0.49 area=572px bbox=22x26px center=(725,208)
[gazebo_track_car-2] [INFO] [1781119549.481933638] [gazebo_track_car]: camera sign action blocked; no matching facing 3D sign is close enough; detected=speed_limit_sign sign=camera_sign_speed_limit detection_dist<=3.40m action_dist<=0.95m
[gazebo_track_car-2] [INFO] [1781119550.879285545] [gazebo_track_car]: MOTION pos=(+2.179,+0.650) yaw=-1.570 v=0.028 step_err=0.0022m/0.000rad track_err=0.0006m footprint=road:11.00px route=flat_left_mid_to_top_reverse cmd_vel=(0.028,-0.000)
[gazebo_track_car-2] [INFO] [1781119551.777071448] [gazebo_track_car]: route segment=flat_left_lower_to_mid_reverse; previous=flat_left_mid_to_top_reverse; distance=0.000m; decision=route/straight from palette_go_straight_03_yaw_270: flat_left_lower_to_mid_reverse delta=+0.0deg
[gazebo_track_car-2] [WARN] [1781119551.807691997] [gazebo_track_car]: JITTER events=2 reasons=speed_delta=0.105m/s pos=(+2.179,+0.624) step=0.0016/0.0000m yaw=0.000/0.000rad route=flat_left_lower_to_mid_reverse
[gazebo_track_car-2] [INFO] [1781119552.060658088] [gazebo_track_car]: camera traffic light is RED score=404.0 area=452px bbox=32x19px fill=0.74 center=(757,204)
[gazebo_track_car-2] [INFO] [1781119552.060947686] [gazebo_track_car]: camera traffic light ignored outside distance gate; state=red segment=flat_left_lower_to_mid_reverse gate<=1.70m nearby_target=palette_traffic_light_02_yaw_180 dist=2.54m forward=1.47m lateral=2.07m area=452px bbox=32x19px center=(757,204)
[gazebo_track_car-2] [INFO] [1781119552.887461958] [gazebo_track_car]: MOTION pos=(+2.179,+0.324) yaw=-1.570 v=0.280 step_err=0.0218m/0.000rad track_err=0.0059m footprint=road:6.00px route=flat_left_lower_to_mid_reverse cmd_vel=(0.280,+0.001)
[gazebo_track_car-2] [INFO] [1781119553.384419753] [gazebo_track_car]: traffic light is now GREEN.
[gazebo_track_car-2] [INFO] [1781119553.416558793] [gazebo_track_car]: camera traffic light is GREEN score=431.4 area=1085px bbox=57x24px fill=0.79 center=(864,228)
[gazebo_track_car-2] [INFO] [1781119554.911608734] [gazebo_track_car]: MOTION pos=(+2.180,-0.240) yaw=-1.570 v=0.279 step_err=0.0217m/0.000rad track_err=0.0061m footprint=road:6.00px route=flat_left_lower_to_mid_reverse cmd_vel=(0.279,-0.007)
[gazebo_track_car-2] [INFO] [1781119556.912558868] [gazebo_track_car]: MOTION pos=(+2.180,-0.798) yaw=-1.571 v=0.279 step_err=0.0237m/0.000rad track_err=0.0050m footprint=road:6.00px route=flat_left_lower_to_mid_reverse cmd_vel=(0.279,-0.005)
[gazebo_track_car-2] [WARN] [1781119557.368858077] [gazebo_track_car]: JITTER events=3 reasons=cmd_xy_error=0.0505m pos=(+2.180,-0.927) step=0.0056/0.0000m yaw=0.000/0.000rad route=flat_left_lower_to_mid_reverse
[gazebo_track_car-2] [INFO] [1781119557.409041384] [gazebo_track_car]: ROUTE_PROGRESS_SYNC actual=(+2.180,-0.938) cmd_error=0.062m route_dist=0.001m yaw_error=0.001rad segment=flat_left_lower_to_mid_reverse@1.458m->flat_left_lower_to_mid_reverse@1.519m
[gazebo_track_car-2] [INFO] [1781119557.430790602] [gazebo_track_car]: camera turn sign ignored as left/right ambiguous; segment=flat_left_lower_to_mid_reverse best=camera_sign_turn_right:0.50 opposite=turn_left_sign:0.49
[gazebo_track_car-2] [INFO] [1781119557.520666515] [gazebo_track_car]: camera turn sign ignored as left/right ambiguous; segment=flat_left_lower_to_mid_reverse best=camera_sign_turn_left:0.48 opposite=turn_right_sign:0.48
[gazebo_track_car-2] [INFO] [1781119557.555080236] [gazebo_track_car]: camera turn sign ignored as left/right ambiguous; segment=flat_left_lower_to_mid_reverse best=camera_sign_turn_right:0.49 opposite=turn_left_sign:0.48
[gazebo_track_car-2] [INFO] [1781119558.052108715] [gazebo_track_car]: camera_sign=camera_sign_go_straight source=camera kind=go_straight_sign maneuver=straight score=0.40 area=546px bbox=21x26px center=(481,232)
[gazebo_track_car-2] [INFO] [1781119558.288040953] [gazebo_track_car]: camera traffic light is YELLOW score=1138.1 area=2358px bbox=55x61px fill=0.70 center=(914,359)
[gazebo_track_car-2] [INFO] [1781119558.288334488] [gazebo_track_car]: camera traffic light ignored outside distance gate; state=yellow segment=flat_left_lower_to_mid_reverse gate<=1.70m nearby_target=- area=2358px bbox=55x61px center=(914,359)
[gazebo_track_car-2] [INFO] [1781119558.318740612] [gazebo_track_car]: camera sign seen but action is waiting until closer; detected=go_straight_sign sign=camera_sign_go_straight scene_sign=palette_go_straight_02_yaw_180 sign_dist=3.347m action_dist<=0.95m
[gazebo_track_car-2] [INFO] [1781119558.404954873] [gazebo_track_car]: camera traffic light is GREEN score=1443.2 area=4809px bbox=98x67px fill=0.73 center=(914,356)
[gazebo_track_car-2] [INFO] [1781119558.412813440] [gazebo_track_car]: traffic light is now YELLOW.
[gazebo_track_car-2] [WARN] [1781119558.634428881] [gazebo_track_car]: JITTER events=2 reasons=yaw_step_error=0.170rad pos=(+2.170,-1.189) step=0.0040/0.0197m yaw=0.013/0.184rad route=flat_bottom_left_corner_reverse
[gazebo_track_car-2] [INFO] [1781119558.641254405] [gazebo_track_car]: camera turn sign ignored as left/right ambiguous; segment=flat_bottom_left_corner_reverse best=camera_sign_turn_right:0.47 opposite=turn_left_sign:0.44
[gazebo_track_car-2] [INFO] [1781119558.718663890] [gazebo_track_car]: route segment=flat_bottom_left_corner_reverse; previous=flat_left_lower_to_mid_reverse; distance=0.020m; decision=route/wheel_nearest: flat_bottom_left_corner_reverse
[gazebo_track_car-2] [INFO] [1781119558.783475419] [gazebo_track_car]: camera_sign=camera_sign_turn_right source=camera kind=turn_right_sign maneuver=right score=0.48 area=527px bbox=17x31px center=(383,230)
[gazebo_track_car-2] [INFO] [1781119558.854290837] [gazebo_track_car]: camera sign ignored because scene sign context disagrees; detected=turn_right_sign scene_ahead=go_straight_sign,turn_left_sign
[gazebo_track_car-2] [INFO] [1781119558.933916873] [gazebo_track_car]: MOTION pos=(+2.139,-1.243) yaw=-2.405 v=0.215 step_err=0.0079m/0.010rad track_err=0.0224m footprint=road:6.40px route=flat_bottom_left_corner_reverse cmd_vel=(0.214,-0.483)
[gazebo_track_car-2] [INFO] [1781119559.005482611] [gazebo_track_car]: camera_sign=camera_sign_speed_limit source=camera kind=speed_limit_sign maneuver=- score=0.52 area=676px bbox=26x26px center=(671,226)
[gazebo_track_car-2] [INFO] [1781119559.039708757] [gazebo_track_car]: camera_sign=camera_sign_turn_right source=camera kind=turn_right_sign maneuver=right score=0.49 area=665px bbox=19x35px center=(342,229)
[gazebo_track_car-2] [INFO] [1781119559.419353077] [gazebo_track_car]: traffic light is now RED.
[gazebo_track_car-2] [INFO] [1781119559.635461709] [gazebo_track_car]: camera sign ignored because scene sign context disagrees; detected=turn_right_sign scene_ahead=go_straight_sign
[gazebo_track_car-2] [INFO] [1781119560.098814403] [gazebo_track_car]: camera turn sign ignored as left/right ambiguous; segment=flat_bottom_left_corner_reverse best=camera_sign_turn_left:0.51 opposite=turn_right_sign:0.49
[gazebo_track_car-2] [INFO] [1781119560.099930422] [gazebo_track_car]: camera turn sign ignored as left/right ambiguous; segment=flat_bottom_left_corner_reverse best=camera_sign_turn_right:0.49 opposite=turn_left_sign:0.47
[gazebo_track_car-2] [INFO] [1781119560.141267712] [gazebo_track_car]: camera turn sign ignored as left/right ambiguous; segment=flat_bottom_left_corner_reverse best=camera_sign_turn_left:0.52 opposite=turn_right_sign:0.49
[gazebo_track_car-2] [INFO] [1781119560.142357332] [gazebo_track_car]: camera turn sign ignored as left/right ambiguous; segment=flat_bottom_left_corner_reverse best=camera_sign_turn_right:0.50 opposite=turn_left_sign:0.47
[gazebo_track_car-2] [INFO] [1781119560.143540959] [gazebo_track_car]: camera_sign=camera_sign_speed_limit source=camera kind=speed_limit_sign maneuver=- score=0.40 area=899px bbox=31x29px center=(592,207)
[gazebo_track_car-2] [INFO] [1781119560.157730816] [gazebo_track_car]: camera turn sign ignored as left/right ambiguous; segment=flat_bottom_left_corner_reverse best=camera_sign_turn_left:0.51 opposite=turn_right_sign:0.49
[gazebo_track_car-2] [INFO] [1781119560.158076950] [gazebo_track_car]: camera_sign=camera_sign_turn_right source=camera kind=turn_right_sign maneuver=right score=0.50 area=1764px bbox=49x36px center=(299,229)
[gazebo_track_car-2] [INFO] [1781119560.209793262] [gazebo_track_car]: camera turn sign ignored as left/right ambiguous; segment=flat_bottom_left_corner_reverse best=camera_sign_turn_right:0.47 opposite=turn_left_sign:0.46
[gazebo_track_car-2] [WARN] [1781119560.334228070] [gazebo_track_car]: JITTER events=2 reasons=yaw_step_error=0.122rad pos=(+1.880,-1.415) step=0.0047/0.0233m yaw=0.006/0.128rad route=flat_bottom_left_corner_reverse
[gazebo_track_car-2] [INFO] [1781119560.467552281] [gazebo_track_car]: camera turn sign ignored as left/right ambiguous; segment=flat_bottom_center_to_bottom_left_reverse best=camera_sign_turn_right:0.49 opposite=turn_left_sign:0.47
[gazebo_track_car-2] [INFO] [1781119560.523117788] [gazebo_track_car]: route segment=flat_bottom_center_to_bottom_left_reverse; previous=flat_bottom_left_corner_reverse; distance=0.024m; decision=route/wheel_nearest: flat_bottom_center_to_bottom_left_reverse
[gazebo_track_car-2] [INFO] [1781119560.543296772] [gazebo_track_car]: camera sign action blocked; no matching facing 3D sign is close enough; detected=turn_right_sign sign=camera_sign_turn_right detection_dist<=3.40m action_dist<=0.95m
[gazebo_track_car-2] [INFO] [1781119560.797115325] [gazebo_track_car]: camera turn sign ignored as left/right ambiguous; segment=flat_bottom_center_to_bottom_left_reverse best=camera_sign_turn_left:0.57 opposite=turn_right_sign:0.55
[gazebo_track_car-2] [INFO] [1781119560.882952072] [gazebo_track_car]: camera turn sign ignored as left/right ambiguous; segment=flat_bottom_center_to_bottom_left_reverse best=camera_sign_turn_right:0.53 opposite=turn_left_sign:0.50
[gazebo_track_car-2] [INFO] [1781119560.940427973] [gazebo_track_car]: MOTION pos=(+1.733,-1.439) yaw=-3.111 v=0.257 step_err=0.0195m/0.003rad track_err=0.0074m footprint=road:4.00px route=flat_bottom_center_to_bottom_left_reverse cmd_vel=(0.259,-0.139)
[gazebo_track_car-2] [INFO] [1781119561.245859191] [gazebo_track_car]: camera turn sign ignored as left/right ambiguous; segment=flat_bottom_center_to_bottom_left_reverse best=camera_sign_turn_left:0.51 opposite=turn_right_sign:0.49
[gazebo_track_car-2] [INFO] [1781119561.297927287] [gazebo_track_car]: camera turn sign ignored as left/right ambiguous; segment=flat_bottom_center_to_bottom_left_reverse best=camera_sign_turn_right:0.48 opposite=turn_left_sign:0.46
[gazebo_track_car-2] [INFO] [1781119561.422232020] [gazebo_track_car]: camera turn sign ignored as left/right ambiguous; segment=flat_bottom_center_to_bottom_left_reverse best=camera_sign_turn_left:0.53 opposite=turn_right_sign:0.53
[gazebo_track_car-2] [INFO] [1781119561.430017268] [gazebo_track_car]: camera turn sign ignored as left/right ambiguous; segment=flat_bottom_center_to_bottom_left_reverse best=camera_sign_turn_right:0.49 opposite=turn_left_sign:0.46
[gazebo_track_car-2] [INFO] [1781119561.431895579] [gazebo_track_car]: camera turn sign ignored as left/right ambiguous; segment=flat_bottom_center_to_bottom_left_reverse best=camera_sign_turn_left:0.53 opposite=turn_right_sign:0.53
[gazebo_track_car-2] [INFO] [1781119561.490760195] [gazebo_track_car]: camera turn sign ignored as left/right ambiguous; segment=flat_bottom_center_to_bottom_left_reverse best=camera_sign_turn_right:0.49 opposite=turn_left_sign:0.46
[gazebo_track_car-2] [INFO] [1781119561.766725597] [gazebo_track_car]: camera turn sign ignored as left/right ambiguous; segment=flat_bottom_center_to_bottom_left_reverse best=camera_sign_turn_left:0.49 opposite=turn_right_sign:0.48
[gazebo_track_car-2] [INFO] [1781119561.800302516] [gazebo_track_car]: camera turn sign ignored as left/right ambiguous; segment=flat_bottom_center_to_bottom_left_reverse best=camera_sign_turn_right:0.50 opposite=turn_left_sign:0.47
[gazebo_track_car-2] [INFO] [1781119561.802117277] [gazebo_track_car]: camera turn sign ignored as left/right ambiguous; segment=flat_bottom_center_to_bottom_left_reverse best=camera_sign_turn_left:0.47 opposite=turn_right_sign:0.46
[gazebo_track_car-2] [INFO] [1781119561.831399265] [gazebo_track_car]: camera turn sign ignored as left/right ambiguous; segment=flat_bottom_center_to_bottom_left_reverse best=camera_sign_turn_right:0.49 opposite=turn_left_sign:0.47
[gazebo_track_car-2] [INFO] [1781119562.054527196] [gazebo_track_car]: camera turn sign ignored as left/right ambiguous; segment=flat_bottom_center_to_bottom_left_reverse best=camera_sign_turn_left:0.52 opposite=turn_right_sign:0.51
[gazebo_track_car-2] [INFO] [1781119562.086621031] [gazebo_track_car]: camera turn sign ignored as left/right ambiguous; segment=flat_bottom_center_to_bottom_left_reverse best=camera_sign_turn_right:0.50 opposite=turn_left_sign:0.47
[gazebo_track_car-2] [INFO] [1781119562.088595523] [gazebo_track_car]: camera turn sign ignored as left/right ambiguous; segment=flat_bottom_center_to_bottom_left_reverse best=camera_sign_turn_left:0.50 opposite=turn_right_sign:0.49
[gazebo_track_car-2] [INFO] [1781119562.164418199] [gazebo_track_car]: camera turn sign ignored as left/right ambiguous; segment=flat_bottom_center_to_bottom_left_reverse best=camera_sign_turn_right:0.50 opposite=turn_left_sign:0.47
[gazebo_track_car-2] [INFO] [1781119562.166230676] [gazebo_track_car]: camera turn sign ignored as left/right ambiguous; segment=flat_bottom_center_to_bottom_left_reverse best=camera_sign_turn_left:0.49 opposite=turn_right_sign:0.48
[gazebo_track_car-2] [INFO] [1781119562.175769008] [gazebo_track_car]: camera turn sign ignored as left/right ambiguous; segment=flat_bottom_center_to_bottom_left_reverse best=camera_sign_turn_right:0.49 opposite=turn_left_sign:0.46
[gazebo_track_car-2] [INFO] [1781119562.177630858] [gazebo_track_car]: camera turn sign ignored as left/right ambiguous; segment=flat_bottom_center_to_bottom_left_reverse best=camera_sign_turn_left:0.51 opposite=turn_right_sign:0.50
[gazebo_track_car-2] [INFO] [1781119562.219036527] [gazebo_track_car]: camera turn sign ignored as left/right ambiguous; segment=flat_bottom_center_to_bottom_left_reverse best=camera_sign_turn_right:0.50 opposite=turn_left_sign:0.47
[gazebo_track_car-2] [INFO] [1781119562.241200859] [gazebo_track_car]: camera_sign=camera_sign_speed_limit source=camera kind=speed_limit_sign maneuver=- score=0.40 area=1440px bbox=40x36px center=(564,197)
[gazebo_track_car-2] [INFO] [1781119562.250670171] [gazebo_track_car]: camera sign seen but action is waiting until closer; detected=speed_limit_sign sign=camera_sign_speed_limit scene_sign=palette_speed_limit_03_yaw_270 sign_dist=2.634m action_dist<=0.95m
[gazebo_track_car-2] [INFO] [1781119562.382719165] [gazebo_track_car]: camera_sign=camera_sign_turn_right source=camera kind=turn_right_sign maneuver=right score=0.49 area=1066px bbox=41x26px center=(260,226)
[gazebo_track_car-2] [INFO] [1781119562.445346003] [gazebo_track_car]: camera_sign=camera_sign_speed_limit source=camera kind=speed_limit_sign maneuver=- score=0.39 area=1640px bbox=41x40px center=(570,194)
[gazebo_track_car-2] [INFO] [1781119562.951251595] [gazebo_track_car]: MOTION pos=(+1.179,-1.435) yaw=+3.135 v=0.277 step_err=0.0230m/0.000rad track_err=0.0053m footprint=road:4.00px route=flat_bottom_center_to_bottom_left_reverse cmd_vel=(0.278,+0.016)
[gazebo_track_car-2] [INFO] [1781119562.985254319] [gazebo_track_car]: camera traffic light is RED score=615.2 area=685px bbox=31x28px fill=0.79 center=(589,186)
[gazebo_track_car-2] [WARN] [1781119563.072079685] [gazebo_track_car]: JITTER events=3 reasons=speed_delta=0.135m/s pos=(+1.147,-1.435) step=0.0040/0.0000m yaw=0.002/0.000rad route=flat_bottom_center_to_bottom_left_reverse
[gazebo_track_car-2] [INFO] [1781119563.992116577] [gazebo_track_car]: camera turn sign ignored as left/right ambiguous; segment=flat_bottom_center_to_bottom_left_reverse best=camera_sign_turn_left:0.52 opposite=turn_right_sign:0.51
[gazebo_track_car-2] [INFO] [1781119564.037203747] [gazebo_track_car]: camera turn sign ignored as left/right ambiguous; segment=flat_bottom_center_to_bottom_left_reverse best=camera_sign_turn_right:0.51 opposite=turn_left_sign:0.51
[gazebo_track_car-2] [INFO] [1781119564.148688031] [gazebo_track_car]: camera_sign=camera_sign_turn_right source=camera kind=turn_right_sign maneuver=right score=0.51 area=624px bbox=24x26px center=(329,232)
[gazebo_track_car-2] [INFO] [1781119564.191504427] [gazebo_track_car]: camera turn sign ignored as left/right ambiguous; segment=flat_bottom_center_to_bottom_left_reverse best=camera_sign_turn_left:0.56 opposite=turn_right_sign:0.56
[gazebo_track_car-2] [INFO] [1781119564.222886105] [gazebo_track_car]: camera turn sign ignored as left/right ambiguous; segment=flat_bottom_center_to_bottom_left_reverse best=camera_sign_turn_right:0.58 opposite=turn_left_sign:0.57
[gazebo_track_car-2] [INFO] [1781119564.258107924] [gazebo_track_car]: camera turn sign ignored as left/right ambiguous; segment=flat_bottom_center_to_bottom_left_reverse best=camera_sign_turn_left:0.57 opposite=turn_right_sign:0.57
[gazebo_track_car-2] [INFO] [1781119564.259455792] [gazebo_track_car]: camera sign action blocked; no matching facing 3D sign is close enough; detected=turn_right_sign sign=camera_sign_turn_right detection_dist<=3.40m action_dist<=0.95m
[gazebo_track_car-2] [INFO] [1781119564.312665917] [gazebo_track_car]: camera turn sign ignored as left/right ambiguous; segment=flat_bottom_center_to_bottom_left_reverse best=camera_sign_turn_right:0.58 opposite=turn_left_sign:0.56
[gazebo_track_car-2] [INFO] [1781119564.402971724] [gazebo_track_car]: camera turn sign ignored as left/right ambiguous; segment=flat_bottom_center_to_bottom_left_reverse best=camera_sign_turn_left:0.56 opposite=turn_right_sign:0.54
[gazebo_track_car-2] [INFO] [1781119564.960605580] [gazebo_track_car]: MOTION pos=(+0.886,-1.434) yaw=-3.140 v=0.140 step_err=0.0115m/0.000rad track_err=0.0026m footprint=road:4.00px route=flat_bottom_center_to_bottom_left_reverse cmd_vel=(0.140,+0.001)
[gazebo_track_car-2] [INFO] [1781119565.423857675] [gazebo_track_car]: camera turn sign ignored as left/right ambiguous; segment=flat_bottom_center_to_bottom_left_reverse best=camera_sign_turn_right:0.51 opposite=turn_left_sign:0.48
[gazebo_track_car-2] [INFO] [1781119565.728728223] [gazebo_track_car]: camera turn sign ignored as left/right ambiguous; segment=flat_bottom_center_to_bottom_left_reverse best=camera_sign_turn_left:0.55 opposite=turn_right_sign:0.55
[gazebo_track_car-2] [WARN] [1781119565.787863371] [gazebo_track_car]: red traffic light stop latched from camera; target=palette_traffic_light_02_yaw_180 dist=0.85m forward=0.66m lateral=0.53m area=3329px bbox=74x62px fill=0.73 center=(699,135) min_stop=2.0s
[gazebo_track_car-2] [WARN] [1781119565.876377500] [gazebo_track_car]: JITTER events=1 reasons=speed_delta=0.123m/s pos=(+0.758,-1.434) step=0.0014/0.0000m yaw=0.002/0.000rad route=flat_bottom_center_to_bottom_left_reverse
[gazebo_track_car-2] [INFO] [1781119565.925496350] [gazebo_track_car]: camera turn sign ignored as left/right ambiguous; segment=flat_bottom_center_to_bottom_left_reverse best=camera_sign_turn_right:0.49 opposite=turn_left_sign:0.48
[gazebo_track_car-2] [INFO] [1781119567.065799946] [gazebo_track_car]: MOTION pos=(+0.758,-1.434) yaw=-3.141 v=0.000 step_err=0.0000m/0.000rad track_err=0.0041m footprint=road:4.00px route=flat_bottom_center_to_bottom_left_reverse cmd_vel=(0.000,+0.000)
[gazebo_track_car-2] [INFO] [1781119567.461657038] [gazebo_track_car]: traffic light is now GREEN.
[gazebo_track_car-2] [INFO] [1781119567.546056399] [gazebo_track_car]: camera traffic light is GREEN score=2351.8 area=2760px bbox=69x51px fill=0.78 center=(687,216)
[gazebo_track_car-2] [INFO] [1781119567.870319309] [gazebo_track_car]: released red traffic light stop latch; reason=camera_green_after_min_stop elapsed=2.1s light=palette_traffic_light_02_yaw_180
[gazebo_track_car-2] [WARN] [1781119567.909771906] [gazebo_track_car]: JITTER events=1 reasons=speed_delta=0.111m/s pos=(+0.757,-1.434) step=0.0011/0.0000m yaw=0.001/0.000rad route=flat_bottom_center_to_bottom_left_reverse
[gazebo_track_car-2] [INFO] [1781119567.967300916] [gazebo_track_car]: camera turn sign ignored as left/right ambiguous; segment=flat_bottom_center_to_bottom_left_reverse best=camera_sign_turn_left:0.49 opposite=turn_right_sign:0.49
[gazebo_track_car-2] [INFO] [1781119568.401267917] [gazebo_track_car]: camera turn sign ignored as left/right ambiguous; segment=flat_bottom_center_to_bottom_left_reverse best=camera_sign_turn_right:0.51 opposite=turn_left_sign:0.48
[gazebo_track_car-2] [INFO] [1781119568.530974352] [gazebo_track_car]: camera turn sign ignored as left/right ambiguous; segment=flat_bottom_center_to_bottom_left_reverse best=camera_sign_turn_left:0.53 opposite=turn_right_sign:0.52
[gazebo_track_car-2] [INFO] [1781119568.549141477] [gazebo_track_car]: camera turn sign ignored as left/right ambiguous; segment=flat_bottom_center_to_bottom_left_reverse best=camera_sign_turn_right:0.53 opposite=turn_left_sign:0.52
[gazebo_track_car-2] [INFO] [1781119568.664383777] [gazebo_track_car]: camera turn sign ignored as left/right ambiguous; segment=flat_bottom_center_to_bottom_left_reverse best=camera_sign_turn_left:0.52 opposite=turn_right_sign:0.52
[gazebo_track_car-2] [INFO] [1781119569.068172063] [gazebo_track_car]: MOTION pos=(+0.436,-1.435) yaw=-3.140 v=0.279 step_err=0.0056m/0.000rad track_err=0.0332m footprint=road:4.00px route=flat_bottom_center_to_bottom_left_reverse cmd_vel=(0.279,-0.007)
[gazebo_track_car-2] [INFO] [1781119569.109438399] [gazebo_track_car]: camera turn sign ignored as left/right ambiguous; segment=flat_bottom_center_to_bottom_left_reverse best=camera_sign_turn_right:0.51 opposite=turn_left_sign:0.48
[gazebo_track_car-2] [INFO] [1781119569.947030488] [gazebo_track_car]: camera_sign=camera_sign_speed_limit source=camera kind=speed_limit_sign maneuver=- score=0.51 area=3540px bbox=59x60px center=(530,223)
[gazebo_track_car-2] [INFO] [1781119569.976487748] [gazebo_track_car]: camera_sign=camera_sign_turn_right source=camera kind=turn_right_sign maneuver=right score=0.51 area=1378px bbox=53x26px center=(253,225)
[gazebo_track_car-2] [INFO] [1781119570.066107387] [gazebo_track_car]: camera_sign=camera_sign_speed_limit source=camera kind=speed_limit_sign maneuver=- score=0.51 area=3780px bbox=60x63px center=(531,223)
[gazebo_track_car-2] [INFO] [1781119570.108105847] [gazebo_track_car]: camera sign seen but action is waiting until closer; detected=speed_limit_sign sign=camera_sign_speed_limit scene_sign=palette_speed_limit_03_yaw_270 sign_dist=1.428m action_dist<=0.95m
[gazebo_track_car-2] [INFO] [1781119571.092014111] [gazebo_track_car]: MOTION pos=(-0.128,-1.435) yaw=+3.141 v=0.279 step_err=0.0215m/0.000rad track_err=0.0059m footprint=road:4.00px route=flat_bottom_center_to_bottom_left_reverse cmd_vel=(0.279,-0.005)
[gazebo_track_car-2] [INFO] [1781119571.953477380] [gazebo_track_car]: camera speed limit sign camera_sign_speed_limit applied; speed set to 0.14m/s until flat_bottom_center_to_bottom_left_reverse@2.318m score=0.51 area=11227px
[gazebo_track_car-2] [WARN] [1781119572.013417028] [gazebo_track_car]: JITTER events=3 reasons=speed_delta=0.127m/s pos=(-0.383,-1.435) step=0.0042/0.0000m yaw=0.002/0.000rad route=flat_bottom_center_to_bottom_left_reverse
[gazebo_track_car-2] [INFO] [1781119572.482789595] [gazebo_track_car]: traffic light is now YELLOW.
[gazebo_track_car-2] [INFO] [1781119572.510978046] [gazebo_track_car]: camera traffic light is YELLOW score=607.4 area=666px bbox=38x23px fill=0.76 center=(729,212)
[gazebo_track_car-2] [INFO] [1781119572.511266542] [gazebo_track_car]: camera traffic light ignored outside distance gate; state=yellow segment=flat_bottom_center_to_bottom_left_reverse gate<=1.70m nearby_target=palette_traffic_light_03_yaw_270 dist=1.91m forward=1.20m lateral=1.49m area=666px bbox=38x23px center=(729,212)
[gazebo_track_car-2] [INFO] [1781119572.885348108] [gazebo_track_car]: camera speed limit sign camera_sign_speed_limit cleared; speed restored to 0.28m/s segment=flat_bottom_center_to_bottom_left_reverse distance=2.331m
[gazebo_track_car-2] [INFO] [1781119572.992623395] [gazebo_track_car]: route segment=flat_bottom_right_to_bottom_center_reverse; previous=flat_bottom_center_to_bottom_left_reverse; distance=0.016m; decision=route/default: flat_bottom_right_to_bottom_center_reverse
[gazebo_track_car-2] [INFO] [1781119573.011370317] [gazebo_track_car]: camera traffic light ignored outside distance gate; state=yellow segment=flat_bottom_right_to_bottom_center_reverse gate<=1.70m nearby_target=palette_traffic_light_03_yaw_270 dist=1.86m forward=1.12m lateral=1.49m area=844px bbox=45x24px center=(752,210)
[gazebo_track_car-2] [INFO] [1781119573.015404944] [gazebo_track_car]: camera speed limit sign camera_sign_speed_limit applied; speed set to 0.14m/s until flat_bottom_right_to_bottom_center_reverse@0.156m score=0.51 area=19152px
[gazebo_track_car-2] [INFO] [1781119573.092592049] [gazebo_track_car]: MOTION pos=(-0.560,-1.435) yaw=+3.140 v=0.279 step_err=0.0184m/0.000rad track_err=0.0045m footprint=road:11.20px route=flat_bottom_right_to_bottom_center_reverse cmd_vel=(0.140,+0.002)
[gazebo_track_car-2] [WARN] [1781119573.111404836] [gazebo_track_car]: JITTER events=3 reasons=speed_delta=0.123m/s pos=(-0.564,-1.435) step=0.0043/0.0000m yaw=0.000/0.000rad route=flat_bottom_right_to_bottom_center_reverse
[gazebo_track_car-2] [INFO] [1781119573.503775558] [gazebo_track_car]: camera turn sign ignored as left/right ambiguous; segment=flat_bottom_right_to_bottom_center_reverse best=camera_sign_turn_right:0.53 opposite=turn_left_sign:0.50
[gazebo_track_car-2] [INFO] [1781119573.512201698] [gazebo_track_car]: traffic light is now RED.
[gazebo_track_car-2] [INFO] [1781119573.567149769] [gazebo_track_car]: camera traffic light is RED score=1094.0 area=1200px bbox=55x30px fill=0.73 center=(787,185)
[gazebo_track_car-2] [INFO] [1781119573.567446179] [gazebo_track_car]: camera traffic light ignored outside distance gate; state=red segment=flat_bottom_right_to_bottom_center_reverse gate<=1.70m nearby_target=palette_traffic_light_03_yaw_270 dist=1.81m forward=1.02m lateral=1.49m area=1200px bbox=55x30px center=(787,185)
[gazebo_track_car-2] [INFO] [1781119573.942185529] [gazebo_track_car]: camera turn sign ignored as left/right ambiguous; segment=flat_bottom_right_to_bottom_center_reverse best=camera_sign_turn_left:0.51 opposite=turn_right_sign:0.51
[gazebo_track_car-2] [INFO] [1781119573.999218632] [gazebo_track_car]: camera speed limit sign camera_sign_speed_limit cleared; speed restored to 0.28m/s segment=flat_bottom_right_to_bottom_center_reverse distance=0.169m
[gazebo_track_car-2] [INFO] [1781119574.074405436] [gazebo_track_car]: camera turn sign ignored as left/right ambiguous; segment=flat_bottom_right_to_bottom_center_reverse best=camera_sign_turn_right:0.49 opposite=turn_left_sign:0.49
[gazebo_track_car-2] [INFO] [1781119574.117867181] [gazebo_track_car]: camera turn sign ignored as left/right ambiguous; segment=flat_bottom_right_to_bottom_center_reverse best=camera_sign_turn_left:0.49 opposite=turn_right_sign:0.48
