[INFO] [launch]: All log files can be found below /home/quocbao/.ros/log/2026-06-10-12-41-46-746981-ubuntu-26054
[INFO] [launch]: Default logging verbosity is set to INFO
[INFO] [gzserver-1]: process started with pid [26056]
[INFO] [gazebo_track_car-2]: process started with pid [26058]
[gazebo_track_car-2] [INFO] [1781120507.327554199] [gazebo_track_car]: [MAP_TRANSFORM] image=256x256 path=/home/quocbao/my_robot_vision_full_project/my_robot_vision/models/autonomous_map_3d/materials/textures/autonomous_map_visual.png map_size=6.000x6.000m px_per_m_x=42.667 px_per_m_y=42.667 route_offset=(+0.000,+0.300)m map_visual_offset=(+0.000,+0.300)m
[gazebo_track_car-2] [INFO] [1781120507.477902254] [gazebo_track_car]: [FOOTPRINT_CHECK] samples=1588 center_off_road=0 center_outside_safe=1005 failures=0 min_footprint_clearance=3.20px footprint=front:0.165m rear:0.145m half_width:0.115m
[gazebo_track_car-2] [INFO] [1781120507.478228368] [gazebo_track_car]: [FOOTPRINT_CHECK] overlays=/tmp/gazebo_route_mask_debug.png, /tmp/gazebo_route_centerline_debug.png, /tmp/gazebo_route_footprint_debug.png
[gazebo_track_car-2] [INFO] [1781120507.554690390] [gazebo_track_car]: SAFE_ROUTE_VERSION=semantic_parking_spawn_turn_guard_v31; direction=reversed to match map arrows; clearance=12px; drive_wheels=True; route_offset=(+0.000,+0.300)m; start_distance=0.000m; route_explore=False branch_probability=0.00; sign_detection=camera action_dist<=0.95m parking_action_dist<=1.35m roi=0.08-0.82; map_visual_offset=(+0.000,+0.300)m; base_speed=0.28m/s speed_limit=0.14m/s; traffic_light=cycle state=green green=5.0s yellow=1.0s red=8.0s trigger_distance=1.70m stop_distance=0.85m min_stop=2.0s camera=on topic=/track_preview_car/camera/image_raw fill>=0.42 slow_area>=45px stop_area>=160px distance_gate=on; camera_sign_templates=5 sign_score>=0.32 sign_stable=2; parking_auto_route=False; wheel_controller lookahead=0.32m parking_lookahead=0.20m heading_gain=3.80 max_wz=2.80rad/s rotate_heading>1.05rad; nearest_route=True nearest_dist<=0.65m; yaw_limits=1.80rad/s/4.00rad/s2; route_rejoin=False outer_only=True cmd_error>0.30m max_route_dist=0.55m; progress_sync=True cmd_error>0.06m route_dist<=0.20m yaw<=1.20rad; initial_pose_reset=False override=False tol=0.12m/0.35rad; segments=19; route_points=39.
[gazebo_track_car-2] [INFO] [1781120507.554953555] [gazebo_track_car]: Motion log uses /model_states and /track_preview_car/cmd_vel: MOTION every 2.00s, JITTER at most every 1.00s, verbose=False; jitter thresholds xy_step_delta=0.0060m, cmd_error=0.050m, z_delta=0.0005m, tilt=0.0030rad, speed_delta=0.030m/s, yaw_step_error=0.025rad, yaw_rate_delta=0.400rad/s.
[gzserver-1] [INFO] [1781120508.981577948] [track_preview_car.front_camera_controller]: Publishing camera info to [/track_preview_car/camera/camera_info]
[gzserver-1] [INFO] [1781120508.993736058] [gazebo_ros_state]: Publishing states of gazebo models at [/model_states]
[gzserver-1] [INFO] [1781120508.994332721] [gazebo_ros_state]: Publishing states of gazebo links at [/link_states]
[gzserver-1] [INFO] [1781120509.007780578] [track_preview_car.track_preview_car_diff_drive]: Wheel pair 1 separation set to [0.176000m]
[gzserver-1] [INFO] [1781120509.008203651] [track_preview_car.track_preview_car_diff_drive]: Wheel pair 1 diameter set to [0.060000m]
[gzserver-1] [INFO] [1781120509.008776970] [track_preview_car.track_preview_car_diff_drive]: Subscribed to [/track_preview_car/cmd_vel]
[gzserver-1] [INFO] [1781120509.009517002] [track_preview_car.track_preview_car_diff_drive]: Advertise odometry on [/track_preview_car/odom]
[gazebo_track_car-2] [INFO] [1781120509.040802391] [gazebo_track_car]: wheel controller synced route progress from initial model pose; segment=flat_top_left_to_top_center_reverse@0.272m route_dist=0.001m startup_gate=1.250m
[gazebo_track_car-2] [INFO] [1781120509.085344743] [gazebo_track_car]: traffic light is now RED.
[gazebo_track_car-2] [WARN] [1781120509.091953563] [gazebo_track_car]: JITTER events=2 reasons=speed_delta=0.042m/s pos=(+0.767,+2.481) step=0.0002/0.0000m yaw=0.002/0.000rad route=flat_top_left_to_top_center_reverse
[gazebo_track_car-2] [INFO] [1781120509.092315574] [gazebo_track_car]: MOTION pos=(+0.767,+2.481) yaw=-0.006 v=0.000 step_err=0.0000m/0.000rad track_err=0.0023m footprint=road:8.39px route=flat_top_left_to_top_center_reverse cmd_vel=(0.280,+0.003)
[gazebo_track_car-2] [INFO] [1781120509.312862450] [gazebo_track_car]: camera traffic light is GREEN score=1926.3 area=3513px bbox=102x62px fill=0.56 center=(778,212)
[gazebo_track_car-2] [INFO] [1781120509.315697455] [gazebo_track_car]: camera_sign=camera_sign_turn_right source=camera kind=turn_right_sign maneuver=right score=0.43 area=13416px bbox=172x78px center=(778,202)
[gazebo_track_car-2] [INFO] [1781120509.385606037] [gazebo_track_car]: camera sign ignored because scene sign context disagrees; detected=turn_right_sign scene_ahead=go_straight_sign
[gazebo_track_car-2] [INFO] [1781120509.548002389] [gazebo_track_car]: camera sign action blocked; no matching facing 3D sign is close enough; detected=turn_right_sign sign=camera_sign_turn_right detection_dist<=3.40m action_dist<=0.95m
[gazebo_track_car-2] [INFO] [1781120509.772759639] [gazebo_track_car]: camera_sign=camera_sign_turn_left source=camera kind=turn_left_sign maneuver=left score=0.45 area=20230px bbox=238x85px center=(851,188)
[gazebo_track_car-2] [INFO] [1781120509.848232301] [gazebo_track_car]: camera sign action blocked; no matching facing 3D sign is close enough; detected=turn_left_sign sign=camera_sign_turn_left detection_dist<=3.40m action_dist<=0.95m
[gazebo_track_car-2] [INFO] [1781120510.167721448] [gazebo_track_car]: camera_sign=camera_sign_turn_right source=camera kind=turn_right_sign maneuver=right score=0.42 area=16856px bbox=172x98px center=(892,177)
[gazebo_track_car-2] [INFO] [1781120510.250394532] [gazebo_track_car]: camera sign action blocked; no matching facing 3D sign is close enough; detected=turn_right_sign sign=camera_sign_turn_right detection_dist<=3.40m action_dist<=0.95m
[gazebo_track_car-2] [INFO] [1781120510.593338659] [gazebo_track_car]: camera traffic light lost for 0.2s.
[gazebo_track_car-2] [INFO] [1781120511.202169029] [gazebo_track_car]: MOTION pos=(+1.341,+2.480) yaw=+0.001 v=0.280 step_err=0.0221m/0.000rad track_err=0.0053m footprint=road:8.00px route=flat_top_left_to_top_center_reverse cmd_vel=(0.280,-0.000)
[gazebo_track_car-2] [INFO] [1781120512.764948943] [gazebo_track_car]: camera traffic light is YELLOW score=334.3 area=834px bbox=41x32px fill=0.64 center=(915,310)
[gazebo_track_car-2] [INFO] [1781120512.765231815] [gazebo_track_car]: camera traffic light ignored outside distance gate; state=yellow segment=flat_top_left_to_top_center_reverse gate<=1.70m nearby_target=- area=834px bbox=41x32px center=(915,310)
[gazebo_track_car-2] [INFO] [1781120512.851008732] [gazebo_track_car]: camera traffic light is GREEN score=810.0 area=2623px bbox=84x42px fill=0.74 center=(919,311)
[gazebo_track_car-2] [WARN] [1781120512.925134542] [gazebo_track_car]: JITTER events=4 reasons=yaw_step_error=0.025rad pos=(+1.760,+2.474) step=0.0042/0.0213m yaw=0.010/0.035rad route=flat_top_left_to_top_center_reverse
[gazebo_track_car-2] [INFO] [1781120513.022173784] [gazebo_track_car]: camera_sign=camera_sign_turn_right source=camera kind=turn_right_sign maneuver=right score=0.47 area=7714px bbox=58x133px center=(942,199)
[gazebo_track_car-2] [INFO] [1781120513.099534282] [gazebo_track_car]: camera sign action blocked; no matching facing 3D sign is close enough; detected=turn_right_sign sign=camera_sign_turn_right detection_dist<=3.40m action_dist<=0.95m
[gazebo_track_car-2] [INFO] [1781120513.105758587] [gazebo_track_car]: route segment=flat_top_left_corner_reverse; previous=flat_top_left_to_top_center_reverse; distance=0.022m; decision=route/wheel_nearest: flat_top_left_corner_reverse
[gazebo_track_car-2] [INFO] [1781120513.213547840] [gazebo_track_car]: MOTION pos=(+1.817,+2.453) yaw=-0.591 v=0.224 step_err=0.0044m/0.008rad track_err=0.0276m footprint=road:7.19px route=flat_top_left_corner_reverse cmd_vel=(0.220,-0.441)
[gazebo_track_car-2] [INFO] [1781120513.423653018] [gazebo_track_car]: camera_sign=camera_sign_turn_left source=camera kind=turn_left_sign maneuver=left score=0.45 area=27090px bbox=210x129px center=(873,174)
[gazebo_track_car-2] [INFO] [1781120513.556267372] [gazebo_track_car]: camera sign action blocked; no matching facing 3D sign is close enough; detected=turn_left_sign sign=camera_sign_turn_left detection_dist<=3.40m action_dist<=0.95m
[gazebo_track_car-2] [INFO] [1781120513.808702102] [gazebo_track_car]: traffic light is now GREEN.
[gazebo_track_car-2] [WARN] [1781120514.145916565] [gazebo_track_car]: JITTER events=3 reasons=speed_delta=0.047m/s,yaw_rate_delta=0.401rad/s pos=(+1.998,+2.315) step=0.0044/0.0000m yaw=0.008/0.000rad route=flat_top_left_corner_reverse
[gazebo_track_car-2] [INFO] [1781120514.463982354] [gazebo_track_car]: camera_sign=camera_sign_go_straight source=camera kind=go_straight_sign maneuver=straight score=0.47 area=36582px bbox=273x134px center=(850,178)
[gazebo_track_car-2] [INFO] [1781120514.531744981] [gazebo_track_car]: camera_sign=camera_sign_turn_right source=camera kind=turn_right_sign maneuver=right score=0.44 area=37240px bbox=280x133px center=(831,181)
[gazebo_track_car-2] [WARN] [1781120515.128974599] [gazebo_track_car]: JITTER events=2 reasons=yaw_step_error=0.109rad pos=(+2.136,+2.150) step=0.0044/0.0214m yaw=0.009/0.117rad route=flat_top_left_corner_reverse
[gazebo_track_car-2] [INFO] [1781120515.228799407] [gazebo_track_car]: MOTION pos=(+2.145,+2.129) yaw=-1.319 v=0.224 step_err=0.0178m/0.206rad track_err=0.0091m footprint=road:5.79px route=flat_left_mid_to_top_reverse cmd_vel=(0.226,-0.408)
[gazebo_track_car-2] [INFO] [1781120515.317310153] [gazebo_track_car]: route segment=flat_left_mid_to_top_reverse; previous=flat_top_left_corner_reverse; distance=0.022m; decision=route/wheel_nearest: flat_left_mid_to_top_reverse
[gazebo_track_car-2] [INFO] [1781120516.983927125] [gazebo_track_car]: camera_sign=camera_sign_turn_left source=camera kind=turn_left_sign maneuver=left score=0.55 area=1155px bbox=21x55px center=(726,172)
[gazebo_track_car-2] [INFO] [1781120517.057901625] [gazebo_track_car]: camera_sign=camera_sign_turn_right source=camera kind=turn_right_sign maneuver=right score=0.50 area=59136px bbox=256x231px center=(838,142)
[gazebo_track_car-2] [INFO] [1781120517.230258312] [gazebo_track_car]: MOTION pos=(+2.185,+1.614) yaw=-1.595 v=0.277 step_err=0.0172m/0.000rad track_err=0.0078m footprint=road:6.00px route=flat_left_mid_to_top_reverse cmd_vel=(0.277,+0.022)
[gazebo_track_car-2] [INFO] [1781120517.351211095] [gazebo_track_car]: camera sign action blocked; no matching facing 3D sign is close enough; detected=turn_right_sign sign=camera_sign_turn_right detection_dist<=3.40m action_dist<=0.95m
[gazebo_track_car-2] [INFO] [1781120517.459364772] [gazebo_track_car]: camera_sign=camera_sign_turn_left source=camera kind=turn_left_sign maneuver=left score=0.45 area=2210px bbox=34x65px center=(945,241)
[gazebo_track_car-2] [INFO] [1781120518.832647210] [gazebo_track_car]: traffic light is now YELLOW.
[gazebo_track_car-2] [INFO] [1781120519.253501109] [gazebo_track_car]: MOTION pos=(+2.179,+1.054) yaw=-1.569 v=0.279 step_err=0.0224m/0.000rad track_err=0.0059m footprint=road:6.00px route=flat_left_mid_to_top_reverse cmd_vel=(0.280,+0.002)
[gazebo_track_car-2] [INFO] [1781120519.838296013] [gazebo_track_car]: traffic light is now RED.
[gazebo_track_car-2] [INFO] [1781120520.576317793] [gazebo_track_car]: camera_sign=camera_sign_speed_limit source=camera kind=speed_limit_sign maneuver=- score=0.49 area=572px bbox=22x26px center=(726,208)
[gazebo_track_car-2] [INFO] [1781120520.605122505] [gazebo_track_car]: camera sign action blocked; no matching facing 3D sign is close enough; detected=speed_limit_sign sign=camera_sign_speed_limit detection_dist<=3.40m action_dist<=0.95m
[gazebo_track_car-2] [INFO] [1781120521.045887087] [gazebo_track_car]: camera traffic light is RED score=412.6 area=458px bbox=32x19px fill=0.75 center=(759,204)
[gazebo_track_car-2] [INFO] [1781120521.046180008] [gazebo_track_car]: camera traffic light ignored outside distance gate; state=red segment=flat_left_mid_to_top_reverse gate<=1.70m nearby_target=palette_traffic_light_02_yaw_180 dist=2.54m forward=1.46m lateral=2.07m area=458px bbox=32x19px center=(759,204)
[gazebo_track_car-2] [INFO] [1781120521.049329485] [gazebo_track_car]: route segment=flat_left_lower_to_mid_reverse; previous=flat_left_mid_to_top_reverse; distance=0.024m; decision=route/default: flat_left_lower_to_mid_reverse
[gazebo_track_car-2] [INFO] [1781120521.081799305] [gazebo_track_car]: camera traffic light ignored outside distance gate; state=red segment=flat_left_lower_to_mid_reverse gate<=1.70m nearby_target=palette_traffic_light_02_yaw_180 dist=2.53m forward=1.45m lateral=2.07m area=464px bbox=33x18px center=(761,204)
[gazebo_track_car-2] [INFO] [1781120521.254406884] [gazebo_track_car]: MOTION pos=(+2.180,+0.496) yaw=-1.570 v=0.279 step_err=0.0195m/0.000rad track_err=0.0070m footprint=road:7.99px route=flat_left_lower_to_mid_reverse cmd_vel=(0.279,-0.006)
[gazebo_track_car-2] [INFO] [1781120522.740798935] [gazebo_track_car]: camera traffic light is GREEN score=45.3 area=74px bbox=11x9px fill=0.75 center=(553,234)
[gazebo_track_car-2] [INFO] [1781120522.794964719] [gazebo_track_car]: camera_sign=camera_sign_speed_limit source=camera kind=speed_limit_sign maneuver=- score=0.58 area=4263px bbox=87x49px center=(929,180)
[gazebo_track_car-2] [INFO] [1781120522.839134560] [gazebo_track_car]: camera sign action blocked; no matching facing 3D sign is close enough; detected=speed_limit_sign sign=camera_sign_speed_limit detection_dist<=3.40m action_dist<=0.95m
[gazebo_track_car-2] [INFO] [1781120523.257782230] [gazebo_track_car]: MOTION pos=(+2.180,-0.063) yaw=-1.571 v=0.279 step_err=0.0212m/0.000rad track_err=0.0059m footprint=road:6.00px route=flat_left_lower_to_mid_reverse cmd_vel=(0.279,-0.004)
[gazebo_track_car-2] [INFO] [1781120525.263358073] [gazebo_track_car]: MOTION pos=(+2.180,-0.622) yaw=-1.572 v=0.280 step_err=0.0056m/0.000rad track_err=0.0288m footprint=road:6.00px route=flat_left_lower_to_mid_reverse cmd_vel=(0.280,+0.003)
[gazebo_track_car-2] [INFO] [1781120526.420410645] [gazebo_track_car]: camera_sign=camera_sign_turn_right source=camera kind=turn_right_sign maneuver=right score=0.50 area=676px bbox=26x26px center=(600,232)
[gazebo_track_car-2] [WARN] [1781120526.506108439] [gazebo_track_car]: JITTER events=3 reasons=speed_delta=0.062m/s pos=(+2.180,-0.967) step=0.0047/0.0000m yaw=0.004/0.000rad route=flat_left_lower_to_mid_reverse
[gazebo_track_car-2] [INFO] [1781120526.540858814] [gazebo_track_car]: camera sign action allowed by route branch context; detected=turn_right_sign sign=camera_sign_turn_right next_branch=3.03m area=1274px matching 3D sign is not route-adjacent
[gazebo_track_car-2] [INFO] [1781120527.239994671] [gazebo_track_car]: camera traffic light is YELLOW score=1142.9 area=2368px bbox=57x60px fill=0.69 center=(919,359)
[gazebo_track_car-2] [INFO] [1781120527.240303513] [gazebo_track_car]: camera traffic light ignored outside distance gate; state=yellow segment=flat_left_lower_to_mid_reverse gate<=1.70m nearby_target=- area=2368px bbox=57x60px center=(919,359)
[gazebo_track_car-2] [INFO] [1781120527.289146322] [gazebo_track_car]: MOTION pos=(+2.185,-1.128) yaw=-2.008 v=0.191 step_err=0.0148m/0.014rad track_err=0.0074m footprint=road:6.20px route=flat_left_lower_to_mid_reverse cmd_vel=(0.184,-0.715)
[gazebo_track_car-2] [INFO] [1781120527.341522702] [gazebo_track_car]: camera traffic light is GREEN score=1339.5 area=4489px bbox=91x65px fill=0.76 center=(918,356)
[gazebo_track_car-2] [WARN] [1781120527.585880878] [gazebo_track_car]: JITTER events=1 reasons=yaw_step_error=0.161rad pos=(+2.170,-1.184) step=0.0040/0.0195m yaw=0.014/0.175rad route=flat_left_lower_to_mid_reverse
[gazebo_track_car-2] [INFO] [1781120527.754538306] [gazebo_track_car]: camera sign ignored because scene sign context disagrees; detected=turn_right_sign scene_ahead=go_straight_sign,turn_left_sign
[gazebo_track_car-2] [INFO] [1781120527.774171128] [gazebo_track_car]: traffic light is now GREEN.
[gazebo_track_car-2] [INFO] [1781120527.776182373] [gazebo_track_car]: route segment=flat_bottom_left_corner_reverse; previous=flat_left_lower_to_mid_reverse; distance=0.020m; decision=route/wheel_nearest: flat_bottom_left_corner_reverse
[gazebo_track_car-2] [INFO] [1781120527.986433416] [gazebo_track_car]: camera_sign=camera_sign_speed_limit source=camera kind=speed_limit_sign maneuver=- score=0.52 area=676px bbox=26x26px center=(670,226)
[gazebo_track_car-2] [INFO] [1781120528.038638593] [gazebo_track_car]: camera_sign=camera_sign_turn_right source=camera kind=turn_right_sign maneuver=right score=0.49 area=648px bbox=18x36px center=(341,229)
[gazebo_track_car-2] [INFO] [1781120528.635470925] [gazebo_track_car]: camera sign ignored because scene sign context disagrees; detected=turn_right_sign scene_ahead=go_straight_sign
[gazebo_track_car-2] [WARN] [1781120529.285934053] [gazebo_track_car]: JITTER events=3 reasons=yaw_step_error=0.090rad pos=(+1.884,-1.413) step=0.0047/0.0228m yaw=0.006/0.097rad route=flat_bottom_left_corner_reverse
[gazebo_track_car-2] [INFO] [1781120529.286196517] [gazebo_track_car]: MOTION pos=(+1.884,-1.413) yaw=-2.969 v=0.237 step_err=0.0181m/0.090rad track_err=0.0089m footprint=road:4.00px route=flat_bottom_left_corner_reverse cmd_vel=(0.236,-0.306)
[gazebo_track_car-2] [INFO] [1781120529.491830905] [gazebo_track_car]: camera sign action blocked; no matching facing 3D sign is close enough; detected=turn_right_sign sign=camera_sign_turn_right detection_dist<=3.40m action_dist<=0.95m
[gazebo_track_car-2] [INFO] [1781120529.493569618] [gazebo_track_car]: route segment=flat_bottom_center_to_bottom_left_reverse; previous=flat_bottom_left_corner_reverse; distance=0.023m; decision=route/wheel_nearest: flat_bottom_center_to_bottom_left_reverse
[gazebo_track_car-2] [INFO] [1781120529.564712250] [gazebo_track_car]: camera sign action allowed by route branch context; detected=turn_right_sign sign=camera_sign_turn_right next_branch=2.34m area=754px matching 3D sign is not route-adjacent
[gazebo_track_car-2] [INFO] [1781120529.601834812] [gazebo_track_car]: camera sign action blocked; no matching facing 3D sign is close enough; detected=turn_right_sign sign=camera_sign_turn_right detection_dist<=3.40m action_dist<=0.95m
[gazebo_track_car-2] [INFO] [1781120529.788004755] [gazebo_track_car]: camera sign action allowed by route branch context; detected=turn_right_sign sign=camera_sign_turn_right next_branch=2.30m area=930px matching 3D sign is not route-adjacent
[gazebo_track_car-2] [INFO] [1781120529.865797494] [gazebo_track_car]: camera sign action blocked; no matching facing 3D sign is close enough; detected=turn_right_sign sign=camera_sign_turn_right detection_dist<=3.40m action_dist<=0.95m
[gazebo_track_car-2] [INFO] [1781120529.990214869] [gazebo_track_car]: camera sign action allowed by route branch context; detected=turn_right_sign sign=camera_sign_turn_right next_branch=2.26m area=884px matching 3D sign is not route-adjacent
[gazebo_track_car-2] [INFO] [1781120531.308766529] [gazebo_track_car]: MOTION pos=(+1.351,-1.438) yaw=+3.124 v=0.277 step_err=0.0216m/0.000rad track_err=0.0066m footprint=road:4.00px route=flat_bottom_center_to_bottom_left_reverse cmd_vel=(0.277,+0.020)
[gazebo_track_car-2] [INFO] [1781120531.577709913] [gazebo_track_car]: camera sign action blocked; no matching facing 3D sign is close enough; detected=turn_right_sign sign=camera_sign_turn_right detection_dist<=3.40m action_dist<=0.95m
[gazebo_track_car-2] [INFO] [1781120532.761419007] [gazebo_track_car]: camera sign action allowed by route branch context; detected=turn_right_sign sign=camera_sign_turn_right next_branch=1.48m area=650px matching 3D sign is not route-adjacent
[gazebo_track_car-2] [INFO] [1781120532.803137089] [gazebo_track_car]: traffic light is now YELLOW.
[gazebo_track_car-2] [INFO] [1781120532.852970917] [gazebo_track_car]: camera traffic light is YELLOW score=1277.6 area=1398px bbox=45x38px fill=0.82 center=(634,194)
[gazebo_track_car-2] [INFO] [1781120532.857439277] [gazebo_track_car]: camera sign action blocked; no matching facing 3D sign is close enough; detected=turn_right_sign sign=camera_sign_turn_right detection_dist<=3.40m action_dist<=0.95m
[gazebo_track_car-2] [WARN] [1781120532.930560446] [gazebo_track_car]: JITTER events=3 reasons=speed_delta=0.129m/s pos=(+0.902,-1.434) step=0.0042/0.0000m yaw=0.001/0.000rad route=flat_bottom_center_to_bottom_left_reverse
[gazebo_track_car-2] [INFO] [1781120532.947469412] [gazebo_track_car]: camera sign action allowed by route branch context; detected=turn_right_sign sign=camera_sign_turn_right next_branch=1.43m area=650px matching 3D sign is not route-adjacent
[gazebo_track_car-2] [INFO] [1781120533.313789327] [gazebo_track_car]: MOTION pos=(+0.849,-1.434) yaw=-3.141 v=0.140 step_err=0.0108m/0.000rad track_err=0.0028m footprint=road:4.00px route=flat_bottom_center_to_bottom_left_reverse cmd_vel=(0.140,+0.002)
[gazebo_track_car-2] [INFO] [1781120533.807428446] [gazebo_track_car]: traffic light is now RED.
[gazebo_track_car-2] [INFO] [1781120533.853902731] [gazebo_track_car]: camera traffic light is RED score=2929.1 area=3228px bbox=73x62px fill=0.71 center=(696,136)
[gazebo_track_car-2] [WARN] [1781120533.890571460] [gazebo_track_car]: red traffic light stop latched from camera; target=palette_traffic_light_02_yaw_180 dist=0.85m forward=0.66m lateral=0.53m area=3309px bbox=74x62px fill=0.72 center=(699,135) min_stop=2.0s
[gazebo_track_car-2] [WARN] [1781120533.933271251] [gazebo_track_car]: JITTER events=1 reasons=speed_delta=0.124m/s pos=(+0.764,-1.434) step=0.0014/0.0000m yaw=0.000/0.000rad route=flat_bottom_center_to_bottom_left_reverse
[gazebo_track_car-2] [INFO] [1781120535.333231340] [gazebo_track_car]: MOTION pos=(+0.763,-1.434) yaw=-3.141 v=0.000 step_err=0.0000m/0.000rad track_err=0.0045m footprint=road:4.00px route=flat_bottom_center_to_bottom_left_reverse cmd_vel=(0.000,+0.000)
[gazebo_track_car-2] [INFO] [1781120537.355409005] [gazebo_track_car]: MOTION pos=(+0.763,-1.434) yaw=-3.141 v=0.000 step_err=0.0000m/0.000rad track_err=0.0046m footprint=road:4.00px route=flat_bottom_center_to_bottom_left_reverse cmd_vel=(0.000,+0.000)
[gazebo_track_car-2] [INFO] [1781120539.355366287] [gazebo_track_car]: MOTION pos=(+0.763,-1.434) yaw=-3.141 v=0.000 step_err=0.0000m/0.000rad track_err=0.0046m footprint=road:4.00px route=flat_bottom_center_to_bottom_left_reverse cmd_vel=(0.000,+0.000)
[gazebo_track_car-2] [INFO] [1781120541.358252671] [gazebo_track_car]: MOTION pos=(+0.763,-1.434) yaw=-3.141 v=0.000 step_err=0.0000m/0.000rad track_err=0.0046m footprint=road:4.00px route=flat_bottom_center_to_bottom_left_reverse cmd_vel=(0.000,+0.000)
[gazebo_track_car-2] [INFO] [1781120541.848839506] [gazebo_track_car]: traffic light is now GREEN.
[gazebo_track_car-2] [INFO] [1781120541.885875942] [gazebo_track_car]: camera traffic light is GREEN score=2301.5 area=2693px bbox=68x51px fill=0.78 center=(684,217)
[gazebo_track_car-2] [INFO] [1781120541.886140980] [gazebo_track_car]: released red traffic light stop latch; reason=camera_green_after_min_stop elapsed=8.0s light=palette_traffic_light_02_yaw_180
[gazebo_track_car-2] [WARN] [1781120541.998832783] [gazebo_track_car]: JITTER events=1 reasons=speed_delta=0.111m/s pos=(+0.762,-1.434) step=0.0011/0.0000m yaw=0.000/0.000rad route=flat_bottom_center_to_bottom_left_reverse
[gazebo_track_car-2] [INFO] [1781120543.362675026] [gazebo_track_car]: MOTION pos=(+0.385,-1.435) yaw=-3.140 v=0.279 step_err=0.0056m/0.000rad track_err=0.0281m footprint=road:4.00px route=flat_bottom_center_to_bottom_left_reverse cmd_vel=(0.279,-0.007)
[gazebo_track_car-2] [INFO] [1781120544.021991704] [gazebo_track_car]: camera_sign=camera_sign_speed_limit source=camera kind=speed_limit_sign maneuver=- score=0.52 area=3480px bbox=58x60px center=(530,223)
[gazebo_track_car-2] [INFO] [1781120544.070937268] [gazebo_track_car]: camera sign seen but action is waiting until closer; detected=speed_limit_sign sign=camera_sign_speed_limit scene_sign=palette_speed_limit_03_yaw_270 sign_dist=1.465m action_dist<=0.95m
[gazebo_track_car-2] [INFO] [1781120544.097339226] [gazebo_track_car]: camera_sign=camera_sign_turn_right source=camera kind=turn_right_sign maneuver=right score=0.50 area=1378px bbox=53x26px center=(252,225)
[gazebo_track_car-2] [INFO] [1781120544.244960704] [gazebo_track_car]: camera_sign=camera_sign_speed_limit source=camera kind=speed_limit_sign maneuver=- score=0.52 area=3717px bbox=59x63px center=(532,223)
[gazebo_track_car-2] [INFO] [1781120545.384513035] [gazebo_track_car]: MOTION pos=(-0.178,-1.435) yaw=+3.141 v=0.279 step_err=0.0218m/0.000rad track_err=0.0064m footprint=road:4.00px route=flat_bottom_center_to_bottom_left_reverse cmd_vel=(0.279,-0.005)
[gazebo_track_car-2] [INFO] [1781120546.035323038] [gazebo_track_car]: camera speed limit sign camera_sign_speed_limit applied; speed set to 0.14m/s until flat_bottom_center_to_bottom_left_reverse@2.313m score=0.52 area=10900px
[gazebo_track_car-2] [WARN] [1781120546.105052947] [gazebo_track_car]: JITTER events=3 reasons=speed_delta=0.127m/s pos=(-0.378,-1.435) step=0.0042/0.0000m yaw=0.002/0.000rad route=flat_bottom_center_to_bottom_left_reverse
[gazebo_track_car-2] [INFO] [1781120546.876926839] [gazebo_track_car]: traffic light is now YELLOW.
[gazebo_track_car-2] [INFO] [1781120546.926490637] [gazebo_track_car]: camera traffic light is YELLOW score=672.4 area=735px bbox=41x23px fill=0.78 center=(739,211)
[gazebo_track_car-2] [INFO] [1781120546.926721401] [gazebo_track_car]: camera traffic light ignored outside distance gate; state=yellow segment=flat_bottom_center_to_bottom_left_reverse gate<=1.70m nearby_target=palette_traffic_light_03_yaw_270 dist=1.89m forward=1.16m lateral=1.49m area=735px bbox=41x23px center=(739,211)
[gazebo_track_car-2] [INFO] [1781120546.977362037] [gazebo_track_car]: camera speed limit sign camera_sign_speed_limit cleared; speed restored to 0.28m/s segment=flat_bottom_center_to_bottom_left_reverse distance=2.326m
[gazebo_track_car-2] [INFO] [1781120547.078171070] [gazebo_track_car]: route segment=flat_bottom_right_to_bottom_center_reverse; previous=flat_bottom_center_to_bottom_left_reverse; distance=0.010m; decision=route/default: flat_bottom_right_to_bottom_center_reverse
[gazebo_track_car-2] [INFO] [1781120547.085035011] [gazebo_track_car]: camera traffic light ignored outside distance gate; state=yellow segment=flat_bottom_right_to_bottom_center_reverse gate<=1.70m nearby_target=palette_traffic_light_03_yaw_270 dist=1.87m forward=1.13m lateral=1.49m area=801px bbox=43x24px center=(748,210)
[gazebo_track_car-2] [INFO] [1781120547.088794327] [gazebo_track_car]: camera speed limit sign camera_sign_speed_limit applied; speed set to 0.14m/s until flat_bottom_right_to_bottom_center_reverse@0.151m score=0.51 area=18876px
[gazebo_track_car-2] [WARN] [1781120547.206740841] [gazebo_track_car]: JITTER events=3 reasons=speed_delta=0.122m/s pos=(-0.559,-1.435) step=0.0043/0.0000m yaw=0.001/0.000rad route=flat_bottom_right_to_bottom_center_reverse
[gazebo_track_car-2] [INFO] [1781120547.387630087] [gazebo_track_car]: MOTION pos=(-0.584,-1.435) yaw=+3.138 v=0.140 step_err=0.0152m/0.000rad track_err=0.0029m footprint=road:10.60px route=flat_bottom_right_to_bottom_center_reverse cmd_vel=(0.139,+0.005)
[gazebo_track_car-2] [INFO] [1781120547.641829955] [gazebo_track_car]: camera turn sign ignored as left/right ambiguous; segment=flat_bottom_right_to_bottom_center_reverse best=camera_sign_turn_right:0.52 opposite=turn_left_sign:0.50
[gazebo_track_car-2] [INFO] [1781120547.882788995] [gazebo_track_car]: traffic light is now RED.
[gazebo_track_car-2] [INFO] [1781120547.960694487] [gazebo_track_car]: camera traffic light is RED score=1248.5 area=1369px bbox=60x31px fill=0.74 center=(802,183)
[gazebo_track_car-2] [INFO] [1781120547.961041350] [gazebo_track_car]: camera traffic light ignored outside distance gate; state=red segment=flat_bottom_right_to_bottom_center_reverse gate<=1.70m nearby_target=- area=1369px bbox=60x31px center=(802,183)
[gazebo_track_car-2] [INFO] [1781120548.083785386] [gazebo_track_car]: camera speed limit sign camera_sign_speed_limit cleared; speed restored to 0.28m/s segment=flat_bottom_right_to_bottom_center_reverse distance=0.166m
[gazebo_track_car-2] [INFO] [1781120548.571107751] [gazebo_track_car]: camera traffic light is GREEN score=4521.8 area=14134px bbox=278x70px fill=0.73 center=(804,360)
[gazebo_track_car-2] [INFO] [1781120548.992155119] [gazebo_track_car]: camera traffic light is RED score=1998.7 area=2989px bbox=117x37px fill=0.69 center=(906,245)
[gazebo_track_car-2] [INFO] [1781120549.289319040] [gazebo_track_car]: camera traffic light lost for 0.2s.
[gazebo_track_car-2] [INFO] [1781120549.391637728] [gazebo_track_car]: MOTION pos=(-1.044,-1.434) yaw=-3.141 v=0.280 step_err=0.0230m/0.000rad track_err=0.0053m footprint=road:4.00px route=flat_bottom_right_to_bottom_center_reverse cmd_vel=(0.280,-0.001)
[gazebo_track_car-2] [WARN] [1781120549.755074113] [gazebo_track_car]: JITTER events=3 reasons=cmd_xy_error=0.0503m pos=(-1.145,-1.434) step=0.0056/0.0000m yaw=0.000/0.000rad route=flat_bottom_right_to_bottom_center_reverse
[gazebo_track_car-2] [INFO] [1781120549.792245084] [gazebo_track_car]: ROUTE_PROGRESS_SYNC actual=(-1.156,-1.434) cmd_error=0.061m route_dist=0.000m yaw_error=0.002rad segment=flat_bottom_right_to_bottom_center_reverse@0.579m->flat_bottom_right_to_bottom_center_reverse@0.640m
[gazebo_track_car-2] [INFO] [1781120551.413739091] [gazebo_track_car]: MOTION pos=(-1.599,-1.438) yaw=+3.080 v=0.243 step_err=0.0189m/0.005rad track_err=0.0066m footprint=road:4.00px route=flat_bottom_right_to_bottom_center_reverse cmd_vel=(0.235,-0.315)
