[INFO] [launch]: All log files can be found below /home/quocbao/.ros/log/2026-06-11-02-32-52-408151-ubuntu-15760
[INFO] [launch]: Default logging verbosity is set to INFO
[INFO] [gzserver-1]: process started with pid [15762]
[INFO] [gazebo_track_car-2]: process started with pid [15764]
[gazebo_track_car-2] [INFO] [1781170373.005620277] [gazebo_track_car]: [MAP_TRANSFORM] image=256x256 path=/home/quocbao/my_robot_vision_full_project/my_robot_vision/models/autonomous_map_3d/materials/textures/autonomous_map_visual.png map_size=6.000x6.000m px_per_m_x=42.667 px_per_m_y=42.667 route_offset=(+0.000,+0.300)m map_visual_offset=(+0.000,+0.300)m
[gazebo_track_car-2] [INFO] [1781170373.141039056] [gazebo_track_car]: [FOOTPRINT_CHECK] samples=1588 center_off_road=0 center_outside_safe=1005 failures=0 min_footprint_clearance=3.20px footprint=front:0.165m rear:0.145m half_width:0.115m
[gazebo_track_car-2] [INFO] [1781170373.141319660] [gazebo_track_car]: [FOOTPRINT_CHECK] overlays=/tmp/gazebo_route_mask_debug.png, /tmp/gazebo_route_centerline_debug.png, /tmp/gazebo_route_footprint_debug.png
[gazebo_track_car-2] [INFO] [1781170373.221229223] [gazebo_track_car]: SAFE_ROUTE_VERSION=semantic_parking_spawn_turn_guard_v31; direction=reversed to match map arrows; clearance=12px; drive_wheels=True; route_offset=(+0.000,+0.300)m; start_distance=0.000m; route_explore=False branch_probability=0.00; sign_detection=camera action_dist<=0.95m parking_action_dist<=1.35m roi=0.08-0.82; map_visual_offset=(+0.000,+0.300)m; base_speed=0.28m/s speed_limit=0.14m/s; traffic_light=cycle state=green green=5.0s yellow=1.0s red=8.0s trigger_distance=1.70m stop_distance=0.85m min_stop=2.0s camera=on topic=/track_preview_car/camera/image_raw fill>=0.42 slow_area>=45px stop_area>=160px distance_gate=on; camera_sign_templates=5 sign_score>=0.32 sign_stable=2; parking_auto_route=False; wheel_controller lookahead=0.32m parking_lookahead=0.20m heading_gain=3.80 max_wz=2.80rad/s rotate_heading>1.05rad; nearest_route=True nearest_dist<=0.65m; yaw_limits=1.80rad/s/4.00rad/s2; route_rejoin=False outer_only=True cmd_error>0.30m max_route_dist=0.55m; progress_sync=True cmd_error>0.06m route_dist<=0.20m yaw<=1.20rad; initial_pose_reset=False override=False tol=0.12m/0.35rad; segments=23; route_points=47.
[gazebo_track_car-2] [INFO] [1781170373.221543872] [gazebo_track_car]: Motion log uses /model_states and /track_preview_car/cmd_vel: MOTION every 2.00s, JITTER at most every 1.00s, verbose=False; jitter thresholds xy_step_delta=0.0060m, cmd_error=0.050m, z_delta=0.0005m, tilt=0.0030rad, speed_delta=0.030m/s, yaw_step_error=0.025rad, yaw_rate_delta=0.400rad/s.
[gzserver-1] [INFO] [1781170374.706428473] [track_preview_car.front_camera_controller]: Publishing camera info to [/track_preview_car/camera/camera_info]
[gzserver-1] [INFO] [1781170374.719836830] [gazebo_ros_state]: Publishing states of gazebo models at [/model_states]
[gzserver-1] [INFO] [1781170374.720188429] [gazebo_ros_state]: Publishing states of gazebo links at [/link_states]
[gzserver-1] [INFO] [1781170374.733106734] [track_preview_car.track_preview_car_diff_drive]: Wheel pair 1 separation set to [0.176000m]
[gzserver-1] [INFO] [1781170374.733154515] [track_preview_car.track_preview_car_diff_drive]: Wheel pair 1 diameter set to [0.060000m]
[gzserver-1] [INFO] [1781170374.733682951] [track_preview_car.track_preview_car_diff_drive]: Subscribed to [/track_preview_car/cmd_vel]
[gzserver-1] [INFO] [1781170374.734386139] [track_preview_car.track_preview_car_diff_drive]: Advertise odometry on [/track_preview_car/odom]
[gazebo_track_car-2] [INFO] [1781170374.765495091] [gazebo_track_car]: wheel controller synced route progress from initial model pose; segment=flat_right_mid_to_lower_reverse@0.114m route_dist=0.105m startup_gate=1.250m
[gazebo_track_car-2] [INFO] [1781170374.811717735] [gazebo_track_car]: MOTION pos=(-2.075,-1.133) yaw=+1.710 v=0.000 step_err=0.0000m/0.000rad track_err=0.0000m footprint=road:1.00px route=flat_right_mid_to_lower_reverse cmd_vel=(0.000,+0.000)
[gazebo_track_car-2] [INFO] [1781170374.812104291] [gazebo_track_car]: traffic light is now YELLOW.
[gazebo_track_car-2] [INFO] [1781170374.834555637] [gazebo_track_car]: ROUTE_PROGRESS_SYNC actual=(-2.075,-1.133) cmd_error=0.105m route_dist=0.105m yaw_error=0.139rad segment=flat_right_mid_to_lower_reverse@0.114m->flat_right_mid_to_lower_reverse@0.114m
[gazebo_track_car-2] [WARN] [1781170374.835116444] [gazebo_track_car]: JITTER events=1 reasons=cmd_xy_error=0.1050m pos=(-2.075,-1.133) step=0.0000/0.0000m yaw=0.000/0.000rad route=flat_right_mid_to_lower_reverse
[gazebo_track_car-2] [INFO] [1781170375.469147436] [gazebo_track_car]: camera traffic light is YELLOW score=89.8 area=99px bbox=12x10px fill=0.82 center=(677,226)
[gazebo_track_car-2] [INFO] [1781170375.469465080] [gazebo_track_car]: camera traffic light ignored outside distance gate; state=yellow segment=flat_right_mid_to_lower_reverse gate<=1.70m nearby_target=- area=99px bbox=12x10px center=(677,226)
[gazebo_track_car-2] [INFO] [1781170375.472430534] [gazebo_track_car]: camera_sign=camera_sign_turn_right source=camera kind=turn_right_sign maneuver=right score=0.49 area=8075px bbox=95x85px center=(632,216)
[gazebo_track_car-2] [WARN] [1781170375.507793792] [gazebo_track_car]: GAZEBO_FOOTPRINT_OFFROAD actual pose=(-2.0998,-0.9827) yaw=+1.8447 origin_pixel=(38.4,182.7) min_clearance=0.00px cmd_error=0.0827m/0.274rad
[gazebo_track_car-2] [INFO] [1781170375.551348239] [gazebo_track_car]: camera sign seen but action is waiting until closer; detected=turn_right_sign sign=camera_sign_turn_right scene_sign=palette_turn_right_03_yaw_270 sign_dist=1.141m action_dist<=0.95m
[gazebo_track_car-2] [INFO] [1781170375.715531180] [gazebo_track_car]: traffic light is now RED.
[gazebo_track_car-2] [INFO] [1781170375.815654802] [gazebo_track_car]: camera traffic light lost for 0.2s.
[gazebo_track_car-2] [INFO] [1781170376.577607317] [gazebo_track_car]: queued maneuver 'right' from camera sign camera_sign_turn_right; next_branch=1.31m
[gazebo_track_car-2] [INFO] [1781170376.928176043] [gazebo_track_car]: MOTION pos=(-2.177,-0.628) yaw=+1.617 v=0.261 step_err=0.0052m/0.002rad track_err=0.0266m footprint=road:5.00px route=flat_right_mid_to_lower_reverse cmd_vel=(0.261,-0.128)
[gazebo_track_car-2] [INFO] [1781170377.256781552] [gazebo_track_car]: camera traffic light is RED score=52.2 area=59px bbox=8x9px fill=0.82 center=(631,219)
[gazebo_track_car-2] [INFO] [1781170377.337689245] [gazebo_track_car]: camera traffic light ignored outside distance gate; state=red segment=flat_right_mid_to_lower_reverse gate<=1.70m nearby_target=palette_traffic_light_03_yaw_270 dist=3.20m forward=2.47m lateral=2.03m area=97px bbox=12x10px center=(633,219)
[gazebo_track_car-2] [INFO] [1781170378.946451301] [gazebo_track_car]: MOTION pos=(-2.181,-0.073) yaw=+1.564 v=0.278 step_err=0.0228m/0.000rad track_err=0.0048m footprint=road:5.00px route=flat_right_mid_to_lower_reverse cmd_vel=(0.278,+0.011)
[gazebo_track_car-2] [WARN] [1781170379.768032880] [gazebo_track_car]: JITTER events=52 reasons=speed_delta=0.037m/s pos=(-2.180,+0.155) step=0.0050/0.0000m yaw=0.001/0.000rad route=flat_right_mid_to_lower_reverse
[gazebo_track_car-2] [WARN] [1781170380.750225727] [gazebo_track_car]: JITTER events=4 reasons=yaw_step_error=0.037rad pos=(-2.183,+0.319) step=0.0022/0.0105m yaw=0.005/0.043rad route=flat_right_mid_to_lower_reverse
[gazebo_track_car-2] [INFO] [1781170380.950940803] [gazebo_track_car]: MOTION pos=(-2.187,+0.338) yaw=+1.440 v=0.096 step_err=0.0072m/0.035rad track_err=0.0077m footprint=road:6.00px route=flat_right_mid_to_lower_reverse cmd_vel=(0.083,-0.393)
[gazebo_track_car-2] [WARN] [1781170381.765108197] [gazebo_track_car]: JITTER events=10 reasons=yaw_step_error=0.032rad pos=(-2.197,+0.399) step=0.0013/0.0064m yaw=0.008/0.040rad route=flat_right_mid_to_lower_reverse
[gazebo_track_car-2] [INFO] [1781170382.970467464] [gazebo_track_car]: MOTION pos=(-2.195,+0.453) yaw=+0.712 v=0.035 step_err=0.0029m/0.019rad track_err=0.0152m footprint=road:8.00px route=flat_right_mid_to_lower_reverse cmd_vel=(0.028,-0.247)
[gazebo_track_car-2] [INFO] [1781170383.757251040] [gazebo_track_car]: traffic light is now GREEN.
[gazebo_track_car-2] [INFO] [1781170383.762104632] [gazebo_track_car]: camera traffic-light green candidate ignored as non-lamp-shaped color patch; reason=aspect bbox=305x54px
[gazebo_track_car-2] [INFO] [1781170383.762391067] [gazebo_track_car]: camera traffic-light green candidate ignored as non-lamp-shaped color patch; reason=fill bbox=224x88px
[gazebo_track_car-2] [INFO] [1781170383.804554713] [gazebo_track_car]: camera traffic light is GREEN score=69.4 area=81px bbox=10x10px fill=0.81 center=(460,234)
[gazebo_track_car-2] [INFO] [1781170384.974545639] [gazebo_track_car]: MOTION pos=(-2.159,+0.503) yaw=+0.398 v=0.030 step_err=0.0022m/0.013rad track_err=0.0221m footprint=road:8.40px route=flat_right_mid_to_lower_reverse cmd_vel=(0.028,-0.092)
[gazebo_track_car-2] [WARN] [1781170386.039165086] [gazebo_track_car]: JITTER events=4 reasons=cmd_xy_error=0.0503m pos=(-2.133,+0.519) step=0.0006/0.0000m yaw=0.001/0.000rad route=flat_right_mid_to_lower_reverse
[gazebo_track_car-2] [WARN] [1781170386.975376063] [gazebo_track_car]: JITTER events=47 reasons=cmd_xy_error=0.0794m pos=(-2.109,+0.531) step=0.0006/0.0029m yaw=0.001/0.011rad route=flat_right_mid_to_lower_reverse
[gazebo_track_car-2] [INFO] [1781170386.975644674] [gazebo_track_car]: MOTION pos=(-2.109,+0.531) yaw=+0.276 v=0.028 step_err=0.0023m/0.010rad track_err=0.0794m footprint=road:7.19px route=flat_right_mid_to_lower_reverse cmd_vel=(0.028,-0.042)
[gazebo_track_car-2] [INFO] [1781170387.577401765] [gazebo_track_car]: route segment=flat_mid_center_to_right_mid_reverse; previous=flat_right_mid_to_lower_reverse; distance=0.002m; decision=route/right from camera_sign_turn_right: flat_mid_center_to_right_mid_reverse delta=-90.0deg
[gazebo_track_car-2] [INFO] [1781170388.537694054] [gazebo_track_car]: camera_sign=camera_sign_parking source=camera kind=parking_sign maneuver=parking score=0.34 area=1898px bbox=73x26px center=(926,232)
[gazebo_track_car-2] [INFO] [1781170388.571864955] [gazebo_track_car]: camera turn sign ignored as left/right ambiguous; segment=flat_mid_center_to_right_mid_reverse best=camera_sign_turn_right:0.55 opposite=turn_left_sign:0.55
[gazebo_track_car-2] [INFO] [1781170388.573036143] [gazebo_track_car]: camera sign seen but action is waiting until closer; detected=parking_sign sign=camera_sign_parking scene_sign=palette_parking_03_yaw_270 sign_dist=3.341m action_dist<=1.35m
[gazebo_track_car-2] [INFO] [1781170388.626650286] [gazebo_track_car]: camera turn sign ignored as left/right ambiguous; segment=flat_mid_center_to_right_mid_reverse best=camera_sign_turn_left:0.52 opposite=turn_right_sign:0.51
[gazebo_track_car-2] [INFO] [1781170388.681764645] [gazebo_track_car]: traffic light is now YELLOW.
[gazebo_track_car-2] [INFO] [1781170388.727811937] [gazebo_track_car]: camera traffic light is YELLOW score=221.4 area=241px bbox=19x15px fill=0.85 center=(316,220)
[gazebo_track_car-2] [INFO] [1781170388.728186710] [gazebo_track_car]: camera traffic light ignored outside distance gate; state=yellow segment=flat_mid_center_to_right_mid_reverse gate<=1.70m nearby_target=palette_traffic_light_03_yaw_270 dist=2.15m forward=1.67m lateral=1.36m area=241px bbox=19x15px center=(316,220)
[gazebo_track_car-2] [INFO] [1781170389.000578769] [gazebo_track_car]: MOTION pos=(-1.750,+0.589) yaw=-0.008 v=0.270 step_err=0.0221m/0.001rad track_err=0.0090m footprint=road:5.00px route=flat_mid_center_to_right_mid_reverse cmd_vel=(0.273,-0.049)
[gazebo_track_car-2] [INFO] [1781170389.687455484] [gazebo_track_car]: traffic light is now RED.
[gazebo_track_car-2] [INFO] [1781170389.717539287] [gazebo_track_car]: camera traffic light is RED score=442.0 area=486px bbox=29x21px fill=0.80 center=(258,199)
[gazebo_track_car-2] [INFO] [1781170389.717860949] [gazebo_track_car]: camera traffic light ignored outside distance gate; state=red segment=flat_mid_center_to_right_mid_reverse gate<=1.70m nearby_target=palette_traffic_light_03_yaw_270 dist=1.95m forward=1.35m lateral=1.41m area=486px bbox=29x21px center=(258,199)
[gazebo_track_car-2] [INFO] [1781170390.778670498] [gazebo_track_car]: camera_sign=camera_sign_parking source=camera kind=parking_sign maneuver=parking score=0.33 area=3360px bbox=96x35px center=(926,231)
[gazebo_track_car-2] [INFO] [1781170390.812063048] [gazebo_track_car]: camera sign seen but action is waiting until closer; detected=parking_sign sign=camera_sign_parking scene_sign=palette_parking_03_yaw_270 sign_dist=2.730m action_dist<=1.35m
[gazebo_track_car-2] [INFO] [1781170390.998820036] [gazebo_track_car]: MOTION pos=(-1.195,+0.581) yaw=-0.002 v=0.279 step_err=0.0056m/0.000rad track_err=0.0320m footprint=road:5.00px route=flat_mid_center_to_right_mid_reverse cmd_vel=(0.279,+0.010)
[gazebo_track_car-2] [INFO] [1781170391.210222677] [gazebo_track_car]: camera turn sign ignored as left/right ambiguous; segment=flat_mid_center_to_right_mid_reverse best=camera_sign_turn_right:0.48 opposite=turn_left_sign:0.47
[gazebo_track_car-2] [WARN] [1781170391.221469822] [gazebo_track_car]: JITTER events=33 reasons=speed_delta=0.132m/s pos=(-1.135,+0.581) step=0.0042/0.0000m yaw=0.000/0.000rad route=flat_mid_center_to_right_mid_reverse
[gazebo_track_car-2] [INFO] [1781170391.286763262] [gazebo_track_car]: camera speed-limit candidate ignored as solid red lamp-like blob; segment=flat_mid_center_to_right_mid_reverse component_bbox=8x16px red_fill=0.64
[gazebo_track_car-2] [INFO] [1781170391.375682955] [gazebo_track_car]: camera traffic light ignored outside distance gate; state=red segment=flat_mid_center_to_right_mid_reverse gate<=1.70m nearby_target=palette_traffic_light_02_yaw_180 dist=1.93m forward=1.22m lateral=1.49m area=1527px bbox=59x34px center=(133,176)
[gazebo_track_car-2] [INFO] [1781170391.519858797] [gazebo_track_car]: camera speed-limit candidate ignored as solid red lamp-like blob; segment=flat_mid_center_to_right_mid_reverse component_bbox=9x16px red_fill=0.63
[gazebo_track_car-2] [INFO] [1781170391.665783617] [gazebo_track_car]: camera speed-limit candidate ignored as solid red lamp-like blob; segment=flat_mid_center_to_right_mid_reverse component_bbox=9x17px red_fill=0.68
[gazebo_track_car-2] [INFO] [1781170391.673431051] [gazebo_track_car]: camera_sign=camera_sign_speed_limit source=camera kind=speed_limit_sign maneuver=- score=0.41 area=600px bbox=20x30px center=(724,197)
[gazebo_track_car-2] [INFO] [1781170391.688377476] [gazebo_track_car]: camera speed-limit candidate ignored as solid red lamp-like blob; segment=flat_mid_center_to_right_mid_reverse component_bbox=10x17px red_fill=0.65
[gazebo_track_car-2] [INFO] [1781170391.778147718] [gazebo_track_car]: camera sign action blocked; no matching facing 3D sign is close enough; detected=speed_limit_sign sign=camera_sign_speed_limit detection_dist<=3.40m action_dist<=0.95m
[gazebo_track_car-2] [INFO] [1781170391.844252574] [gazebo_track_car]: camera speed-limit candidate ignored as solid red lamp-like blob; segment=flat_mid_center_to_right_mid_reverse component_bbox=11x18px red_fill=0.65
[gazebo_track_car-2] [INFO] [1781170391.875581456] [gazebo_track_car]: camera speed-limit candidate ignored as solid red lamp-like blob; segment=flat_mid_center_to_right_mid_reverse component_bbox=11x19px red_fill=0.66
[gazebo_track_car-2] [INFO] [1781170391.977111428] [gazebo_track_car]: camera speed-limit candidate ignored as solid red lamp-like blob; segment=flat_mid_center_to_right_mid_reverse component_bbox=12x20px red_fill=0.64
[gazebo_track_car-2] [INFO] [1781170391.988219758] [gazebo_track_car]: camera speed-limit candidate ignored as solid red lamp-like blob; segment=flat_mid_center_to_right_mid_reverse component_bbox=73x48px red_fill=0.77
[gazebo_track_car-2] [INFO] [1781170392.023181103] [gazebo_track_car]: camera speed-limit candidate ignored as solid red lamp-like blob; segment=flat_mid_center_to_right_mid_reverse component_bbox=67x48px red_fill=0.78
[gazebo_track_car-2] [INFO] [1781170392.055113314] [gazebo_track_car]: camera speed-limit candidate ignored as solid red lamp-like blob; segment=flat_mid_center_to_right_mid_reverse component_bbox=60x49px red_fill=0.78
[gazebo_track_car-2] [INFO] [1781170392.108567683] [gazebo_track_car]: camera speed-limit candidate ignored as solid red lamp-like blob; segment=flat_mid_center_to_right_mid_reverse component_bbox=53x49px red_fill=0.77
[gazebo_track_car-2] [INFO] [1781170392.120113817] [gazebo_track_car]: camera speed-limit candidate ignored as solid red lamp-like blob; segment=flat_mid_center_to_right_mid_reverse component_bbox=46x48px red_fill=0.77
[gazebo_track_car-2] [INFO] [1781170392.145187735] [gazebo_track_car]: camera speed-limit candidate ignored as solid red lamp-like blob; segment=flat_mid_center_to_right_mid_reverse component_bbox=38x47px red_fill=0.77
[gazebo_track_car-2] [INFO] [1781170393.028262192] [gazebo_track_car]: MOTION pos=(-0.662,+0.581) yaw=+0.002 v=0.279 step_err=0.0218m/0.000rad track_err=0.0058m footprint=road:9.20px route=flat_mid_center_to_right_mid_reverse cmd_vel=(0.279,-0.007)
[gazebo_track_car-2] [INFO] [1781170393.041036393] [gazebo_track_car]: camera_sign=camera_sign_parking source=camera kind=parking_sign maneuver=parking score=0.33 area=884px bbox=34x26px center=(824,233)
[gazebo_track_car-2] [INFO] [1781170393.063042393] [gazebo_track_car]: camera sign seen but action is waiting until closer; detected=parking_sign sign=camera_sign_parking scene_sign=palette_parking_03_yaw_270 sign_dist=2.144m action_dist<=1.35m
[gazebo_track_car-2] [INFO] [1781170393.280004305] [gazebo_track_car]: camera turn sign ignored as left/right ambiguous; segment=flat_mid_center_to_right_mid_reverse best=camera_sign_turn_left:0.49 opposite=turn_right_sign:0.48
[gazebo_track_car-2] [INFO] [1781170393.516481697] [gazebo_track_car]: camera traffic light lost for 0.2s.
[gazebo_track_car-2] [INFO] [1781170393.612353963] [gazebo_track_car]: route segment=flat_mid_top_to_mid_center_reverse; previous=flat_mid_center_to_right_mid_reverse; distance=0.016m; decision=route/default: flat_mid_top_to_mid_center_reverse
[gazebo_track_car-2] [INFO] [1781170393.691740575] [gazebo_track_car]: camera_sign=camera_sign_turn_left source=camera kind=turn_left_sign maneuver=left score=0.50 area=1080px bbox=36x30px center=(857,232)
[gazebo_track_car-2] [INFO] [1781170393.791313162] [gazebo_track_car]: camera_sign=camera_sign_parking source=camera kind=parking_sign maneuver=parking score=0.36 area=660px bbox=22x30px center=(859,232)
[gazebo_track_car-2] [INFO] [1781170394.270743262] [gazebo_track_car]: camera_sign=camera_sign_turn_left source=camera kind=turn_left_sign maneuver=left score=0.50 area=1271px bbox=41x31px center=(890,232)
[gazebo_track_car-2] [INFO] [1781170394.293764134] [gazebo_track_car]: camera_sign=camera_sign_parking source=camera kind=parking_sign maneuver=parking score=0.39 area=930px bbox=31x30px center=(525,227)
[gazebo_track_car-2] [INFO] [1781170394.426355770] [gazebo_track_car]: camera_sign=camera_sign_turn_left source=camera kind=turn_left_sign maneuver=left score=0.51 area=465px bbox=15x31px center=(518,226)
[gazebo_track_car-2] [INFO] [1781170394.451367651] [gazebo_track_car]: camera_sign=camera_sign_parking source=camera kind=parking_sign maneuver=parking score=0.38 area=1054px bbox=34x31px center=(526,227)
[gazebo_track_car-2] [INFO] [1781170394.566112641] [gazebo_track_car]: camera_sign=camera_sign_turn_left source=camera kind=turn_left_sign maneuver=left score=0.52 area=465px bbox=15x31px center=(519,226)
[gazebo_track_car-2] [INFO] [1781170394.618924921] [gazebo_track_car]: camera_sign=camera_sign_parking source=camera kind=parking_sign maneuver=parking score=0.40 area=1054px bbox=34x31px center=(527,227)
[gazebo_track_car-2] [INFO] [1781170394.695891768] [gazebo_track_car]: camera_sign=camera_sign_turn_left source=camera kind=turn_left_sign maneuver=left score=0.50 area=510px bbox=15x34px center=(520,225)
[gazebo_track_car-2] [INFO] [1781170394.727562641] [gazebo_track_car]: camera_sign=camera_sign_parking source=camera kind=parking_sign maneuver=parking score=0.34 area=910px bbox=26x35px center=(920,231)
[gazebo_track_car-2] [INFO] [1781170394.986713875] [gazebo_track_car]: camera_sign=camera_sign_turn_left source=camera kind=turn_left_sign maneuver=left score=0.49 area=525px bbox=15x35px center=(522,225)
[gazebo_track_car-2] [INFO] [1781170395.022698367] [gazebo_track_car]: camera_sign=camera_sign_parking source=camera kind=parking_sign maneuver=parking score=0.33 area=1287px bbox=33x39px center=(946,231)
[gazebo_track_car-2] [INFO] [1781170395.029552401] [gazebo_track_car]: MOTION pos=(-0.104,+0.582) yaw=-0.000 v=0.279 step_err=0.0229m/0.000rad track_err=0.0053m footprint=road:5.00px route=flat_mid_top_to_mid_center_reverse cmd_vel=(0.279,-0.006)
[gazebo_track_car-2] [INFO] [1781170396.043075624] [gazebo_track_car]: parking stub armed from camera sign camera_sign_parking; next_branch=0.32m
[gazebo_track_car-2] [INFO] [1781170397.034029799] [gazebo_track_car]: MOTION pos=(+0.455,+0.582) yaw=-0.002 v=0.280 step_err=0.0056m/0.000rad track_err=0.0338m footprint=road:5.00px route=flat_mid_top_to_mid_center_reverse cmd_vel=(0.280,+0.001)
[gazebo_track_car-2] [INFO] [1781170397.034656862] [gazebo_track_car]: route segment=aaa_flat_parking_stub_stop; previous=flat_mid_top_to_mid_center_reverse; distance=0.000m; decision=route/parking from camera_sign_parking: aaa_flat_parking_stub_stop
[gazebo_track_car-2] [INFO] [1781170397.098772171] [gazebo_track_car]: camera_sign=camera_sign_turn_right source=camera kind=turn_right_sign maneuver=right score=0.54 area=3780px bbox=63x60px center=(566,217)
[gazebo_track_car-2] [INFO] [1781170397.109878208] [gazebo_track_car]: camera sign ignored as parking/turn confusion; segment=aaa_flat_parking_stub_stop best=camera_sign_turn_right:0.53 parking=camera_sign_parking:0.39
[gazebo_track_car-2] [INFO] [1781170397.207842104] [gazebo_track_car]: camera sign action blocked; no matching facing 3D sign is close enough; detected=turn_right_sign sign=camera_sign_turn_right detection_dist<=3.40m action_dist<=0.95m
[gazebo_track_car-2] [WARN] [1781170397.570447617] [gazebo_track_car]: JITTER events=2 reasons=speed_delta=0.034m/s pos=(+0.605,+0.582) step=0.0050/0.0000m yaw=0.003/0.000rad route=aaa_flat_parking_stub_stop
[gazebo_track_car-2] [INFO] [1781170397.732554626] [gazebo_track_car]: traffic light is now GREEN.
[gazebo_track_car-2] [INFO] [1781170397.750832922] [gazebo_track_car]: camera traffic light is GREEN score=133.6 area=435px bbox=26x22px fill=0.76 center=(551,314)
[gazebo_track_car-2] [INFO] [1781170397.962625469] [gazebo_track_car]: camera turn sign ignored as left/right ambiguous; segment=aaa_flat_parking_stub_stop best=camera_sign_turn_left:0.52 opposite=turn_right_sign:0.49
[gazebo_track_car-2] [INFO] [1781170398.264627305] [gazebo_track_car]: camera turn sign ignored as left/right ambiguous; segment=aaa_flat_parking_stub_stop best=camera_sign_turn_right:0.51 opposite=turn_left_sign:0.50
[gazebo_track_car-2] [INFO] [1781170398.324013294] [gazebo_track_car]: camera traffic-light green candidate ignored as non-lamp-shaped color patch; reason=area bbox=70x29px
[gazebo_track_car-2] [INFO] [1781170398.327872008] [gazebo_track_car]: camera turn sign ignored as left/right ambiguous; segment=aaa_flat_parking_stub_stop best=camera_sign_turn_left:0.54 opposite=turn_right_sign:0.53
[gazebo_track_car-2] [INFO] [1781170398.378240906] [gazebo_track_car]: camera turn sign ignored as left/right ambiguous; segment=aaa_flat_parking_stub_stop best=camera_sign_turn_right:0.49 opposite=turn_left_sign:0.49
[gazebo_track_car-2] [INFO] [1781170398.478518547] [gazebo_track_car]: camera turn sign ignored as left/right ambiguous; segment=aaa_flat_parking_stub_stop best=camera_sign_turn_left:0.48 opposite=turn_right_sign:0.47
[gazebo_track_car-2] [INFO] [1781170398.508244178] [gazebo_track_car]: camera sign ignored as parking/turn confusion; segment=aaa_flat_parking_stub_stop best=camera_sign_turn_left:0.48 parking=camera_sign_parking:0.33
[gazebo_track_car-2] [INFO] [1781170398.551968741] [gazebo_track_car]: camera sign ignored as parking/turn confusion; segment=aaa_flat_parking_stub_stop best=camera_sign_turn_right:0.52 parking=camera_sign_parking:0.36
[gazebo_track_car-2] [INFO] [1781170398.553271581] [gazebo_track_car]: camera sign ignored as parking/turn confusion; segment=aaa_flat_parking_stub_stop best=camera_sign_turn_left:0.48 parking=camera_sign_parking:0.33
[gazebo_track_car-2] [INFO] [1781170398.564440236] [gazebo_track_car]: camera turn sign ignored as left/right ambiguous; segment=aaa_flat_parking_stub_stop best=camera_sign_turn_right:0.47 opposite=turn_left_sign:0.47
[gazebo_track_car-2] [INFO] [1781170398.620643057] [gazebo_track_car]: camera turn sign ignored as left/right ambiguous; segment=aaa_flat_parking_stub_stop best=camera_sign_turn_left:0.46 opposite=turn_right_sign:0.44
[gazebo_track_car-2] [INFO] [1781170398.626030841] [gazebo_track_car]: camera sign ignored as parking/turn confusion; segment=aaa_flat_parking_stub_stop best=camera_sign_turn_right:0.52 parking=camera_sign_parking:0.36
[gazebo_track_car-2] [INFO] [1781170398.627102851] [gazebo_track_car]: camera turn sign ignored as left/right ambiguous; segment=aaa_flat_parking_stub_stop best=camera_sign_turn_right:0.50 opposite=turn_left_sign:0.49
[gazebo_track_car-2] [INFO] [1781170398.653260873] [gazebo_track_car]: camera turn sign ignored as left/right ambiguous; segment=aaa_flat_parking_stub_stop best=camera_sign_turn_left:0.49 opposite=turn_right_sign:0.49
[gazebo_track_car-2] [WARN] [1781170398.854387462] [gazebo_track_car]: JITTER events=2 reasons=yaw_step_error=0.189rad pos=(+0.807,+0.581) step=0.0031/0.0130m yaw=0.016/0.205rad route=aaa_flat_parking_stub_stop
[gazebo_track_car-2] [INFO] [1781170398.923100822] [gazebo_track_car]: camera sign ignored as parking/turn confusion; segment=aaa_flat_parking_stub_stop best=camera_sign_turn_left:0.46 parking=camera_sign_parking:0.33
[gazebo_track_car-2] [INFO] [1781170398.987839127] [gazebo_track_car]: camera sign ignored as parking/turn confusion; segment=aaa_flat_parking_stub_stop best=camera_sign_turn_right:0.49 parking=camera_sign_parking:0.33
[gazebo_track_car-2] [INFO] [1781170399.052746223] [gazebo_track_car]: MOTION pos=(+0.833,+0.563) yaw=-1.059 v=0.157 step_err=0.0049m/0.169rad track_err=0.0180m footprint=road:10.60px route=aaa_flat_parking_stub_stop cmd_vel=(0.162,-0.746)
[gazebo_track_car-2] [INFO] [1781170399.131661329] [gazebo_track_car]: camera turn sign ignored as left/right ambiguous; segment=aaa_flat_parking_stub_stop best=camera_sign_turn_right:0.47 opposite=turn_left_sign:0.44
[gazebo_track_car-2] [INFO] [1781170399.391768836] [gazebo_track_car]: camera traffic-light green candidate ignored as non-lamp-shaped color patch; reason=low bbox=54x28px
[gazebo_track_car-2] [INFO] [1781170399.690804178] [gazebo_track_car]: camera turn sign ignored as left/right ambiguous; segment=aaa_flat_parking_stub_stop best=camera_sign_turn_left:0.60 opposite=turn_right_sign:0.59
[gazebo_track_car-2] [INFO] [1781170399.700859473] [gazebo_track_car]: camera turn sign ignored as left/right ambiguous; segment=aaa_flat_parking_stub_stop best=camera_sign_turn_right:0.60 opposite=turn_left_sign:0.59
[gazebo_track_car-2] [INFO] [1781170399.781387099] [gazebo_track_car]: camera turn sign ignored as left/right ambiguous; segment=aaa_flat_parking_stub_stop best=camera_sign_turn_left:0.48 opposite=turn_right_sign:0.48
[gazebo_track_car-2] [INFO] [1781170399.799091333] [gazebo_track_car]: camera turn sign ignored as left/right ambiguous; segment=aaa_flat_parking_stub_stop best=camera_sign_turn_right:0.50 opposite=turn_left_sign:0.47
[gazebo_track_car-2] [INFO] [1781170399.915323236] [gazebo_track_car]: camera turn sign ignored as left/right ambiguous; segment=aaa_flat_parking_stub_stop best=camera_sign_turn_left:0.50 opposite=turn_right_sign:0.47
[gazebo_track_car-2] [WARN] [1781170400.574809925] [gazebo_track_car]: JITTER events=9 reasons=speed_delta=0.032m/s pos=(+0.915,+0.241) step=0.0046/0.0000m yaw=0.003/0.000rad route=aaa_flat_parking_stub_stop
[gazebo_track_car-2] [INFO] [1781170401.054836197] [gazebo_track_car]: MOTION pos=(+0.910,+0.151) yaw=-1.691 v=0.151 step_err=0.0118m/0.001rad track_err=0.0194m footprint=road:7.00px route=aaa_flat_parking_stub_stop cmd_vel=(0.135,-0.076)
[gazebo_track_car-2] [INFO] [1781170402.023876218] [gazebo_track_car]: camera_sign=camera_sign_speed_limit source=camera kind=speed_limit_sign maneuver=- score=0.51 area=3432px bbox=78x44px center=(697,219)
[gazebo_track_car-2] [INFO] [1781170402.069386981] [gazebo_track_car]: camera sign seen but action is waiting until closer; detected=speed_limit_sign sign=camera_sign_speed_limit scene_sign=palette_speed_limit_03_yaw_270 sign_dist=2.409m action_dist<=0.95m
[gazebo_track_car-2] [WARN] [1781170402.199068953] [gazebo_track_car]: JITTER events=1 reasons=yaw_rate_delta=0.517rad/s pos=(+0.907,+0.029) step=0.0025/0.0000m yaw=0.022/0.000rad route=aaa_flat_parking_stub_stop
[gazebo_track_car-2] [WARN] [1781170402.361357090] [gazebo_track_car]: parking complete; stopped at segment=aaa_flat_parking_stub_stop pose=(+0.891,+0.019) yaw=-1.571
[gazebo_track_car-2] [INFO] [1781170402.760086475] [gazebo_track_car]: traffic light is now YELLOW.
[gazebo_track_car-2] [INFO] [1781170402.790175679] [gazebo_track_car]: camera traffic light is YELLOW score=318.4 area=355px bbox=20x22px fill=0.81 center=(482,212)
[gazebo_track_car-2] [INFO] [1781170402.790462595] [gazebo_track_car]: camera traffic light ignored outside distance gate; state=yellow segment=aaa_flat_parking_stub_stop gate<=1.70m nearby_target=- area=355px bbox=20x22px center=(482,212)
[gazebo_track_car-2] [INFO] [1781170403.064991330] [gazebo_track_car]: MOTION pos=(+0.923,+0.001) yaw=-2.264 v=0.000 step_err=0.0000m/0.000rad track_err=0.0369m footprint=road:2.00px route=aaa_flat_parking_stub_stop cmd_vel=(0.000,+0.000)
[gazebo_track_car-2] [INFO] [1781170403.766510886] [gazebo_track_car]: traffic light is now RED.
[gazebo_track_car-2] [INFO] [1781170403.794473836] [gazebo_track_car]: camera traffic light is RED score=342.2 area=387px bbox=20x23px fill=0.84 center=(482,194)
[gazebo_track_car-2] [INFO] [1781170403.794757155] [gazebo_track_car]: camera traffic light ignored outside distance gate; state=red segment=aaa_flat_parking_stub_stop gate<=1.70m nearby_target=- area=387px bbox=20x23px center=(482,194)
[gazebo_track_car-2] [INFO] [1781170405.175700122] [gazebo_track_car]: MOTION pos=(+0.923,+0.000) yaw=-2.265 v=0.000 step_err=0.0000m/0.000rad track_err=0.0369m footprint=road:2.00px route=aaa_flat_parking_stub_stop cmd_vel=(0.000,+0.000)
[gazebo_track_car-2] [INFO] [1781170407.201041187] [gazebo_track_car]: MOTION pos=(+0.923,+0.000) yaw=-2.265 v=0.000 step_err=0.0000m/0.000rad track_err=0.0370m footprint=road:2.00px route=aaa_flat_parking_stub_stop cmd_vel=(0.000,+0.000)
[gazebo_track_car-2] [INFO] [1781170409.212636925] [gazebo_track_car]: MOTION pos=(+0.923,+0.000) yaw=-2.265 v=0.000 step_err=0.0000m/0.000rad track_err=0.0370m footprint=road:2.00px route=aaa_flat_parking_stub_stop cmd_vel=(0.000,+0.000)
[gazebo_track_car-2] [INFO] [1781170411.215515722] [gazebo_track_car]: MOTION pos=(+0.923,+0.000) yaw=-2.266 v=0.000 step_err=0.0000m/0.000rad track_err=0.0371m footprint=road:2.00px route=aaa_flat_parking_stub_stop cmd_vel=(0.000,+0.000)
[gazebo_track_car-2] [INFO] [1781170411.812230314] [gazebo_track_car]: traffic light is now GREEN.
[gazebo_track_car-2] [INFO] [1781170411.866377134] [gazebo_track_car]: camera traffic light is GREEN score=312.3 area=349px bbox=19x22px fill=0.83 center=(481,229)
[gazebo_track_car-2] [INFO] [1781170413.232342926] [gazebo_track_car]: MOTION pos=(+0.923,+0.000) yaw=-2.266 v=0.000 step_err=0.0000m/0.000rad track_err=0.0371m footprint=road:2.00px route=aaa_flat_parking_stub_stop cmd_vel=(0.000,+0.000)
[gazebo_track_car-2] [INFO] [1781170415.352332545] [gazebo_track_car]: MOTION pos=(+0.923,+0.000) yaw=-2.267 v=0.000 step_err=0.0000m/0.000rad track_err=0.0372m footprint=road:2.00px route=aaa_flat_parking_stub_stop cmd_vel=(0.000,+0.000)
[gazebo_track_car-2] [INFO] [1781170416.740281747] [gazebo_track_car]: traffic light is now YELLOW.
[gazebo_track_car-2] [INFO] [1781170416.780267667] [gazebo_track_car]: camera traffic light is YELLOW score=317.7 area=351px bbox=19x22px fill=0.84 center=(481,212)
[gazebo_track_car-2] [INFO] [1781170416.780624356] [gazebo_track_car]: camera traffic light ignored outside distance gate; state=yellow segment=aaa_flat_parking_stub_stop gate<=1.70m nearby_target=- area=351px bbox=19x22px center=(481,212)
[gazebo_track_car-2] [INFO] [1781170417.353045862] [gazebo_track_car]: MOTION pos=(+0.923,+0.000) yaw=-2.267 v=0.000 step_err=0.0000m/0.000rad track_err=0.0372m footprint=road:2.00px route=aaa_flat_parking_stub_stop cmd_vel=(0.000,+0.000)
[gazebo_track_car-2] [INFO] [1781170417.745289560] [gazebo_track_car]: traffic light is now RED.
[gazebo_track_car-2] [INFO] [1781170417.783824188] [gazebo_track_car]: camera traffic light is RED score=339.1 area=382px bbox=20x23px fill=0.83 center=(481,194)
[gazebo_track_car-2] [INFO] [1781170417.784135580] [gazebo_track_car]: camera traffic light ignored outside distance gate; state=red segment=aaa_flat_parking_stub_stop gate<=1.70m nearby_target=- area=382px bbox=20x23px center=(481,194)
[gazebo_track_car-2] [INFO] [1781170419.356179766] [gazebo_track_car]: MOTION pos=(+0.923,+0.000) yaw=-2.268 v=0.000 step_err=0.0000m/0.000rad track_err=0.0373m footprint=road:2.00px route=aaa_flat_parking_stub_stop cmd_vel=(0.000,+0.000)
[gazebo_track_car-2] [INFO] [1781170421.377148293] [gazebo_track_car]: MOTION pos=(+0.923,+0.000) yaw=-2.268 v=0.000 step_err=0.0000m/0.000rad track_err=0.0373m footprint=road:2.00px route=aaa_flat_parking_stub_stop cmd_vel=(0.000,+0.000)
[gazebo_track_car-2] [INFO] [1781170423.381606647] [gazebo_track_car]: MOTION pos=(+0.923,+0.000) yaw=-2.268 v=0.000 step_err=0.0000m/0.000rad track_err=0.0374m footprint=road:2.00px route=aaa_flat_parking_stub_stop cmd_vel=(0.000,+0.000)
[gazebo_track_car-2] [INFO] [1781170425.401938042] [gazebo_track_car]: MOTION pos=(+0.923,-0.000) yaw=-2.269 v=0.000 step_err=0.0000m/0.000rad track_err=0.0374m footprint=road:2.00px route=aaa_flat_parking_stub_stop cmd_vel=(0.000,+0.000)
[gazebo_track_car-2] [INFO] [1781170425.787943956] [gazebo_track_car]: traffic light is now GREEN.
[gazebo_track_car-2] [INFO] [1781170425.812665045] [gazebo_track_car]: camera traffic light is GREEN score=311.7 area=353px bbox=20x22px fill=0.80 center=(481,229)
[gazebo_track_car-2] [INFO] [1781170427.403837086] [gazebo_track_car]: MOTION pos=(+0.923,-0.000) yaw=-2.269 v=0.000 step_err=0.0000m/0.000rad track_err=0.0375m footprint=road:2.00px route=aaa_flat_parking_stub_stop cmd_vel=(0.000,+0.000)
[gazebo_track_car-2] [INFO] [1781170429.409336132] [gazebo_track_car]: MOTION pos=(+0.923,-0.000) yaw=-2.270 v=0.000 step_err=0.0000m/0.000rad track_err=0.0375m footprint=road:2.00px route=aaa_flat_parking_stub_stop cmd_vel=(0.000,+0.000)
[gazebo_track_car-2] [INFO] [1781170430.812320740] [gazebo_track_car]: traffic light is now YELLOW.
[gazebo_track_car-2] [INFO] [1781170430.855609858] [gazebo_track_car]: camera traffic light is YELLOW score=319.2 area=356px bbox=20x22px fill=0.81 center=(481,212)
[gazebo_track_car-2] [INFO] [1781170430.855896113] [gazebo_track_car]: camera traffic light ignored outside distance gate; state=yellow segment=aaa_flat_parking_stub_stop gate<=1.70m nearby_target=- area=356px bbox=20x22px center=(481,212)
[gazebo_track_car-2] [INFO] [1781170431.430090645] [gazebo_track_car]: MOTION pos=(+0.923,-0.000) yaw=-2.270 v=0.000 step_err=0.0000m/0.000rad track_err=0.0376m footprint=road:2.00px route=aaa_flat_parking_stub_stop cmd_vel=(0.000,+0.000)
[gazebo_track_car-2] [INFO] [1781170431.817328979] [gazebo_track_car]: traffic light is now RED.
[gazebo_track_car-2] [INFO] [1781170431.853911203] [gazebo_track_car]: camera traffic light is RED score=343.2 area=388px bbox=20x23px fill=0.84 center=(481,194)
[gazebo_track_car-2] [INFO] [1781170431.854182049] [gazebo_track_car]: camera traffic light ignored outside distance gate; state=red segment=aaa_flat_parking_stub_stop gate<=1.70m nearby_target=- area=388px bbox=20x23px center=(481,194)
[gazebo_track_car-2] [INFO] [1781170433.434754461] [gazebo_track_car]: MOTION pos=(+0.923,-0.000) yaw=-2.271 v=0.000 step_err=0.0000m/0.000rad track_err=0.0376m footprint=road:2.00px route=aaa_flat_parking_stub_stop cmd_vel=(0.000,+0.000)
[gazebo_track_car-2] [INFO] [1781170435.457700392] [gazebo_track_car]: MOTION pos=(+0.923,-0.000) yaw=-2.271 v=0.000 step_err=0.0000m/0.000rad track_err=0.0377m footprint=road:2.00px route=aaa_flat_parking_stub_stop cmd_vel=(0.000,+0.000)
[gazebo_track_car-2] [INFO] [1781170437.457373127] [gazebo_track_car]: MOTION pos=(+0.923,-0.000) yaw=-2.271 v=0.000 step_err=0.0000m/0.000rad track_err=0.0377m footprint=road:2.00px route=aaa_flat_parking_stub_stop cmd_vel=(0.000,+0.000)
[gazebo_track_car-2] [INFO] [1781170439.476188111] [gazebo_track_car]: MOTION pos=(+0.923,-0.000) yaw=-2.272 v=0.000 step_err=0.0000m/0.000rad track_err=0.0378m footprint=road:2.00px route=aaa_flat_parking_stub_stop cmd_vel=(0.000,+0.000)
[gazebo_track_car-2] [INFO] [1781170439.860376922] [gazebo_track_car]: traffic light is now GREEN.
[gazebo_track_car-2] [INFO] [1781170439.910273096] [gazebo_track_car]: camera traffic light is GREEN score=311.3 area=348px bbox=19x22px fill=0.83 center=(480,229)
[gazebo_track_car-2] [INFO] [1781170441.478797688] [gazebo_track_car]: MOTION pos=(+0.923,-0.000) yaw=-2.272 v=0.000 step_err=0.0000m/0.000rad track_err=0.0378m footprint=road:2.00px route=aaa_flat_parking_stub_stop cmd_vel=(0.000,+0.000)
