[INFO] [launch]: All log files can be found below /home/quocbao/.ros/log/2026-06-10-12-30-13-992144-ubuntu-21874
[INFO] [launch]: Default logging verbosity is set to INFO
[INFO] [gzserver-1]: process started with pid [21876]
[INFO] [gazebo_track_car-2]: process started with pid [21878]
[gzserver-1] [37;1m2026-06-10 12:30:14.439 [31;1m[[37;1mPARTICIPANT[31;1m Error] [37mType with the same name already exists:rosgraph_msgs::msg::dds_::Clock_[34;1m -> Function [36mregisterType[m
[gazebo_track_car-2] [INFO] [1781119814.552834962] [gazebo_track_car]: [MAP_TRANSFORM] image=256x256 path=/home/quocbao/my_robot_vision_full_project/my_robot_vision/models/autonomous_map_3d/materials/textures/autonomous_map_visual.png map_size=6.000x6.000m px_per_m_x=42.667 px_per_m_y=42.667 route_offset=(+0.000,+0.300)m map_visual_offset=(+0.000,+0.300)m
[gazebo_track_car-2] [INFO] [1781119814.677752990] [gazebo_track_car]: [FOOTPRINT_CHECK] samples=1588 center_off_road=0 center_outside_safe=1005 failures=0 min_footprint_clearance=3.20px footprint=front:0.165m rear:0.145m half_width:0.115m
[gazebo_track_car-2] [INFO] [1781119814.678006760] [gazebo_track_car]: [FOOTPRINT_CHECK] overlays=/tmp/gazebo_route_mask_debug.png, /tmp/gazebo_route_centerline_debug.png, /tmp/gazebo_route_footprint_debug.png
[gazebo_track_car-2] [INFO] [1781119814.747948932] [gazebo_track_car]: SAFE_ROUTE_VERSION=semantic_parking_spawn_turn_guard_v31; direction=reversed to match map arrows; clearance=12px; drive_wheels=True; route_offset=(+0.000,+0.300)m; start_distance=0.000m; route_explore=False branch_probability=0.00; sign_detection=camera action_dist<=0.95m parking_action_dist<=1.35m roi=0.08-0.82; map_visual_offset=(+0.000,+0.300)m; base_speed=0.28m/s speed_limit=0.14m/s; traffic_light=cycle state=green green=5.0s yellow=1.0s red=8.0s trigger_distance=1.70m stop_distance=0.85m min_stop=2.0s camera=on topic=/track_preview_car/camera/image_raw fill>=0.42 slow_area>=45px stop_area>=160px distance_gate=on; camera_sign_templates=5 sign_score>=0.32 sign_stable=2; parking_auto_route=False; wheel_controller lookahead=0.32m parking_lookahead=0.20m heading_gain=3.80 max_wz=2.80rad/s rotate_heading>1.05rad; nearest_route=True nearest_dist<=0.65m; yaw_limits=1.80rad/s/4.00rad/s2; route_rejoin=False outer_only=True cmd_error>0.30m max_route_dist=0.55m; progress_sync=True cmd_error>0.06m route_dist<=0.20m yaw<=1.20rad; initial_pose_reset=False override=False tol=0.12m/0.35rad; segments=19; route_points=39.
[gazebo_track_car-2] [INFO] [1781119814.748202561] [gazebo_track_car]: Motion log uses /model_states and /track_preview_car/cmd_vel: MOTION every 2.00s, JITTER at most every 1.00s, verbose=False; jitter thresholds xy_step_delta=0.0060m, cmd_error=0.050m, z_delta=0.0005m, tilt=0.0030rad, speed_delta=0.030m/s, yaw_step_error=0.025rad, yaw_rate_delta=0.400rad/s.
[gzserver-1] [INFO] [1781119816.257396893] [track_preview_car.front_camera_controller]: Publishing camera info to [/track_preview_car/camera/camera_info]
[gzserver-1] [INFO] [1781119816.270993719] [gazebo_ros_state]: Publishing states of gazebo models at [/model_states]
[gzserver-1] [INFO] [1781119816.271755088] [gazebo_ros_state]: Publishing states of gazebo links at [/link_states]
[gzserver-1] [INFO] [1781119816.285953943] [track_preview_car.track_preview_car_diff_drive]: Wheel pair 1 separation set to [0.176000m]
[gzserver-1] [INFO] [1781119816.285985252] [track_preview_car.track_preview_car_diff_drive]: Wheel pair 1 diameter set to [0.060000m]
[gzserver-1] [INFO] [1781119816.286712908] [track_preview_car.track_preview_car_diff_drive]: Subscribed to [/track_preview_car/cmd_vel]
[gzserver-1] [INFO] [1781119816.287542967] [track_preview_car.track_preview_car_diff_drive]: Advertise odometry on [/track_preview_car/odom]
[gazebo_track_car-2] [INFO] [1781119816.319059301] [gazebo_track_car]: wheel controller synced route progress from initial model pose; segment=flat_top_left_to_top_center_reverse@0.272m route_dist=0.001m startup_gate=1.250m
[gazebo_track_car-2] [INFO] [1781119816.361503195] [gazebo_track_car]: traffic light is now RED.
[gazebo_track_car-2] [WARN] [1781119816.369074369] [gazebo_track_car]: JITTER events=2 reasons=speed_delta=0.042m/s pos=(+0.767,+2.481) step=0.0002/0.0000m yaw=0.002/0.000rad route=flat_top_left_to_top_center_reverse
[gazebo_track_car-2] [INFO] [1781119816.369374917] [gazebo_track_car]: MOTION pos=(+0.767,+2.481) yaw=-0.006 v=0.000 step_err=0.0000m/0.000rad track_err=0.0023m footprint=road:8.39px route=flat_top_left_to_top_center_reverse cmd_vel=(0.280,+0.003)
[gazebo_track_car-2] [INFO] [1781119816.602504008] [gazebo_track_car]: camera_sign=camera_sign_turn_right source=camera kind=turn_right_sign maneuver=right score=0.46 area=15876px bbox=162x98px center=(776,212)
[gazebo_track_car-2] [INFO] [1781119816.697315347] [gazebo_track_car]: camera sign seen but action is waiting until closer; detected=turn_right_sign sign=camera_sign_turn_right scene_sign=palette_turn_right_03_yaw_270 sign_dist=1.481m action_dist<=0.95m
[gazebo_track_car-2] [INFO] [1781119816.799681338] [gazebo_track_car]: camera turn sign ignored as left/right ambiguous; segment=flat_top_left_to_top_center_reverse best=camera_sign_turn_left:0.48 opposite=turn_right_sign:0.46
[gazebo_track_car-2] [INFO] [1781119817.687918946] [gazebo_track_car]: camera turn sign ignored as left/right ambiguous; segment=flat_top_left_to_top_center_reverse best=camera_sign_turn_right:0.46 opposite=turn_left_sign:0.46
[gazebo_track_car-2] [INFO] [1781119817.790091010] [gazebo_track_car]: camera turn sign ignored as left/right ambiguous; segment=flat_top_left_to_top_center_reverse best=camera_sign_turn_left:0.47 opposite=turn_right_sign:0.47
[gazebo_track_car-2] [INFO] [1781119818.482573760] [gazebo_track_car]: MOTION pos=(+1.341,+2.480) yaw=+0.001 v=0.280 step_err=0.0221m/0.000rad track_err=0.0056m footprint=road:8.00px route=flat_top_left_to_top_center_reverse cmd_vel=(0.280,-0.000)
[gazebo_track_car-2] [INFO] [1781119820.060921260] [gazebo_track_car]: camera traffic light is YELLOW score=342.5 area=851px bbox=42x33px fill=0.61 center=(919,310)
[gazebo_track_car-2] [INFO] [1781119820.061217380] [gazebo_track_car]: camera traffic light ignored outside distance gate; state=yellow segment=flat_top_left_to_top_center_reverse gate<=1.70m nearby_target=- area=851px bbox=42x33px center=(919,310)
[gazebo_track_car-2] [INFO] [1781119820.127192251] [gazebo_track_car]: camera traffic light is GREEN score=771.5 area=2503px bbox=80x41px fill=0.76 center=(921,311)
[gazebo_track_car-2] [INFO] [1781119820.164908968] [gazebo_track_car]: camera_sign=camera_sign_turn_left source=camera kind=turn_left_sign maneuver=left score=0.48 area=520px bbox=20x26px center=(925,231)
[gazebo_track_car-2] [WARN] [1781119820.299030136] [gazebo_track_car]: JITTER events=4 reasons=yaw_step_error=0.213rad pos=(+1.780,+2.468) step=0.0043/0.0222m yaw=0.010/0.223rad route=flat_top_left_corner_reverse
[gazebo_track_car-2] [INFO] [1781119820.325013530] [gazebo_track_car]: camera turn sign ignored as left/right ambiguous; segment=flat_top_left_corner_reverse best=camera_sign_turn_left:0.47 opposite=turn_right_sign:0.47
[gazebo_track_car-2] [INFO] [1781119820.345994316] [gazebo_track_car]: camera turn sign ignored as left/right ambiguous; segment=flat_top_left_corner_reverse best=camera_sign_turn_right:0.47 opposite=turn_left_sign:0.47
[gazebo_track_car-2] [INFO] [1781119820.382178266] [gazebo_track_car]: route segment=flat_top_left_corner_reverse; previous=flat_top_left_to_top_center_reverse; distance=0.022m; decision=route/wheel_nearest: flat_top_left_corner_reverse
[gazebo_track_car-2] [INFO] [1781119820.449867608] [gazebo_track_car]: camera turn sign ignored as left/right ambiguous; segment=flat_top_left_corner_reverse best=camera_sign_turn_left:0.46 opposite=turn_right_sign:0.45
[gazebo_track_car-2] [INFO] [1781119820.483601003] [gazebo_track_car]: MOTION pos=(+1.817,+2.453) yaw=-0.590 v=0.225 step_err=0.0045m/0.009rad track_err=0.0276m footprint=road:7.19px route=flat_top_left_corner_reverse cmd_vel=(0.220,-0.444)
[gazebo_track_car-2] [INFO] [1781119821.086388666] [gazebo_track_car]: traffic light is now GREEN.
[gazebo_track_car-2] [INFO] [1781119821.541068687] [gazebo_track_car]: camera sign ignored as parking/turn confusion; segment=flat_top_left_corner_reverse best=camera_sign_turn_left:0.47 parking=camera_sign_parking:0.32
[gazebo_track_car-2] [INFO] [1781119821.742284953] [gazebo_track_car]: camera_sign=camera_sign_turn_right source=camera kind=turn_right_sign maneuver=right score=0.47 area=43624px bbox=266x164px center=(848,194)
[gazebo_track_car-2] [INFO] [1781119821.827672356] [gazebo_track_car]: camera sign seen but action is waiting until closer; detected=turn_right_sign sign=camera_sign_turn_right scene_sign=palette_turn_right_03_yaw_270 sign_dist=1.058m action_dist<=0.95m
[gazebo_track_car-2] [INFO] [1781119822.388560593] [gazebo_track_car]: camera traffic light is YELLOW score=46.3 area=118px bbox=29x8px fill=0.51 center=(905,305)
[gazebo_track_car-2] [INFO] [1781119822.388901918] [gazebo_track_car]: camera traffic light ignored outside distance gate; state=yellow segment=flat_top_left_corner_reverse gate<=1.70m nearby_target=- area=118px bbox=29x8px center=(905,305)
[gazebo_track_car-2] [INFO] [1781119822.404722629] [gazebo_track_car]: camera traffic light is GREEN score=277.5 area=888px bbox=56x21px fill=0.76 center=(589,273)
[gazebo_track_car-2] [WARN] [1781119822.408733442] [gazebo_track_car]: JITTER events=2 reasons=yaw_step_error=0.108rad pos=(+2.136,+2.149) step=0.0044/0.0210m yaw=0.009/0.117rad route=flat_top_left_corner_reverse
[gazebo_track_car-2] [INFO] [1781119822.439671763] [gazebo_track_car]: camera traffic light is YELLOW score=39.6 area=104px bbox=24x7px fill=0.62 center=(877,301)
[gazebo_track_car-2] [INFO] [1781119822.504274180] [gazebo_track_car]: MOTION pos=(+2.145,+2.129) yaw=-1.316 v=0.225 step_err=0.0174m/0.202rad track_err=0.0095m footprint=road:5.79px route=flat_left_mid_to_top_reverse cmd_vel=(0.225,-0.412)
[gazebo_track_car-2] [INFO] [1781119822.515235023] [gazebo_track_car]: camera traffic light is GREEN score=267.3 area=855px bbox=54x20px fill=0.79 center=(580,273)
[gazebo_track_car-2] [INFO] [1781119822.602622366] [gazebo_track_car]: route segment=flat_left_mid_to_top_reverse; previous=flat_top_left_corner_reverse; distance=0.022m; decision=route/wheel_nearest: flat_left_mid_to_top_reverse
[gazebo_track_car-2] [INFO] [1781119822.797752566] [gazebo_track_car]: route segment=flat_left_mid_to_mid_top_right_entry; previous=flat_left_mid_to_top_reverse; distance=0.520m; decision=route/right_nearby from palette_turn_right_03_yaw_270: flat_left_mid_to_mid_top_right_entry delta=-100.2deg
[gazebo_track_car-2] [INFO] [1781119822.804056604] [gazebo_track_car]: ROUTE_PROGRESS_SYNC actual=(+2.167,+2.063) cmd_error=1.566m route_dist=0.013m yaw_error=0.145rad segment=flat_left_mid_to_top_reverse@0.037m->flat_left_mid_to_top_reverse@0.041m
[gazebo_track_car-2] [INFO] [1781119822.897621948] [gazebo_track_car]: route segment=flat_left_mid_to_top_reverse; previous=flat_left_mid_to_mid_top_right_entry; distance=0.065m; decision=route/progress_sync: flat_left_mid_to_top_reverse
[gazebo_track_car-2] [INFO] [1781119822.997823638] [gazebo_track_car]: camera traffic light lost for 0.2s.
[gazebo_track_car-2] [INFO] [1781119823.096591748] [gazebo_track_car]: camera traffic light is GREEN score=128.2 area=173px bbox=18x14px fill=0.69 center=(917,232)
[gazebo_track_car-2] [INFO] [1781119824.130246963] [gazebo_track_car]: camera traffic light is YELLOW score=807.0 area=1615px bbox=114x32px fill=0.44 center=(633,366)
[gazebo_track_car-2] [INFO] [1781119824.130539286] [gazebo_track_car]: camera traffic light ignored outside distance gate; state=yellow segment=flat_left_mid_to_top_reverse gate<=1.70m nearby_target=- area=1615px bbox=114x32px center=(633,366)
[gazebo_track_car-2] [INFO] [1781119824.207669237] [gazebo_track_car]: camera traffic light is GREEN score=96.1 area=155px bbox=17x13px fill=0.70 center=(876,233)
[gazebo_track_car-2] [INFO] [1781119824.514118357] [gazebo_track_car]: MOTION pos=(+2.185,+1.615) yaw=-1.595 v=0.276 step_err=0.0055m/0.000rad track_err=0.0285m footprint=road:6.00px route=flat_left_mid_to_top_reverse cmd_vel=(0.277,+0.019)
[gazebo_track_car-2] [INFO] [1781119824.632474390] [gazebo_track_car]: camera turn sign ignored as left/right ambiguous; segment=flat_left_mid_to_top_reverse best=camera_sign_turn_left:0.41 opposite=turn_right_sign:0.39
[gazebo_track_car-2] [INFO] [1781119826.112893119] [gazebo_track_car]: traffic light is now YELLOW.
[gazebo_track_car-2] [INFO] [1781119826.519479225] [gazebo_track_car]: MOTION pos=(+2.179,+1.059) yaw=-1.569 v=0.279 step_err=0.0056m/0.000rad track_err=0.0282m footprint=road:6.00px route=flat_left_mid_to_top_reverse cmd_vel=(0.280,+0.003)
[gazebo_track_car-2] [INFO] [1781119827.119422521] [gazebo_track_car]: traffic light is now RED.
[gazebo_track_car-2] [INFO] [1781119827.872718712] [gazebo_track_car]: camera_sign=camera_sign_speed_limit source=camera kind=speed_limit_sign maneuver=- score=0.49 area=572px bbox=22x26px center=(726,208)
[gazebo_track_car-2] [INFO] [1781119827.880128481] [gazebo_track_car]: camera sign action blocked; no matching facing 3D sign is close enough; detected=speed_limit_sign sign=camera_sign_speed_limit detection_dist<=3.40m action_dist<=0.95m
[gazebo_track_car-2] [INFO] [1781119828.328256125] [gazebo_track_car]: route segment=flat_left_lower_to_mid_reverse; previous=flat_left_mid_to_top_reverse; distance=0.024m; decision=route/default: flat_left_lower_to_mid_reverse
[gazebo_track_car-2] [INFO] [1781119828.377453287] [gazebo_track_car]: camera traffic light is RED score=411.4 area=457px bbox=32x19px fill=0.75 center=(759,204)
[gazebo_track_car-2] [INFO] [1781119828.377757922] [gazebo_track_car]: camera traffic light ignored outside distance gate; state=red segment=flat_left_lower_to_mid_reverse gate<=1.70m nearby_target=palette_traffic_light_02_yaw_180 dist=2.53m forward=1.45m lateral=2.07m area=457px bbox=32x19px center=(759,204)
[gazebo_track_car-2] [INFO] [1781119828.536059486] [gazebo_track_car]: MOTION pos=(+2.180,+0.496) yaw=-1.570 v=0.279 step_err=0.0223m/0.000rad track_err=0.0056m footprint=road:7.99px route=flat_left_lower_to_mid_reverse cmd_vel=(0.279,-0.006)
[gazebo_track_car-2] [INFO] [1781119830.016248684] [gazebo_track_car]: camera traffic light is GREEN score=43.9 area=71px bbox=11x8px fill=0.81 center=(553,234)
[gazebo_track_car-2] [INFO] [1781119830.084650103] [gazebo_track_car]: camera_sign=camera_sign_speed_limit source=camera kind=speed_limit_sign maneuver=- score=0.58 area=4312px bbox=88x49px center=(928,180)
[gazebo_track_car-2] [INFO] [1781119830.119948047] [gazebo_track_car]: camera sign action blocked; no matching facing 3D sign is close enough; detected=speed_limit_sign sign=camera_sign_speed_limit detection_dist<=3.40m action_dist<=0.95m
[gazebo_track_car-2] [INFO] [1781119830.555296844] [gazebo_track_car]: MOTION pos=(+2.180,-0.068) yaw=-1.571 v=0.279 step_err=0.0223m/0.000rad track_err=0.0056m footprint=road:6.00px route=flat_left_lower_to_mid_reverse cmd_vel=(0.279,-0.004)
[gazebo_track_car-2] [INFO] [1781119832.559582008] [gazebo_track_car]: MOTION pos=(+2.180,-0.627) yaw=-1.571 v=0.280 step_err=0.0221m/0.000rad track_err=0.0056m footprint=road:6.00px route=flat_left_lower_to_mid_reverse cmd_vel=(0.280,+0.002)
[gazebo_track_car-2] [INFO] [1781119833.688990870] [gazebo_track_car]: camera turn sign ignored as left/right ambiguous; segment=flat_left_lower_to_mid_reverse best=camera_sign_turn_right:0.50 opposite=turn_left_sign:0.49
[gazebo_track_car-2] [WARN] [1781119833.796320756] [gazebo_track_car]: JITTER events=3 reasons=speed_delta=0.074m/s,yaw_rate_delta=0.401rad/s pos=(+2.180,-0.972) step=0.0046/0.0000m yaw=0.004/0.000rad route=flat_left_lower_to_mid_reverse
[gazebo_track_car-2] [INFO] [1781119833.825201308] [gazebo_track_car]: camera_sign=camera_sign_go_straight source=camera kind=go_straight_sign maneuver=straight score=0.41 area=598px bbox=23x26px center=(526,232)
[gazebo_track_car-2] [INFO] [1781119833.922776904] [gazebo_track_car]: camera_sign=camera_sign_turn_right source=camera kind=turn_right_sign maneuver=right score=0.50 area=1170px bbox=45x26px center=(597,232)
[gazebo_track_car-2] [INFO] [1781119833.955827528] [gazebo_track_car]: camera_sign=camera_sign_go_straight source=camera kind=go_straight_sign maneuver=straight score=0.41 area=598px bbox=23x26px center=(518,232)
[gazebo_track_car-2] [INFO] [1781119834.358018014] [gazebo_track_car]: camera sign seen but action is waiting until closer; detected=go_straight_sign sign=camera_sign_go_straight scene_sign=palette_go_straight_03_yaw_270 sign_dist=3.009m action_dist<=0.95m
[gazebo_track_car-2] [INFO] [1781119834.566311762] [gazebo_track_car]: camera traffic light is YELLOW score=1132.1 area=2347px bbox=51x64px fill=0.72 center=(900,358)
[gazebo_track_car-2] [INFO] [1781119834.566630995] [gazebo_track_car]: camera traffic light ignored outside distance gate; state=yellow segment=flat_left_lower_to_mid_reverse gate<=1.70m nearby_target=- area=2347px bbox=51x64px center=(900,358)
[gazebo_track_car-2] [INFO] [1781119834.580433109] [gazebo_track_car]: MOTION pos=(+2.185,-1.131) yaw=-2.020 v=0.197 step_err=0.0151m/0.014rad track_err=0.0075m footprint=road:6.39px route=flat_left_lower_to_mid_reverse cmd_vel=(0.184,-0.714)
[gazebo_track_car-2] [INFO] [1781119834.621878586] [gazebo_track_car]: camera traffic light is GREEN score=1328.1 area=4456px bbox=90x65px fill=0.76 center=(918,356)
[gazebo_track_car-2] [INFO] [1781119834.755912449] [gazebo_track_car]: camera_sign=camera_sign_speed_limit source=camera kind=speed_limit_sign maneuver=- score=0.50 area=2808px bbox=52x54px center=(942,176)
[gazebo_track_car-2] [INFO] [1781119834.807996849] [gazebo_track_car]: camera sign action blocked; no matching facing 3D sign is close enough; detected=speed_limit_sign sign=camera_sign_speed_limit detection_dist<=3.40m action_dist<=0.95m
[gazebo_track_car-2] [WARN] [1781119834.882494704] [gazebo_track_car]: JITTER events=3 reasons=yaw_step_error=0.205rad pos=(+2.169,-1.188) step=0.0040/0.0197m yaw=0.012/0.218rad route=flat_bottom_left_corner_reverse
[gazebo_track_car-2] [INFO] [1781119834.896780322] [gazebo_track_car]: camera turn sign ignored as left/right ambiguous; segment=flat_bottom_left_corner_reverse best=camera_sign_turn_right:0.48 opposite=turn_left_sign:0.46
[gazebo_track_car-2] [INFO] [1781119834.965640267] [gazebo_track_car]: route segment=flat_bottom_left_corner_reverse; previous=flat_left_lower_to_mid_reverse; distance=0.020m; decision=route/wheel_nearest: flat_bottom_left_corner_reverse
[gazebo_track_car-2] [INFO] [1781119835.015739905] [gazebo_track_car]: camera_sign=camera_sign_turn_right source=camera kind=turn_right_sign maneuver=right score=0.49 area=527px bbox=17x31px center=(387,230)
[gazebo_track_car-2] [INFO] [1781119835.066091580] [gazebo_track_car]: traffic light is now GREEN.
[gazebo_track_car-2] [INFO] [1781119835.147389871] [gazebo_track_car]: camera sign ignored because scene sign context disagrees; detected=turn_right_sign scene_ahead=go_straight_sign,turn_left_sign
[gazebo_track_car-2] [INFO] [1781119835.249403698] [gazebo_track_car]: camera_sign=camera_sign_speed_limit source=camera kind=speed_limit_sign maneuver=- score=0.53 area=754px bbox=29x26px center=(674,226)
[gazebo_track_car-2] [INFO] [1781119835.256733465] [gazebo_track_car]: camera_sign=camera_sign_turn_right source=camera kind=turn_right_sign maneuver=right score=0.49 area=648px bbox=18x36px center=(345,229)
[gazebo_track_car-2] [INFO] [1781119835.892679497] [gazebo_track_car]: camera sign ignored because scene sign context disagrees; detected=turn_right_sign scene_ahead=go_straight_sign
[gazebo_track_car-2] [INFO] [1781119836.373307888] [gazebo_track_car]: camera turn sign ignored as left/right ambiguous; segment=flat_bottom_left_corner_reverse best=camera_sign_turn_left:0.52 opposite=turn_right_sign:0.48
[gazebo_track_car-2] [INFO] [1781119836.374560316] [gazebo_track_car]: camera turn sign ignored as left/right ambiguous; segment=flat_bottom_left_corner_reverse best=camera_sign_turn_right:0.50 opposite=turn_left_sign:0.47
[gazebo_track_car-2] [INFO] [1781119836.394320374] [gazebo_track_car]: camera turn sign ignored as left/right ambiguous; segment=flat_bottom_left_corner_reverse best=camera_sign_turn_left:0.51 opposite=turn_right_sign:0.49
[gazebo_track_car-2] [INFO] [1781119836.395499874] [gazebo_track_car]: camera turn sign ignored as left/right ambiguous; segment=flat_bottom_left_corner_reverse best=camera_sign_turn_right:0.49 opposite=turn_left_sign:0.46
[gazebo_track_car-2] [WARN] [1781119836.585838166] [gazebo_track_car]: JITTER events=2 reasons=yaw_step_error=0.120rad pos=(+1.880,-1.414) step=0.0047/0.0242m yaw=0.006/0.126rad route=flat_bottom_left_corner_reverse
[gazebo_track_car-2] [INFO] [1781119836.586107375] [gazebo_track_car]: MOTION pos=(+1.880,-1.414) yaw=-2.973 v=0.234 step_err=0.0195m/0.120rad track_err=0.0077m footprint=road:3.60px route=flat_bottom_left_corner_reverse cmd_vel=(0.237,-0.302)
[gazebo_track_car-2] [INFO] [1781119836.682187553] [gazebo_track_car]: camera turn sign ignored as left/right ambiguous; segment=flat_bottom_center_to_bottom_left_reverse best=camera_sign_turn_right:0.49 opposite=turn_left_sign:0.47
[gazebo_track_car-2] [INFO] [1781119836.773035439] [gazebo_track_car]: route segment=flat_bottom_center_to_bottom_left_reverse; previous=flat_bottom_left_corner_reverse; distance=0.024m; decision=route/wheel_nearest: flat_bottom_center_to_bottom_left_reverse
[gazebo_track_car-2] [INFO] [1781119836.787661851] [gazebo_track_car]: camera sign action blocked; no matching facing 3D sign is close enough; detected=turn_right_sign sign=camera_sign_turn_right detection_dist<=3.40m action_dist<=0.95m
[gazebo_track_car-2] [INFO] [1781119836.981073933] [gazebo_track_car]: camera turn sign ignored as left/right ambiguous; segment=flat_bottom_center_to_bottom_left_reverse best=camera_sign_turn_left:0.51 opposite=turn_right_sign:0.50
[gazebo_track_car-2] [INFO] [1781119837.026831432] [gazebo_track_car]: camera turn sign ignored as left/right ambiguous; segment=flat_bottom_center_to_bottom_left_reverse best=camera_sign_turn_right:0.60 opposite=turn_left_sign:0.59
[gazebo_track_car-2] [INFO] [1781119837.062059685] [gazebo_track_car]: camera turn sign ignored as left/right ambiguous; segment=flat_bottom_center_to_bottom_left_reverse best=camera_sign_turn_left:0.54 opposite=turn_right_sign:0.54
[gazebo_track_car-2] [INFO] [1781119837.138385706] [gazebo_track_car]: camera turn sign ignored as left/right ambiguous; segment=flat_bottom_center_to_bottom_left_reverse best=camera_sign_turn_right:0.54 opposite=turn_left_sign:0.52
[gazebo_track_car-2] [INFO] [1781119837.497361653] [gazebo_track_car]: camera turn sign ignored as left/right ambiguous; segment=flat_bottom_center_to_bottom_left_reverse best=camera_sign_turn_left:0.49 opposite=turn_right_sign:0.47
[gazebo_track_car-2] [INFO] [1781119837.586492132] [gazebo_track_car]: camera turn sign ignored as left/right ambiguous; segment=flat_bottom_center_to_bottom_left_reverse best=camera_sign_turn_right:0.48 opposite=turn_left_sign:0.46
[gazebo_track_car-2] [INFO] [1781119837.588616999] [gazebo_track_car]: camera turn sign ignored as left/right ambiguous; segment=flat_bottom_center_to_bottom_left_reverse best=camera_sign_turn_left:0.47 opposite=turn_right_sign:0.47
[gazebo_track_car-2] [INFO] [1781119837.594587377] [gazebo_track_car]: camera turn sign ignored as left/right ambiguous; segment=flat_bottom_center_to_bottom_left_reverse best=camera_sign_turn_right:0.48 opposite=turn_left_sign:0.46
[gazebo_track_car-2] [INFO] [1781119837.985925135] [gazebo_track_car]: camera turn sign ignored as left/right ambiguous; segment=flat_bottom_center_to_bottom_left_reverse best=camera_sign_turn_left:0.50 opposite=turn_right_sign:0.50
[gazebo_track_car-2] [INFO] [1781119838.016053065] [gazebo_track_car]: camera turn sign ignored as left/right ambiguous; segment=flat_bottom_center_to_bottom_left_reverse best=camera_sign_turn_right:0.50 opposite=turn_left_sign:0.47
[gazebo_track_car-2] [INFO] [1781119838.018059899] [gazebo_track_car]: camera turn sign ignored as left/right ambiguous; segment=flat_bottom_center_to_bottom_left_reverse best=camera_sign_turn_left:0.48 opposite=turn_right_sign:0.47
[gazebo_track_car-2] [INFO] [1781119838.049542920] [gazebo_track_car]: camera turn sign ignored as left/right ambiguous; segment=flat_bottom_center_to_bottom_left_reverse best=camera_sign_turn_right:0.50 opposite=turn_left_sign:0.47
[gazebo_track_car-2] [INFO] [1781119838.051668889] [gazebo_track_car]: camera turn sign ignored as left/right ambiguous; segment=flat_bottom_center_to_bottom_left_reverse best=camera_sign_turn_left:0.46 opposite=turn_right_sign:0.46
[gazebo_track_car-2] [INFO] [1781119838.091688300] [gazebo_track_car]: camera turn sign ignored as left/right ambiguous; segment=flat_bottom_center_to_bottom_left_reverse best=camera_sign_turn_right:0.50 opposite=turn_left_sign:0.47
[gazebo_track_car-2] [INFO] [1781119838.293905239] [gazebo_track_car]: camera turn sign ignored as left/right ambiguous; segment=flat_bottom_center_to_bottom_left_reverse best=camera_sign_turn_left:0.53 opposite=turn_right_sign:0.53
[gazebo_track_car-2] [INFO] [1781119838.317770298] [gazebo_track_car]: camera turn sign ignored as left/right ambiguous; segment=flat_bottom_center_to_bottom_left_reverse best=camera_sign_turn_right:0.50 opposite=turn_left_sign:0.47
[gazebo_track_car-2] [INFO] [1781119838.319703032] [gazebo_track_car]: camera turn sign ignored as left/right ambiguous; segment=flat_bottom_center_to_bottom_left_reverse best=camera_sign_turn_left:0.52 opposite=turn_right_sign:0.52
[gazebo_track_car-2] [INFO] [1781119838.352127784] [gazebo_track_car]: camera turn sign ignored as left/right ambiguous; segment=flat_bottom_center_to_bottom_left_reverse best=camera_sign_turn_right:0.50 opposite=turn_left_sign:0.47
[gazebo_track_car-2] [INFO] [1781119838.354023648] [gazebo_track_car]: camera turn sign ignored as left/right ambiguous; segment=flat_bottom_center_to_bottom_left_reverse best=camera_sign_turn_left:0.50 opposite=turn_right_sign:0.49
[gazebo_track_car-2] [INFO] [1781119838.408166240] [gazebo_track_car]: camera turn sign ignored as left/right ambiguous; segment=flat_bottom_center_to_bottom_left_reverse best=camera_sign_turn_right:0.50 opposite=turn_left_sign:0.47
[gazebo_track_car-2] [INFO] [1781119838.410131806] [gazebo_track_car]: camera turn sign ignored as left/right ambiguous; segment=flat_bottom_center_to_bottom_left_reverse best=camera_sign_turn_left:0.48 opposite=turn_right_sign:0.48
[gazebo_track_car-2] [INFO] [1781119838.433672121] [gazebo_track_car]: camera turn sign ignored as left/right ambiguous; segment=flat_bottom_center_to_bottom_left_reverse best=camera_sign_turn_right:0.49 opposite=turn_left_sign:0.46
[gazebo_track_car-2] [INFO] [1781119838.587530714] [gazebo_track_car]: MOTION pos=(+1.351,-1.438) yaw=+3.123 v=0.277 step_err=0.0055m/0.000rad track_err=0.0334m footprint=road:4.00px route=flat_bottom_center_to_bottom_left_reverse cmd_vel=(0.277,+0.020)
[gazebo_track_car-2] [INFO] [1781119839.919792334] [gazebo_track_car]: camera_sign=camera_sign_turn_right source=camera kind=turn_right_sign maneuver=right score=0.51 area=624px bbox=24x26px center=(328,232)
[gazebo_track_car-2] [INFO] [1781119839.960377033] [gazebo_track_car]: camera turn sign ignored as left/right ambiguous; segment=flat_bottom_center_to_bottom_left_reverse best=camera_sign_turn_left:0.56 opposite=turn_right_sign:0.56
[gazebo_track_car-2] [INFO] [1781119839.985856043] [gazebo_track_car]: camera sign action blocked; no matching facing 3D sign is close enough; detected=turn_right_sign sign=camera_sign_turn_right detection_dist<=3.40m action_dist<=0.95m
[gazebo_track_car-2] [INFO] [1781119840.086663636] [gazebo_track_car]: traffic light is now YELLOW.
[gazebo_track_car-2] [INFO] [1781119840.149800906] [gazebo_track_car]: camera traffic light is YELLOW score=1276.6 area=1398px bbox=46x38px fill=0.80 center=(633,194)
[gazebo_track_car-2] [WARN] [1781119840.227385266] [gazebo_track_car]: JITTER events=3 reasons=speed_delta=0.128m/s pos=(+0.897,-1.434) step=0.0042/0.0000m yaw=0.002/0.000rad route=flat_bottom_center_to_bottom_left_reverse
[gazebo_track_car-2] [INFO] [1781119840.608782571] [gazebo_track_car]: MOTION pos=(+0.844,-1.434) yaw=+3.141 v=0.139 step_err=0.0114m/0.000rad track_err=0.0053m footprint=road:4.00px route=flat_bottom_center_to_bottom_left_reverse cmd_vel=(0.140,+0.005)
[gazebo_track_car-2] [INFO] [1781119840.722216318] [gazebo_track_car]: camera turn sign ignored as left/right ambiguous; segment=flat_bottom_center_to_bottom_left_reverse best=camera_sign_turn_right:0.52 opposite=turn_left_sign:0.48
[gazebo_track_car-2] [INFO] [1781119841.029880575] [gazebo_track_car]: camera turn sign ignored as left/right ambiguous; segment=flat_bottom_center_to_bottom_left_reverse best=camera_sign_turn_left:0.55 opposite=turn_right_sign:0.55
[gazebo_track_car-2] [INFO] [1781119841.090624825] [gazebo_track_car]: traffic light is now RED.
[gazebo_track_car-2] [INFO] [1781119841.135247591] [gazebo_track_car]: camera traffic light is RED score=2957.1 area=3258px bbox=74x61px fill=0.72 center=(697,135)
[gazebo_track_car-2] [WARN] [1781119841.150427901] [gazebo_track_car]: red traffic light stop latched from camera; target=palette_traffic_light_02_yaw_180 dist=0.85m forward=0.66m lateral=0.53m area=3349px bbox=75x63px fill=0.71 center=(699,134) min_stop=2.0s
[gazebo_track_car-2] [INFO] [1781119841.187300101] [gazebo_track_car]: camera turn sign ignored as left/right ambiguous; segment=flat_bottom_center_to_bottom_left_reverse best=camera_sign_turn_right:0.50 opposite=turn_left_sign:0.50
[gazebo_track_car-2] [WARN] [1781119841.227796973] [gazebo_track_car]: JITTER events=1 reasons=speed_delta=0.128m/s pos=(+0.759,-1.434) step=0.0014/0.0000m yaw=0.000/0.000rad route=flat_bottom_center_to_bottom_left_reverse
[gazebo_track_car-2] [INFO] [1781119841.255870730] [gazebo_track_car]: camera turn sign ignored as left/right ambiguous; segment=flat_bottom_center_to_bottom_left_reverse best=camera_sign_turn_left:0.51 opposite=turn_right_sign:0.50
[gazebo_track_car-2] [INFO] [1781119842.616672999] [gazebo_track_car]: MOTION pos=(+0.759,-1.434) yaw=-3.141 v=0.000 step_err=0.0000m/0.000rad track_err=0.0037m footprint=road:4.00px route=flat_bottom_center_to_bottom_left_reverse cmd_vel=(0.000,+0.000)
[gazebo_track_car-2] [INFO] [1781119844.625173491] [gazebo_track_car]: MOTION pos=(+0.759,-1.434) yaw=-3.141 v=0.000 step_err=0.0000m/0.000rad track_err=0.0037m footprint=road:4.00px route=flat_bottom_center_to_bottom_left_reverse cmd_vel=(0.000,+0.000)
[gazebo_track_car-2] [INFO] [1781119846.630853060] [gazebo_track_car]: MOTION pos=(+0.758,-1.434) yaw=-3.141 v=0.000 step_err=0.0000m/0.000rad track_err=0.0038m footprint=road:4.00px route=flat_bottom_center_to_bottom_left_reverse cmd_vel=(0.000,+0.000)
[gazebo_track_car-2] [INFO] [1781119848.650510386] [gazebo_track_car]: MOTION pos=(+0.758,-1.434) yaw=-3.141 v=0.000 step_err=0.0000m/0.000rad track_err=0.0038m footprint=road:4.00px route=flat_bottom_center_to_bottom_left_reverse cmd_vel=(0.000,+0.000)
[gazebo_track_car-2] [INFO] [1781119849.136065422] [gazebo_track_car]: traffic light is now GREEN.
[gazebo_track_car-2] [INFO] [1781119849.152762268] [gazebo_track_car]: camera traffic light is GREEN score=2354.3 area=2763px bbox=69x51px fill=0.79 center=(687,216)
[gazebo_track_car-2] [INFO] [1781119849.153034863] [gazebo_track_car]: released red traffic light stop latch; reason=camera_green_after_min_stop elapsed=8.0s light=palette_traffic_light_02_yaw_180
[gazebo_track_car-2] [WARN] [1781119849.274695053] [gazebo_track_car]: JITTER events=1 reasons=speed_delta=0.109m/s pos=(+0.757,-1.434) step=0.0011/0.0000m yaw=0.000/0.000rad route=flat_bottom_center_to_bottom_left_reverse
[gazebo_track_car-2] [INFO] [1781119849.301902622] [gazebo_track_car]: camera turn sign ignored as left/right ambiguous; segment=flat_bottom_center_to_bottom_left_reverse best=camera_sign_turn_right:0.49 opposite=turn_left_sign:0.49
[gazebo_track_car-2] [INFO] [1781119850.743306277] [gazebo_track_car]: MOTION pos=(+0.352,-1.434) yaw=-3.139 v=0.279 step_err=0.0056m/0.000rad track_err=0.0298m footprint=road:4.00px route=flat_bottom_center_to_bottom_left_reverse cmd_vel=(0.279,-0.006)
[gazebo_track_car-2] [INFO] [1781119851.306736113] [gazebo_track_car]: camera_sign=camera_sign_speed_limit source=camera kind=speed_limit_sign maneuver=- score=0.52 area=3480px bbox=58x60px center=(530,223)
[gazebo_track_car-2] [INFO] [1781119851.351902514] [gazebo_track_car]: camera sign seen but action is waiting until closer; detected=speed_limit_sign sign=camera_sign_speed_limit scene_sign=palette_speed_limit_03_yaw_270 sign_dist=1.460m action_dist<=0.95m
[gazebo_track_car-2] [INFO] [1781119851.389481511] [gazebo_track_car]: camera_sign=camera_sign_turn_right source=camera kind=turn_right_sign maneuver=right score=0.50 area=1378px bbox=53x26px center=(252,224)
[gazebo_track_car-2] [INFO] [1781119851.475258159] [gazebo_track_car]: camera_sign=camera_sign_speed_limit source=camera kind=speed_limit_sign maneuver=- score=0.52 area=3717px bbox=59x63px center=(532,223)
[gazebo_track_car-2] [INFO] [1781119852.770540149] [gazebo_track_car]: MOTION pos=(-0.211,-1.435) yaw=+3.141 v=0.279 step_err=0.0232m/0.000rad track_err=0.0053m footprint=road:4.39px route=flat_bottom_center_to_bottom_left_reverse cmd_vel=(0.279,-0.006)
[gazebo_track_car-2] [INFO] [1781119853.301018416] [gazebo_track_car]: camera speed limit sign camera_sign_speed_limit applied; speed set to 0.14m/s until flat_bottom_center_to_bottom_left_reverse@2.318m score=0.51 area=11227px
[gazebo_track_car-2] [WARN] [1781119853.383652714] [gazebo_track_car]: JITTER events=3 reasons=speed_delta=0.124m/s pos=(-0.383,-1.435) step=0.0042/0.0000m yaw=0.001/0.000rad route=flat_bottom_center_to_bottom_left_reverse
[gazebo_track_car-2] [INFO] [1781119854.154951355] [gazebo_track_car]: traffic light is now YELLOW.
[gazebo_track_car-2] [INFO] [1781119854.176136587] [gazebo_track_car]: camera traffic light is YELLOW score=635.6 area=692px bbox=41x22px fill=0.77 center=(741,210)
[gazebo_track_car-2] [INFO] [1781119854.176461271] [gazebo_track_car]: camera traffic light ignored outside distance gate; state=yellow segment=flat_bottom_center_to_bottom_left_reverse gate<=1.70m nearby_target=palette_traffic_light_03_yaw_270 dist=1.89m forward=1.16m lateral=1.49m area=692px bbox=41x22px center=(741,210)
[gazebo_track_car-2] [INFO] [1781119854.255785992] [gazebo_track_car]: camera speed limit sign camera_sign_speed_limit cleared; speed restored to 0.28m/s segment=flat_bottom_center_to_bottom_left_reverse distance=2.331m
[gazebo_track_car-2] [INFO] [1781119854.356302988] [gazebo_track_car]: route segment=flat_bottom_right_to_bottom_center_reverse; previous=flat_bottom_center_to_bottom_left_reverse; distance=0.015m; decision=route/default: flat_bottom_right_to_bottom_center_reverse
[gazebo_track_car-2] [INFO] [1781119854.367853035] [gazebo_track_car]: camera traffic light ignored outside distance gate; state=yellow segment=flat_bottom_right_to_bottom_center_reverse gate<=1.70m nearby_target=palette_traffic_light_03_yaw_270 dist=1.86m forward=1.12m lateral=1.49m area=827px bbox=44x24px center=(750,210)
[gazebo_track_car-2] [INFO] [1781119854.371418937] [gazebo_track_car]: camera speed limit sign camera_sign_speed_limit applied; speed set to 0.14m/s until flat_bottom_right_to_bottom_center_reverse@0.156m score=0.51 area=19152px
[gazebo_track_car-2] [WARN] [1781119854.486103749] [gazebo_track_car]: JITTER events=3 reasons=speed_delta=0.128m/s pos=(-0.564,-1.435) step=0.0041/0.0000m yaw=0.001/0.000rad route=flat_bottom_right_to_bottom_center_reverse
[gazebo_track_car-2] [INFO] [1781119854.765364297] [gazebo_track_car]: MOTION pos=(-0.603,-1.435) yaw=+3.138 v=0.139 step_err=0.0110m/0.000rad track_err=0.0026m footprint=road:9.80px route=flat_bottom_right_to_bottom_center_reverse cmd_vel=(0.139,+0.006)
[gazebo_track_car-2] [INFO] [1781119854.838195781] [gazebo_track_car]: camera turn sign ignored as left/right ambiguous; segment=flat_bottom_right_to_bottom_center_reverse best=camera_sign_turn_right:0.53 opposite=turn_left_sign:0.50
[gazebo_track_car-2] [INFO] [1781119855.160532037] [gazebo_track_car]: traffic light is now RED.
[gazebo_track_car-2] [INFO] [1781119855.266202868] [gazebo_track_car]: camera traffic light is RED score=1260.9 area=1383px bbox=60x32px fill=0.72 center=(804,183)
[gazebo_track_car-2] [INFO] [1781119855.266623062] [gazebo_track_car]: camera traffic light ignored outside distance gate; state=red segment=flat_bottom_right_to_bottom_center_reverse gate<=1.70m nearby_target=- area=1383px bbox=60x32px center=(804,183)
[gazebo_track_car-2] [INFO] [1781119855.314595789] [gazebo_track_car]: camera turn sign ignored as left/right ambiguous; segment=flat_bottom_right_to_bottom_center_reverse best=camera_sign_turn_left:0.51 opposite=turn_right_sign:0.51
[gazebo_track_car-2] [INFO] [1781119855.362182136] [gazebo_track_car]: camera speed limit sign camera_sign_speed_limit cleared; speed restored to 0.28m/s segment=flat_bottom_right_to_bottom_center_reverse distance=0.168m
[gazebo_track_car-2] [INFO] [1781119855.483783454] [gazebo_track_car]: camera turn sign ignored as left/right ambiguous; segment=flat_bottom_right_to_bottom_center_reverse best=camera_sign_turn_right:0.48 opposite=turn_left_sign:0.47
[gazebo_track_car-2] [INFO] [1781119855.519908572] [gazebo_track_car]: camera turn sign ignored as left/right ambiguous; segment=flat_bottom_right_to_bottom_center_reverse best=camera_sign_turn_left:0.50 opposite=turn_right_sign:0.49
