[INFO] [launch]: All log files can be found below /home/quocbao/.ros/log/2026-06-10-12-28-14-953472-ubuntu-21704
[INFO] [launch]: Default logging verbosity is set to INFO
[INFO] [gzserver-1]: process started with pid [21706]
[INFO] [gazebo_track_car-2]: process started with pid [21708]
[gazebo_track_car-2] [INFO] [1781119695.515652298] [gazebo_track_car]: [MAP_TRANSFORM] image=256x256 path=/home/quocbao/my_robot_vision_full_project/my_robot_vision/models/autonomous_map_3d/materials/textures/autonomous_map_visual.png map_size=6.000x6.000m px_per_m_x=42.667 px_per_m_y=42.667 route_offset=(+0.000,+0.300)m map_visual_offset=(+0.000,+0.300)m
[gazebo_track_car-2] [INFO] [1781119695.640315361] [gazebo_track_car]: [FOOTPRINT_CHECK] samples=1588 center_off_road=0 center_outside_safe=1005 failures=0 min_footprint_clearance=3.20px footprint=front:0.165m rear:0.145m half_width:0.115m
[gazebo_track_car-2] [INFO] [1781119695.640578178] [gazebo_track_car]: [FOOTPRINT_CHECK] overlays=/tmp/gazebo_route_mask_debug.png, /tmp/gazebo_route_centerline_debug.png, /tmp/gazebo_route_footprint_debug.png
[gazebo_track_car-2] [INFO] [1781119695.716018743] [gazebo_track_car]: SAFE_ROUTE_VERSION=semantic_parking_spawn_turn_guard_v31; direction=reversed to match map arrows; clearance=12px; drive_wheels=True; route_offset=(+0.000,+0.300)m; start_distance=0.000m; route_explore=False branch_probability=0.00; sign_detection=camera action_dist<=0.95m parking_action_dist<=1.35m roi=0.08-0.82; map_visual_offset=(+0.000,+0.300)m; base_speed=0.28m/s speed_limit=0.14m/s; traffic_light=cycle state=green green=5.0s yellow=1.0s red=8.0s trigger_distance=1.70m stop_distance=0.85m min_stop=2.0s camera=on topic=/track_preview_car/camera/image_raw fill>=0.42 slow_area>=45px stop_area>=160px distance_gate=on; camera_sign_templates=5 sign_score>=0.32 sign_stable=2; parking_auto_route=False; wheel_controller lookahead=0.32m parking_lookahead=0.20m heading_gain=3.80 max_wz=2.80rad/s rotate_heading>1.05rad; nearest_route=True nearest_dist<=0.65m; yaw_limits=1.80rad/s/4.00rad/s2; route_rejoin=False outer_only=True cmd_error>0.30m max_route_dist=0.55m; progress_sync=True cmd_error>0.06m route_dist<=0.20m yaw<=1.20rad; initial_pose_reset=False override=False tol=0.12m/0.35rad; segments=19; route_points=39.
[gazebo_track_car-2] [INFO] [1781119695.716272102] [gazebo_track_car]: Motion log uses /model_states and /track_preview_car/cmd_vel: MOTION every 2.00s, JITTER at most every 1.00s, verbose=False; jitter thresholds xy_step_delta=0.0060m, cmd_error=0.050m, z_delta=0.0005m, tilt=0.0030rad, speed_delta=0.030m/s, yaw_step_error=0.025rad, yaw_rate_delta=0.400rad/s.
[gzserver-1] [INFO] [1781119697.194458971] [track_preview_car.front_camera_controller]: Publishing camera info to [/track_preview_car/camera/camera_info]
[gzserver-1] [INFO] [1781119697.207742104] [gazebo_ros_state]: Publishing states of gazebo models at [/model_states]
[gzserver-1] [INFO] [1781119697.208017384] [gazebo_ros_state]: Publishing states of gazebo links at [/link_states]
[gzserver-1] [INFO] [1781119697.221219834] [track_preview_car.track_preview_car_diff_drive]: Wheel pair 1 separation set to [0.176000m]
[gzserver-1] [INFO] [1781119697.221264459] [track_preview_car.track_preview_car_diff_drive]: Wheel pair 1 diameter set to [0.060000m]
[gzserver-1] [INFO] [1781119697.221956427] [track_preview_car.track_preview_car_diff_drive]: Subscribed to [/track_preview_car/cmd_vel]
[gzserver-1] [INFO] [1781119697.222936159] [track_preview_car.track_preview_car_diff_drive]: Advertise odometry on [/track_preview_car/odom]
[gazebo_track_car-2] [INFO] [1781119697.255538486] [gazebo_track_car]: wheel controller synced route progress from initial model pose; segment=flat_top_left_to_top_center_reverse@0.272m route_dist=0.001m startup_gate=1.250m
[gazebo_track_car-2] [INFO] [1781119697.298485470] [gazebo_track_car]: traffic light is now RED.
[gazebo_track_car-2] [WARN] [1781119697.303760012] [gazebo_track_car]: JITTER events=2 reasons=speed_delta=0.042m/s pos=(+0.767,+2.481) step=0.0002/0.0000m yaw=0.002/0.000rad route=flat_top_left_to_top_center_reverse
[gazebo_track_car-2] [INFO] [1781119697.304029311] [gazebo_track_car]: MOTION pos=(+0.767,+2.481) yaw=-0.006 v=0.000 step_err=0.0000m/0.000rad track_err=0.0023m footprint=road:8.39px route=flat_top_left_to_top_center_reverse cmd_vel=(0.280,+0.003)
[gazebo_track_car-2] [INFO] [1781119697.544840720] [gazebo_track_car]: camera_sign=camera_sign_turn_right source=camera kind=turn_right_sign maneuver=right score=0.46 area=15974px bbox=163x98px center=(777,212)
[gazebo_track_car-2] [INFO] [1781119697.605775699] [gazebo_track_car]: camera sign seen but action is waiting until closer; detected=turn_right_sign sign=camera_sign_turn_right scene_sign=palette_turn_right_03_yaw_270 sign_dist=1.484m action_dist<=0.95m
[gazebo_track_car-2] [INFO] [1781119697.741708993] [gazebo_track_car]: camera turn sign ignored as left/right ambiguous; segment=flat_top_left_to_top_center_reverse best=camera_sign_turn_left:0.48 opposite=turn_right_sign:0.46
[gazebo_track_car-2] [INFO] [1781119698.637886245] [gazebo_track_car]: camera turn sign ignored as left/right ambiguous; segment=flat_top_left_to_top_center_reverse best=camera_sign_turn_right:0.46 opposite=turn_left_sign:0.46
[gazebo_track_car-2] [INFO] [1781119698.734862044] [gazebo_track_car]: camera turn sign ignored as left/right ambiguous; segment=flat_top_left_to_top_center_reverse best=camera_sign_turn_left:0.47 opposite=turn_right_sign:0.47
[gazebo_track_car-2] [INFO] [1781119699.418815964] [gazebo_track_car]: MOTION pos=(+1.341,+2.480) yaw=+0.001 v=0.280 step_err=0.0221m/0.000rad track_err=0.0056m footprint=road:8.00px route=flat_top_left_to_top_center_reverse cmd_vel=(0.280,-0.000)
[gazebo_track_car-2] [INFO] [1781119700.967445431] [gazebo_track_car]: camera traffic light is YELLOW score=332.4 area=831px bbox=43x32px fill=0.60 center=(914,309)
[gazebo_track_car-2] [INFO] [1781119700.967730670] [gazebo_track_car]: camera traffic light ignored outside distance gate; state=yellow segment=flat_top_left_to_top_center_reverse gate<=1.70m nearby_target=- area=831px bbox=43x32px center=(914,309)
[gazebo_track_car-2] [INFO] [1781119701.069786704] [gazebo_track_car]: camera traffic light is GREEN score=812.1 area=2629px bbox=84x42px fill=0.75 center=(919,311)
[gazebo_track_car-2] [INFO] [1781119701.117763577] [gazebo_track_car]: camera_sign=camera_sign_turn_left source=camera kind=turn_left_sign maneuver=left score=0.49 area=494px bbox=19x26px center=(921,232)
[gazebo_track_car-2] [WARN] [1781119701.218371803] [gazebo_track_car]: JITTER events=4 reasons=yaw_step_error=0.249rad pos=(+1.776,+2.469) step=0.0043/0.0256m yaw=0.010/0.259rad route=flat_top_left_corner_reverse
[gazebo_track_car-2] [INFO] [1781119701.264383101] [gazebo_track_car]: camera turn sign ignored as left/right ambiguous; segment=flat_top_left_corner_reverse best=camera_sign_turn_left:0.47 opposite=turn_right_sign:0.47
[gazebo_track_car-2] [INFO] [1781119701.305746461] [gazebo_track_car]: camera turn sign ignored as left/right ambiguous; segment=flat_top_left_corner_reverse best=camera_sign_turn_right:0.47 opposite=turn_left_sign:0.47
[gazebo_track_car-2] [INFO] [1781119701.318586356] [gazebo_track_car]: route segment=flat_top_left_corner_reverse; previous=flat_top_left_to_top_center_reverse; distance=0.021m; decision=route/wheel_nearest: flat_top_left_corner_reverse
[gazebo_track_car-2] [INFO] [1781119701.371825818] [gazebo_track_car]: camera turn sign ignored as left/right ambiguous; segment=flat_top_left_corner_reverse best=camera_sign_turn_left:0.46 opposite=turn_right_sign:0.45
[gazebo_track_car-2] [INFO] [1781119701.437016045] [gazebo_track_car]: MOTION pos=(+1.821,+2.451) yaw=-0.598 v=0.221 step_err=0.0037m/0.009rad track_err=0.0252m footprint=road:7.19px route=flat_top_left_corner_reverse cmd_vel=(0.224,-0.400)
[gazebo_track_car-2] [INFO] [1781119702.020283100] [gazebo_track_car]: traffic light is now GREEN.
[gazebo_track_car-2] [WARN] [1781119702.365501458] [gazebo_track_car]: JITTER events=2 reasons=speed_delta=0.049m/s pos=(+1.998,+2.316) step=0.0043/0.0000m yaw=0.008/0.000rad route=flat_top_left_corner_reverse
[gazebo_track_car-2] [INFO] [1781119702.440088650] [gazebo_track_car]: camera sign ignored as parking/turn confusion; segment=flat_top_left_corner_reverse best=camera_sign_turn_left:0.47 parking=camera_sign_parking:0.32
[gazebo_track_car-2] [INFO] [1781119702.674977440] [gazebo_track_car]: camera_sign=camera_sign_turn_right source=camera kind=turn_right_sign maneuver=right score=0.47 area=43624px bbox=266x164px center=(846,194)
[gazebo_track_car-2] [INFO] [1781119702.774124748] [gazebo_track_car]: camera sign seen but action is waiting until closer; detected=turn_right_sign sign=camera_sign_turn_right scene_sign=palette_turn_right_03_yaw_270 sign_dist=1.059m action_dist<=0.95m
[gazebo_track_car-2] [INFO] [1781119703.269482294] [gazebo_track_car]: camera traffic light is YELLOW score=47.5 area=118px bbox=26x7px fill=0.65 center=(917,307)
[gazebo_track_car-2] [INFO] [1781119703.269811526] [gazebo_track_car]: camera traffic light ignored outside distance gate; state=yellow segment=flat_top_left_corner_reverse gate<=1.70m nearby_target=- area=118px bbox=26x7px center=(917,307)
[gazebo_track_car-2] [WARN] [1781119703.342936384] [gazebo_track_car]: JITTER events=1 reasons=yaw_step_error=0.100rad pos=(+2.135,+2.150) step=0.0044/0.0212m yaw=0.009/0.109rad route=flat_top_left_corner_reverse
[gazebo_track_car-2] [INFO] [1781119703.354059022] [gazebo_track_car]: camera traffic light is GREEN score=275.8 area=882px bbox=56x20px fill=0.79 center=(588,273)
[gazebo_track_car-2] [INFO] [1781119703.373093508] [gazebo_track_car]: camera traffic light is YELLOW score=36.0 area=94px bbox=23x7px fill=0.58 center=(876,301)
[gazebo_track_car-2] [INFO] [1781119703.445133093] [gazebo_track_car]: MOTION pos=(+2.145,+2.130) yaw=-1.317 v=0.225 step_err=0.0169m/0.196rad track_err=0.0094m footprint=road:5.79px route=flat_left_mid_to_top_reverse cmd_vel=(0.225,-0.410)
[gazebo_track_car-2] [INFO] [1781119703.457325544] [gazebo_track_car]: camera traffic light ignored outside distance gate; state=yellow segment=flat_left_mid_to_top_reverse gate<=1.70m nearby_target=- area=98px bbox=23x7px center=(862,300)
[gazebo_track_car-2] [INFO] [1781119703.525786414] [gazebo_track_car]: route segment=flat_left_mid_to_top_reverse; previous=flat_top_left_corner_reverse; distance=0.023m; decision=route/wheel_nearest: flat_left_mid_to_top_reverse
[gazebo_track_car-2] [INFO] [1781119703.626367209] [gazebo_track_car]: camera traffic light lost for 0.2s.
[gazebo_track_car-2] [INFO] [1781119703.696928700] [gazebo_track_car]: switched to sign-local maneuver 'right' from camera sign camera_sign_turn_right; scene_sign=palette_turn_right_03_yaw_270 sign_dist=0.944m segment=flat_left_mid_to_mid_top_right_entry@0.496m route_dist=0.683m search_radius=0.85m delta=-99.4deg sync_suppressed=4.0s
[gazebo_track_car-2] [INFO] [1781119703.887051900] [gazebo_track_car]: camera traffic light is GREEN score=119.4 area=163px bbox=17x14px fill=0.68 center=(911,232)
[gazebo_track_car-2] [INFO] [1781119704.329277818] [gazebo_track_car]: camera traffic light lost for 0.2s.
[gazebo_track_car-2] [INFO] [1781119704.342917495] [gazebo_track_car]: camera traffic light is GREEN score=113.2 area=372px bbox=52x13px fill=0.55 center=(636,274)
[gazebo_track_car-2] [WARN] [1781119704.353259407] [gazebo_track_car]: JITTER events=33 reasons=cmd_xy_error=1.4985m pos=(+2.186,+1.923) step=0.0050/0.0257m yaw=0.005/0.000rad route=flat_left_mid_to_mid_top_right_entry
[gazebo_track_car-2] [INFO] [1781119704.542096777] [gazebo_track_car]: camera_sign=camera_sign_parking source=camera kind=parking_sign maneuver=parking score=0.32 area=15290px bbox=110x139px center=(621,201)
[gazebo_track_car-2] [INFO] [1781119704.595863727] [gazebo_track_car]: camera sign seen but action is waiting until closer; detected=parking_sign sign=camera_sign_parking scene_sign=palette_parking_03_yaw_270 sign_dist=1.833m action_dist<=1.35m
[gazebo_track_car-2] [INFO] [1781119704.617241553] [gazebo_track_car]: camera_sign=camera_sign_turn_right source=camera kind=turn_right_sign maneuver=right score=0.44 area=16159px bbox=113x143px center=(622,200)
[gazebo_track_car-2] [INFO] [1781119704.675037540] [gazebo_track_car]: camera_sign=camera_sign_parking source=camera kind=parking_sign maneuver=parking score=0.32 area=16611px bbox=113x147px center=(623,199)
[gazebo_track_car-2] [INFO] [1781119704.943622097] [gazebo_track_car]: camera_sign=camera_sign_turn_right source=camera kind=turn_right_sign maneuver=right score=0.44 area=20160px bbox=120x168px center=(634,193)
[gazebo_track_car-2] [INFO] [1781119705.345487121] [gazebo_track_car]: camera_sign=camera_sign_parking source=camera kind=parking_sign maneuver=parking score=0.32 area=29729px bbox=137x217px center=(668,178)
[gazebo_track_car-2] [WARN] [1781119705.347158020] [gazebo_track_car]: JITTER events=50 reasons=cmd_xy_error=1.4026m pos=(+2.148,+1.661) step=0.0054/0.0271m yaw=0.002/0.000rad route=flat_left_mid_to_mid_top_right_entry
[gazebo_track_car-2] [INFO] [1781119705.389773998] [gazebo_track_car]: camera sign seen but action is waiting until closer; detected=parking_sign sign=camera_sign_parking scene_sign=palette_parking_03_yaw_270 sign_dist=1.631m action_dist<=1.35m
[gazebo_track_car-2] [INFO] [1781119705.448480567] [gazebo_track_car]: camera_sign=camera_sign_turn_right source=camera kind=turn_right_sign maneuver=right score=0.44 area=33891px bbox=143x237px center=(681,173)
[gazebo_track_car-2] [INFO] [1781119705.450080401] [gazebo_track_car]: MOTION pos=(+2.142,+1.635) yaw=-1.822 v=0.272 step_err=0.0217m/0.002rad track_err=1.3961m footprint=road:3.00px route=flat_left_mid_to_mid_top_right_entry cmd_vel=(0.272,-0.080)
[gazebo_track_car-2] [INFO] [1781119705.635329678] [gazebo_track_car]: camera_sign=camera_sign_parking source=camera kind=parking_sign maneuver=parking score=0.32 area=39216px bbox=152x258px center=(708,162)
[gazebo_track_car-2] [INFO] [1781119705.647008177] [gazebo_track_car]: camera sign seen but action is waiting until closer; detected=parking_sign sign=camera_sign_parking scene_sign=palette_parking_03_yaw_270 sign_dist=1.562m action_dist<=1.35m
[gazebo_track_car-2] [INFO] [1781119705.948734951] [gazebo_track_car]: camera_sign=camera_sign_turn_right source=camera kind=turn_right_sign maneuver=right score=0.48 area=47502px bbox=174x273px center=(802,137)
[gazebo_track_car-2] [INFO] [1781119706.047892746] [gazebo_track_car]: camera_sign=camera_sign_parking source=camera kind=parking_sign maneuver=parking score=0.34 area=29810px bbox=110x271px center=(801,132)
[gazebo_track_car-2] [INFO] [1781119706.135517386] [gazebo_track_car]: camera sign ignored as parking/turn confusion; segment=flat_left_mid_to_mid_top_right_entry best=camera_sign_turn_left:0.42 parking=camera_sign_parking:0.31
[gazebo_track_car-2] [INFO] [1781119706.136868160] [gazebo_track_car]: camera_sign=camera_sign_turn_right source=camera kind=turn_right_sign maneuver=right score=0.42 area=42935px bbox=155x277px center=(884,137)
[gazebo_track_car-2] [INFO] [1781119706.148454445] [gazebo_track_car]: camera_sign=camera_sign_turn_left source=camera kind=turn_left_sign maneuver=left score=0.43 area=36549px bbox=131x279px center=(906,136)
[gazebo_track_car-2] [WARN] [1781119706.165132065] [gazebo_track_car]: GAZEBO_FOOTPRINT_OFFROAD actual pose=(+2.0928,+1.4457) yaw=-1.8806 origin_pixel=(217.3,79.1) min_clearance=0.00px cmd_error=1.3662m/1.261rad
[gazebo_track_car-2] [INFO] [1781119706.237298360] [gazebo_track_car]: camera_sign=camera_sign_turn_right source=camera kind=turn_right_sign maneuver=right score=0.37 area=27819px bbox=99x281px center=(930,154)
[gazebo_track_car-2] [WARN] [1781119706.344829905] [gazebo_track_car]: JITTER events=50 reasons=cmd_xy_error=1.3694m pos=(+2.079,+1.399) step=0.0054/0.0277m yaw=0.002/0.000rad route=flat_left_mid_to_mid_top_right_entry
[gazebo_track_car-2] [INFO] [1781119707.049427634] [gazebo_track_car]: traffic light is now YELLOW.
[gazebo_track_car-2] [WARN] [1781119707.148508734] [gazebo_track_car]: GAZEBO_FOOTPRINT_OFFROAD actual pose=(+2.0082,+1.1952) yaw=-1.9846 origin_pixel=(213.7,89.8) min_clearance=0.00px cmd_error=1.3631m/1.157rad
[gazebo_track_car-2] [WARN] [1781119707.349652189] [gazebo_track_car]: JITTER events=50 reasons=cmd_xy_error=1.3964m pos=(+1.988,+1.146) step=0.0053/0.0260m yaw=0.003/0.000rad route=flat_left_mid_to_mid_top_right_entry
[gazebo_track_car-2] [INFO] [1781119707.449032414] [gazebo_track_car]: MOTION pos=(+1.978,+1.122) yaw=-2.029 v=0.264 step_err=0.0214m/0.003rad track_err=1.4018m footprint=OFFROAD:0.00px route=flat_left_mid_to_mid_top_right_entry cmd_vel=(0.263,-0.164)
[gazebo_track_car-2] [INFO] [1781119707.747184461] [gazebo_track_car]: route segment=flat_left_mid_to_top_reverse; previous=flat_left_mid_to_mid_top_right_entry; distance=1.026m; decision=route/wheel_nearest: flat_left_mid_to_top_reverse
[gazebo_track_car-2] [INFO] [1781119708.047848035] [gazebo_track_car]: traffic light is now RED.
[gazebo_track_car-2] [INFO] [1781119708.123335519] [gazebo_track_car]: camera_sign=camera_sign_speed_limit source=camera kind=speed_limit_sign maneuver=- score=0.36 area=936px bbox=36x26px center=(711,209)
[gazebo_track_car-2] [INFO] [1781119708.169108486] [gazebo_track_car]: camera sign action blocked; no matching facing 3D sign is close enough; detected=speed_limit_sign sign=camera_sign_speed_limit detection_dist<=3.40m action_dist<=0.95m
[gazebo_track_car-2] [WARN] [1781119708.170892759] [gazebo_track_car]: GAZEBO_FOOTPRINT_OFFROAD actual pose=(+1.9009,+1.0479) yaw=-1.3602 origin_pixel=(209.1,96.1) min_clearance=0.00px cmd_error=0.2788m/0.211rad
[gazebo_track_car-2] [WARN] [1781119708.368057403] [gazebo_track_car]: JITTER events=49 reasons=cmd_xy_error=0.2836m pos=(+1.896,+1.013) step=0.0038/0.0180m yaw=0.018/0.000rad route=flat_left_mid_to_top_reverse
[gazebo_track_car-2] [INFO] [1781119708.949360255] [gazebo_track_car]: camera turn sign ignored as left/right ambiguous; segment=flat_left_mid_to_top_reverse best=camera_sign_turn_right:0.48 opposite=turn_left_sign:0.47
[gazebo_track_car-2] [INFO] [1781119709.128431130] [gazebo_track_car]: ROUTE_PROGRESS_SYNC actual=(+1.982,+0.853) cmd_error=0.198m route_dist=0.198m yaw_error=0.626rad segment=flat_left_mid_to_top_reverse@1.235m->flat_left_mid_to_top_reverse@1.252m
[gazebo_track_car-2] [WARN] [1781119709.370003520] [gazebo_track_car]: JITTER events=50 reasons=cmd_xy_error=0.1602m pos=(+2.019,+0.806) step=0.0049/0.0175m yaw=0.005/0.000rad route=flat_left_mid_to_top_reverse
[gazebo_track_car-2] [INFO] [1781119709.471781518] [gazebo_track_car]: MOTION pos=(+2.034,+0.786) yaw=-1.023 v=0.241 step_err=0.0105m/0.006rad track_err=0.1456m footprint=road:7.59px route=flat_left_mid_to_top_reverse cmd_vel=(0.237,-0.317)
[gazebo_track_car-2] [INFO] [1781119710.419921561] [gazebo_track_car]: camera_sign=camera_sign_speed_limit source=camera kind=speed_limit_sign maneuver=- score=0.56 area=936px bbox=36x26px center=(948,182)
[gazebo_track_car-2] [INFO] [1781119710.463489991] [gazebo_track_car]: camera sign action blocked; no matching facing 3D sign is close enough; detected=speed_limit_sign sign=camera_sign_speed_limit detection_dist<=3.40m action_dist<=0.95m
[gazebo_track_car-2] [INFO] [1781119710.565552226] [gazebo_track_car]: route segment=flat_left_lower_to_mid_reverse; previous=flat_left_mid_to_top_reverse; distance=0.021m; decision=route/default: flat_left_lower_to_mid_reverse
[gazebo_track_car-2] [INFO] [1781119710.618224586] [gazebo_track_car]: camera traffic light is RED score=793.0 area=853px bbox=65x22px fill=0.60 center=(915,186)
[gazebo_track_car-2] [INFO] [1781119710.618607510] [gazebo_track_car]: camera traffic light ignored outside distance gate; state=red segment=flat_left_lower_to_mid_reverse gate<=1.70m nearby_target=- area=853px bbox=65x22px center=(915,186)
[gazebo_track_car-2] [INFO] [1781119711.474053990] [gazebo_track_car]: MOTION pos=(+2.184,+0.332) yaw=-1.556 v=0.263 step_err=0.0216m/0.002rad track_err=0.0064m footprint=road:6.00px route=flat_left_lower_to_mid_reverse cmd_vel=(0.267,-0.089)
[gazebo_track_car-2] [INFO] [1781119712.553652935] [gazebo_track_car]: camera traffic light is GREEN score=45.8 area=75px bbox=10x9px fill=0.83 center=(551,234)
[gazebo_track_car-2] [INFO] [1781119712.609801768] [gazebo_track_car]: camera_sign=camera_sign_speed_limit source=camera kind=speed_limit_sign maneuver=- score=0.58 area=4350px bbox=87x50px center=(929,180)
[gazebo_track_car-2] [INFO] [1781119712.644615806] [gazebo_track_car]: camera sign action blocked; no matching facing 3D sign is close enough; detected=speed_limit_sign sign=camera_sign_speed_limit detection_dist<=3.40m action_dist<=0.95m
[gazebo_track_car-2] [INFO] [1781119713.498751428] [gazebo_track_car]: MOTION pos=(+2.180,-0.225) yaw=-1.575 v=0.278 step_err=0.0228m/0.000rad track_err=0.0053m footprint=road:6.00px route=flat_left_lower_to_mid_reverse cmd_vel=(0.278,+0.012)
[gazebo_track_car-2] [INFO] [1781119715.499265336] [gazebo_track_car]: MOTION pos=(+2.180,-0.784) yaw=-1.568 v=0.279 step_err=0.0215m/0.000rad track_err=0.0061m footprint=road:6.00px route=flat_left_lower_to_mid_reverse cmd_vel=(0.279,-0.007)
[gazebo_track_car-2] [INFO] [1781119715.986553629] [gazebo_track_car]: traffic light is now GREEN.
[gazebo_track_car-2] [INFO] [1781119716.055737847] [gazebo_track_car]: camera turn sign ignored as left/right ambiguous; segment=flat_left_lower_to_mid_reverse best=camera_sign_turn_right:0.48 opposite=turn_left_sign:0.47
[gazebo_track_car-2] [WARN] [1781119716.115402296] [gazebo_track_car]: JITTER events=46 reasons=speed_delta=0.052m/s pos=(+2.180,-0.956) step=0.0048/0.0000m yaw=0.004/0.000rad route=flat_left_lower_to_mid_reverse
[gazebo_track_car-2] [INFO] [1781119716.132536750] [gazebo_track_car]: camera_sign=camera_sign_turn_right source=camera kind=turn_right_sign maneuver=right score=0.49 area=1274px bbox=49x26px center=(605,232)
[gazebo_track_car-2] [INFO] [1781119716.234566965] [gazebo_track_car]: camera_sign=camera_sign_go_straight source=camera kind=go_straight_sign maneuver=straight score=0.43 area=754px bbox=29x26px center=(597,232)
[gazebo_track_car-2] [INFO] [1781119716.261649416] [gazebo_track_car]: camera_sign=camera_sign_turn_right source=camera kind=turn_right_sign maneuver=right score=0.50 area=1170px bbox=45x26px center=(598,232)
[gazebo_track_car-2] [INFO] [1781119716.468048097] [gazebo_track_car]: camera_sign=camera_sign_go_straight source=camera kind=go_straight_sign maneuver=straight score=0.42 area=572px bbox=22x26px center=(505,233)
[gazebo_track_car-2] [INFO] [1781119716.795559049] [gazebo_track_car]: camera sign seen but action is waiting until closer; detected=go_straight_sign sign=camera_sign_go_straight scene_sign=palette_go_straight_03_yaw_270 sign_dist=2.998m action_dist<=0.95m
[gazebo_track_car-2] [INFO] [1781119716.893059651] [gazebo_track_car]: camera traffic light is YELLOW score=1144.6 area=2370px bbox=57x60px fill=0.69 center=(918,359)
[gazebo_track_car-2] [INFO] [1781119716.893347264] [gazebo_track_car]: camera traffic light ignored outside distance gate; state=yellow segment=flat_left_lower_to_mid_reverse gate<=1.70m nearby_target=- area=2370px bbox=57x60px center=(918,359)
[gazebo_track_car-2] [INFO] [1781119717.013082372] [gazebo_track_car]: camera traffic light is GREEN score=1373.8 area=4594px bbox=93x66px fill=0.75 center=(917,356)
[gazebo_track_car-2] [WARN] [1781119717.203972924] [gazebo_track_car]: JITTER events=1 reasons=yaw_step_error=0.055rad pos=(+2.173,-1.176) step=0.0040/0.0193m yaw=0.013/0.068rad route=flat_left_lower_to_mid_reverse
[gazebo_track_car-2] [INFO] [1781119717.329160730] [gazebo_track_car]: camera turn sign ignored as left/right ambiguous; segment=flat_bottom_left_corner_reverse best=camera_sign_turn_right:0.47 opposite=turn_left_sign:0.44
[gazebo_track_car-2] [INFO] [1781119717.395365882] [gazebo_track_car]: route segment=flat_bottom_left_corner_reverse; previous=flat_left_lower_to_mid_reverse; distance=0.020m; decision=route/wheel_nearest: flat_bottom_left_corner_reverse
[gazebo_track_car-2] [INFO] [1781119717.406317911] [gazebo_track_car]: camera_sign=camera_sign_turn_right source=camera kind=turn_right_sign maneuver=right score=0.49 area=510px bbox=17x30px center=(382,230)
[gazebo_track_car-2] [INFO] [1781119717.504868447] [gazebo_track_car]: camera sign ignored because scene sign context disagrees; detected=turn_right_sign scene_ahead=go_straight_sign,turn_left_sign
[gazebo_track_car-2] [INFO] [1781119717.506383853] [gazebo_track_car]: MOTION pos=(+2.146,-1.231) yaw=-2.365 v=0.212 step_err=0.0025m/0.012rad track_err=0.0296m footprint=road:6.40px route=flat_bottom_left_corner_reverse cmd_vel=(0.210,-0.524)
[gazebo_track_car-2] [INFO] [1781119717.637813960] [gazebo_track_car]: camera_sign=camera_sign_speed_limit source=camera kind=speed_limit_sign maneuver=- score=0.52 area=624px bbox=24x26px center=(670,226)
[gazebo_track_car-2] [INFO] [1781119717.672601408] [gazebo_track_car]: camera_sign=camera_sign_turn_right source=camera kind=turn_right_sign maneuver=right score=0.49 area=648px bbox=18x36px center=(340,229)
[gazebo_track_car-2] [INFO] [1781119718.130876990] [gazebo_track_car]: camera_sign=camera_sign_turn_left source=camera kind=turn_left_sign maneuver=left score=0.50 area=2640px bbox=88x30px center=(351,231)
[gazebo_track_car-2] [INFO] [1781119718.189617102] [gazebo_track_car]: camera_sign=camera_sign_turn_right source=camera kind=turn_right_sign maneuver=right score=0.51 area=713px bbox=23x31px center=(248,222)
[gazebo_track_car-2] [INFO] [1781119718.261710029] [gazebo_track_car]: camera sign ignored because scene sign context disagrees; detected=turn_right_sign scene_ahead=go_straight_sign
[gazebo_track_car-2] [INFO] [1781119718.725701697] [gazebo_track_car]: camera turn sign ignored as left/right ambiguous; segment=flat_bottom_left_corner_reverse best=camera_sign_turn_left:0.51 opposite=turn_right_sign:0.48
[gazebo_track_car-2] [INFO] [1781119718.726775667] [gazebo_track_car]: camera turn sign ignored as left/right ambiguous; segment=flat_bottom_left_corner_reverse best=camera_sign_turn_right:0.50 opposite=turn_left_sign:0.47
[gazebo_track_car-2] [INFO] [1781119718.777692218] [gazebo_track_car]: camera turn sign ignored as left/right ambiguous; segment=flat_bottom_left_corner_reverse best=camera_sign_turn_left:0.52 opposite=turn_right_sign:0.49
[gazebo_track_car-2] [INFO] [1781119718.778956188] [gazebo_track_car]: camera turn sign ignored as left/right ambiguous; segment=flat_bottom_left_corner_reverse best=camera_sign_turn_right:0.50 opposite=turn_left_sign:0.47
[gazebo_track_car-2] [WARN] [1781119718.923858666] [gazebo_track_car]: JITTER events=3 reasons=yaw_step_error=0.055rad pos=(+1.889,-1.412) step=0.0047/0.0227m yaw=0.007/0.062rad route=flat_bottom_left_corner_reverse
[gazebo_track_car-2] [INFO] [1781119719.052573919] [gazebo_track_car]: camera turn sign ignored as left/right ambiguous; segment=flat_bottom_center_to_bottom_left_reverse best=camera_sign_turn_right:0.48 opposite=turn_left_sign:0.47
[gazebo_track_car-2] [INFO] [1781119719.104347994] [gazebo_track_car]: route segment=flat_bottom_center_to_bottom_left_reverse; previous=flat_bottom_left_corner_reverse; distance=0.025m; decision=route/wheel_nearest: flat_bottom_center_to_bottom_left_reverse
[gazebo_track_car-2] [INFO] [1781119719.163646822] [gazebo_track_car]: camera sign action blocked; no matching facing 3D sign is close enough; detected=turn_right_sign sign=camera_sign_turn_right detection_dist<=3.40m action_dist<=0.95m
[gazebo_track_car-2] [INFO] [1781119719.524198280] [gazebo_track_car]: MOTION pos=(+1.744,-1.438) yaw=-3.103 v=0.255 step_err=0.0194m/0.003rad track_err=0.0062m footprint=road:4.00px route=flat_bottom_center_to_bottom_left_reverse cmd_vel=(0.258,-0.150)
[gazebo_track_car-2] [INFO] [1781119719.872378719] [gazebo_track_car]: camera turn sign ignored as left/right ambiguous; segment=flat_bottom_center_to_bottom_left_reverse best=camera_sign_turn_left:0.46 opposite=turn_right_sign:0.44
[gazebo_track_car-2] [INFO] [1781119719.907434615] [gazebo_track_car]: camera turn sign ignored as left/right ambiguous; segment=flat_bottom_center_to_bottom_left_reverse best=camera_sign_turn_right:0.48 opposite=turn_left_sign:0.46
[gazebo_track_car-2] [INFO] [1781119719.909312305] [gazebo_track_car]: camera turn sign ignored as left/right ambiguous; segment=flat_bottom_center_to_bottom_left_reverse best=camera_sign_turn_left:0.47 opposite=turn_right_sign:0.47
[gazebo_track_car-2] [INFO] [1781119719.950458254] [gazebo_track_car]: camera turn sign ignored as left/right ambiguous; segment=flat_bottom_center_to_bottom_left_reverse best=camera_sign_turn_right:0.49 opposite=turn_left_sign:0.48
[gazebo_track_car-2] [INFO] [1781119720.371667269] [gazebo_track_car]: camera turn sign ignored as left/right ambiguous; segment=flat_bottom_center_to_bottom_left_reverse best=camera_sign_turn_left:0.50 opposite=turn_right_sign:0.50
[gazebo_track_car-2] [INFO] [1781119720.407846198] [gazebo_track_car]: camera turn sign ignored as left/right ambiguous; segment=flat_bottom_center_to_bottom_left_reverse best=camera_sign_turn_right:0.50 opposite=turn_left_sign:0.47
[gazebo_track_car-2] [INFO] [1781119720.409798098] [gazebo_track_car]: camera turn sign ignored as left/right ambiguous; segment=flat_bottom_center_to_bottom_left_reverse best=camera_sign_turn_left:0.48 opposite=turn_right_sign:0.47
[gazebo_track_car-2] [INFO] [1781119720.441342144] [gazebo_track_car]: camera turn sign ignored as left/right ambiguous; segment=flat_bottom_center_to_bottom_left_reverse best=camera_sign_turn_right:0.50 opposite=turn_left_sign:0.47
[gazebo_track_car-2] [INFO] [1781119720.443355531] [gazebo_track_car]: camera turn sign ignored as left/right ambiguous; segment=flat_bottom_center_to_bottom_left_reverse best=camera_sign_turn_left:0.46 opposite=turn_right_sign:0.46
[gazebo_track_car-2] [INFO] [1781119720.466242380] [gazebo_track_car]: camera turn sign ignored as left/right ambiguous; segment=flat_bottom_center_to_bottom_left_reverse best=camera_sign_turn_right:0.49 opposite=turn_left_sign:0.46
[gazebo_track_car-2] [INFO] [1781119720.680777293] [gazebo_track_car]: camera turn sign ignored as left/right ambiguous; segment=flat_bottom_center_to_bottom_left_reverse best=camera_sign_turn_left:0.53 opposite=turn_right_sign:0.53
[gazebo_track_car-2] [INFO] [1781119720.731714483] [gazebo_track_car]: camera turn sign ignored as left/right ambiguous; segment=flat_bottom_center_to_bottom_left_reverse best=camera_sign_turn_right:0.50 opposite=turn_left_sign:0.47
[gazebo_track_car-2] [INFO] [1781119720.733796259] [gazebo_track_car]: camera turn sign ignored as left/right ambiguous; segment=flat_bottom_center_to_bottom_left_reverse best=camera_sign_turn_left:0.52 opposite=turn_right_sign:0.52
[gazebo_track_car-2] [INFO] [1781119720.741937758] [gazebo_track_car]: camera turn sign ignored as left/right ambiguous; segment=flat_bottom_center_to_bottom_left_reverse best=camera_sign_turn_right:0.50 opposite=turn_left_sign:0.47
[gazebo_track_car-2] [INFO] [1781119720.744173117] [gazebo_track_car]: camera turn sign ignored as left/right ambiguous; segment=flat_bottom_center_to_bottom_left_reverse best=camera_sign_turn_left:0.50 opposite=turn_right_sign:0.50
[gazebo_track_car-2] [INFO] [1781119720.777811700] [gazebo_track_car]: camera turn sign ignored as left/right ambiguous; segment=flat_bottom_center_to_bottom_left_reverse best=camera_sign_turn_right:0.50 opposite=turn_left_sign:0.47
[gazebo_track_car-2] [INFO] [1781119720.779980771] [gazebo_track_car]: camera turn sign ignored as left/right ambiguous; segment=flat_bottom_center_to_bottom_left_reverse best=camera_sign_turn_left:0.48 opposite=turn_right_sign:0.48
[gazebo_track_car-2] [INFO] [1781119720.810259648] [gazebo_track_car]: camera turn sign ignored as left/right ambiguous; segment=flat_bottom_center_to_bottom_left_reverse best=camera_sign_turn_right:0.49 opposite=turn_left_sign:0.46
[gazebo_track_car-2] [INFO] [1781119721.012717449] [gazebo_track_car]: traffic light is now YELLOW.
[gazebo_track_car-2] [INFO] [1781119721.524544333] [gazebo_track_car]: MOTION pos=(+1.196,-1.435) yaw=+3.133 v=0.276 step_err=0.0233m/0.000rad track_err=0.0048m footprint=road:4.00px route=flat_bottom_center_to_bottom_left_reverse cmd_vel=(0.277,+0.017)
[gazebo_track_car-2] [INFO] [1781119721.628628692] [gazebo_track_car]: camera traffic light is YELLOW score=567.8 area=624px bbox=29x27px fill=0.80 center=(586,207)
[gazebo_track_car-2] [WARN] [1781119721.745708629] [gazebo_track_car]: JITTER events=3 reasons=speed_delta=0.130m/s pos=(+1.136,-1.435) step=0.0041/0.0000m yaw=0.002/0.000rad route=flat_bottom_center_to_bottom_left_reverse
[gazebo_track_car-2] [INFO] [1781119722.019608687] [gazebo_track_car]: traffic light is now RED.
[gazebo_track_car-2] [INFO] [1781119722.064892629] [gazebo_track_car]: camera traffic light is RED score=780.7 area=865px bbox=34x32px fill=0.80 center=(601,180)
[gazebo_track_car-2] [INFO] [1781119722.068548581] [gazebo_track_car]: camera_sign=camera_sign_speed_limit source=camera kind=speed_limit_sign maneuver=- score=0.41 area=3245px bbox=59x55px center=(601,180)
[gazebo_track_car-2] [INFO] [1781119722.100533320] [gazebo_track_car]: camera sign seen but action is waiting until closer; detected=speed_limit_sign sign=camera_sign_speed_limit scene_sign=palette_speed_limit_03_yaw_270 sign_dist=2.347m action_dist<=0.95m
[gazebo_track_car-2] [INFO] [1781119722.589917255] [gazebo_track_car]: camera turn sign ignored as left/right ambiguous; segment=flat_bottom_center_to_bottom_left_reverse best=camera_sign_turn_left:0.52 opposite=turn_right_sign:0.51
[gazebo_track_car-2] [INFO] [1781119722.635939784] [gazebo_track_car]: camera turn sign ignored as left/right ambiguous; segment=flat_bottom_center_to_bottom_left_reverse best=camera_sign_turn_right:0.51 opposite=turn_left_sign:0.51
[gazebo_track_car-2] [INFO] [1781119722.767129937] [gazebo_track_car]: camera turn sign ignored as left/right ambiguous; segment=flat_bottom_center_to_bottom_left_reverse best=camera_sign_turn_left:0.56 opposite=turn_right_sign:0.56
[gazebo_track_car-2] [INFO] [1781119722.768346347] [gazebo_track_car]: camera_sign=camera_sign_turn_right source=camera kind=turn_right_sign maneuver=right score=0.51 area=624px bbox=24x26px center=(328,232)
[gazebo_track_car-2] [INFO] [1781119722.812688379] [gazebo_track_car]: camera turn sign ignored as left/right ambiguous; segment=flat_bottom_center_to_bottom_left_reverse best=camera_sign_turn_right:0.58 opposite=turn_left_sign:0.57
[gazebo_track_car-2] [INFO] [1781119722.879968637] [gazebo_track_car]: camera sign action blocked; no matching facing 3D sign is close enough; detected=turn_right_sign sign=camera_sign_turn_right detection_dist<=3.40m action_dist<=0.95m
[gazebo_track_car-2] [INFO] [1781119722.977803992] [gazebo_track_car]: camera turn sign ignored as left/right ambiguous; segment=flat_bottom_center_to_bottom_left_reverse best=camera_sign_turn_left:0.57 opposite=turn_right_sign:0.55
[gazebo_track_car-2] [INFO] [1781119723.549404202] [gazebo_track_car]: MOTION pos=(+0.885,-1.434) yaw=-3.140 v=0.140 step_err=0.0112m/0.000rad track_err=0.0029m footprint=road:4.00px route=flat_bottom_center_to_bottom_left_reverse cmd_vel=(0.140,+0.001)
[gazebo_track_car-2] [INFO] [1781119724.035639033] [gazebo_track_car]: camera turn sign ignored as left/right ambiguous; segment=flat_bottom_center_to_bottom_left_reverse best=camera_sign_turn_right:0.51 opposite=turn_left_sign:0.48
[gazebo_track_car-2] [INFO] [1781119724.301540779] [gazebo_track_car]: camera turn sign ignored as left/right ambiguous; segment=flat_bottom_center_to_bottom_left_reverse best=camera_sign_turn_left:0.56 opposite=turn_right_sign:0.55
[gazebo_track_car-2] [WARN] [1781119724.376644448] [gazebo_track_car]: red traffic light stop latched from camera; target=palette_traffic_light_02_yaw_180 dist=0.85m forward=0.66m lateral=0.53m area=3304px bbox=74x62px fill=0.72 center=(699,135) min_stop=2.0s
[gazebo_track_car-2] [WARN] [1781119724.468624824] [gazebo_track_car]: JITTER events=1 reasons=speed_delta=0.126m/s pos=(+0.758,-1.434) step=0.0014/0.0000m yaw=0.001/0.000rad route=flat_bottom_center_to_bottom_left_reverse
[gazebo_track_car-2] [INFO] [1781119724.482122091] [gazebo_track_car]: camera turn sign ignored as left/right ambiguous; segment=flat_bottom_center_to_bottom_left_reverse best=camera_sign_turn_right:0.50 opposite=turn_left_sign:0.50
[gazebo_track_car-2] [INFO] [1781119724.500838696] [gazebo_track_car]: camera turn sign ignored as left/right ambiguous; segment=flat_bottom_center_to_bottom_left_reverse best=camera_sign_turn_left:0.52 opposite=turn_right_sign:0.51
[gazebo_track_car-2] [INFO] [1781119725.542970380] [gazebo_track_car]: MOTION pos=(+0.758,-1.434) yaw=-3.140 v=0.000 step_err=0.0000m/0.000rad track_err=0.0044m footprint=road:4.00px route=flat_bottom_center_to_bottom_left_reverse cmd_vel=(0.000,+0.000)
[gazebo_track_car-2] [INFO] [1781119727.563151425] [gazebo_track_car]: MOTION pos=(+0.758,-1.434) yaw=-3.140 v=0.000 step_err=0.0000m/0.000rad track_err=0.0044m footprint=road:4.00px route=flat_bottom_center_to_bottom_left_reverse cmd_vel=(0.000,+0.000)
[gazebo_track_car-2] [INFO] [1781119729.565569449] [gazebo_track_car]: MOTION pos=(+0.758,-1.434) yaw=-3.140 v=0.000 step_err=0.0000m/0.000rad track_err=0.0044m footprint=road:4.00px route=flat_bottom_center_to_bottom_left_reverse cmd_vel=(0.000,+0.000)
[gazebo_track_car-2] [INFO] [1781119730.062539836] [gazebo_track_car]: traffic light is now GREEN.
[gazebo_track_car-2] [INFO] [1781119730.115029719] [gazebo_track_car]: camera traffic light is GREEN score=2359.8 area=2776px bbox=69x52px fill=0.77 center=(687,216)
[gazebo_track_car-2] [INFO] [1781119730.115320749] [gazebo_track_car]: released red traffic light stop latch; reason=camera_green_after_min_stop elapsed=5.7s light=palette_traffic_light_02_yaw_180
[gazebo_track_car-2] [WARN] [1781119730.191515043] [gazebo_track_car]: JITTER events=1 reasons=speed_delta=0.111m/s pos=(+0.757,-1.434) step=0.0011/0.0000m yaw=0.001/0.000rad route=flat_bottom_center_to_bottom_left_reverse
[gazebo_track_car-2] [INFO] [1781119730.687823439] [gazebo_track_car]: camera turn sign ignored as left/right ambiguous; segment=flat_bottom_center_to_bottom_left_reverse best=camera_sign_turn_right:0.51 opposite=turn_left_sign:0.47
[gazebo_track_car-2] [INFO] [1781119730.787551973] [gazebo_track_car]: camera turn sign ignored as left/right ambiguous; segment=flat_bottom_center_to_bottom_left_reverse best=camera_sign_turn_left:0.53 opposite=turn_right_sign:0.53
[gazebo_track_car-2] [INFO] [1781119730.834020415] [gazebo_track_car]: camera turn sign ignored as left/right ambiguous; segment=flat_bottom_center_to_bottom_left_reverse best=camera_sign_turn_right:0.53 opposite=turn_left_sign:0.52
[gazebo_track_car-2] [INFO] [1781119730.944619340] [gazebo_track_car]: camera turn sign ignored as left/right ambiguous; segment=flat_bottom_center_to_bottom_left_reverse best=camera_sign_turn_left:0.51 opposite=turn_right_sign:0.50
[gazebo_track_car-2] [INFO] [1781119731.435096654] [gazebo_track_car]: camera turn sign ignored as left/right ambiguous; segment=flat_bottom_center_to_bottom_left_reverse best=camera_sign_turn_right:0.51 opposite=turn_left_sign:0.49
[gazebo_track_car-2] [INFO] [1781119731.583502395] [gazebo_track_car]: MOTION pos=(+0.374,-1.435) yaw=-3.140 v=0.279 step_err=0.0056m/0.000rad track_err=0.0321m footprint=road:4.00px route=flat_bottom_center_to_bottom_left_reverse cmd_vel=(0.279,-0.007)
[gazebo_track_car-2] [INFO] [1781119732.252081011] [gazebo_track_car]: camera_sign=camera_sign_speed_limit source=camera kind=speed_limit_sign maneuver=- score=0.51 area=3540px bbox=59x60px center=(530,223)
[gazebo_track_car-2] [INFO] [1781119732.259127332] [gazebo_track_car]: camera_sign=camera_sign_turn_right source=camera kind=turn_right_sign maneuver=right score=0.50 area=1378px bbox=53x26px center=(253,225)
[gazebo_track_car-2] [INFO] [1781119732.352442021] [gazebo_track_car]: camera_sign=camera_sign_speed_limit source=camera kind=speed_limit_sign maneuver=- score=0.51 area=3780px bbox=60x63px center=(531,223)
[gazebo_track_car-2] [INFO] [1781119732.377039153] [gazebo_track_car]: camera sign seen but action is waiting until closer; detected=speed_limit_sign sign=camera_sign_speed_limit scene_sign=palette_speed_limit_03_yaw_270 sign_dist=1.433m action_dist<=0.95m
[gazebo_track_car-2] [INFO] [1781119733.588187326] [gazebo_track_car]: MOTION pos=(-0.183,-1.435) yaw=+3.141 v=0.279 step_err=0.0056m/0.000rad track_err=0.0326m footprint=road:4.20px route=flat_bottom_center_to_bottom_left_reverse cmd_vel=(0.279,-0.005)
[gazebo_track_car-2] [INFO] [1781119734.243412136] [gazebo_track_car]: camera speed limit sign camera_sign_speed_limit applied; speed set to 0.14m/s until flat_bottom_center_to_bottom_left_reverse@2.324m score=0.52 area=10900px
[gazebo_track_car-2] [WARN] [1781119734.323385441] [gazebo_track_car]: JITTER events=3 reasons=speed_delta=0.130m/s pos=(-0.389,-1.435) step=0.0042/0.0000m yaw=0.001/0.000rad route=flat_bottom_center_to_bottom_left_reverse
[gazebo_track_car-2] [INFO] [1781119735.089930731] [gazebo_track_car]: traffic light is now YELLOW.
[gazebo_track_car-2] [INFO] [1781119735.128654872] [gazebo_track_car]: camera traffic light is YELLOW score=694.4 area=760px bbox=42x24px fill=0.75 center=(743,211)
[gazebo_track_car-2] [INFO] [1781119735.128966942] [gazebo_track_car]: camera traffic light ignored outside distance gate; state=yellow segment=flat_bottom_center_to_bottom_left_reverse gate<=1.70m nearby_target=palette_traffic_light_03_yaw_270 dist=1.89m forward=1.15m lateral=1.49m area=760px bbox=42x24px center=(743,211)
[gazebo_track_car-2] [INFO] [1781119735.189763061] [gazebo_track_car]: camera speed limit sign camera_sign_speed_limit cleared; speed restored to 0.28m/s segment=flat_bottom_center_to_bottom_left_reverse distance=2.337m
[gazebo_track_car-2] [INFO] [1781119735.290114142] [gazebo_track_car]: route segment=flat_bottom_right_to_bottom_center_reverse; previous=flat_bottom_center_to_bottom_left_reverse; distance=0.022m; decision=route/default: flat_bottom_right_to_bottom_center_reverse
[gazebo_track_car-2] [INFO] [1781119735.296741773] [gazebo_track_car]: camera traffic light ignored outside distance gate; state=yellow segment=flat_bottom_right_to_bottom_center_reverse gate<=1.70m nearby_target=palette_traffic_light_03_yaw_270 dist=1.86m forward=1.12m lateral=1.49m area=835px bbox=44x24px center=(752,210)
[gazebo_track_car-2] [INFO] [1781119735.300633500] [gazebo_track_car]: camera speed limit sign camera_sign_speed_limit applied; speed set to 0.14m/s until flat_bottom_right_to_bottom_center_reverse@0.162m score=0.51 area=19698px
[gazebo_track_car-2] [WARN] [1781119735.427349045] [gazebo_track_car]: JITTER events=3 reasons=speed_delta=0.128m/s pos=(-0.570,-1.435) step=0.0042/0.0000m yaw=0.000/0.000rad route=flat_bottom_right_to_bottom_center_reverse
[gazebo_track_car-2] [INFO] [1781119735.608989349] [gazebo_track_car]: MOTION pos=(-0.595,-1.435) yaw=+3.140 v=0.140 step_err=0.0155m/0.000rad track_err=0.0028m footprint=road:10.60px route=flat_bottom_right_to_bottom_center_reverse cmd_vel=(0.140,+0.002)
[gazebo_track_car-2] [INFO] [1781119735.768281753] [gazebo_track_car]: camera turn sign ignored as left/right ambiguous; segment=flat_bottom_right_to_bottom_center_reverse best=camera_sign_turn_right:0.53 opposite=turn_left_sign:0.50
[gazebo_track_car-2] [INFO] [1781119736.101263018] [gazebo_track_car]: traffic light is now RED.
[gazebo_track_car-2] [INFO] [1781119736.126495452] [gazebo_track_car]: camera traffic light is RED score=1277.8 area=1403px bbox=61x32px fill=0.72 center=(805,182)
[gazebo_track_car-2] [INFO] [1781119736.126870882] [gazebo_track_car]: camera traffic light ignored outside distance gate; state=red segment=flat_bottom_right_to_bottom_center_reverse gate<=1.70m nearby_target=- area=1403px bbox=61x32px center=(805,182)
[gazebo_track_car-2] [INFO] [1781119736.234257133] [gazebo_track_car]: camera turn sign ignored as left/right ambiguous; segment=flat_bottom_right_to_bottom_center_reverse best=camera_sign_turn_left:0.51 opposite=turn_right_sign:0.51
[gazebo_track_car-2] [INFO] [1781119736.295478574] [gazebo_track_car]: camera speed limit sign camera_sign_speed_limit cleared; speed restored to 0.28m/s segment=flat_bottom_right_to_bottom_center_reverse distance=0.174m
[gazebo_track_car-2] [INFO] [1781119736.772061652] [gazebo_track_car]: camera traffic light is GREEN score=4471.7 area=13983px bbox=276x69px fill=0.73 center=(805,360)
